[2025-03-02T21:12:51.962-0500] {processor.py:157} INFO - Started process (PID=81178) to work on /Users/atulkumar/Documents/MLOperations/MLOps/venv/lib/python3.11/site-packages/airflow/example_dags/subdags/subdag.py
[2025-03-02T21:12:51.964-0500] {processor.py:826} INFO - Processing file /Users/atulkumar/Documents/MLOperations/MLOps/venv/lib/python3.11/site-packages/airflow/example_dags/subdags/subdag.py for tasks to queue
[2025-03-02T21:12:51.964-0500] {logging_mixin.py:149} INFO - [2025-03-02T21:12:51.964-0500] {dagbag.py:541} INFO - Filling up the DagBag from /Users/atulkumar/Documents/MLOperations/MLOps/venv/lib/python3.11/site-packages/airflow/example_dags/subdags/subdag.py
[2025-03-02T21:12:51.965-0500] {processor.py:838} WARNING - No viable dags retrieved from /Users/atulkumar/Documents/MLOperations/MLOps/venv/lib/python3.11/site-packages/airflow/example_dags/subdags/subdag.py
[2025-03-02T21:12:52.286-0500] {processor.py:179} INFO - Processing /Users/atulkumar/Documents/MLOperations/MLOps/venv/lib/python3.11/site-packages/airflow/example_dags/subdags/subdag.py took 0.325 seconds
[2025-03-02T21:14:30.602-0500] {processor.py:157} INFO - Started process (PID=81321) to work on /Users/atulkumar/Documents/MLOperations/MLOps/venv/lib/python3.11/site-packages/airflow/example_dags/subdags/subdag.py
[2025-03-02T21:14:30.604-0500] {processor.py:826} INFO - Processing file /Users/atulkumar/Documents/MLOperations/MLOps/venv/lib/python3.11/site-packages/airflow/example_dags/subdags/subdag.py for tasks to queue
[2025-03-02T21:14:30.604-0500] {logging_mixin.py:149} INFO - [2025-03-02T21:14:30.604-0500] {dagbag.py:541} INFO - Filling up the DagBag from /Users/atulkumar/Documents/MLOperations/MLOps/venv/lib/python3.11/site-packages/airflow/example_dags/subdags/subdag.py
[2025-03-02T21:14:30.606-0500] {processor.py:838} WARNING - No viable dags retrieved from /Users/atulkumar/Documents/MLOperations/MLOps/venv/lib/python3.11/site-packages/airflow/example_dags/subdags/subdag.py
[2025-03-02T21:14:30.950-0500] {processor.py:179} INFO - Processing /Users/atulkumar/Documents/MLOperations/MLOps/venv/lib/python3.11/site-packages/airflow/example_dags/subdags/subdag.py took 0.348 seconds
[2025-03-02T21:15:32.982-0500] {processor.py:157} INFO - Started process (PID=81404) to work on /Users/atulkumar/Documents/MLOperations/MLOps/venv/lib/python3.11/site-packages/airflow/example_dags/subdags/subdag.py
[2025-03-02T21:15:32.984-0500] {processor.py:826} INFO - Processing file /Users/atulkumar/Documents/MLOperations/MLOps/venv/lib/python3.11/site-packages/airflow/example_dags/subdags/subdag.py for tasks to queue
[2025-03-02T21:15:32.984-0500] {logging_mixin.py:149} INFO - [2025-03-02T21:15:32.984-0500] {dagbag.py:541} INFO - Filling up the DagBag from /Users/atulkumar/Documents/MLOperations/MLOps/venv/lib/python3.11/site-packages/airflow/example_dags/subdags/subdag.py
[2025-03-02T21:15:32.986-0500] {processor.py:838} WARNING - No viable dags retrieved from /Users/atulkumar/Documents/MLOperations/MLOps/venv/lib/python3.11/site-packages/airflow/example_dags/subdags/subdag.py
[2025-03-02T21:15:33.338-0500] {processor.py:179} INFO - Processing /Users/atulkumar/Documents/MLOperations/MLOps/venv/lib/python3.11/site-packages/airflow/example_dags/subdags/subdag.py took 0.356 seconds
[2025-03-02T21:16:35.243-0500] {processor.py:157} INFO - Started process (PID=81491) to work on /Users/atulkumar/Documents/MLOperations/MLOps/venv/lib/python3.11/site-packages/airflow/example_dags/subdags/subdag.py
[2025-03-02T21:16:35.245-0500] {processor.py:826} INFO - Processing file /Users/atulkumar/Documents/MLOperations/MLOps/venv/lib/python3.11/site-packages/airflow/example_dags/subdags/subdag.py for tasks to queue
[2025-03-02T21:16:35.245-0500] {logging_mixin.py:149} INFO - [2025-03-02T21:16:35.245-0500] {dagbag.py:541} INFO - Filling up the DagBag from /Users/atulkumar/Documents/MLOperations/MLOps/venv/lib/python3.11/site-packages/airflow/example_dags/subdags/subdag.py
[2025-03-02T21:16:35.247-0500] {processor.py:838} WARNING - No viable dags retrieved from /Users/atulkumar/Documents/MLOperations/MLOps/venv/lib/python3.11/site-packages/airflow/example_dags/subdags/subdag.py
[2025-03-02T21:16:35.600-0500] {processor.py:179} INFO - Processing /Users/atulkumar/Documents/MLOperations/MLOps/venv/lib/python3.11/site-packages/airflow/example_dags/subdags/subdag.py took 0.358 seconds
[2025-03-02T21:17:38.204-0500] {processor.py:157} INFO - Started process (PID=81585) to work on /Users/atulkumar/Documents/MLOperations/MLOps/venv/lib/python3.11/site-packages/airflow/example_dags/subdags/subdag.py
[2025-03-02T21:17:38.205-0500] {processor.py:826} INFO - Processing file /Users/atulkumar/Documents/MLOperations/MLOps/venv/lib/python3.11/site-packages/airflow/example_dags/subdags/subdag.py for tasks to queue
[2025-03-02T21:17:38.206-0500] {logging_mixin.py:149} INFO - [2025-03-02T21:17:38.206-0500] {dagbag.py:541} INFO - Filling up the DagBag from /Users/atulkumar/Documents/MLOperations/MLOps/venv/lib/python3.11/site-packages/airflow/example_dags/subdags/subdag.py
[2025-03-02T21:17:38.207-0500] {processor.py:838} WARNING - No viable dags retrieved from /Users/atulkumar/Documents/MLOperations/MLOps/venv/lib/python3.11/site-packages/airflow/example_dags/subdags/subdag.py
[2025-03-02T21:17:38.536-0500] {processor.py:179} INFO - Processing /Users/atulkumar/Documents/MLOperations/MLOps/venv/lib/python3.11/site-packages/airflow/example_dags/subdags/subdag.py took 0.333 seconds
[2025-03-02T21:18:43.993-0500] {processor.py:157} INFO - Started process (PID=81674) to work on /Users/atulkumar/Documents/MLOperations/MLOps/venv/lib/python3.11/site-packages/airflow/example_dags/subdags/subdag.py
[2025-03-02T21:18:43.995-0500] {processor.py:826} INFO - Processing file /Users/atulkumar/Documents/MLOperations/MLOps/venv/lib/python3.11/site-packages/airflow/example_dags/subdags/subdag.py for tasks to queue
[2025-03-02T21:18:43.995-0500] {logging_mixin.py:149} INFO - [2025-03-02T21:18:43.995-0500] {dagbag.py:541} INFO - Filling up the DagBag from /Users/atulkumar/Documents/MLOperations/MLOps/venv/lib/python3.11/site-packages/airflow/example_dags/subdags/subdag.py
[2025-03-02T21:18:43.997-0500] {processor.py:838} WARNING - No viable dags retrieved from /Users/atulkumar/Documents/MLOperations/MLOps/venv/lib/python3.11/site-packages/airflow/example_dags/subdags/subdag.py
[2025-03-02T21:18:44.332-0500] {processor.py:179} INFO - Processing /Users/atulkumar/Documents/MLOperations/MLOps/venv/lib/python3.11/site-packages/airflow/example_dags/subdags/subdag.py took 0.340 seconds
[2025-03-02T21:19:49.921-0500] {processor.py:157} INFO - Started process (PID=81789) to work on /Users/atulkumar/Documents/MLOperations/MLOps/venv/lib/python3.11/site-packages/airflow/example_dags/subdags/subdag.py
[2025-03-02T21:19:49.923-0500] {processor.py:826} INFO - Processing file /Users/atulkumar/Documents/MLOperations/MLOps/venv/lib/python3.11/site-packages/airflow/example_dags/subdags/subdag.py for tasks to queue
[2025-03-02T21:19:49.923-0500] {logging_mixin.py:149} INFO - [2025-03-02T21:19:49.923-0500] {dagbag.py:541} INFO - Filling up the DagBag from /Users/atulkumar/Documents/MLOperations/MLOps/venv/lib/python3.11/site-packages/airflow/example_dags/subdags/subdag.py
[2025-03-02T21:19:49.925-0500] {processor.py:838} WARNING - No viable dags retrieved from /Users/atulkumar/Documents/MLOperations/MLOps/venv/lib/python3.11/site-packages/airflow/example_dags/subdags/subdag.py
[2025-03-02T21:19:50.269-0500] {processor.py:179} INFO - Processing /Users/atulkumar/Documents/MLOperations/MLOps/venv/lib/python3.11/site-packages/airflow/example_dags/subdags/subdag.py took 0.348 seconds
[2025-03-02T21:20:55.602-0500] {processor.py:157} INFO - Started process (PID=81897) to work on /Users/atulkumar/Documents/MLOperations/MLOps/venv/lib/python3.11/site-packages/airflow/example_dags/subdags/subdag.py
[2025-03-02T21:20:55.604-0500] {processor.py:826} INFO - Processing file /Users/atulkumar/Documents/MLOperations/MLOps/venv/lib/python3.11/site-packages/airflow/example_dags/subdags/subdag.py for tasks to queue
[2025-03-02T21:20:55.604-0500] {logging_mixin.py:149} INFO - [2025-03-02T21:20:55.604-0500] {dagbag.py:541} INFO - Filling up the DagBag from /Users/atulkumar/Documents/MLOperations/MLOps/venv/lib/python3.11/site-packages/airflow/example_dags/subdags/subdag.py
[2025-03-02T21:20:55.605-0500] {processor.py:838} WARNING - No viable dags retrieved from /Users/atulkumar/Documents/MLOperations/MLOps/venv/lib/python3.11/site-packages/airflow/example_dags/subdags/subdag.py
[2025-03-02T21:20:56.025-0500] {processor.py:179} INFO - Processing /Users/atulkumar/Documents/MLOperations/MLOps/venv/lib/python3.11/site-packages/airflow/example_dags/subdags/subdag.py took 0.423 seconds
[2025-03-02T21:21:59.938-0500] {processor.py:157} INFO - Started process (PID=81988) to work on /Users/atulkumar/Documents/MLOperations/MLOps/venv/lib/python3.11/site-packages/airflow/example_dags/subdags/subdag.py
[2025-03-02T21:21:59.940-0500] {processor.py:826} INFO - Processing file /Users/atulkumar/Documents/MLOperations/MLOps/venv/lib/python3.11/site-packages/airflow/example_dags/subdags/subdag.py for tasks to queue
[2025-03-02T21:21:59.940-0500] {logging_mixin.py:149} INFO - [2025-03-02T21:21:59.940-0500] {dagbag.py:541} INFO - Filling up the DagBag from /Users/atulkumar/Documents/MLOperations/MLOps/venv/lib/python3.11/site-packages/airflow/example_dags/subdags/subdag.py
[2025-03-02T21:21:59.941-0500] {processor.py:838} WARNING - No viable dags retrieved from /Users/atulkumar/Documents/MLOperations/MLOps/venv/lib/python3.11/site-packages/airflow/example_dags/subdags/subdag.py
[2025-03-02T21:22:00.270-0500] {processor.py:179} INFO - Processing /Users/atulkumar/Documents/MLOperations/MLOps/venv/lib/python3.11/site-packages/airflow/example_dags/subdags/subdag.py took 0.332 seconds
[2025-03-02T21:23:06.367-0500] {processor.py:157} INFO - Started process (PID=82074) to work on /Users/atulkumar/Documents/MLOperations/MLOps/venv/lib/python3.11/site-packages/airflow/example_dags/subdags/subdag.py
[2025-03-02T21:23:06.369-0500] {processor.py:826} INFO - Processing file /Users/atulkumar/Documents/MLOperations/MLOps/venv/lib/python3.11/site-packages/airflow/example_dags/subdags/subdag.py for tasks to queue
[2025-03-02T21:23:06.370-0500] {logging_mixin.py:149} INFO - [2025-03-02T21:23:06.370-0500] {dagbag.py:541} INFO - Filling up the DagBag from /Users/atulkumar/Documents/MLOperations/MLOps/venv/lib/python3.11/site-packages/airflow/example_dags/subdags/subdag.py
[2025-03-02T21:23:06.372-0500] {processor.py:838} WARNING - No viable dags retrieved from /Users/atulkumar/Documents/MLOperations/MLOps/venv/lib/python3.11/site-packages/airflow/example_dags/subdags/subdag.py
[2025-03-02T21:23:06.713-0500] {processor.py:179} INFO - Processing /Users/atulkumar/Documents/MLOperations/MLOps/venv/lib/python3.11/site-packages/airflow/example_dags/subdags/subdag.py took 0.347 seconds
[2025-03-02T21:24:12.332-0500] {processor.py:157} INFO - Started process (PID=82167) to work on /Users/atulkumar/Documents/MLOperations/MLOps/venv/lib/python3.11/site-packages/airflow/example_dags/subdags/subdag.py
[2025-03-02T21:24:12.334-0500] {processor.py:826} INFO - Processing file /Users/atulkumar/Documents/MLOperations/MLOps/venv/lib/python3.11/site-packages/airflow/example_dags/subdags/subdag.py for tasks to queue
[2025-03-02T21:24:12.335-0500] {logging_mixin.py:149} INFO - [2025-03-02T21:24:12.335-0500] {dagbag.py:541} INFO - Filling up the DagBag from /Users/atulkumar/Documents/MLOperations/MLOps/venv/lib/python3.11/site-packages/airflow/example_dags/subdags/subdag.py
[2025-03-02T21:24:12.336-0500] {processor.py:838} WARNING - No viable dags retrieved from /Users/atulkumar/Documents/MLOperations/MLOps/venv/lib/python3.11/site-packages/airflow/example_dags/subdags/subdag.py
[2025-03-02T21:24:12.688-0500] {processor.py:179} INFO - Processing /Users/atulkumar/Documents/MLOperations/MLOps/venv/lib/python3.11/site-packages/airflow/example_dags/subdags/subdag.py took 0.356 seconds
[2025-03-02T21:25:25.265-0500] {processor.py:157} INFO - Started process (PID=82351) to work on /Users/atulkumar/Documents/MLOperations/MLOps/venv/lib/python3.11/site-packages/airflow/example_dags/subdags/subdag.py
[2025-03-02T21:25:25.267-0500] {processor.py:826} INFO - Processing file /Users/atulkumar/Documents/MLOperations/MLOps/venv/lib/python3.11/site-packages/airflow/example_dags/subdags/subdag.py for tasks to queue
[2025-03-02T21:25:25.267-0500] {logging_mixin.py:149} INFO - [2025-03-02T21:25:25.267-0500] {dagbag.py:541} INFO - Filling up the DagBag from /Users/atulkumar/Documents/MLOperations/MLOps/venv/lib/python3.11/site-packages/airflow/example_dags/subdags/subdag.py
[2025-03-02T21:25:25.269-0500] {processor.py:838} WARNING - No viable dags retrieved from /Users/atulkumar/Documents/MLOperations/MLOps/venv/lib/python3.11/site-packages/airflow/example_dags/subdags/subdag.py
[2025-03-02T21:25:25.632-0500] {processor.py:179} INFO - Processing /Users/atulkumar/Documents/MLOperations/MLOps/venv/lib/python3.11/site-packages/airflow/example_dags/subdags/subdag.py took 0.367 seconds
