2025-03-03 14:48:42,088 :: INFO :: __main__ :: Attempting to download 0819_UkraineCombinedTweetsDeduped.csv ...
2025-03-03 14:48:44,972 :: INFO :: __main__ :: Extracting and removing ZIP: ../data/version_1/0819_UkraineCombinedTweetsDeduped.csv.zip
2025-03-03 14:48:45,067 :: INFO :: __main__ :: Successfully downloaded 0819_UkraineCombinedTweetsDeduped.csv
2025-03-03 14:48:45,067 :: INFO :: __main__ :: Attempting to download 0820_UkraineCombinedTweetsDeduped.csv ...
2025-03-03 14:48:48,164 :: INFO :: __main__ :: Extracting and removing ZIP: ../data/version_1/0820_UkraineCombinedTweetsDeduped.csv.zip
2025-03-03 14:48:48,250 :: INFO :: __main__ :: Successfully downloaded 0820_UkraineCombinedTweetsDeduped.csv
2025-03-03 14:48:48,251 :: INFO :: __main__ :: Attempting to download 0821_UkraineCombinedTweetsDeduped.csv ...
2025-03-03 14:48:50,893 :: INFO :: __main__ :: Extracting and removing ZIP: ../data/version_1/0821_UkraineCombinedTweetsDeduped.csv.zip
2025-03-03 14:48:51,020 :: INFO :: __main__ :: Successfully downloaded 0821_UkraineCombinedTweetsDeduped.csv
2025-03-03 14:48:51,020 :: INFO :: __main__ :: Attempting to download 0822_UkraineCombinedTweetsDeduped.csv ...
2025-03-03 14:48:53,666 :: INFO :: __main__ :: Extracting and removing ZIP: ../data/version_1/0822_UkraineCombinedTweetsDeduped.csv.zip
2025-03-03 14:48:53,753 :: INFO :: __main__ :: Successfully downloaded 0822_UkraineCombinedTweetsDeduped.csv
2025-03-03 14:48:53,753 :: INFO :: __main__ :: Attempting to download 0823_UkraineCombinedTweetsDeduped.csv ...
2025-03-03 14:48:56,554 :: INFO :: __main__ :: Extracting and removing ZIP: ../data/version_1/0823_UkraineCombinedTweetsDeduped.csv.zip
2025-03-03 14:48:56,652 :: INFO :: __main__ :: Successfully downloaded 0823_UkraineCombinedTweetsDeduped.csv
2025-03-03 14:48:56,652 :: INFO :: __main__ :: Attempting to download 0824_UkraineCombinedTweetsDeduped.csv ...
2025-03-03 14:48:59,653 :: INFO :: __main__ :: Extracting and removing ZIP: ../data/version_1/0824_UkraineCombinedTweetsDeduped.csv.zip
2025-03-03 14:48:59,801 :: INFO :: __main__ :: Successfully downloaded 0824_UkraineCombinedTweetsDeduped.csv
2025-03-03 14:48:59,801 :: INFO :: __main__ :: Attempting to download 0825_UkraineCombinedTweetsDeduped.csv ...
2025-03-03 14:49:02,734 :: INFO :: __main__ :: Extracting and removing ZIP: ../data/version_1/0825_UkraineCombinedTweetsDeduped.csv.zip
2025-03-03 14:49:02,832 :: INFO :: __main__ :: Successfully downloaded 0825_UkraineCombinedTweetsDeduped.csv
2025-03-03 14:49:02,832 :: INFO :: __main__ :: Attempting to download 0826_UkraineCombinedTweetsDeduped.csv ...
2025-03-03 14:49:05,432 :: INFO :: __main__ :: Extracting and removing ZIP: ../data/version_1/0826_UkraineCombinedTweetsDeduped.csv.zip
2025-03-03 14:49:05,543 :: INFO :: __main__ :: Successfully downloaded 0826_UkraineCombinedTweetsDeduped.csv
2025-03-03 14:49:05,543 :: INFO :: __main__ :: Attempting to download 0827_UkraineCombinedTweetsDeduped.csv ...
2025-03-03 14:49:08,194 :: INFO :: __main__ :: Extracting and removing ZIP: ../data/version_1/0827_UkraineCombinedTweetsDeduped.csv.zip
2025-03-03 14:49:08,275 :: INFO :: __main__ :: Successfully downloaded 0827_UkraineCombinedTweetsDeduped.csv
2025-03-03 14:49:08,275 :: INFO :: __main__ :: Attempting to download 0828_UkraineCombinedTweetsDeduped.csv ...
2025-03-03 14:49:10,656 :: INFO :: __main__ :: Extracting and removing ZIP: ../data/version_1/0828_UkraineCombinedTweetsDeduped.csv.zip
2025-03-03 14:49:10,733 :: INFO :: __main__ :: Successfully downloaded 0828_UkraineCombinedTweetsDeduped.csv
2025-03-03 14:49:10,740 :: INFO :: __main__ :: Attempting to download 0829_UkraineCombinedTweetsDeduped.csv ...
2025-03-03 14:49:13,652 :: INFO :: __main__ :: Extracting and removing ZIP: ../data/version_2/0829_UkraineCombinedTweetsDeduped.csv.zip
2025-03-03 14:49:13,752 :: INFO :: __main__ :: Successfully downloaded 0829_UkraineCombinedTweetsDeduped.csv
2025-03-03 14:49:13,754 :: INFO :: __main__ :: Attempting to download 0830_UkraineCombinedTweetsDeduped.csv ...
2025-03-03 14:49:16,486 :: INFO :: __main__ :: Extracting and removing ZIP: ../data/version_2/0830_UkraineCombinedTweetsDeduped.csv.zip
2025-03-03 14:49:16,610 :: INFO :: __main__ :: Successfully downloaded 0830_UkraineCombinedTweetsDeduped.csv
2025-03-03 14:49:16,610 :: INFO :: __main__ :: Attempting to download 0901_UkraineCombinedTweetsDeduped.csv ...
2025-03-03 14:49:19,061 :: INFO :: __main__ :: Extracting and removing ZIP: ../data/version_2/0901_UkraineCombinedTweetsDeduped.csv.zip
2025-03-03 14:49:19,145 :: INFO :: __main__ :: Successfully downloaded 0901_UkraineCombinedTweetsDeduped.csv
2025-03-03 14:49:19,149 :: INFO :: __main__ :: Attempting to download 0902_UkraineCombinedTweetsDeduped.csv ...
2025-03-03 14:49:21,785 :: INFO :: __main__ :: Extracting and removing ZIP: ../data/version_2/0902_UkraineCombinedTweetsDeduped.csv.zip
2025-03-03 14:49:21,887 :: INFO :: __main__ :: Successfully downloaded 0902_UkraineCombinedTweetsDeduped.csv
2025-03-03 14:49:21,887 :: INFO :: __main__ :: Attempting to download 0903_UkraineCombinedTweetsDeduped.csv ...
2025-03-03 14:49:24,147 :: INFO :: __main__ :: Extracting and removing ZIP: ../data/version_2/0903_UkraineCombinedTweetsDeduped.csv.zip
2025-03-03 14:49:24,228 :: INFO :: __main__ :: Successfully downloaded 0903_UkraineCombinedTweetsDeduped.csv
2025-03-03 14:49:24,228 :: INFO :: __main__ :: Attempting to download 0904_UkraineCombinedTweetsDeduped.csv ...
2025-03-03 14:49:27,081 :: INFO :: __main__ :: Extracting and removing ZIP: ../data/version_2/0904_UkraineCombinedTweetsDeduped.csv.zip
2025-03-03 14:49:27,166 :: INFO :: __main__ :: Successfully downloaded 0904_UkraineCombinedTweetsDeduped.csv
2025-03-03 14:49:27,166 :: INFO :: __main__ :: Attempting to download 0905_UkraineCombinedTweetsDeduped.csv ...
2025-03-03 14:49:29,856 :: INFO :: __main__ :: Extracting and removing ZIP: ../data/version_2/0905_UkraineCombinedTweetsDeduped.csv.zip
2025-03-03 14:49:29,979 :: INFO :: __main__ :: Successfully downloaded 0905_UkraineCombinedTweetsDeduped.csv
2025-03-03 14:49:29,979 :: INFO :: __main__ :: Attempting to download 0906_UkraineCombinedTweetsDeduped.csv ...
2025-03-03 14:49:32,789 :: INFO :: __main__ :: Extracting and removing ZIP: ../data/version_2/0906_UkraineCombinedTweetsDeduped.csv.zip
2025-03-03 14:49:32,916 :: INFO :: __main__ :: Successfully downloaded 0906_UkraineCombinedTweetsDeduped.csv
2025-03-03 14:49:32,919 :: INFO :: __main__ :: Attempting to download 0907_UkraineCombinedTweetsDeduped.csv ...
2025-03-03 14:49:35,686 :: INFO :: __main__ :: Extracting and removing ZIP: ../data/version_2/0907_UkraineCombinedTweetsDeduped.csv.zip
2025-03-03 14:49:35,766 :: INFO :: __main__ :: Successfully downloaded 0907_UkraineCombinedTweetsDeduped.csv
2025-03-03 14:49:35,766 :: INFO :: __main__ :: Attempting to download 0908_UkraineCombinedTweetsDeduped.csv ...
2025-03-03 14:49:38,607 :: INFO :: __main__ :: Extracting and removing ZIP: ../data/version_2/0908_UkraineCombinedTweetsDeduped.csv.zip
2025-03-03 14:49:38,683 :: INFO :: __main__ :: Successfully downloaded 0908_UkraineCombinedTweetsDeduped.csv
2025-03-03 14:49:38,684 :: INFO :: __main__ :: Attempting to download 0910_UkraineCombinedTweetsDeduped.csv ...
2025-03-03 14:49:41,407 :: INFO :: __main__ :: Extracting and removing ZIP: ../data/version_2/0910_UkraineCombinedTweetsDeduped.csv.zip
2025-03-03 14:49:41,531 :: INFO :: __main__ :: Successfully downloaded 0910_UkraineCombinedTweetsDeduped.csv
2025-03-03 14:49:41,531 :: INFO :: __main__ :: Attempting to download 0911_UkraineCombinedTweetsDeduped.csv ...
2025-03-03 14:49:44,177 :: INFO :: __main__ :: Extracting and removing ZIP: ../data/version_2/0911_UkraineCombinedTweetsDeduped.csv.zip
2025-03-03 14:49:44,305 :: INFO :: __main__ :: Successfully downloaded 0911_UkraineCombinedTweetsDeduped.csv
2025-03-03 14:49:44,306 :: INFO :: __main__ :: Attempting to download 0912_UkraineCombinedTweetsDeduped.csv ...
2025-03-03 14:49:46,941 :: INFO :: __main__ :: Extracting and removing ZIP: ../data/version_2/0912_UkraineCombinedTweetsDeduped.csv.zip
2025-03-03 14:49:47,058 :: INFO :: __main__ :: Successfully downloaded 0912_UkraineCombinedTweetsDeduped.csv
2025-03-03 14:49:47,058 :: INFO :: __main__ :: Attempting to download 0913_UkraineCombinedTweetsDeduped.csv ...
2025-03-03 14:49:49,926 :: INFO :: __main__ :: Extracting and removing ZIP: ../data/version_2/0913_UkraineCombinedTweetsDeduped.csv.zip
2025-03-03 14:49:50,053 :: INFO :: __main__ :: Successfully downloaded 0913_UkraineCombinedTweetsDeduped.csv
2025-03-03 14:49:50,060 :: INFO :: __main__ :: Attempting to download 0914_UkraineCombinedTweetsDeduped.csv ...
2025-03-03 14:49:53,381 :: INFO :: __main__ :: Extracting and removing ZIP: ../data/version_3/0914_UkraineCombinedTweetsDeduped.csv.zip
2025-03-03 14:49:53,514 :: INFO :: __main__ :: Successfully downloaded 0914_UkraineCombinedTweetsDeduped.csv
2025-03-03 14:49:53,514 :: INFO :: __main__ :: Attempting to download 0915_UkraineCombinedTweetsDeduped.csv ...
2025-03-03 14:49:56,543 :: INFO :: __main__ :: Extracting and removing ZIP: ../data/version_3/0915_UkraineCombinedTweetsDeduped.csv.zip
2025-03-03 14:49:56,673 :: INFO :: __main__ :: Successfully downloaded 0915_UkraineCombinedTweetsDeduped.csv
2025-03-03 14:49:56,673 :: INFO :: __main__ :: Attempting to download 0916_UkraineCombinedTweetsDeduped.csv ...
2025-03-03 14:49:59,486 :: INFO :: __main__ :: Extracting and removing ZIP: ../data/version_3/0916_UkraineCombinedTweetsDeduped.csv.zip
2025-03-03 14:49:59,606 :: INFO :: __main__ :: Successfully downloaded 0916_UkraineCombinedTweetsDeduped.csv
2025-03-03 14:49:59,606 :: INFO :: __main__ :: Attempting to download 0917_UkraineCombinedTweetsDeduped.csv ...
2025-03-03 14:50:02,440 :: INFO :: __main__ :: Extracting and removing ZIP: ../data/version_3/0917_UkraineCombinedTweetsDeduped.csv.zip
2025-03-03 14:50:02,519 :: INFO :: __main__ :: Successfully downloaded 0917_UkraineCombinedTweetsDeduped.csv
2025-03-03 14:50:02,519 :: INFO :: __main__ :: Attempting to download 0918_UkraineCombinedTweetsDeduped.csv ...
2025-03-03 14:50:05,149 :: INFO :: __main__ :: Extracting and removing ZIP: ../data/version_3/0918_UkraineCombinedTweetsDeduped.csv.zip
2025-03-03 14:50:05,235 :: INFO :: __main__ :: Successfully downloaded 0918_UkraineCombinedTweetsDeduped.csv
2025-03-03 14:50:05,235 :: INFO :: __main__ :: Attempting to download 0919_UkraineCombinedTweetsDeduped.csv ...
2025-03-03 14:50:07,911 :: INFO :: __main__ :: Extracting and removing ZIP: ../data/version_3/0919_UkraineCombinedTweetsDeduped.csv.zip
2025-03-03 14:50:08,004 :: INFO :: __main__ :: Successfully downloaded 0919_UkraineCombinedTweetsDeduped.csv
2025-03-03 14:50:08,004 :: INFO :: __main__ :: Attempting to download 0920_UkraineCombinedTweetsDeduped.csv ...
2025-03-03 14:50:10,568 :: INFO :: __main__ :: Extracting and removing ZIP: ../data/version_3/0920_UkraineCombinedTweetsDeduped.csv.zip
2025-03-03 14:50:10,680 :: INFO :: __main__ :: Successfully downloaded 0920_UkraineCombinedTweetsDeduped.csv
2025-03-03 14:50:10,680 :: INFO :: __main__ :: Attempting to download 0921_UkraineCombinedTweetsDeduped.csv ...
2025-03-03 14:50:13,710 :: INFO :: __main__ :: Extracting and removing ZIP: ../data/version_3/0921_UkraineCombinedTweetsDeduped.csv.zip
2025-03-03 14:50:13,891 :: INFO :: __main__ :: Successfully downloaded 0921_UkraineCombinedTweetsDeduped.csv
2025-03-03 14:50:13,891 :: INFO :: __main__ :: Attempting to download 0922_UkraineCombinedTweetsDeduped.csv ...
2025-03-03 14:50:16,867 :: INFO :: __main__ :: Extracting and removing ZIP: ../data/version_3/0922_UkraineCombinedTweetsDeduped.csv.zip
2025-03-03 14:50:17,009 :: INFO :: __main__ :: Successfully downloaded 0922_UkraineCombinedTweetsDeduped.csv
2025-03-03 14:50:17,012 :: INFO :: __main__ :: Attempting to download 0923_UkraineCombinedTweetsDeduped.csv ...
2025-03-03 14:50:20,081 :: INFO :: __main__ :: Extracting and removing ZIP: ../data/version_3/0923_UkraineCombinedTweetsDeduped.csv.zip
2025-03-03 14:50:20,214 :: INFO :: __main__ :: Successfully downloaded 0923_UkraineCombinedTweetsDeduped.csv
2025-03-03 14:50:20,214 :: INFO :: __main__ :: Attempting to download 0924_UkraineCombinedTweetsDeduped.csv ...
2025-03-03 14:50:22,640 :: INFO :: __main__ :: Extracting and removing ZIP: ../data/version_3/0924_UkraineCombinedTweetsDeduped.csv.zip
2025-03-03 14:50:22,757 :: INFO :: __main__ :: Successfully downloaded 0924_UkraineCombinedTweetsDeduped.csv
2025-03-03 14:50:22,758 :: INFO :: __main__ :: Attempting to download 0925_UkraineCombinedTweetsDeduped.csv0926_UkraineCombinedTweetsDeduped.csv ...
2025-03-03 14:50:24,844 :: ERROR :: __main__ :: Error downloading 0925_UkraineCombinedTweetsDeduped.csv0926_UkraineCombinedTweetsDeduped.csv: (404)
Reason: Not Found
HTTP response headers: HTTPHeaderDict({'Content-Type': 'application/json', 'Date': 'Mon, 03 Mar 2025 19:50:24 GMT', 'Access-Control-Allow-Credentials': 'true', 'Access-Control-Allow-Origin': '*', 'Set-Cookie': 'ka_sessionid=a0dd728f7d5efd259eb18c24b612fd6d; max-age=2626560; path=/, GCLB=CIa8gb_69q2sVhAD; path=/; HttpOnly', 'Vary': 'Accept-Encoding', 'X-Kaggle-MillisecondsElapsed': '1949', 'X-Kaggle-RequestId': 'a4b318433bd09a47e3cae4c63ed98ccd', 'X-Kaggle-ApiVersion': '1.6.17', 'X-Kaggle-HubVersion': '0.3.10', 'X-Frame-Options': 'SAMEORIGIN', 'Strict-Transport-Security': 'max-age=63072000; includeSubDomains; preload', 'Content-Security-Policy': "object-src 'none'; script-src 'nonce-o+EDr3QsuVzNe66msFkn6A==' 'report-sample' 'unsafe-inline' 'unsafe-eval' 'strict-dynamic' https: http:; base-uri 'none'; report-uri https://csp.withgoogle.com/csp/kaggle/20201130; frame-src 'self' https://www.kaggleusercontent.com https://www.youtube.com/embed/ https://polygraph-cool.github.io https://www.google.com/recaptcha/ https://www.docdroid.com https://www.docdroid.net https://kaggle-static.storage.googleapis.com https://kkb-production.jupyter-proxy.kaggle.net https://kkb-production.firebaseapp.com https://kaggle-metastore.firebaseapp.com https://apis.google.com https://content-sheets.googleapis.com/ https://accounts.google.com/ https://storage.googleapis.com https://docs.google.com https://drive.google.com https://calendar.google.com/ https://google.qualtrics.com/ ;", 'X-Content-Type-Options': 'nosniff', 'Referrer-Policy': 'strict-origin-when-cross-origin', 'Via': '1.1 google', 'Alt-Svc': 'h3=":443"; ma=2592000,h3-29=":443"; ma=2592000', 'Transfer-Encoding': 'chunked'})
HTTP response body: b'{"code":404,"message":"Not found"}'

2025-03-03 14:50:24,845 :: INFO :: __main__ :: Attempting to download 0927_UkraineCombinedTweetsDeduped.csv ...
2025-03-03 14:50:27,542 :: INFO :: __main__ :: Extracting and removing ZIP: ../data/version_3/0927_UkraineCombinedTweetsDeduped.csv.zip
2025-03-03 14:50:27,662 :: INFO :: __main__ :: Successfully downloaded 0927_UkraineCombinedTweetsDeduped.csv
2025-03-03 14:50:27,662 :: INFO :: __main__ :: Attempting to download 0928_UkraineCombinedTweetsDeduped.csv ...
2025-03-03 14:50:30,540 :: INFO :: __main__ :: Extracting and removing ZIP: ../data/version_3/0928_UkraineCombinedTweetsDeduped.csv.zip
2025-03-03 14:50:30,693 :: INFO :: __main__ :: Successfully downloaded 0928_UkraineCombinedTweetsDeduped.csv
2025-03-03 14:50:30,693 :: INFO :: __main__ :: Attempting to download 0929_UkraineCombinedTweetsDeduped.csv ...
2025-03-03 14:50:33,468 :: INFO :: __main__ :: Extracting and removing ZIP: ../data/version_3/0929_UkraineCombinedTweetsDeduped.csv.zip
2025-03-03 14:50:33,699 :: INFO :: __main__ :: Successfully downloaded 0929_UkraineCombinedTweetsDeduped.csv
2025-03-03 14:50:33,699 :: INFO :: __main__ :: Attempting to download 0930_UkraineCombinedTweetsDeduped.csv ...
2025-03-03 14:50:36,537 :: INFO :: __main__ :: Extracting and removing ZIP: ../data/version_3/0930_UkraineCombinedTweetsDeduped.csv.zip
2025-03-03 14:50:36,670 :: INFO :: __main__ :: Successfully downloaded 0930_UkraineCombinedTweetsDeduped.csv
2025-03-03 14:50:36,670 :: INFO :: __main__ :: Attempting to download 0930_UkraineCombinedTweetsDeduped.csv ...
2025-03-03 14:50:39,144 :: INFO :: __main__ :: Extracting and removing ZIP: ../data/version_3/0930_UkraineCombinedTweetsDeduped.csv.zip
2025-03-03 14:50:39,259 :: INFO :: __main__ :: Successfully downloaded 0930_UkraineCombinedTweetsDeduped.csv
2025-03-04 00:14:06,212 :: INFO :: data_acquisition :: Attempting to download 0819_UkraineCombinedTweetsDeduped.csv ...
2025-03-04 00:14:08,995 :: INFO :: data_acquisition :: Extracting and removing ZIP: ../data/version_1/0819_UkraineCombinedTweetsDeduped.csv.zip
2025-03-04 00:14:09,096 :: INFO :: data_acquisition :: Successfully downloaded 0819_UkraineCombinedTweetsDeduped.csv
2025-03-04 00:14:09,096 :: INFO :: data_acquisition :: Attempting to download 0820_UkraineCombinedTweetsDeduped.csv ...
2025-03-04 00:14:11,555 :: INFO :: data_acquisition :: Extracting and removing ZIP: ../data/version_1/0820_UkraineCombinedTweetsDeduped.csv.zip
2025-03-04 00:21:46,542 :: INFO :: data_acquisition :: Folder '../data/version_1' already exists and is not empty. Skipping download.
2025-03-04 00:21:46,544 :: INFO :: data_acquisition :: Folder '../data/version_2' already exists and is not empty. Skipping download.
2025-03-04 00:21:46,546 :: INFO :: data_acquisition :: Folder '../data/version_3' already exists and is not empty. Skipping download.
2025-03-05 11:36:13,371 :: INFO :: data_acquisition :: Attempting to download 0819_UkraineCombinedTweetsDeduped.csv ...
2025-03-05 11:36:16,762 :: INFO :: data_acquisition :: Extracting and removing ZIP: /tmp/test_folder/0819_UkraineCombinedTweetsDeduped.csv.zip
2025-03-05 11:36:16,869 :: INFO :: data_acquisition :: Successfully downloaded 0819_UkraineCombinedTweetsDeduped.csv
2025-03-05 11:36:16,869 :: INFO :: data_acquisition :: Attempting to download 0820_UkraineCombinedTweetsDeduped.csv ...
2025-03-05 11:36:20,365 :: INFO :: data_acquisition :: Extracting and removing ZIP: /tmp/test_folder/0820_UkraineCombinedTweetsDeduped.csv.zip
2025-03-05 11:36:20,479 :: INFO :: data_acquisition :: Successfully downloaded 0820_UkraineCombinedTweetsDeduped.csv
2025-03-05 11:36:20,479 :: INFO :: data_acquisition :: Attempting to download 0821_UkraineCombinedTweetsDeduped.csv ...
2025-03-05 11:36:23,646 :: INFO :: data_acquisition :: Extracting and removing ZIP: /tmp/test_folder/0821_UkraineCombinedTweetsDeduped.csv.zip
2025-03-05 11:36:23,748 :: INFO :: data_acquisition :: Successfully downloaded 0821_UkraineCombinedTweetsDeduped.csv
2025-03-05 11:36:23,748 :: INFO :: data_acquisition :: Attempting to download 0822_UkraineCombinedTweetsDeduped.csv ...
2025-03-05 11:36:26,878 :: INFO :: data_acquisition :: Extracting and removing ZIP: /tmp/test_folder/0822_UkraineCombinedTweetsDeduped.csv.zip
2025-03-05 11:36:26,961 :: INFO :: data_acquisition :: Successfully downloaded 0822_UkraineCombinedTweetsDeduped.csv
2025-03-05 11:36:26,961 :: INFO :: data_acquisition :: Attempting to download 0823_UkraineCombinedTweetsDeduped.csv ...
2025-03-05 11:36:30,249 :: INFO :: data_acquisition :: Extracting and removing ZIP: /tmp/test_folder/0823_UkraineCombinedTweetsDeduped.csv.zip
2025-03-05 11:36:30,357 :: INFO :: data_acquisition :: Successfully downloaded 0823_UkraineCombinedTweetsDeduped.csv
2025-03-05 11:36:30,357 :: INFO :: data_acquisition :: Attempting to download 0824_UkraineCombinedTweetsDeduped.csv ...
2025-03-05 11:36:34,236 :: INFO :: data_acquisition :: Extracting and removing ZIP: /tmp/test_folder/0824_UkraineCombinedTweetsDeduped.csv.zip
2025-03-05 11:36:34,378 :: INFO :: data_acquisition :: Successfully downloaded 0824_UkraineCombinedTweetsDeduped.csv
2025-03-05 11:36:34,378 :: INFO :: data_acquisition :: Attempting to download 0825_UkraineCombinedTweetsDeduped.csv ...
2025-03-05 11:36:37,883 :: INFO :: data_acquisition :: Extracting and removing ZIP: /tmp/test_folder/0825_UkraineCombinedTweetsDeduped.csv.zip
2025-03-05 11:36:37,995 :: INFO :: data_acquisition :: Successfully downloaded 0825_UkraineCombinedTweetsDeduped.csv
2025-03-05 11:36:37,995 :: INFO :: data_acquisition :: Attempting to download 0826_UkraineCombinedTweetsDeduped.csv ...
2025-03-05 11:36:41,875 :: INFO :: data_acquisition :: Extracting and removing ZIP: /tmp/test_folder/0826_UkraineCombinedTweetsDeduped.csv.zip
2025-03-05 11:36:41,993 :: INFO :: data_acquisition :: Successfully downloaded 0826_UkraineCombinedTweetsDeduped.csv
2025-03-05 11:36:41,994 :: INFO :: data_acquisition :: Attempting to download 0827_UkraineCombinedTweetsDeduped.csv ...
2025-03-05 11:36:45,086 :: INFO :: data_acquisition :: Extracting and removing ZIP: /tmp/test_folder/0827_UkraineCombinedTweetsDeduped.csv.zip
2025-03-05 11:36:45,158 :: INFO :: data_acquisition :: Successfully downloaded 0827_UkraineCombinedTweetsDeduped.csv
2025-03-05 11:36:45,158 :: INFO :: data_acquisition :: Attempting to download 0828_UkraineCombinedTweetsDeduped.csv ...
2025-03-05 11:36:48,428 :: INFO :: data_acquisition :: Extracting and removing ZIP: /tmp/test_folder/0828_UkraineCombinedTweetsDeduped.csv.zip
2025-03-05 11:36:48,518 :: INFO :: data_acquisition :: Successfully downloaded 0828_UkraineCombinedTweetsDeduped.csv
2025-03-05 12:44:56,815 :: INFO :: __main__ :: Folder '../data/version_1' already exists and is not empty. Skipping download.
2025-03-05 12:44:56,817 :: INFO :: __main__ :: Folder '../data/version_2' already exists and is not empty. Skipping download.
2025-03-05 12:44:56,820 :: INFO :: __main__ :: Folder '../data/version_3' already exists and is not empty. Skipping download.
2025-03-05 12:59:37,309 :: INFO :: __main__ :: Folder '../data/version_1' already exists and is not empty. Skipping download.
2025-03-05 14:29:11,987 :: INFO :: data_acquisition :: Attempting to download 0819_UkraineCombinedTweetsDeduped.csv ...
2025-03-05 14:29:15,240 :: INFO :: data_acquisition :: Extracting and removing ZIP: ../data/version_1/0819_UkraineCombinedTweetsDeduped.csv.zip
2025-03-05 14:29:15,380 :: INFO :: data_acquisition :: Successfully downloaded 0819_UkraineCombinedTweetsDeduped.csv
2025-03-05 14:29:15,381 :: INFO :: data_acquisition :: Attempting to download 0820_UkraineCombinedTweetsDeduped.csv ...
2025-03-05 14:29:18,399 :: INFO :: data_acquisition :: Extracting and removing ZIP: ../data/version_1/0820_UkraineCombinedTweetsDeduped.csv.zip
2025-03-05 14:29:18,549 :: INFO :: data_acquisition :: Successfully downloaded 0820_UkraineCombinedTweetsDeduped.csv
2025-03-05 14:29:18,550 :: INFO :: data_acquisition :: Attempting to download 0821_UkraineCombinedTweetsDeduped.csv ...
2025-03-05 14:29:21,545 :: INFO :: data_acquisition :: Extracting and removing ZIP: ../data/version_1/0821_UkraineCombinedTweetsDeduped.csv.zip
2025-03-05 14:29:21,644 :: INFO :: data_acquisition :: Successfully downloaded 0821_UkraineCombinedTweetsDeduped.csv
2025-03-05 14:29:21,644 :: INFO :: data_acquisition :: Attempting to download 0822_UkraineCombinedTweetsDeduped.csv ...
2025-03-05 14:29:24,529 :: INFO :: data_acquisition :: Extracting and removing ZIP: ../data/version_1/0822_UkraineCombinedTweetsDeduped.csv.zip
2025-03-05 14:29:24,621 :: INFO :: data_acquisition :: Successfully downloaded 0822_UkraineCombinedTweetsDeduped.csv
2025-03-05 14:29:24,622 :: INFO :: data_acquisition :: Attempting to download 0823_UkraineCombinedTweetsDeduped.csv ...
2025-03-05 14:29:27,669 :: INFO :: data_acquisition :: Extracting and removing ZIP: ../data/version_1/0823_UkraineCombinedTweetsDeduped.csv.zip
2025-03-05 14:29:27,795 :: INFO :: data_acquisition :: Successfully downloaded 0823_UkraineCombinedTweetsDeduped.csv
2025-03-05 14:29:27,796 :: INFO :: data_acquisition :: Attempting to download 0824_UkraineCombinedTweetsDeduped.csv ...
2025-03-05 14:29:31,255 :: INFO :: data_acquisition :: Extracting and removing ZIP: ../data/version_1/0824_UkraineCombinedTweetsDeduped.csv.zip
2025-03-05 14:29:31,442 :: INFO :: data_acquisition :: Successfully downloaded 0824_UkraineCombinedTweetsDeduped.csv
2025-03-05 14:29:31,443 :: INFO :: data_acquisition :: Attempting to download 0825_UkraineCombinedTweetsDeduped.csv ...
2025-03-05 14:29:34,835 :: INFO :: data_acquisition :: Extracting and removing ZIP: ../data/version_1/0825_UkraineCombinedTweetsDeduped.csv.zip
2025-03-05 14:29:34,962 :: INFO :: data_acquisition :: Successfully downloaded 0825_UkraineCombinedTweetsDeduped.csv
2025-03-05 14:29:34,963 :: INFO :: data_acquisition :: Attempting to download 0826_UkraineCombinedTweetsDeduped.csv ...
2025-03-05 14:29:37,772 :: INFO :: data_acquisition :: Extracting and removing ZIP: ../data/version_1/0826_UkraineCombinedTweetsDeduped.csv.zip
2025-03-05 14:29:37,879 :: INFO :: data_acquisition :: Successfully downloaded 0826_UkraineCombinedTweetsDeduped.csv
2025-03-05 14:29:37,880 :: INFO :: data_acquisition :: Attempting to download 0827_UkraineCombinedTweetsDeduped.csv ...
2025-03-05 14:29:40,753 :: INFO :: data_acquisition :: Extracting and removing ZIP: ../data/version_1/0827_UkraineCombinedTweetsDeduped.csv.zip
2025-03-05 14:29:40,827 :: INFO :: data_acquisition :: Successfully downloaded 0827_UkraineCombinedTweetsDeduped.csv
2025-03-05 14:29:40,828 :: INFO :: data_acquisition :: Attempting to download 0828_UkraineCombinedTweetsDeduped.csv ...
2025-03-05 14:29:43,584 :: INFO :: data_acquisition :: Extracting and removing ZIP: ../data/version_1/0828_UkraineCombinedTweetsDeduped.csv.zip
2025-03-05 14:29:43,666 :: INFO :: data_acquisition :: Successfully downloaded 0828_UkraineCombinedTweetsDeduped.csv
2025-03-05 15:01:26,159 :: INFO :: __main__ :: Folder '../data/version_1' already exists and is not empty. Skipping download.
2025-03-05 15:16:21,340 :: INFO :: data_acquisition :: Folder '/Users/atulkumar/Documents/MLOperations/MLOps/Data-Pipeline/data' already exists and is not empty. Skipping download.
2025-03-05 16:16:54,538 :: INFO :: data_acquisition :: Folder '/Users/atulkumar/Documents/MLOperations/MLOps/Data-Pipeline/data' already exists and is not empty. Skipping download.
2025-03-05 16:34:32,171 :: INFO :: data_acquisition :: Folder '/Users/atulkumar/Documents/MLOperations/MLOps/Data-Pipeline/data' already exists and is not empty. Skipping download.
2025-03-05 16:50:09,093 :: INFO :: data_acquisition :: Folder '/Users/atulkumar/Documents/MLOperations/MLOps/Data-Pipeline/data' already exists and is not empty. Skipping download.
2025-03-05 16:53:06,683 :: INFO :: data_acquisition :: Folder '/Users/atulkumar/Documents/MLOperations/MLOps/Data-Pipeline/data' already exists and is not empty. Skipping download.
2025-03-05 16:58:37,523 :: INFO :: data_acquisition :: Folder '/Users/atulkumar/Documents/MLOperations/MLOps/Data-Pipeline/data' already exists and is not empty. Skipping download.
2025-03-05 17:04:59,329 :: INFO :: data_acquisition :: Folder '/Users/atulkumar/Documents/MLOperations/MLOps/Data-Pipeline/data' already exists and is not empty. Skipping download.
2025-03-05 17:09:36,403 :: INFO :: data_acquisition :: Folder '/Users/atulkumar/Documents/MLOperations/MLOps/Data-Pipeline/data' already exists and is not empty. Skipping download.
