2025-03-03 15:25:14,530 :: INFO :: __main__ :: Parsing folder: ../data/version_1
2025-03-03 15:25:14,530 :: INFO :: __main__ :: Parsing file: ../data/version_1/0822_UkraineCombinedTweetsDeduped.csv
2025-03-03 15:25:14,997 :: INFO :: __main__ :: Finished ../data/version_1/0822_UkraineCombinedTweetsDeduped.csv: Processed 22168 tweets.
2025-03-03 15:25:14,997 :: INFO :: __main__ :: Parsing file: ../data/version_1/0826_UkraineCombinedTweetsDeduped.csv
2025-03-03 15:25:15,576 :: INFO :: __main__ :: Finished ../data/version_1/0826_UkraineCombinedTweetsDeduped.csv: Processed 27030 tweets.
2025-03-03 15:25:15,579 :: INFO :: __main__ :: Parsing file: ../data/version_1/0819_UkraineCombinedTweetsDeduped.csv
2025-03-03 15:25:16,066 :: INFO :: __main__ :: Finished ../data/version_1/0819_UkraineCombinedTweetsDeduped.csv: Processed 23179 tweets.
2025-03-03 15:25:16,066 :: INFO :: __main__ :: Parsing file: ../data/version_1/0821_UkraineCombinedTweetsDeduped.csv
2025-03-03 15:25:16,559 :: INFO :: __main__ :: Finished ../data/version_1/0821_UkraineCombinedTweetsDeduped.csv: Processed 20242 tweets.
2025-03-03 15:25:16,559 :: INFO :: __main__ :: Parsing file: ../data/version_1/0825_UkraineCombinedTweetsDeduped.csv
2025-03-03 15:25:17,134 :: INFO :: __main__ :: Finished ../data/version_1/0825_UkraineCombinedTweetsDeduped.csv: Processed 28265 tweets.
2025-03-03 15:25:17,135 :: INFO :: __main__ :: Parsing file: ../data/version_1/0827_UkraineCombinedTweetsDeduped.csv
2025-03-03 15:25:17,565 :: INFO :: __main__ :: Finished ../data/version_1/0827_UkraineCombinedTweetsDeduped.csv: Processed 17543 tweets.
2025-03-03 15:25:17,565 :: INFO :: __main__ :: Parsing file: ../data/version_1/0823_UkraineCombinedTweetsDeduped.csv
2025-03-03 15:25:18,055 :: INFO :: __main__ :: Finished ../data/version_1/0823_UkraineCombinedTweetsDeduped.csv: Processed 23760 tweets.
2025-03-03 15:25:18,055 :: INFO :: __main__ :: Parsing file: ../data/version_1/0824_UkraineCombinedTweetsDeduped.csv
2025-03-03 15:25:18,920 :: INFO :: __main__ :: Finished ../data/version_1/0824_UkraineCombinedTweetsDeduped.csv: Processed 38504 tweets.
2025-03-03 15:25:18,920 :: INFO :: __main__ :: Parsing file: ../data/version_1/0820_UkraineCombinedTweetsDeduped.csv
2025-03-03 15:25:19,360 :: INFO :: __main__ :: Finished ../data/version_1/0820_UkraineCombinedTweetsDeduped.csv: Processed 20103 tweets.
2025-03-03 15:25:19,360 :: INFO :: __main__ :: Parsing file: ../data/version_1/0828_UkraineCombinedTweetsDeduped.csv
2025-03-03 15:25:19,809 :: INFO :: __main__ :: Finished ../data/version_1/0828_UkraineCombinedTweetsDeduped.csv: Processed 17118 tweets.
2025-03-03 15:25:19,809 :: INFO :: __main__ :: Completed parsing folder: ../data/version_1. Total tweets: 237912
2025-03-03 15:25:19,809 :: INFO :: __main__ :: Standalone run: 237912 tweets processed.
2025-03-03 16:20:51,667 :: INFO :: data_preprocessing :: Parsing folder: ../data/version_1
2025-03-03 16:20:51,668 :: INFO :: data_preprocessing :: Parsing file: ../data/version_1/0822_UkraineCombinedTweetsDeduped.csv
2025-03-03 16:20:52,164 :: INFO :: data_preprocessing :: Finished ../data/version_1/0822_UkraineCombinedTweetsDeduped.csv: Processed 22168 tweets.
2025-03-03 16:20:52,165 :: INFO :: data_preprocessing :: Parsing file: ../data/version_1/0826_UkraineCombinedTweetsDeduped.csv
2025-03-03 16:20:52,709 :: INFO :: data_preprocessing :: Finished ../data/version_1/0826_UkraineCombinedTweetsDeduped.csv: Processed 27030 tweets.
2025-03-03 16:20:52,709 :: INFO :: data_preprocessing :: Parsing file: ../data/version_1/0819_UkraineCombinedTweetsDeduped.csv
2025-03-03 16:20:53,249 :: INFO :: data_preprocessing :: Finished ../data/version_1/0819_UkraineCombinedTweetsDeduped.csv: Processed 23179 tweets.
2025-03-03 16:20:53,249 :: INFO :: data_preprocessing :: Parsing file: ../data/version_1/0821_UkraineCombinedTweetsDeduped.csv
2025-03-03 16:20:53,684 :: INFO :: data_preprocessing :: Finished ../data/version_1/0821_UkraineCombinedTweetsDeduped.csv: Processed 20242 tweets.
2025-03-03 16:20:53,684 :: INFO :: data_preprocessing :: Parsing file: ../data/version_1/0825_UkraineCombinedTweetsDeduped.csv
2025-03-03 16:20:54,337 :: INFO :: data_preprocessing :: Finished ../data/version_1/0825_UkraineCombinedTweetsDeduped.csv: Processed 28265 tweets.
2025-03-03 16:20:54,337 :: INFO :: data_preprocessing :: Parsing file: ../data/version_1/0827_UkraineCombinedTweetsDeduped.csv
2025-03-03 16:20:54,695 :: INFO :: data_preprocessing :: Finished ../data/version_1/0827_UkraineCombinedTweetsDeduped.csv: Processed 17543 tweets.
2025-03-03 16:20:54,695 :: INFO :: data_preprocessing :: Parsing file: ../data/version_1/0823_UkraineCombinedTweetsDeduped.csv
2025-03-03 16:20:55,296 :: INFO :: data_preprocessing :: Finished ../data/version_1/0823_UkraineCombinedTweetsDeduped.csv: Processed 23760 tweets.
2025-03-03 16:20:55,296 :: INFO :: data_preprocessing :: Parsing file: ../data/version_1/0824_UkraineCombinedTweetsDeduped.csv
2025-03-03 16:20:56,147 :: INFO :: data_preprocessing :: Finished ../data/version_1/0824_UkraineCombinedTweetsDeduped.csv: Processed 38504 tweets.
2025-03-03 16:20:56,147 :: INFO :: data_preprocessing :: Parsing file: ../data/version_1/0820_UkraineCombinedTweetsDeduped.csv
2025-03-03 16:20:56,741 :: INFO :: data_preprocessing :: Finished ../data/version_1/0820_UkraineCombinedTweetsDeduped.csv: Processed 20103 tweets.
2025-03-03 16:20:56,741 :: INFO :: data_preprocessing :: Parsing file: ../data/version_1/0828_UkraineCombinedTweetsDeduped.csv
2025-03-03 16:20:57,111 :: INFO :: data_preprocessing :: Finished ../data/version_1/0828_UkraineCombinedTweetsDeduped.csv: Processed 17118 tweets.
2025-03-03 16:20:57,111 :: INFO :: data_preprocessing :: Completed parsing folder: ../data/version_1. Total tweets: 237912
2025-03-03 17:31:56,312 :: INFO :: __main__ :: Parsing folder: ../data/version_1
2025-03-03 17:31:56,313 :: INFO :: __main__ :: Parsing file: ../data/version_1/0822_UkraineCombinedTweetsDeduped.csv
2025-03-03 17:31:56,798 :: INFO :: __main__ :: Finished parsing ../data/version_1/0822_UkraineCombinedTweetsDeduped.csv. Valid tweets: 22168
2025-03-03 17:31:56,798 :: INFO :: __main__ :: Parsing file: ../data/version_1/0826_UkraineCombinedTweetsDeduped.csv
2025-03-03 17:31:57,370 :: INFO :: __main__ :: Finished parsing ../data/version_1/0826_UkraineCombinedTweetsDeduped.csv. Valid tweets: 27030
2025-03-03 17:31:57,370 :: INFO :: __main__ :: Parsing file: ../data/version_1/0819_UkraineCombinedTweetsDeduped.csv
2025-03-03 17:31:57,878 :: INFO :: __main__ :: Finished parsing ../data/version_1/0819_UkraineCombinedTweetsDeduped.csv. Valid tweets: 23179
2025-03-03 17:31:57,878 :: INFO :: __main__ :: Parsing file: ../data/version_1/0821_UkraineCombinedTweetsDeduped.csv
2025-03-03 17:31:58,371 :: INFO :: __main__ :: Finished parsing ../data/version_1/0821_UkraineCombinedTweetsDeduped.csv. Valid tweets: 20242
2025-03-03 17:31:58,371 :: INFO :: __main__ :: Parsing file: ../data/version_1/0825_UkraineCombinedTweetsDeduped.csv
2025-03-03 17:31:58,944 :: INFO :: __main__ :: Finished parsing ../data/version_1/0825_UkraineCombinedTweetsDeduped.csv. Valid tweets: 28265
2025-03-03 17:31:58,944 :: INFO :: __main__ :: Parsing file: ../data/version_1/0827_UkraineCombinedTweetsDeduped.csv
2025-03-03 17:31:59,378 :: INFO :: __main__ :: Finished parsing ../data/version_1/0827_UkraineCombinedTweetsDeduped.csv. Valid tweets: 17543
2025-03-03 17:31:59,378 :: INFO :: __main__ :: Parsing file: ../data/version_1/0823_UkraineCombinedTweetsDeduped.csv
2025-03-03 17:31:59,862 :: INFO :: __main__ :: Finished parsing ../data/version_1/0823_UkraineCombinedTweetsDeduped.csv. Valid tweets: 23760
2025-03-03 17:31:59,862 :: INFO :: __main__ :: Parsing file: ../data/version_1/0824_UkraineCombinedTweetsDeduped.csv
2025-03-03 17:32:00,693 :: INFO :: __main__ :: Finished parsing ../data/version_1/0824_UkraineCombinedTweetsDeduped.csv. Valid tweets: 38504
2025-03-03 17:32:00,694 :: INFO :: __main__ :: Parsing file: ../data/version_1/0820_UkraineCombinedTweetsDeduped.csv
2025-03-03 17:32:01,102 :: INFO :: __main__ :: Finished parsing ../data/version_1/0820_UkraineCombinedTweetsDeduped.csv. Valid tweets: 20103
2025-03-03 17:32:01,103 :: INFO :: __main__ :: Parsing file: ../data/version_1/0828_UkraineCombinedTweetsDeduped.csv
2025-03-03 17:32:01,557 :: INFO :: __main__ :: Finished parsing ../data/version_1/0828_UkraineCombinedTweetsDeduped.csv. Valid tweets: 17118
2025-03-03 17:32:01,558 :: INFO :: __main__ :: Completed parsing folder: ../data/version_1. Total tweets: 237912
2025-03-03 17:32:01,558 :: INFO :: __main__ :: Standalone run: 237912 tweets processed.
2025-03-03 17:33:54,023 :: INFO :: data_preprocessing :: Parsing folder: ../data/version_1
2025-03-03 17:33:54,023 :: INFO :: data_preprocessing :: Parsing file: ../data/version_1/0822_UkraineCombinedTweetsDeduped.csv
2025-03-03 17:33:54,507 :: INFO :: data_preprocessing :: Finished parsing ../data/version_1/0822_UkraineCombinedTweetsDeduped.csv. Valid tweets: 22168
2025-03-03 17:33:54,507 :: INFO :: data_preprocessing :: Parsing file: ../data/version_1/0826_UkraineCombinedTweetsDeduped.csv
2025-03-03 17:33:55,063 :: INFO :: data_preprocessing :: Finished parsing ../data/version_1/0826_UkraineCombinedTweetsDeduped.csv. Valid tweets: 27030
2025-03-03 17:33:55,063 :: INFO :: data_preprocessing :: Parsing file: ../data/version_1/0819_UkraineCombinedTweetsDeduped.csv
2025-03-03 17:33:55,595 :: INFO :: data_preprocessing :: Finished parsing ../data/version_1/0819_UkraineCombinedTweetsDeduped.csv. Valid tweets: 23179
2025-03-03 17:33:55,595 :: INFO :: data_preprocessing :: Parsing file: ../data/version_1/0821_UkraineCombinedTweetsDeduped.csv
2025-03-03 17:33:56,048 :: INFO :: data_preprocessing :: Finished parsing ../data/version_1/0821_UkraineCombinedTweetsDeduped.csv. Valid tweets: 20242
2025-03-03 17:33:56,048 :: INFO :: data_preprocessing :: Parsing file: ../data/version_1/0825_UkraineCombinedTweetsDeduped.csv
2025-03-03 17:33:56,686 :: INFO :: data_preprocessing :: Finished parsing ../data/version_1/0825_UkraineCombinedTweetsDeduped.csv. Valid tweets: 28265
2025-03-03 17:33:56,686 :: INFO :: data_preprocessing :: Parsing file: ../data/version_1/0827_UkraineCombinedTweetsDeduped.csv
2025-03-03 17:33:57,047 :: INFO :: data_preprocessing :: Finished parsing ../data/version_1/0827_UkraineCombinedTweetsDeduped.csv. Valid tweets: 17543
2025-03-03 17:33:57,047 :: INFO :: data_preprocessing :: Parsing file: ../data/version_1/0823_UkraineCombinedTweetsDeduped.csv
2025-03-03 17:33:57,636 :: INFO :: data_preprocessing :: Finished parsing ../data/version_1/0823_UkraineCombinedTweetsDeduped.csv. Valid tweets: 23760
2025-03-03 17:33:57,637 :: INFO :: data_preprocessing :: Parsing file: ../data/version_1/0824_UkraineCombinedTweetsDeduped.csv
2025-03-03 17:33:58,395 :: INFO :: data_preprocessing :: Finished parsing ../data/version_1/0824_UkraineCombinedTweetsDeduped.csv. Valid tweets: 38504
2025-03-03 17:33:58,395 :: INFO :: data_preprocessing :: Parsing file: ../data/version_1/0820_UkraineCombinedTweetsDeduped.csv
2025-03-03 17:33:58,920 :: INFO :: data_preprocessing :: Finished parsing ../data/version_1/0820_UkraineCombinedTweetsDeduped.csv. Valid tweets: 20103
2025-03-03 17:33:58,920 :: INFO :: data_preprocessing :: Parsing file: ../data/version_1/0828_UkraineCombinedTweetsDeduped.csv
2025-03-03 17:33:59,270 :: INFO :: data_preprocessing :: Finished parsing ../data/version_1/0828_UkraineCombinedTweetsDeduped.csv. Valid tweets: 17118
2025-03-03 17:33:59,270 :: INFO :: data_preprocessing :: Completed parsing folder: ../data/version_1. Total tweets: 237912
2025-03-03 17:50:35,221 :: INFO :: data_preprocessing :: Parsing folder: ../data/version_1
2025-03-03 17:50:35,222 :: INFO :: data_preprocessing :: Parsing file: ../data/version_1/0822_UkraineCombinedTweetsDeduped.csv
2025-03-03 17:50:35,733 :: INFO :: data_preprocessing :: Finished parsing ../data/version_1/0822_UkraineCombinedTweetsDeduped.csv. Valid tweets: 22168
2025-03-03 17:50:35,733 :: INFO :: data_preprocessing :: Parsing file: ../data/version_1/0826_UkraineCombinedTweetsDeduped.csv
2025-03-03 17:50:36,291 :: INFO :: data_preprocessing :: Finished parsing ../data/version_1/0826_UkraineCombinedTweetsDeduped.csv. Valid tweets: 27030
2025-03-03 17:50:36,292 :: INFO :: data_preprocessing :: Parsing file: ../data/version_1/0819_UkraineCombinedTweetsDeduped.csv
2025-03-03 17:50:36,842 :: INFO :: data_preprocessing :: Finished parsing ../data/version_1/0819_UkraineCombinedTweetsDeduped.csv. Valid tweets: 23179
2025-03-03 17:50:36,843 :: INFO :: data_preprocessing :: Parsing file: ../data/version_1/0821_UkraineCombinedTweetsDeduped.csv
2025-03-03 17:50:37,294 :: INFO :: data_preprocessing :: Finished parsing ../data/version_1/0821_UkraineCombinedTweetsDeduped.csv. Valid tweets: 20242
2025-03-03 17:50:37,294 :: INFO :: data_preprocessing :: Parsing file: ../data/version_1/0825_UkraineCombinedTweetsDeduped.csv
2025-03-03 17:50:37,950 :: INFO :: data_preprocessing :: Finished parsing ../data/version_1/0825_UkraineCombinedTweetsDeduped.csv. Valid tweets: 28265
2025-03-03 17:50:37,950 :: INFO :: data_preprocessing :: Parsing file: ../data/version_1/0827_UkraineCombinedTweetsDeduped.csv
2025-03-03 17:50:38,314 :: INFO :: data_preprocessing :: Finished parsing ../data/version_1/0827_UkraineCombinedTweetsDeduped.csv. Valid tweets: 17543
2025-03-03 17:50:38,315 :: INFO :: data_preprocessing :: Parsing file: ../data/version_1/0823_UkraineCombinedTweetsDeduped.csv
2025-03-03 17:50:38,918 :: INFO :: data_preprocessing :: Finished parsing ../data/version_1/0823_UkraineCombinedTweetsDeduped.csv. Valid tweets: 23760
2025-03-03 17:50:38,918 :: INFO :: data_preprocessing :: Parsing file: ../data/version_1/0824_UkraineCombinedTweetsDeduped.csv
2025-03-03 17:50:39,683 :: INFO :: data_preprocessing :: Finished parsing ../data/version_1/0824_UkraineCombinedTweetsDeduped.csv. Valid tweets: 38504
2025-03-03 17:50:39,683 :: INFO :: data_preprocessing :: Parsing file: ../data/version_1/0820_UkraineCombinedTweetsDeduped.csv
2025-03-03 17:50:40,206 :: INFO :: data_preprocessing :: Finished parsing ../data/version_1/0820_UkraineCombinedTweetsDeduped.csv. Valid tweets: 20103
2025-03-03 17:50:40,206 :: INFO :: data_preprocessing :: Parsing file: ../data/version_1/0828_UkraineCombinedTweetsDeduped.csv
2025-03-03 17:50:40,569 :: INFO :: data_preprocessing :: Finished parsing ../data/version_1/0828_UkraineCombinedTweetsDeduped.csv. Valid tweets: 17118
2025-03-03 17:50:40,569 :: INFO :: data_preprocessing :: Completed parsing folder: ../data/version_1. Total tweets: 237912
2025-03-03 18:04:28,377 :: INFO :: data_preprocessing :: Parsing folder: ../data/version_2
2025-03-03 18:04:28,378 :: INFO :: data_preprocessing :: Parsing file: ../data/version_2/0905_UkraineCombinedTweetsDeduped.csv
2025-03-03 18:04:28,861 :: INFO :: data_preprocessing :: Finished parsing ../data/version_2/0905_UkraineCombinedTweetsDeduped.csv. Valid tweets: 21263
2025-03-03 18:04:28,861 :: INFO :: data_preprocessing :: Parsing file: ../data/version_2/0901_UkraineCombinedTweetsDeduped.csv
2025-03-03 18:04:29,352 :: INFO :: data_preprocessing :: Finished parsing ../data/version_2/0901_UkraineCombinedTweetsDeduped.csv. Valid tweets: 23645
2025-03-03 18:04:29,352 :: INFO :: data_preprocessing :: Parsing file: ../data/version_2/0912_UkraineCombinedTweetsDeduped.csv
2025-03-03 18:04:30,009 :: INFO :: data_preprocessing :: Finished parsing ../data/version_2/0912_UkraineCombinedTweetsDeduped.csv. Valid tweets: 29314
2025-03-03 18:04:30,009 :: INFO :: data_preprocessing :: Parsing file: ../data/version_2/0829_UkraineCombinedTweetsDeduped.csv
2025-03-03 18:04:30,534 :: INFO :: data_preprocessing :: Finished parsing ../data/version_2/0829_UkraineCombinedTweetsDeduped.csv. Valid tweets: 26263
2025-03-03 18:04:30,535 :: INFO :: data_preprocessing :: Parsing file: ../data/version_2/0911_UkraineCombinedTweetsDeduped.csv
2025-03-03 18:04:31,287 :: INFO :: data_preprocessing :: Finished parsing ../data/version_2/0911_UkraineCombinedTweetsDeduped.csv. Valid tweets: 31454
2025-03-03 18:04:31,288 :: INFO :: data_preprocessing :: Parsing file: ../data/version_2/0906_UkraineCombinedTweetsDeduped.csv
2025-03-03 18:04:31,948 :: INFO :: data_preprocessing :: Finished parsing ../data/version_2/0906_UkraineCombinedTweetsDeduped.csv. Valid tweets: 27217
2025-03-03 18:04:31,948 :: INFO :: data_preprocessing :: Parsing file: ../data/version_2/0902_UkraineCombinedTweetsDeduped.csv
2025-03-03 18:04:32,483 :: INFO :: data_preprocessing :: Finished parsing ../data/version_2/0902_UkraineCombinedTweetsDeduped.csv. Valid tweets: 27281
2025-03-03 18:04:32,483 :: INFO :: data_preprocessing :: Parsing file: ../data/version_2/0913_UkraineCombinedTweetsDeduped.csv
2025-03-03 18:04:33,240 :: INFO :: data_preprocessing :: Finished parsing ../data/version_2/0913_UkraineCombinedTweetsDeduped.csv. Valid tweets: 32431
2025-03-03 18:04:33,240 :: INFO :: data_preprocessing :: Parsing file: ../data/version_2/0908_UkraineCombinedTweetsDeduped.csv
2025-03-03 18:04:33,861 :: INFO :: data_preprocessing :: Finished parsing ../data/version_2/0908_UkraineCombinedTweetsDeduped.csv. Valid tweets: 23186
2025-03-03 18:04:33,862 :: INFO :: data_preprocessing :: Parsing file: ../data/version_2/0830_UkraineCombinedTweetsDeduped.csv
2025-03-03 18:04:34,687 :: INFO :: data_preprocessing :: Finished parsing ../data/version_2/0830_UkraineCombinedTweetsDeduped.csv. Valid tweets: 32725
2025-03-03 18:04:34,688 :: INFO :: data_preprocessing :: Parsing file: ../data/version_2/0904_UkraineCombinedTweetsDeduped.csv
2025-03-03 18:04:35,073 :: INFO :: data_preprocessing :: Finished parsing ../data/version_2/0904_UkraineCombinedTweetsDeduped.csv. Valid tweets: 18819
2025-03-03 18:04:35,073 :: INFO :: data_preprocessing :: Parsing file: ../data/version_2/0903_UkraineCombinedTweetsDeduped.csv
2025-03-03 18:04:35,462 :: INFO :: data_preprocessing :: Finished parsing ../data/version_2/0903_UkraineCombinedTweetsDeduped.csv. Valid tweets: 19403
2025-03-03 18:04:35,462 :: INFO :: data_preprocessing :: Parsing file: ../data/version_2/0907_UkraineCombinedTweetsDeduped.csv
2025-03-03 18:04:35,961 :: INFO :: data_preprocessing :: Finished parsing ../data/version_2/0907_UkraineCombinedTweetsDeduped.csv. Valid tweets: 22288
2025-03-03 18:04:35,961 :: INFO :: data_preprocessing :: Parsing file: ../data/version_2/0910_UkraineCombinedTweetsDeduped.csv
2025-03-03 18:04:36,813 :: INFO :: data_preprocessing :: Finished parsing ../data/version_2/0910_UkraineCombinedTweetsDeduped.csv. Valid tweets: 31931
2025-03-03 18:04:36,816 :: INFO :: data_preprocessing :: Completed parsing folder: ../data/version_2. Total tweets: 367220
2025-03-03 20:10:31,617 :: INFO :: data_preprocessing :: Parsing folder: ../data/version_2
2025-03-03 20:10:31,618 :: INFO :: data_preprocessing :: Parsing file: ../data/version_2/0905_UkraineCombinedTweetsDeduped.csv
2025-03-03 20:10:32,168 :: INFO :: data_preprocessing :: Finished parsing ../data/version_2/0905_UkraineCombinedTweetsDeduped.csv. Valid tweets: 21263
2025-03-03 20:10:32,168 :: INFO :: data_preprocessing :: Parsing file: ../data/version_2/0901_UkraineCombinedTweetsDeduped.csv
2025-03-03 20:10:32,661 :: INFO :: data_preprocessing :: Finished parsing ../data/version_2/0901_UkraineCombinedTweetsDeduped.csv. Valid tweets: 23645
2025-03-03 20:10:32,662 :: INFO :: data_preprocessing :: Parsing file: ../data/version_2/0912_UkraineCombinedTweetsDeduped.csv
2025-03-03 20:10:33,327 :: INFO :: data_preprocessing :: Finished parsing ../data/version_2/0912_UkraineCombinedTweetsDeduped.csv. Valid tweets: 29314
2025-03-03 20:10:33,328 :: INFO :: data_preprocessing :: Parsing file: ../data/version_2/0829_UkraineCombinedTweetsDeduped.csv
2025-03-03 20:10:33,941 :: INFO :: data_preprocessing :: Finished parsing ../data/version_2/0829_UkraineCombinedTweetsDeduped.csv. Valid tweets: 26263
2025-03-03 20:10:33,941 :: INFO :: data_preprocessing :: Parsing file: ../data/version_2/0911_UkraineCombinedTweetsDeduped.csv
2025-03-03 20:10:34,665 :: INFO :: data_preprocessing :: Finished parsing ../data/version_2/0911_UkraineCombinedTweetsDeduped.csv. Valid tweets: 31454
2025-03-03 20:10:34,665 :: INFO :: data_preprocessing :: Parsing file: ../data/version_2/0906_UkraineCombinedTweetsDeduped.csv
2025-03-03 20:10:35,348 :: INFO :: data_preprocessing :: Finished parsing ../data/version_2/0906_UkraineCombinedTweetsDeduped.csv. Valid tweets: 27217
2025-03-03 20:10:35,348 :: INFO :: data_preprocessing :: Parsing file: ../data/version_2/0902_UkraineCombinedTweetsDeduped.csv
2025-03-03 20:10:35,891 :: INFO :: data_preprocessing :: Finished parsing ../data/version_2/0902_UkraineCombinedTweetsDeduped.csv. Valid tweets: 27281
2025-03-03 20:10:35,891 :: INFO :: data_preprocessing :: Parsing file: ../data/version_2/0913_UkraineCombinedTweetsDeduped.csv
2025-03-03 20:10:36,634 :: INFO :: data_preprocessing :: Finished parsing ../data/version_2/0913_UkraineCombinedTweetsDeduped.csv. Valid tweets: 32431
2025-03-03 20:10:36,634 :: INFO :: data_preprocessing :: Parsing file: ../data/version_2/0908_UkraineCombinedTweetsDeduped.csv
2025-03-03 20:10:37,096 :: INFO :: data_preprocessing :: Finished parsing ../data/version_2/0908_UkraineCombinedTweetsDeduped.csv. Valid tweets: 23186
2025-03-03 20:10:37,098 :: INFO :: data_preprocessing :: Parsing file: ../data/version_2/0830_UkraineCombinedTweetsDeduped.csv
2025-03-03 20:10:37,875 :: INFO :: data_preprocessing :: Finished parsing ../data/version_2/0830_UkraineCombinedTweetsDeduped.csv. Valid tweets: 32725
2025-03-03 20:10:37,875 :: INFO :: data_preprocessing :: Parsing file: ../data/version_2/0904_UkraineCombinedTweetsDeduped.csv
2025-03-03 20:10:38,283 :: INFO :: data_preprocessing :: Finished parsing ../data/version_2/0904_UkraineCombinedTweetsDeduped.csv. Valid tweets: 18819
2025-03-03 20:10:38,283 :: INFO :: data_preprocessing :: Parsing file: ../data/version_2/0903_UkraineCombinedTweetsDeduped.csv
2025-03-03 20:10:38,754 :: INFO :: data_preprocessing :: Finished parsing ../data/version_2/0903_UkraineCombinedTweetsDeduped.csv. Valid tweets: 19403
2025-03-03 20:10:38,755 :: INFO :: data_preprocessing :: Parsing file: ../data/version_2/0907_UkraineCombinedTweetsDeduped.csv
2025-03-03 20:10:39,290 :: INFO :: data_preprocessing :: Finished parsing ../data/version_2/0907_UkraineCombinedTweetsDeduped.csv. Valid tweets: 22288
2025-03-03 20:10:39,290 :: INFO :: data_preprocessing :: Parsing file: ../data/version_2/0910_UkraineCombinedTweetsDeduped.csv
2025-03-03 20:10:40,249 :: INFO :: data_preprocessing :: Finished parsing ../data/version_2/0910_UkraineCombinedTweetsDeduped.csv. Valid tweets: 31931
2025-03-03 20:10:40,249 :: INFO :: data_preprocessing :: Completed parsing folder: ../data/version_2. Total tweets: 367220
2025-03-03 21:23:39,419 :: INFO :: __main__ :: Parsing folder: ../data/version_1
2025-03-03 21:23:39,419 :: INFO :: __main__ :: Parsing file: ../data/version_1/0822_UkraineCombinedTweetsDeduped.csv
2025-03-03 21:23:39,889 :: INFO :: __main__ :: Finished parsing ../data/version_1/0822_UkraineCombinedTweetsDeduped.csv. Valid tweets: 22168
2025-03-03 21:23:39,889 :: INFO :: __main__ :: Parsing file: ../data/version_1/0826_UkraineCombinedTweetsDeduped.csv
2025-03-03 21:23:40,475 :: INFO :: __main__ :: Finished parsing ../data/version_1/0826_UkraineCombinedTweetsDeduped.csv. Valid tweets: 27030
2025-03-03 21:23:40,475 :: INFO :: __main__ :: Parsing file: ../data/version_1/0819_UkraineCombinedTweetsDeduped.csv
2025-03-03 21:23:41,001 :: INFO :: __main__ :: Finished parsing ../data/version_1/0819_UkraineCombinedTweetsDeduped.csv. Valid tweets: 23179
2025-03-03 21:23:41,001 :: INFO :: __main__ :: Parsing file: ../data/version_1/0821_UkraineCombinedTweetsDeduped.csv
2025-03-03 21:23:41,518 :: INFO :: __main__ :: Finished parsing ../data/version_1/0821_UkraineCombinedTweetsDeduped.csv. Valid tweets: 20242
2025-03-03 21:23:41,518 :: INFO :: __main__ :: Parsing file: ../data/version_1/0825_UkraineCombinedTweetsDeduped.csv
2025-03-03 21:23:42,081 :: INFO :: __main__ :: Finished parsing ../data/version_1/0825_UkraineCombinedTweetsDeduped.csv. Valid tweets: 28265
2025-03-03 21:23:42,081 :: INFO :: __main__ :: Parsing file: ../data/version_1/0827_UkraineCombinedTweetsDeduped.csv
2025-03-03 21:23:42,502 :: INFO :: __main__ :: Finished parsing ../data/version_1/0827_UkraineCombinedTweetsDeduped.csv. Valid tweets: 17543
2025-03-03 21:23:42,502 :: INFO :: __main__ :: Parsing file: ../data/version_1/0823_UkraineCombinedTweetsDeduped.csv
2025-03-03 21:23:43,022 :: INFO :: __main__ :: Finished parsing ../data/version_1/0823_UkraineCombinedTweetsDeduped.csv. Valid tweets: 23760
2025-03-03 21:23:43,023 :: INFO :: __main__ :: Parsing file: ../data/version_1/0824_UkraineCombinedTweetsDeduped.csv
2025-03-03 21:23:43,892 :: INFO :: __main__ :: Finished parsing ../data/version_1/0824_UkraineCombinedTweetsDeduped.csv. Valid tweets: 38504
2025-03-03 21:23:43,892 :: INFO :: __main__ :: Parsing file: ../data/version_1/0820_UkraineCombinedTweetsDeduped.csv
2025-03-03 21:23:44,360 :: INFO :: __main__ :: Finished parsing ../data/version_1/0820_UkraineCombinedTweetsDeduped.csv. Valid tweets: 20103
2025-03-03 21:23:44,360 :: INFO :: __main__ :: Parsing file: ../data/version_1/0828_UkraineCombinedTweetsDeduped.csv
2025-03-03 21:23:44,869 :: INFO :: __main__ :: Finished parsing ../data/version_1/0828_UkraineCombinedTweetsDeduped.csv. Valid tweets: 17118
2025-03-03 21:23:44,870 :: INFO :: __main__ :: Completed parsing folder: ../data/version_1. Total tweets: 237912
2025-03-03 21:23:44,870 :: INFO :: __main__ :: Standalone run: 237912 tweets processed.
2025-03-03 21:24:00,635 :: INFO :: data_preprocessing :: Parsing folder: ../data/version_1
2025-03-03 21:24:00,636 :: INFO :: data_preprocessing :: Parsing file: ../data/version_1/0822_UkraineCombinedTweetsDeduped.csv
2025-03-03 21:24:01,182 :: INFO :: data_preprocessing :: Finished parsing ../data/version_1/0822_UkraineCombinedTweetsDeduped.csv. Valid tweets: 22168
2025-03-03 21:24:01,182 :: INFO :: data_preprocessing :: Parsing file: ../data/version_1/0826_UkraineCombinedTweetsDeduped.csv
2025-03-03 21:24:01,756 :: INFO :: data_preprocessing :: Finished parsing ../data/version_1/0826_UkraineCombinedTweetsDeduped.csv. Valid tweets: 27030
2025-03-03 21:24:01,756 :: INFO :: data_preprocessing :: Parsing file: ../data/version_1/0819_UkraineCombinedTweetsDeduped.csv
2025-03-03 21:24:02,294 :: INFO :: data_preprocessing :: Finished parsing ../data/version_1/0819_UkraineCombinedTweetsDeduped.csv. Valid tweets: 23179
2025-03-03 21:24:02,294 :: INFO :: data_preprocessing :: Parsing file: ../data/version_1/0821_UkraineCombinedTweetsDeduped.csv
2025-03-03 21:24:02,731 :: INFO :: data_preprocessing :: Finished parsing ../data/version_1/0821_UkraineCombinedTweetsDeduped.csv. Valid tweets: 20242
2025-03-03 21:24:02,731 :: INFO :: data_preprocessing :: Parsing file: ../data/version_1/0825_UkraineCombinedTweetsDeduped.csv
2025-03-03 21:24:03,392 :: INFO :: data_preprocessing :: Finished parsing ../data/version_1/0825_UkraineCombinedTweetsDeduped.csv. Valid tweets: 28265
2025-03-03 21:24:03,392 :: INFO :: data_preprocessing :: Parsing file: ../data/version_1/0827_UkraineCombinedTweetsDeduped.csv
2025-03-03 21:24:03,767 :: INFO :: data_preprocessing :: Finished parsing ../data/version_1/0827_UkraineCombinedTweetsDeduped.csv. Valid tweets: 17543
2025-03-03 21:24:03,767 :: INFO :: data_preprocessing :: Parsing file: ../data/version_1/0823_UkraineCombinedTweetsDeduped.csv
2025-03-03 21:24:04,347 :: INFO :: data_preprocessing :: Finished parsing ../data/version_1/0823_UkraineCombinedTweetsDeduped.csv. Valid tweets: 23760
2025-03-03 21:24:04,347 :: INFO :: data_preprocessing :: Parsing file: ../data/version_1/0824_UkraineCombinedTweetsDeduped.csv
2025-03-03 21:24:05,113 :: INFO :: data_preprocessing :: Finished parsing ../data/version_1/0824_UkraineCombinedTweetsDeduped.csv. Valid tweets: 38504
2025-03-03 21:24:05,113 :: INFO :: data_preprocessing :: Parsing file: ../data/version_1/0820_UkraineCombinedTweetsDeduped.csv
2025-03-03 21:24:05,657 :: INFO :: data_preprocessing :: Finished parsing ../data/version_1/0820_UkraineCombinedTweetsDeduped.csv. Valid tweets: 20103
2025-03-03 21:24:05,657 :: INFO :: data_preprocessing :: Parsing file: ../data/version_1/0828_UkraineCombinedTweetsDeduped.csv
2025-03-03 21:24:06,041 :: INFO :: data_preprocessing :: Finished parsing ../data/version_1/0828_UkraineCombinedTweetsDeduped.csv. Valid tweets: 17118
2025-03-03 21:24:06,041 :: INFO :: data_preprocessing :: Completed parsing folder: ../data/version_1. Total tweets: 237912
