2025-03-03 16:20:51,271 :: INFO :: __main__ :: Successfully connected to Elasticsearch at http://localhost:9200
2025-03-03 16:20:51,665 :: INFO :: __main__ :: Index 'tweets_ukraine_version_1' has been created with custom settings.
2025-03-03 16:20:57,111 :: INFO :: __main__ :: Indexing 237912 tweets into 'tweets_ukraine_version_1'...
2025-03-03 17:25:50,581 :: INFO :: __main__ :: Finished indexing. Total successful: 237912
2025-03-03 17:25:50,587 :: INFO :: __main__ :: Standalone test completed.
2025-03-03 17:33:54,021 :: INFO :: __main__ :: Successfully connected to Elasticsearch at http://localhost:9200
2025-03-03 17:33:54,022 :: INFO :: __main__ :: Index 'tweets_ukraine_version_1' already exists. Skipping creation.
2025-03-03 17:33:59,270 :: INFO :: __main__ :: Indexing 237912 tweets into 'tweets_ukraine_version_1'...
2025-03-03 17:40:51,770 :: INFO :: __main__ :: Successfully connected to Elasticsearch at http://localhost:9200
2025-03-03 17:40:51,775 :: INFO :: __main__ :: Index 'tweets_ukraine_version_1' already exists. Skipping creation.
2025-03-03 17:40:51,775 :: INFO :: __main__ :: Index 'tweets_ukraine_version_1' already exists. Skipping indexing.
2025-03-03 17:50:40,593 :: INFO :: __main__ :: Successfully connected to Elasticsearch at http://localhost:9200
2025-03-03 17:50:40,595 :: INFO :: __main__ :: Index 'tweets_ukraine_version_1' already exists. Skipping creation.
2025-03-03 17:50:40,595 :: INFO :: __main__ :: Index 'tweets_ukraine_version_1' already exists. Skipping indexing.
2025-03-03 18:04:36,856 :: INFO :: __main__ :: Successfully connected to Elasticsearch at http://localhost:9200
2025-03-03 18:04:37,122 :: INFO :: __main__ :: Index 'tweets_ukraine_version_2' has been created with custom settings.
2025-03-03 18:04:37,124 :: INFO :: __main__ :: Indexing 367220 tweets into 'tweets_ukraine_version_2'...
2025-03-03 19:43:41,063 :: INFO :: __main__ :: Finished indexing. Total successful: 367220
2025-03-03 19:43:41,072 :: INFO :: __main__ :: Index 'tweets_ukraine_version_2'. Indexing Completed.
2025-03-03 20:10:40,258 :: INFO :: __main__ :: Successfully connected to Elasticsearch at http://localhost:9200
2025-03-03 20:10:40,260 :: INFO :: __main__ :: Index 'tweets_ukraine_version_2' already exists. Skipping creation.
2025-03-03 20:10:40,260 :: INFO :: __main__ :: Index 'tweets_ukraine_version_2' already exists. Skipping indexing.
2025-03-03 21:24:06,060 :: INFO :: __main__ :: Successfully connected to Elasticsearch at http://localhost:9200
2025-03-03 21:24:06,301 :: INFO :: __main__ :: Index 'tweets_ukraine_version_1' has been created with custom settings.
2025-03-03 21:24:06,302 :: INFO :: __main__ :: Indexing 237912 tweets into 'tweets_ukraine_version_1'...
2025-03-03 22:29:32,019 :: INFO :: __main__ :: Finished indexing. Total successful: 237912
2025-03-03 22:29:32,028 :: INFO :: __main__ :: Index 'tweets_ukraine_version_1'. Indexing Completed.
