[2025-03-02T21:13:20.342-0500] {processor.py:157} INFO - Started process (PID=81226) to work on /Users/atulkumar/Documents/MLOperations/MLOps/venv/lib/python3.11/site-packages/airflow/example_dags/example_task_group.py
[2025-03-02T21:13:20.343-0500] {processor.py:826} INFO - Processing file /Users/atulkumar/Documents/MLOperations/MLOps/venv/lib/python3.11/site-packages/airflow/example_dags/example_task_group.py for tasks to queue
[2025-03-02T21:13:20.343-0500] {logging_mixin.py:149} INFO - [2025-03-02T21:13:20.343-0500] {dagbag.py:541} INFO - Filling up the DagBag from /Users/atulkumar/Documents/MLOperations/MLOps/venv/lib/python3.11/site-packages/airflow/example_dags/example_task_group.py
[2025-03-02T21:13:20.353-0500] {processor.py:836} INFO - DAG(s) dict_keys(['example_task_group']) retrieved from /Users/atulkumar/Documents/MLOperations/MLOps/venv/lib/python3.11/site-packages/airflow/example_dags/example_task_group.py
[2025-03-02T21:13:20.731-0500] {logging_mixin.py:149} INFO - [2025-03-02T21:13:20.731-0500] {dag.py:2726} INFO - Sync 1 DAGs
[2025-03-02T21:13:20.737-0500] {logging_mixin.py:149} INFO - [2025-03-02T21:13:20.737-0500] {dag.py:3486} INFO - Setting next_dagrun for example_task_group to 2025-03-02T02:13:20.737660+00:00, run_after=2025-03-03T02:13:20.737660+00:00
[2025-03-02T21:13:20.747-0500] {processor.py:179} INFO - Processing /Users/atulkumar/Documents/MLOperations/MLOps/venv/lib/python3.11/site-packages/airflow/example_dags/example_task_group.py took 0.406 seconds
[2025-03-02T21:14:56.356-0500] {processor.py:157} INFO - Started process (PID=81358) to work on /Users/atulkumar/Documents/MLOperations/MLOps/venv/lib/python3.11/site-packages/airflow/example_dags/example_task_group.py
[2025-03-02T21:14:56.358-0500] {processor.py:826} INFO - Processing file /Users/atulkumar/Documents/MLOperations/MLOps/venv/lib/python3.11/site-packages/airflow/example_dags/example_task_group.py for tasks to queue
[2025-03-02T21:14:56.358-0500] {logging_mixin.py:149} INFO - [2025-03-02T21:14:56.358-0500] {dagbag.py:541} INFO - Filling up the DagBag from /Users/atulkumar/Documents/MLOperations/MLOps/venv/lib/python3.11/site-packages/airflow/example_dags/example_task_group.py
[2025-03-02T21:14:56.367-0500] {processor.py:836} INFO - DAG(s) dict_keys(['example_task_group']) retrieved from /Users/atulkumar/Documents/MLOperations/MLOps/venv/lib/python3.11/site-packages/airflow/example_dags/example_task_group.py
[2025-03-02T21:14:56.722-0500] {logging_mixin.py:149} INFO - [2025-03-02T21:14:56.722-0500] {dag.py:2726} INFO - Sync 1 DAGs
[2025-03-02T21:14:56.728-0500] {logging_mixin.py:149} INFO - [2025-03-02T21:14:56.728-0500] {dag.py:3486} INFO - Setting next_dagrun for example_task_group to 2025-03-02T02:14:56.728680+00:00, run_after=2025-03-03T02:14:56.728680+00:00
[2025-03-02T21:14:56.736-0500] {processor.py:179} INFO - Processing /Users/atulkumar/Documents/MLOperations/MLOps/venv/lib/python3.11/site-packages/airflow/example_dags/example_task_group.py took 0.380 seconds
[2025-03-02T21:16:00.480-0500] {processor.py:157} INFO - Started process (PID=81441) to work on /Users/atulkumar/Documents/MLOperations/MLOps/venv/lib/python3.11/site-packages/airflow/example_dags/example_task_group.py
[2025-03-02T21:16:00.482-0500] {processor.py:826} INFO - Processing file /Users/atulkumar/Documents/MLOperations/MLOps/venv/lib/python3.11/site-packages/airflow/example_dags/example_task_group.py for tasks to queue
[2025-03-02T21:16:00.482-0500] {logging_mixin.py:149} INFO - [2025-03-02T21:16:00.482-0500] {dagbag.py:541} INFO - Filling up the DagBag from /Users/atulkumar/Documents/MLOperations/MLOps/venv/lib/python3.11/site-packages/airflow/example_dags/example_task_group.py
[2025-03-02T21:16:00.491-0500] {processor.py:836} INFO - DAG(s) dict_keys(['example_task_group']) retrieved from /Users/atulkumar/Documents/MLOperations/MLOps/venv/lib/python3.11/site-packages/airflow/example_dags/example_task_group.py
[2025-03-02T21:16:00.842-0500] {logging_mixin.py:149} INFO - [2025-03-02T21:16:00.842-0500] {dag.py:2726} INFO - Sync 1 DAGs
[2025-03-02T21:16:00.848-0500] {logging_mixin.py:149} INFO - [2025-03-02T21:16:00.848-0500] {dag.py:3486} INFO - Setting next_dagrun for example_task_group to 2025-03-02T02:16:00.848654+00:00, run_after=2025-03-03T02:16:00.848654+00:00
[2025-03-02T21:16:00.856-0500] {processor.py:179} INFO - Processing /Users/atulkumar/Documents/MLOperations/MLOps/venv/lib/python3.11/site-packages/airflow/example_dags/example_task_group.py took 0.377 seconds
[2025-03-02T21:18:07.103-0500] {processor.py:157} INFO - Started process (PID=81623) to work on /Users/atulkumar/Documents/MLOperations/MLOps/venv/lib/python3.11/site-packages/airflow/example_dags/example_task_group.py
[2025-03-02T21:18:07.106-0500] {processor.py:826} INFO - Processing file /Users/atulkumar/Documents/MLOperations/MLOps/venv/lib/python3.11/site-packages/airflow/example_dags/example_task_group.py for tasks to queue
[2025-03-02T21:18:07.106-0500] {logging_mixin.py:149} INFO - [2025-03-02T21:18:07.106-0500] {dagbag.py:541} INFO - Filling up the DagBag from /Users/atulkumar/Documents/MLOperations/MLOps/venv/lib/python3.11/site-packages/airflow/example_dags/example_task_group.py
[2025-03-02T21:18:07.115-0500] {processor.py:836} INFO - DAG(s) dict_keys(['example_task_group']) retrieved from /Users/atulkumar/Documents/MLOperations/MLOps/venv/lib/python3.11/site-packages/airflow/example_dags/example_task_group.py
[2025-03-02T21:18:07.484-0500] {logging_mixin.py:149} INFO - [2025-03-02T21:18:07.484-0500] {dag.py:2726} INFO - Sync 1 DAGs
[2025-03-02T21:18:07.490-0500] {logging_mixin.py:149} INFO - [2025-03-02T21:18:07.490-0500] {dag.py:3486} INFO - Setting next_dagrun for example_task_group to 2025-03-02T02:18:07.490691+00:00, run_after=2025-03-03T02:18:07.490691+00:00
[2025-03-02T21:18:07.500-0500] {processor.py:179} INFO - Processing /Users/atulkumar/Documents/MLOperations/MLOps/venv/lib/python3.11/site-packages/airflow/example_dags/example_task_group.py took 0.397 seconds
[2025-03-02T21:19:10.560-0500] {processor.py:157} INFO - Started process (PID=81710) to work on /Users/atulkumar/Documents/MLOperations/MLOps/venv/lib/python3.11/site-packages/airflow/example_dags/example_task_group.py
[2025-03-02T21:19:10.562-0500] {processor.py:826} INFO - Processing file /Users/atulkumar/Documents/MLOperations/MLOps/venv/lib/python3.11/site-packages/airflow/example_dags/example_task_group.py for tasks to queue
[2025-03-02T21:19:10.562-0500] {logging_mixin.py:149} INFO - [2025-03-02T21:19:10.562-0500] {dagbag.py:541} INFO - Filling up the DagBag from /Users/atulkumar/Documents/MLOperations/MLOps/venv/lib/python3.11/site-packages/airflow/example_dags/example_task_group.py
[2025-03-02T21:19:10.572-0500] {processor.py:836} INFO - DAG(s) dict_keys(['example_task_group']) retrieved from /Users/atulkumar/Documents/MLOperations/MLOps/venv/lib/python3.11/site-packages/airflow/example_dags/example_task_group.py
[2025-03-02T21:19:10.911-0500] {logging_mixin.py:149} INFO - [2025-03-02T21:19:10.911-0500] {dag.py:2726} INFO - Sync 1 DAGs
[2025-03-02T21:19:10.917-0500] {logging_mixin.py:149} INFO - [2025-03-02T21:19:10.917-0500] {dag.py:3486} INFO - Setting next_dagrun for example_task_group to 2025-03-02T02:19:10.917642+00:00, run_after=2025-03-03T02:19:10.917642+00:00
[2025-03-02T21:19:10.926-0500] {processor.py:179} INFO - Processing /Users/atulkumar/Documents/MLOperations/MLOps/venv/lib/python3.11/site-packages/airflow/example_dags/example_task_group.py took 0.366 seconds
[2025-03-02T21:20:17.401-0500] {processor.py:157} INFO - Started process (PID=81839) to work on /Users/atulkumar/Documents/MLOperations/MLOps/venv/lib/python3.11/site-packages/airflow/example_dags/example_task_group.py
[2025-03-02T21:20:17.403-0500] {processor.py:826} INFO - Processing file /Users/atulkumar/Documents/MLOperations/MLOps/venv/lib/python3.11/site-packages/airflow/example_dags/example_task_group.py for tasks to queue
[2025-03-02T21:20:17.403-0500] {logging_mixin.py:149} INFO - [2025-03-02T21:20:17.403-0500] {dagbag.py:541} INFO - Filling up the DagBag from /Users/atulkumar/Documents/MLOperations/MLOps/venv/lib/python3.11/site-packages/airflow/example_dags/example_task_group.py
[2025-03-02T21:20:17.412-0500] {processor.py:836} INFO - DAG(s) dict_keys(['example_task_group']) retrieved from /Users/atulkumar/Documents/MLOperations/MLOps/venv/lib/python3.11/site-packages/airflow/example_dags/example_task_group.py
[2025-03-02T21:20:17.812-0500] {logging_mixin.py:149} INFO - [2025-03-02T21:20:17.812-0500] {dag.py:2726} INFO - Sync 1 DAGs
[2025-03-02T21:20:17.819-0500] {logging_mixin.py:149} INFO - [2025-03-02T21:20:17.819-0500] {dag.py:3486} INFO - Setting next_dagrun for example_task_group to 2025-03-02T02:20:17.819259+00:00, run_after=2025-03-03T02:20:17.819259+00:00
[2025-03-02T21:20:17.827-0500] {processor.py:179} INFO - Processing /Users/atulkumar/Documents/MLOperations/MLOps/venv/lib/python3.11/site-packages/airflow/example_dags/example_task_group.py took 0.427 seconds
[2025-03-02T21:21:22.749-0500] {processor.py:157} INFO - Started process (PID=81942) to work on /Users/atulkumar/Documents/MLOperations/MLOps/venv/lib/python3.11/site-packages/airflow/example_dags/example_task_group.py
[2025-03-02T21:21:22.751-0500] {processor.py:826} INFO - Processing file /Users/atulkumar/Documents/MLOperations/MLOps/venv/lib/python3.11/site-packages/airflow/example_dags/example_task_group.py for tasks to queue
[2025-03-02T21:21:22.751-0500] {logging_mixin.py:149} INFO - [2025-03-02T21:21:22.751-0500] {dagbag.py:541} INFO - Filling up the DagBag from /Users/atulkumar/Documents/MLOperations/MLOps/venv/lib/python3.11/site-packages/airflow/example_dags/example_task_group.py
[2025-03-02T21:21:22.761-0500] {processor.py:836} INFO - DAG(s) dict_keys(['example_task_group']) retrieved from /Users/atulkumar/Documents/MLOperations/MLOps/venv/lib/python3.11/site-packages/airflow/example_dags/example_task_group.py
[2025-03-02T21:21:23.112-0500] {logging_mixin.py:149} INFO - [2025-03-02T21:21:23.112-0500] {dag.py:2726} INFO - Sync 1 DAGs
[2025-03-02T21:21:23.119-0500] {logging_mixin.py:149} INFO - [2025-03-02T21:21:23.119-0500] {dag.py:3486} INFO - Setting next_dagrun for example_task_group to 2025-03-02T02:21:23.119202+00:00, run_after=2025-03-03T02:21:23.119202+00:00
[2025-03-02T21:21:23.125-0500] {processor.py:179} INFO - Processing /Users/atulkumar/Documents/MLOperations/MLOps/venv/lib/python3.11/site-packages/airflow/example_dags/example_task_group.py took 0.377 seconds
[2025-03-02T21:22:28.755-0500] {processor.py:157} INFO - Started process (PID=82025) to work on /Users/atulkumar/Documents/MLOperations/MLOps/venv/lib/python3.11/site-packages/airflow/example_dags/example_task_group.py
[2025-03-02T21:22:28.757-0500] {processor.py:826} INFO - Processing file /Users/atulkumar/Documents/MLOperations/MLOps/venv/lib/python3.11/site-packages/airflow/example_dags/example_task_group.py for tasks to queue
[2025-03-02T21:22:28.757-0500] {logging_mixin.py:149} INFO - [2025-03-02T21:22:28.757-0500] {dagbag.py:541} INFO - Filling up the DagBag from /Users/atulkumar/Documents/MLOperations/MLOps/venv/lib/python3.11/site-packages/airflow/example_dags/example_task_group.py
[2025-03-02T21:22:28.767-0500] {processor.py:836} INFO - DAG(s) dict_keys(['example_task_group']) retrieved from /Users/atulkumar/Documents/MLOperations/MLOps/venv/lib/python3.11/site-packages/airflow/example_dags/example_task_group.py
[2025-03-02T21:22:29.166-0500] {logging_mixin.py:149} INFO - [2025-03-02T21:22:29.166-0500] {dag.py:2726} INFO - Sync 1 DAGs
[2025-03-02T21:22:29.178-0500] {logging_mixin.py:149} INFO - [2025-03-02T21:22:29.178-0500] {dag.py:3486} INFO - Setting next_dagrun for example_task_group to 2025-03-02T02:22:29.178493+00:00, run_after=2025-03-03T02:22:29.178493+00:00
[2025-03-02T21:22:29.187-0500] {processor.py:179} INFO - Processing /Users/atulkumar/Documents/MLOperations/MLOps/venv/lib/python3.11/site-packages/airflow/example_dags/example_task_group.py took 0.432 seconds
[2025-03-02T21:23:34.470-0500] {processor.py:157} INFO - Started process (PID=82108) to work on /Users/atulkumar/Documents/MLOperations/MLOps/venv/lib/python3.11/site-packages/airflow/example_dags/example_task_group.py
[2025-03-02T21:23:34.472-0500] {processor.py:826} INFO - Processing file /Users/atulkumar/Documents/MLOperations/MLOps/venv/lib/python3.11/site-packages/airflow/example_dags/example_task_group.py for tasks to queue
[2025-03-02T21:23:34.473-0500] {logging_mixin.py:149} INFO - [2025-03-02T21:23:34.473-0500] {dagbag.py:541} INFO - Filling up the DagBag from /Users/atulkumar/Documents/MLOperations/MLOps/venv/lib/python3.11/site-packages/airflow/example_dags/example_task_group.py
[2025-03-02T21:23:34.480-0500] {processor.py:836} INFO - DAG(s) dict_keys(['example_task_group']) retrieved from /Users/atulkumar/Documents/MLOperations/MLOps/venv/lib/python3.11/site-packages/airflow/example_dags/example_task_group.py
[2025-03-02T21:23:34.807-0500] {logging_mixin.py:149} INFO - [2025-03-02T21:23:34.807-0500] {dag.py:2726} INFO - Sync 1 DAGs
[2025-03-02T21:23:34.814-0500] {logging_mixin.py:149} INFO - [2025-03-02T21:23:34.814-0500] {dag.py:3486} INFO - Setting next_dagrun for example_task_group to 2025-03-02T02:23:34.814535+00:00, run_after=2025-03-03T02:23:34.814535+00:00
[2025-03-02T21:23:34.823-0500] {processor.py:179} INFO - Processing /Users/atulkumar/Documents/MLOperations/MLOps/venv/lib/python3.11/site-packages/airflow/example_dags/example_task_group.py took 0.353 seconds
[2025-03-02T21:24:41.681-0500] {processor.py:157} INFO - Started process (PID=82247) to work on /Users/atulkumar/Documents/MLOperations/MLOps/venv/lib/python3.11/site-packages/airflow/example_dags/example_task_group.py
[2025-03-02T21:24:41.683-0500] {processor.py:826} INFO - Processing file /Users/atulkumar/Documents/MLOperations/MLOps/venv/lib/python3.11/site-packages/airflow/example_dags/example_task_group.py for tasks to queue
[2025-03-02T21:24:41.684-0500] {logging_mixin.py:149} INFO - [2025-03-02T21:24:41.684-0500] {dagbag.py:541} INFO - Filling up the DagBag from /Users/atulkumar/Documents/MLOperations/MLOps/venv/lib/python3.11/site-packages/airflow/example_dags/example_task_group.py
[2025-03-02T21:24:41.692-0500] {processor.py:836} INFO - DAG(s) dict_keys(['example_task_group']) retrieved from /Users/atulkumar/Documents/MLOperations/MLOps/venv/lib/python3.11/site-packages/airflow/example_dags/example_task_group.py
[2025-03-02T21:24:42.105-0500] {logging_mixin.py:149} INFO - [2025-03-02T21:24:42.105-0500] {dag.py:2726} INFO - Sync 1 DAGs
[2025-03-02T21:24:42.112-0500] {logging_mixin.py:149} INFO - [2025-03-02T21:24:42.112-0500] {dag.py:3486} INFO - Setting next_dagrun for example_task_group to 2025-03-02T02:24:42.112269+00:00, run_after=2025-03-03T02:24:42.112269+00:00
[2025-03-02T21:24:42.121-0500] {processor.py:179} INFO - Processing /Users/atulkumar/Documents/MLOperations/MLOps/venv/lib/python3.11/site-packages/airflow/example_dags/example_task_group.py took 0.441 seconds
