[2025-03-02T21:13:50.155-0500] {processor.py:157} INFO - Started process (PID=81268) to work on /Users/atulkumar/Documents/MLOperations/MLOps/venv/lib/python3.11/site-packages/airflow/example_dags/example_nested_branch_dag.py
[2025-03-02T21:13:50.156-0500] {processor.py:826} INFO - Processing file /Users/atulkumar/Documents/MLOperations/MLOps/venv/lib/python3.11/site-packages/airflow/example_dags/example_nested_branch_dag.py for tasks to queue
[2025-03-02T21:13:50.156-0500] {logging_mixin.py:149} INFO - [2025-03-02T21:13:50.156-0500] {dagbag.py:541} INFO - Filling up the DagBag from /Users/atulkumar/Documents/MLOperations/MLOps/venv/lib/python3.11/site-packages/airflow/example_dags/example_nested_branch_dag.py
[2025-03-02T21:13:50.197-0500] {processor.py:836} INFO - DAG(s) dict_keys(['example_nested_branch_dag']) retrieved from /Users/atulkumar/Documents/MLOperations/MLOps/venv/lib/python3.11/site-packages/airflow/example_dags/example_nested_branch_dag.py
[2025-03-02T21:13:50.560-0500] {logging_mixin.py:149} INFO - [2025-03-02T21:13:50.560-0500] {dag.py:2726} INFO - Sync 1 DAGs
[2025-03-02T21:13:50.568-0500] {logging_mixin.py:149} INFO - [2025-03-02T21:13:50.568-0500] {dag.py:3486} INFO - Setting next_dagrun for example_nested_branch_dag to 2025-03-02T00:00:00+00:00, run_after=2025-03-03T00:00:00+00:00
[2025-03-02T21:13:50.575-0500] {processor.py:179} INFO - Processing /Users/atulkumar/Documents/MLOperations/MLOps/venv/lib/python3.11/site-packages/airflow/example_dags/example_nested_branch_dag.py took 0.421 seconds
[2025-03-02T21:15:23.865-0500] {processor.py:157} INFO - Started process (PID=81386) to work on /Users/atulkumar/Documents/MLOperations/MLOps/venv/lib/python3.11/site-packages/airflow/example_dags/example_nested_branch_dag.py
[2025-03-02T21:15:23.867-0500] {processor.py:826} INFO - Processing file /Users/atulkumar/Documents/MLOperations/MLOps/venv/lib/python3.11/site-packages/airflow/example_dags/example_nested_branch_dag.py for tasks to queue
[2025-03-02T21:15:23.867-0500] {logging_mixin.py:149} INFO - [2025-03-02T21:15:23.867-0500] {dagbag.py:541} INFO - Filling up the DagBag from /Users/atulkumar/Documents/MLOperations/MLOps/venv/lib/python3.11/site-packages/airflow/example_dags/example_nested_branch_dag.py
[2025-03-02T21:15:23.916-0500] {processor.py:836} INFO - DAG(s) dict_keys(['example_nested_branch_dag']) retrieved from /Users/atulkumar/Documents/MLOperations/MLOps/venv/lib/python3.11/site-packages/airflow/example_dags/example_nested_branch_dag.py
[2025-03-02T21:15:24.259-0500] {logging_mixin.py:149} INFO - [2025-03-02T21:15:24.259-0500] {dag.py:2726} INFO - Sync 1 DAGs
[2025-03-02T21:15:24.266-0500] {logging_mixin.py:149} INFO - [2025-03-02T21:15:24.266-0500] {dag.py:3486} INFO - Setting next_dagrun for example_nested_branch_dag to 2025-03-02T00:00:00+00:00, run_after=2025-03-03T00:00:00+00:00
[2025-03-02T21:15:24.274-0500] {processor.py:179} INFO - Processing /Users/atulkumar/Documents/MLOperations/MLOps/venv/lib/python3.11/site-packages/airflow/example_dags/example_nested_branch_dag.py took 0.410 seconds
[2025-03-02T21:17:29.214-0500] {processor.py:157} INFO - Started process (PID=81565) to work on /Users/atulkumar/Documents/MLOperations/MLOps/venv/lib/python3.11/site-packages/airflow/example_dags/example_nested_branch_dag.py
[2025-03-02T21:17:29.216-0500] {processor.py:826} INFO - Processing file /Users/atulkumar/Documents/MLOperations/MLOps/venv/lib/python3.11/site-packages/airflow/example_dags/example_nested_branch_dag.py for tasks to queue
[2025-03-02T21:17:29.216-0500] {logging_mixin.py:149} INFO - [2025-03-02T21:17:29.216-0500] {dagbag.py:541} INFO - Filling up the DagBag from /Users/atulkumar/Documents/MLOperations/MLOps/venv/lib/python3.11/site-packages/airflow/example_dags/example_nested_branch_dag.py
[2025-03-02T21:17:29.264-0500] {processor.py:836} INFO - DAG(s) dict_keys(['example_nested_branch_dag']) retrieved from /Users/atulkumar/Documents/MLOperations/MLOps/venv/lib/python3.11/site-packages/airflow/example_dags/example_nested_branch_dag.py
[2025-03-02T21:17:29.600-0500] {logging_mixin.py:149} INFO - [2025-03-02T21:17:29.600-0500] {dag.py:2726} INFO - Sync 1 DAGs
[2025-03-02T21:17:29.607-0500] {logging_mixin.py:149} INFO - [2025-03-02T21:17:29.607-0500] {dag.py:3486} INFO - Setting next_dagrun for example_nested_branch_dag to 2025-03-02T00:00:00+00:00, run_after=2025-03-03T00:00:00+00:00
[2025-03-02T21:17:29.616-0500] {processor.py:179} INFO - Processing /Users/atulkumar/Documents/MLOperations/MLOps/venv/lib/python3.11/site-packages/airflow/example_dags/example_nested_branch_dag.py took 0.402 seconds
[2025-03-02T21:19:37.628-0500] {processor.py:157} INFO - Started process (PID=81771) to work on /Users/atulkumar/Documents/MLOperations/MLOps/venv/lib/python3.11/site-packages/airflow/example_dags/example_nested_branch_dag.py
[2025-03-02T21:19:37.631-0500] {processor.py:826} INFO - Processing file /Users/atulkumar/Documents/MLOperations/MLOps/venv/lib/python3.11/site-packages/airflow/example_dags/example_nested_branch_dag.py for tasks to queue
[2025-03-02T21:19:37.631-0500] {logging_mixin.py:149} INFO - [2025-03-02T21:19:37.631-0500] {dagbag.py:541} INFO - Filling up the DagBag from /Users/atulkumar/Documents/MLOperations/MLOps/venv/lib/python3.11/site-packages/airflow/example_dags/example_nested_branch_dag.py
[2025-03-02T21:19:37.673-0500] {processor.py:836} INFO - DAG(s) dict_keys(['example_nested_branch_dag']) retrieved from /Users/atulkumar/Documents/MLOperations/MLOps/venv/lib/python3.11/site-packages/airflow/example_dags/example_nested_branch_dag.py
[2025-03-02T21:19:38.010-0500] {logging_mixin.py:149} INFO - [2025-03-02T21:19:38.010-0500] {dag.py:2726} INFO - Sync 1 DAGs
[2025-03-02T21:19:38.017-0500] {logging_mixin.py:149} INFO - [2025-03-02T21:19:38.017-0500] {dag.py:3486} INFO - Setting next_dagrun for example_nested_branch_dag to 2025-03-02T00:00:00+00:00, run_after=2025-03-03T00:00:00+00:00
[2025-03-02T21:19:38.025-0500] {processor.py:179} INFO - Processing /Users/atulkumar/Documents/MLOperations/MLOps/venv/lib/python3.11/site-packages/airflow/example_dags/example_nested_branch_dag.py took 0.397 seconds
[2025-03-02T21:21:47.909-0500] {processor.py:157} INFO - Started process (PID=81974) to work on /Users/atulkumar/Documents/MLOperations/MLOps/venv/lib/python3.11/site-packages/airflow/example_dags/example_nested_branch_dag.py
[2025-03-02T21:21:47.910-0500] {processor.py:826} INFO - Processing file /Users/atulkumar/Documents/MLOperations/MLOps/venv/lib/python3.11/site-packages/airflow/example_dags/example_nested_branch_dag.py for tasks to queue
[2025-03-02T21:21:47.911-0500] {logging_mixin.py:149} INFO - [2025-03-02T21:21:47.911-0500] {dagbag.py:541} INFO - Filling up the DagBag from /Users/atulkumar/Documents/MLOperations/MLOps/venv/lib/python3.11/site-packages/airflow/example_dags/example_nested_branch_dag.py
[2025-03-02T21:21:47.954-0500] {processor.py:836} INFO - DAG(s) dict_keys(['example_nested_branch_dag']) retrieved from /Users/atulkumar/Documents/MLOperations/MLOps/venv/lib/python3.11/site-packages/airflow/example_dags/example_nested_branch_dag.py
[2025-03-02T21:21:48.277-0500] {logging_mixin.py:149} INFO - [2025-03-02T21:21:48.277-0500] {dag.py:2726} INFO - Sync 1 DAGs
[2025-03-02T21:21:48.284-0500] {logging_mixin.py:149} INFO - [2025-03-02T21:21:48.284-0500] {dag.py:3486} INFO - Setting next_dagrun for example_nested_branch_dag to 2025-03-02T00:00:00+00:00, run_after=2025-03-03T00:00:00+00:00
[2025-03-02T21:21:48.291-0500] {processor.py:179} INFO - Processing /Users/atulkumar/Documents/MLOperations/MLOps/venv/lib/python3.11/site-packages/airflow/example_dags/example_nested_branch_dag.py took 0.383 seconds
[2025-03-02T21:24:00.529-0500] {processor.py:157} INFO - Started process (PID=82154) to work on /Users/atulkumar/Documents/MLOperations/MLOps/venv/lib/python3.11/site-packages/airflow/example_dags/example_nested_branch_dag.py
[2025-03-02T21:24:00.531-0500] {processor.py:826} INFO - Processing file /Users/atulkumar/Documents/MLOperations/MLOps/venv/lib/python3.11/site-packages/airflow/example_dags/example_nested_branch_dag.py for tasks to queue
[2025-03-02T21:24:00.531-0500] {logging_mixin.py:149} INFO - [2025-03-02T21:24:00.531-0500] {dagbag.py:541} INFO - Filling up the DagBag from /Users/atulkumar/Documents/MLOperations/MLOps/venv/lib/python3.11/site-packages/airflow/example_dags/example_nested_branch_dag.py
[2025-03-02T21:24:00.576-0500] {processor.py:836} INFO - DAG(s) dict_keys(['example_nested_branch_dag']) retrieved from /Users/atulkumar/Documents/MLOperations/MLOps/venv/lib/python3.11/site-packages/airflow/example_dags/example_nested_branch_dag.py
[2025-03-02T21:24:00.907-0500] {logging_mixin.py:149} INFO - [2025-03-02T21:24:00.907-0500] {dag.py:2726} INFO - Sync 1 DAGs
[2025-03-02T21:24:00.914-0500] {logging_mixin.py:149} INFO - [2025-03-02T21:24:00.914-0500] {dag.py:3486} INFO - Setting next_dagrun for example_nested_branch_dag to 2025-03-02T00:00:00+00:00, run_after=2025-03-03T00:00:00+00:00
[2025-03-02T21:24:00.922-0500] {processor.py:179} INFO - Processing /Users/atulkumar/Documents/MLOperations/MLOps/venv/lib/python3.11/site-packages/airflow/example_dags/example_nested_branch_dag.py took 0.394 seconds
