[2025-03-02T21:13:46.322-0500] {processor.py:157} INFO - Started process (PID=81260) to work on /Users/atulkumar/Documents/MLOperations/MLOps/venv/lib/python3.11/site-packages/airflow/example_dags/example_params_ui_tutorial.py
[2025-03-02T21:13:46.324-0500] {processor.py:826} INFO - Processing file /Users/atulkumar/Documents/MLOperations/MLOps/venv/lib/python3.11/site-packages/airflow/example_dags/example_params_ui_tutorial.py for tasks to queue
[2025-03-02T21:13:46.325-0500] {logging_mixin.py:149} INFO - [2025-03-02T21:13:46.325-0500] {dagbag.py:541} INFO - Filling up the DagBag from /Users/atulkumar/Documents/MLOperations/MLOps/venv/lib/python3.11/site-packages/airflow/example_dags/example_params_ui_tutorial.py
[2025-03-02T21:13:46.384-0500] {processor.py:836} INFO - DAG(s) dict_keys(['example_params_ui_tutorial']) retrieved from /Users/atulkumar/Documents/MLOperations/MLOps/venv/lib/python3.11/site-packages/airflow/example_dags/example_params_ui_tutorial.py
[2025-03-02T21:13:46.755-0500] {logging_mixin.py:149} INFO - [2025-03-02T21:13:46.755-0500] {dag.py:2726} INFO - Sync 1 DAGs
[2025-03-02T21:13:46.761-0500] {logging_mixin.py:149} INFO - [2025-03-02T21:13:46.760-0500] {dag.py:3486} INFO - Setting next_dagrun for example_params_ui_tutorial to None, run_after=None
[2025-03-02T21:13:46.772-0500] {processor.py:179} INFO - Processing /Users/atulkumar/Documents/MLOperations/MLOps/venv/lib/python3.11/site-packages/airflow/example_dags/example_params_ui_tutorial.py took 0.450 seconds
[2025-03-02T21:15:19.825-0500] {processor.py:157} INFO - Started process (PID=81383) to work on /Users/atulkumar/Documents/MLOperations/MLOps/venv/lib/python3.11/site-packages/airflow/example_dags/example_params_ui_tutorial.py
[2025-03-02T21:15:19.828-0500] {processor.py:826} INFO - Processing file /Users/atulkumar/Documents/MLOperations/MLOps/venv/lib/python3.11/site-packages/airflow/example_dags/example_params_ui_tutorial.py for tasks to queue
[2025-03-02T21:15:19.828-0500] {logging_mixin.py:149} INFO - [2025-03-02T21:15:19.828-0500] {dagbag.py:541} INFO - Filling up the DagBag from /Users/atulkumar/Documents/MLOperations/MLOps/venv/lib/python3.11/site-packages/airflow/example_dags/example_params_ui_tutorial.py
[2025-03-02T21:15:19.883-0500] {processor.py:836} INFO - DAG(s) dict_keys(['example_params_ui_tutorial']) retrieved from /Users/atulkumar/Documents/MLOperations/MLOps/venv/lib/python3.11/site-packages/airflow/example_dags/example_params_ui_tutorial.py
[2025-03-02T21:15:20.200-0500] {logging_mixin.py:149} INFO - [2025-03-02T21:15:20.200-0500] {dag.py:2726} INFO - Sync 1 DAGs
[2025-03-02T21:15:20.206-0500] {logging_mixin.py:149} INFO - [2025-03-02T21:15:20.206-0500] {dag.py:3486} INFO - Setting next_dagrun for example_params_ui_tutorial to None, run_after=None
[2025-03-02T21:15:20.214-0500] {processor.py:179} INFO - Processing /Users/atulkumar/Documents/MLOperations/MLOps/venv/lib/python3.11/site-packages/airflow/example_dags/example_params_ui_tutorial.py took 0.390 seconds
[2025-03-02T21:17:25.287-0500] {processor.py:157} INFO - Started process (PID=81559) to work on /Users/atulkumar/Documents/MLOperations/MLOps/venv/lib/python3.11/site-packages/airflow/example_dags/example_params_ui_tutorial.py
[2025-03-02T21:17:25.289-0500] {processor.py:826} INFO - Processing file /Users/atulkumar/Documents/MLOperations/MLOps/venv/lib/python3.11/site-packages/airflow/example_dags/example_params_ui_tutorial.py for tasks to queue
[2025-03-02T21:17:25.290-0500] {logging_mixin.py:149} INFO - [2025-03-02T21:17:25.289-0500] {dagbag.py:541} INFO - Filling up the DagBag from /Users/atulkumar/Documents/MLOperations/MLOps/venv/lib/python3.11/site-packages/airflow/example_dags/example_params_ui_tutorial.py
[2025-03-02T21:17:25.348-0500] {processor.py:836} INFO - DAG(s) dict_keys(['example_params_ui_tutorial']) retrieved from /Users/atulkumar/Documents/MLOperations/MLOps/venv/lib/python3.11/site-packages/airflow/example_dags/example_params_ui_tutorial.py
[2025-03-02T21:17:25.679-0500] {logging_mixin.py:149} INFO - [2025-03-02T21:17:25.679-0500] {dag.py:2726} INFO - Sync 1 DAGs
[2025-03-02T21:17:25.685-0500] {logging_mixin.py:149} INFO - [2025-03-02T21:17:25.685-0500] {dag.py:3486} INFO - Setting next_dagrun for example_params_ui_tutorial to None, run_after=None
[2025-03-02T21:17:25.693-0500] {processor.py:179} INFO - Processing /Users/atulkumar/Documents/MLOperations/MLOps/venv/lib/python3.11/site-packages/airflow/example_dags/example_params_ui_tutorial.py took 0.406 seconds
[2025-03-02T21:19:33.688-0500] {processor.py:157} INFO - Started process (PID=81764) to work on /Users/atulkumar/Documents/MLOperations/MLOps/venv/lib/python3.11/site-packages/airflow/example_dags/example_params_ui_tutorial.py
[2025-03-02T21:19:33.690-0500] {processor.py:826} INFO - Processing file /Users/atulkumar/Documents/MLOperations/MLOps/venv/lib/python3.11/site-packages/airflow/example_dags/example_params_ui_tutorial.py for tasks to queue
[2025-03-02T21:19:33.691-0500] {logging_mixin.py:149} INFO - [2025-03-02T21:19:33.691-0500] {dagbag.py:541} INFO - Filling up the DagBag from /Users/atulkumar/Documents/MLOperations/MLOps/venv/lib/python3.11/site-packages/airflow/example_dags/example_params_ui_tutorial.py
[2025-03-02T21:19:33.751-0500] {processor.py:836} INFO - DAG(s) dict_keys(['example_params_ui_tutorial']) retrieved from /Users/atulkumar/Documents/MLOperations/MLOps/venv/lib/python3.11/site-packages/airflow/example_dags/example_params_ui_tutorial.py
[2025-03-02T21:19:34.102-0500] {logging_mixin.py:149} INFO - [2025-03-02T21:19:34.102-0500] {dag.py:2726} INFO - Sync 1 DAGs
[2025-03-02T21:19:34.109-0500] {logging_mixin.py:149} INFO - [2025-03-02T21:19:34.109-0500] {dag.py:3486} INFO - Setting next_dagrun for example_params_ui_tutorial to None, run_after=None
[2025-03-02T21:19:34.117-0500] {processor.py:179} INFO - Processing /Users/atulkumar/Documents/MLOperations/MLOps/venv/lib/python3.11/site-packages/airflow/example_dags/example_params_ui_tutorial.py took 0.429 seconds
[2025-03-02T21:21:43.814-0500] {processor.py:157} INFO - Started process (PID=81968) to work on /Users/atulkumar/Documents/MLOperations/MLOps/venv/lib/python3.11/site-packages/airflow/example_dags/example_params_ui_tutorial.py
[2025-03-02T21:21:43.816-0500] {processor.py:826} INFO - Processing file /Users/atulkumar/Documents/MLOperations/MLOps/venv/lib/python3.11/site-packages/airflow/example_dags/example_params_ui_tutorial.py for tasks to queue
[2025-03-02T21:21:43.816-0500] {logging_mixin.py:149} INFO - [2025-03-02T21:21:43.816-0500] {dagbag.py:541} INFO - Filling up the DagBag from /Users/atulkumar/Documents/MLOperations/MLOps/venv/lib/python3.11/site-packages/airflow/example_dags/example_params_ui_tutorial.py
[2025-03-02T21:21:43.870-0500] {processor.py:836} INFO - DAG(s) dict_keys(['example_params_ui_tutorial']) retrieved from /Users/atulkumar/Documents/MLOperations/MLOps/venv/lib/python3.11/site-packages/airflow/example_dags/example_params_ui_tutorial.py
[2025-03-02T21:21:44.186-0500] {logging_mixin.py:149} INFO - [2025-03-02T21:21:44.186-0500] {dag.py:2726} INFO - Sync 1 DAGs
[2025-03-02T21:21:44.192-0500] {logging_mixin.py:149} INFO - [2025-03-02T21:21:44.192-0500] {dag.py:3486} INFO - Setting next_dagrun for example_params_ui_tutorial to None, run_after=None
[2025-03-02T21:21:44.201-0500] {processor.py:179} INFO - Processing /Users/atulkumar/Documents/MLOperations/MLOps/venv/lib/python3.11/site-packages/airflow/example_dags/example_params_ui_tutorial.py took 0.387 seconds
[2025-03-02T21:23:55.989-0500] {processor.py:157} INFO - Started process (PID=82143) to work on /Users/atulkumar/Documents/MLOperations/MLOps/venv/lib/python3.11/site-packages/airflow/example_dags/example_params_ui_tutorial.py
[2025-03-02T21:23:55.991-0500] {processor.py:826} INFO - Processing file /Users/atulkumar/Documents/MLOperations/MLOps/venv/lib/python3.11/site-packages/airflow/example_dags/example_params_ui_tutorial.py for tasks to queue
[2025-03-02T21:23:55.991-0500] {logging_mixin.py:149} INFO - [2025-03-02T21:23:55.991-0500] {dagbag.py:541} INFO - Filling up the DagBag from /Users/atulkumar/Documents/MLOperations/MLOps/venv/lib/python3.11/site-packages/airflow/example_dags/example_params_ui_tutorial.py
[2025-03-02T21:23:56.069-0500] {processor.py:836} INFO - DAG(s) dict_keys(['example_params_ui_tutorial']) retrieved from /Users/atulkumar/Documents/MLOperations/MLOps/venv/lib/python3.11/site-packages/airflow/example_dags/example_params_ui_tutorial.py
[2025-03-02T21:23:56.478-0500] {logging_mixin.py:149} INFO - [2025-03-02T21:23:56.478-0500] {dag.py:2726} INFO - Sync 1 DAGs
[2025-03-02T21:23:56.484-0500] {logging_mixin.py:149} INFO - [2025-03-02T21:23:56.484-0500] {dag.py:3486} INFO - Setting next_dagrun for example_params_ui_tutorial to None, run_after=None
[2025-03-02T21:23:56.493-0500] {processor.py:179} INFO - Processing /Users/atulkumar/Documents/MLOperations/MLOps/venv/lib/python3.11/site-packages/airflow/example_dags/example_params_ui_tutorial.py took 0.504 seconds
