[2025-03-02T21:13:34.332-0500] {processor.py:157} INFO - Started process (PID=81242) to work on /Users/atulkumar/Documents/MLOperations/MLOps/venv/lib/python3.11/site-packages/airflow/example_dags/example_setup_teardown.py
[2025-03-02T21:13:34.334-0500] {processor.py:826} INFO - Processing file /Users/atulkumar/Documents/MLOperations/MLOps/venv/lib/python3.11/site-packages/airflow/example_dags/example_setup_teardown.py for tasks to queue
[2025-03-02T21:13:34.334-0500] {logging_mixin.py:149} INFO - [2025-03-02T21:13:34.334-0500] {dagbag.py:541} INFO - Filling up the DagBag from /Users/atulkumar/Documents/MLOperations/MLOps/venv/lib/python3.11/site-packages/airflow/example_dags/example_setup_teardown.py
[2025-03-02T21:13:34.337-0500] {processor.py:838} WARNING - No viable dags retrieved from /Users/atulkumar/Documents/MLOperations/MLOps/venv/lib/python3.11/site-packages/airflow/example_dags/example_setup_teardown.py
[2025-03-02T21:13:34.672-0500] {processor.py:179} INFO - Processing /Users/atulkumar/Documents/MLOperations/MLOps/venv/lib/python3.11/site-packages/airflow/example_dags/example_setup_teardown.py took 0.340 seconds
[2025-03-02T21:15:09.420-0500] {processor.py:157} INFO - Started process (PID=81374) to work on /Users/atulkumar/Documents/MLOperations/MLOps/venv/lib/python3.11/site-packages/airflow/example_dags/example_setup_teardown.py
[2025-03-02T21:15:09.422-0500] {processor.py:826} INFO - Processing file /Users/atulkumar/Documents/MLOperations/MLOps/venv/lib/python3.11/site-packages/airflow/example_dags/example_setup_teardown.py for tasks to queue
[2025-03-02T21:15:09.422-0500] {logging_mixin.py:149} INFO - [2025-03-02T21:15:09.422-0500] {dagbag.py:541} INFO - Filling up the DagBag from /Users/atulkumar/Documents/MLOperations/MLOps/venv/lib/python3.11/site-packages/airflow/example_dags/example_setup_teardown.py
[2025-03-02T21:15:09.425-0500] {processor.py:838} WARNING - No viable dags retrieved from /Users/atulkumar/Documents/MLOperations/MLOps/venv/lib/python3.11/site-packages/airflow/example_dags/example_setup_teardown.py
[2025-03-02T21:15:09.829-0500] {processor.py:179} INFO - Processing /Users/atulkumar/Documents/MLOperations/MLOps/venv/lib/python3.11/site-packages/airflow/example_dags/example_setup_teardown.py took 0.409 seconds
[2025-03-02T21:17:16.142-0500] {processor.py:157} INFO - Started process (PID=81548) to work on /Users/atulkumar/Documents/MLOperations/MLOps/venv/lib/python3.11/site-packages/airflow/example_dags/example_setup_teardown.py
[2025-03-02T21:17:16.144-0500] {processor.py:826} INFO - Processing file /Users/atulkumar/Documents/MLOperations/MLOps/venv/lib/python3.11/site-packages/airflow/example_dags/example_setup_teardown.py for tasks to queue
[2025-03-02T21:17:16.145-0500] {logging_mixin.py:149} INFO - [2025-03-02T21:17:16.145-0500] {dagbag.py:541} INFO - Filling up the DagBag from /Users/atulkumar/Documents/MLOperations/MLOps/venv/lib/python3.11/site-packages/airflow/example_dags/example_setup_teardown.py
[2025-03-02T21:17:16.147-0500] {processor.py:838} WARNING - No viable dags retrieved from /Users/atulkumar/Documents/MLOperations/MLOps/venv/lib/python3.11/site-packages/airflow/example_dags/example_setup_teardown.py
[2025-03-02T21:17:16.478-0500] {processor.py:179} INFO - Processing /Users/atulkumar/Documents/MLOperations/MLOps/venv/lib/python3.11/site-packages/airflow/example_dags/example_setup_teardown.py took 0.336 seconds
[2025-03-02T21:19:24.154-0500] {processor.py:157} INFO - Started process (PID=81734) to work on /Users/atulkumar/Documents/MLOperations/MLOps/venv/lib/python3.11/site-packages/airflow/example_dags/example_setup_teardown.py
[2025-03-02T21:19:24.156-0500] {processor.py:826} INFO - Processing file /Users/atulkumar/Documents/MLOperations/MLOps/venv/lib/python3.11/site-packages/airflow/example_dags/example_setup_teardown.py for tasks to queue
[2025-03-02T21:19:24.156-0500] {logging_mixin.py:149} INFO - [2025-03-02T21:19:24.156-0500] {dagbag.py:541} INFO - Filling up the DagBag from /Users/atulkumar/Documents/MLOperations/MLOps/venv/lib/python3.11/site-packages/airflow/example_dags/example_setup_teardown.py
[2025-03-02T21:19:24.159-0500] {processor.py:838} WARNING - No viable dags retrieved from /Users/atulkumar/Documents/MLOperations/MLOps/venv/lib/python3.11/site-packages/airflow/example_dags/example_setup_teardown.py
[2025-03-02T21:19:24.501-0500] {processor.py:179} INFO - Processing /Users/atulkumar/Documents/MLOperations/MLOps/venv/lib/python3.11/site-packages/airflow/example_dags/example_setup_teardown.py took 0.348 seconds
[2025-03-02T21:21:34.783-0500] {processor.py:157} INFO - Started process (PID=81957) to work on /Users/atulkumar/Documents/MLOperations/MLOps/venv/lib/python3.11/site-packages/airflow/example_dags/example_setup_teardown.py
[2025-03-02T21:21:34.785-0500] {processor.py:826} INFO - Processing file /Users/atulkumar/Documents/MLOperations/MLOps/venv/lib/python3.11/site-packages/airflow/example_dags/example_setup_teardown.py for tasks to queue
[2025-03-02T21:21:34.785-0500] {logging_mixin.py:149} INFO - [2025-03-02T21:21:34.785-0500] {dagbag.py:541} INFO - Filling up the DagBag from /Users/atulkumar/Documents/MLOperations/MLOps/venv/lib/python3.11/site-packages/airflow/example_dags/example_setup_teardown.py
[2025-03-02T21:21:34.788-0500] {processor.py:838} WARNING - No viable dags retrieved from /Users/atulkumar/Documents/MLOperations/MLOps/venv/lib/python3.11/site-packages/airflow/example_dags/example_setup_teardown.py
[2025-03-02T21:21:35.120-0500] {processor.py:179} INFO - Processing /Users/atulkumar/Documents/MLOperations/MLOps/venv/lib/python3.11/site-packages/airflow/example_dags/example_setup_teardown.py took 0.337 seconds
[2025-03-02T21:23:46.060-0500] {processor.py:157} INFO - Started process (PID=82134) to work on /Users/atulkumar/Documents/MLOperations/MLOps/venv/lib/python3.11/site-packages/airflow/example_dags/example_setup_teardown.py
[2025-03-02T21:23:46.062-0500] {processor.py:826} INFO - Processing file /Users/atulkumar/Documents/MLOperations/MLOps/venv/lib/python3.11/site-packages/airflow/example_dags/example_setup_teardown.py for tasks to queue
[2025-03-02T21:23:46.062-0500] {logging_mixin.py:149} INFO - [2025-03-02T21:23:46.062-0500] {dagbag.py:541} INFO - Filling up the DagBag from /Users/atulkumar/Documents/MLOperations/MLOps/venv/lib/python3.11/site-packages/airflow/example_dags/example_setup_teardown.py
[2025-03-02T21:23:46.065-0500] {processor.py:838} WARNING - No viable dags retrieved from /Users/atulkumar/Documents/MLOperations/MLOps/venv/lib/python3.11/site-packages/airflow/example_dags/example_setup_teardown.py
[2025-03-02T21:23:46.395-0500] {processor.py:179} INFO - Processing /Users/atulkumar/Documents/MLOperations/MLOps/venv/lib/python3.11/site-packages/airflow/example_dags/example_setup_teardown.py took 0.336 seconds
