[2025-03-02T21:13:22.415-0500] {processor.py:157} INFO - Started process (PID=81227) to work on /Users/atulkumar/Documents/MLOperations/MLOps/venv/lib/python3.11/site-packages/airflow/example_dags/example_subdag_operator.py
[2025-03-02T21:13:22.417-0500] {processor.py:826} INFO - Processing file /Users/atulkumar/Documents/MLOperations/MLOps/venv/lib/python3.11/site-packages/airflow/example_dags/example_subdag_operator.py for tasks to queue
[2025-03-02T21:13:22.417-0500] {logging_mixin.py:149} INFO - [2025-03-02T21:13:22.417-0500] {dagbag.py:541} INFO - Filling up the DagBag from /Users/atulkumar/Documents/MLOperations/MLOps/venv/lib/python3.11/site-packages/airflow/example_dags/example_subdag_operator.py
[2025-03-02T21:13:22.775-0500] {processor.py:836} INFO - DAG(s) dict_keys(['example_subdag_operator.section-1', 'example_subdag_operator.section-2', 'example_subdag_operator']) retrieved from /Users/atulkumar/Documents/MLOperations/MLOps/venv/lib/python3.11/site-packages/airflow/example_dags/example_subdag_operator.py
[2025-03-02T21:13:22.823-0500] {logging_mixin.py:149} INFO - [2025-03-02T21:13:22.823-0500] {dag.py:2726} INFO - Sync 3 DAGs
[2025-03-02T21:13:22.828-0500] {logging_mixin.py:149} INFO - [2025-03-02T21:13:22.828-0500] {dag.py:3486} INFO - Setting next_dagrun for example_subdag_operator to 2022-01-01T00:00:00+00:00, run_after=2022-01-01T00:00:00+00:00
[2025-03-02T21:13:22.829-0500] {logging_mixin.py:149} INFO - [2025-03-02T21:13:22.829-0500] {dag.py:3486} INFO - Setting next_dagrun for example_subdag_operator.section-1 to None, run_after=None
[2025-03-02T21:13:22.829-0500] {logging_mixin.py:149} INFO - [2025-03-02T21:13:22.829-0500] {dag.py:3486} INFO - Setting next_dagrun for example_subdag_operator.section-2 to None, run_after=None
[2025-03-02T21:13:22.833-0500] {logging_mixin.py:149} INFO - [2025-03-02T21:13:22.833-0500] {dag.py:2726} INFO - Sync 2 DAGs
[2025-03-02T21:13:22.834-0500] {logging_mixin.py:149} INFO - [2025-03-02T21:13:22.834-0500] {dag.py:3486} INFO - Setting next_dagrun for example_subdag_operator.section-1 to None, run_after=None
[2025-03-02T21:13:22.835-0500] {logging_mixin.py:149} INFO - [2025-03-02T21:13:22.835-0500] {dag.py:3486} INFO - Setting next_dagrun for example_subdag_operator.section-2 to None, run_after=None
[2025-03-02T21:13:22.839-0500] {processor.py:179} INFO - Processing /Users/atulkumar/Documents/MLOperations/MLOps/venv/lib/python3.11/site-packages/airflow/example_dags/example_subdag_operator.py took 0.424 seconds
[2025-03-02T21:14:58.478-0500] {processor.py:157} INFO - Started process (PID=81359) to work on /Users/atulkumar/Documents/MLOperations/MLOps/venv/lib/python3.11/site-packages/airflow/example_dags/example_subdag_operator.py
[2025-03-02T21:14:58.481-0500] {processor.py:826} INFO - Processing file /Users/atulkumar/Documents/MLOperations/MLOps/venv/lib/python3.11/site-packages/airflow/example_dags/example_subdag_operator.py for tasks to queue
[2025-03-02T21:14:58.481-0500] {logging_mixin.py:149} INFO - [2025-03-02T21:14:58.481-0500] {dagbag.py:541} INFO - Filling up the DagBag from /Users/atulkumar/Documents/MLOperations/MLOps/venv/lib/python3.11/site-packages/airflow/example_dags/example_subdag_operator.py
[2025-03-02T21:14:58.818-0500] {processor.py:836} INFO - DAG(s) dict_keys(['example_subdag_operator.section-1', 'example_subdag_operator.section-2', 'example_subdag_operator']) retrieved from /Users/atulkumar/Documents/MLOperations/MLOps/venv/lib/python3.11/site-packages/airflow/example_dags/example_subdag_operator.py
[2025-03-02T21:14:58.830-0500] {logging_mixin.py:149} INFO - [2025-03-02T21:14:58.830-0500] {dag.py:2726} INFO - Sync 3 DAGs
[2025-03-02T21:14:58.836-0500] {logging_mixin.py:149} INFO - [2025-03-02T21:14:58.836-0500] {dag.py:3486} INFO - Setting next_dagrun for example_subdag_operator to 2022-01-01T00:00:00+00:00, run_after=2022-01-01T00:00:00+00:00
[2025-03-02T21:14:58.837-0500] {logging_mixin.py:149} INFO - [2025-03-02T21:14:58.837-0500] {dag.py:3486} INFO - Setting next_dagrun for example_subdag_operator.section-1 to None, run_after=None
[2025-03-02T21:14:58.837-0500] {logging_mixin.py:149} INFO - [2025-03-02T21:14:58.837-0500] {dag.py:3486} INFO - Setting next_dagrun for example_subdag_operator.section-2 to None, run_after=None
[2025-03-02T21:14:58.840-0500] {logging_mixin.py:149} INFO - [2025-03-02T21:14:58.840-0500] {dag.py:2726} INFO - Sync 2 DAGs
[2025-03-02T21:14:58.841-0500] {logging_mixin.py:149} INFO - [2025-03-02T21:14:58.841-0500] {dag.py:3486} INFO - Setting next_dagrun for example_subdag_operator.section-1 to None, run_after=None
[2025-03-02T21:14:58.841-0500] {logging_mixin.py:149} INFO - [2025-03-02T21:14:58.841-0500] {dag.py:3486} INFO - Setting next_dagrun for example_subdag_operator.section-2 to None, run_after=None
[2025-03-02T21:14:58.845-0500] {processor.py:179} INFO - Processing /Users/atulkumar/Documents/MLOperations/MLOps/venv/lib/python3.11/site-packages/airflow/example_dags/example_subdag_operator.py took 0.368 seconds
[2025-03-02T21:17:05.097-0500] {processor.py:157} INFO - Started process (PID=81535) to work on /Users/atulkumar/Documents/MLOperations/MLOps/venv/lib/python3.11/site-packages/airflow/example_dags/example_subdag_operator.py
[2025-03-02T21:17:05.098-0500] {processor.py:826} INFO - Processing file /Users/atulkumar/Documents/MLOperations/MLOps/venv/lib/python3.11/site-packages/airflow/example_dags/example_subdag_operator.py for tasks to queue
[2025-03-02T21:17:05.099-0500] {logging_mixin.py:149} INFO - [2025-03-02T21:17:05.099-0500] {dagbag.py:541} INFO - Filling up the DagBag from /Users/atulkumar/Documents/MLOperations/MLOps/venv/lib/python3.11/site-packages/airflow/example_dags/example_subdag_operator.py
[2025-03-02T21:17:05.432-0500] {processor.py:836} INFO - DAG(s) dict_keys(['example_subdag_operator.section-1', 'example_subdag_operator.section-2', 'example_subdag_operator']) retrieved from /Users/atulkumar/Documents/MLOperations/MLOps/venv/lib/python3.11/site-packages/airflow/example_dags/example_subdag_operator.py
[2025-03-02T21:17:05.445-0500] {logging_mixin.py:149} INFO - [2025-03-02T21:17:05.445-0500] {dag.py:2726} INFO - Sync 3 DAGs
[2025-03-02T21:17:05.452-0500] {logging_mixin.py:149} INFO - [2025-03-02T21:17:05.452-0500] {dag.py:3486} INFO - Setting next_dagrun for example_subdag_operator to 2022-01-01T00:00:00+00:00, run_after=2022-01-01T00:00:00+00:00
[2025-03-02T21:17:05.453-0500] {logging_mixin.py:149} INFO - [2025-03-02T21:17:05.453-0500] {dag.py:3486} INFO - Setting next_dagrun for example_subdag_operator.section-1 to None, run_after=None
[2025-03-02T21:17:05.453-0500] {logging_mixin.py:149} INFO - [2025-03-02T21:17:05.453-0500] {dag.py:3486} INFO - Setting next_dagrun for example_subdag_operator.section-2 to None, run_after=None
[2025-03-02T21:17:05.456-0500] {logging_mixin.py:149} INFO - [2025-03-02T21:17:05.456-0500] {dag.py:2726} INFO - Sync 2 DAGs
[2025-03-02T21:17:05.458-0500] {logging_mixin.py:149} INFO - [2025-03-02T21:17:05.458-0500] {dag.py:3486} INFO - Setting next_dagrun for example_subdag_operator.section-1 to None, run_after=None
[2025-03-02T21:17:05.458-0500] {logging_mixin.py:149} INFO - [2025-03-02T21:17:05.458-0500] {dag.py:3486} INFO - Setting next_dagrun for example_subdag_operator.section-2 to None, run_after=None
[2025-03-02T21:17:05.464-0500] {processor.py:179} INFO - Processing /Users/atulkumar/Documents/MLOperations/MLOps/venv/lib/python3.11/site-packages/airflow/example_dags/example_subdag_operator.py took 0.368 seconds
[2025-03-02T21:19:12.435-0500] {processor.py:157} INFO - Started process (PID=81711) to work on /Users/atulkumar/Documents/MLOperations/MLOps/venv/lib/python3.11/site-packages/airflow/example_dags/example_subdag_operator.py
[2025-03-02T21:19:12.438-0500] {processor.py:826} INFO - Processing file /Users/atulkumar/Documents/MLOperations/MLOps/venv/lib/python3.11/site-packages/airflow/example_dags/example_subdag_operator.py for tasks to queue
[2025-03-02T21:19:12.438-0500] {logging_mixin.py:149} INFO - [2025-03-02T21:19:12.438-0500] {dagbag.py:541} INFO - Filling up the DagBag from /Users/atulkumar/Documents/MLOperations/MLOps/venv/lib/python3.11/site-packages/airflow/example_dags/example_subdag_operator.py
[2025-03-02T21:19:12.758-0500] {processor.py:836} INFO - DAG(s) dict_keys(['example_subdag_operator.section-1', 'example_subdag_operator.section-2', 'example_subdag_operator']) retrieved from /Users/atulkumar/Documents/MLOperations/MLOps/venv/lib/python3.11/site-packages/airflow/example_dags/example_subdag_operator.py
[2025-03-02T21:19:12.770-0500] {logging_mixin.py:149} INFO - [2025-03-02T21:19:12.770-0500] {dag.py:2726} INFO - Sync 3 DAGs
[2025-03-02T21:19:12.776-0500] {logging_mixin.py:149} INFO - [2025-03-02T21:19:12.776-0500] {dag.py:3486} INFO - Setting next_dagrun for example_subdag_operator to 2022-01-01T00:00:00+00:00, run_after=2022-01-01T00:00:00+00:00
[2025-03-02T21:19:12.777-0500] {logging_mixin.py:149} INFO - [2025-03-02T21:19:12.777-0500] {dag.py:3486} INFO - Setting next_dagrun for example_subdag_operator.section-1 to None, run_after=None
[2025-03-02T21:19:12.777-0500] {logging_mixin.py:149} INFO - [2025-03-02T21:19:12.777-0500] {dag.py:3486} INFO - Setting next_dagrun for example_subdag_operator.section-2 to None, run_after=None
[2025-03-02T21:19:12.779-0500] {logging_mixin.py:149} INFO - [2025-03-02T21:19:12.779-0500] {dag.py:2726} INFO - Sync 2 DAGs
[2025-03-02T21:19:12.781-0500] {logging_mixin.py:149} INFO - [2025-03-02T21:19:12.781-0500] {dag.py:3486} INFO - Setting next_dagrun for example_subdag_operator.section-1 to None, run_after=None
[2025-03-02T21:19:12.781-0500] {logging_mixin.py:149} INFO - [2025-03-02T21:19:12.781-0500] {dag.py:3486} INFO - Setting next_dagrun for example_subdag_operator.section-2 to None, run_after=None
[2025-03-02T21:19:12.786-0500] {processor.py:179} INFO - Processing /Users/atulkumar/Documents/MLOperations/MLOps/venv/lib/python3.11/site-packages/airflow/example_dags/example_subdag_operator.py took 0.351 seconds
[2025-03-02T21:20:19.459-0500] {processor.py:157} INFO - Started process (PID=81840) to work on /Users/atulkumar/Documents/MLOperations/MLOps/venv/lib/python3.11/site-packages/airflow/example_dags/example_subdag_operator.py
[2025-03-02T21:20:19.462-0500] {processor.py:826} INFO - Processing file /Users/atulkumar/Documents/MLOperations/MLOps/venv/lib/python3.11/site-packages/airflow/example_dags/example_subdag_operator.py for tasks to queue
[2025-03-02T21:20:19.463-0500] {logging_mixin.py:149} INFO - [2025-03-02T21:20:19.463-0500] {dagbag.py:541} INFO - Filling up the DagBag from /Users/atulkumar/Documents/MLOperations/MLOps/venv/lib/python3.11/site-packages/airflow/example_dags/example_subdag_operator.py
[2025-03-02T21:20:19.797-0500] {processor.py:836} INFO - DAG(s) dict_keys(['example_subdag_operator.section-1', 'example_subdag_operator.section-2', 'example_subdag_operator']) retrieved from /Users/atulkumar/Documents/MLOperations/MLOps/venv/lib/python3.11/site-packages/airflow/example_dags/example_subdag_operator.py
[2025-03-02T21:20:19.809-0500] {logging_mixin.py:149} INFO - [2025-03-02T21:20:19.809-0500] {dag.py:2726} INFO - Sync 3 DAGs
[2025-03-02T21:20:19.815-0500] {logging_mixin.py:149} INFO - [2025-03-02T21:20:19.815-0500] {dag.py:3486} INFO - Setting next_dagrun for example_subdag_operator to 2022-01-01T00:00:00+00:00, run_after=2022-01-01T00:00:00+00:00
[2025-03-02T21:20:19.816-0500] {logging_mixin.py:149} INFO - [2025-03-02T21:20:19.816-0500] {dag.py:3486} INFO - Setting next_dagrun for example_subdag_operator.section-1 to None, run_after=None
[2025-03-02T21:20:19.816-0500] {logging_mixin.py:149} INFO - [2025-03-02T21:20:19.816-0500] {dag.py:3486} INFO - Setting next_dagrun for example_subdag_operator.section-2 to None, run_after=None
[2025-03-02T21:20:19.819-0500] {logging_mixin.py:149} INFO - [2025-03-02T21:20:19.819-0500] {dag.py:2726} INFO - Sync 2 DAGs
[2025-03-02T21:20:19.821-0500] {logging_mixin.py:149} INFO - [2025-03-02T21:20:19.821-0500] {dag.py:3486} INFO - Setting next_dagrun for example_subdag_operator.section-1 to None, run_after=None
[2025-03-02T21:20:19.821-0500] {logging_mixin.py:149} INFO - [2025-03-02T21:20:19.821-0500] {dag.py:3486} INFO - Setting next_dagrun for example_subdag_operator.section-2 to None, run_after=None
[2025-03-02T21:20:19.825-0500] {processor.py:179} INFO - Processing /Users/atulkumar/Documents/MLOperations/MLOps/venv/lib/python3.11/site-packages/airflow/example_dags/example_subdag_operator.py took 0.367 seconds
[2025-03-02T21:21:24.738-0500] {processor.py:157} INFO - Started process (PID=81943) to work on /Users/atulkumar/Documents/MLOperations/MLOps/venv/lib/python3.11/site-packages/airflow/example_dags/example_subdag_operator.py
[2025-03-02T21:21:24.741-0500] {processor.py:826} INFO - Processing file /Users/atulkumar/Documents/MLOperations/MLOps/venv/lib/python3.11/site-packages/airflow/example_dags/example_subdag_operator.py for tasks to queue
[2025-03-02T21:21:24.741-0500] {logging_mixin.py:149} INFO - [2025-03-02T21:21:24.741-0500] {dagbag.py:541} INFO - Filling up the DagBag from /Users/atulkumar/Documents/MLOperations/MLOps/venv/lib/python3.11/site-packages/airflow/example_dags/example_subdag_operator.py
[2025-03-02T21:21:25.073-0500] {processor.py:836} INFO - DAG(s) dict_keys(['example_subdag_operator.section-1', 'example_subdag_operator.section-2', 'example_subdag_operator']) retrieved from /Users/atulkumar/Documents/MLOperations/MLOps/venv/lib/python3.11/site-packages/airflow/example_dags/example_subdag_operator.py
[2025-03-02T21:21:25.087-0500] {logging_mixin.py:149} INFO - [2025-03-02T21:21:25.086-0500] {dag.py:2726} INFO - Sync 3 DAGs
[2025-03-02T21:21:25.093-0500] {logging_mixin.py:149} INFO - [2025-03-02T21:21:25.093-0500] {dag.py:3486} INFO - Setting next_dagrun for example_subdag_operator to 2022-01-01T00:00:00+00:00, run_after=2022-01-01T00:00:00+00:00
[2025-03-02T21:21:25.094-0500] {logging_mixin.py:149} INFO - [2025-03-02T21:21:25.094-0500] {dag.py:3486} INFO - Setting next_dagrun for example_subdag_operator.section-1 to None, run_after=None
[2025-03-02T21:21:25.094-0500] {logging_mixin.py:149} INFO - [2025-03-02T21:21:25.094-0500] {dag.py:3486} INFO - Setting next_dagrun for example_subdag_operator.section-2 to None, run_after=None
[2025-03-02T21:21:25.097-0500] {logging_mixin.py:149} INFO - [2025-03-02T21:21:25.097-0500] {dag.py:2726} INFO - Sync 2 DAGs
[2025-03-02T21:21:25.098-0500] {logging_mixin.py:149} INFO - [2025-03-02T21:21:25.098-0500] {dag.py:3486} INFO - Setting next_dagrun for example_subdag_operator.section-1 to None, run_after=None
[2025-03-02T21:21:25.099-0500] {logging_mixin.py:149} INFO - [2025-03-02T21:21:25.099-0500] {dag.py:3486} INFO - Setting next_dagrun for example_subdag_operator.section-2 to None, run_after=None
[2025-03-02T21:21:25.104-0500] {processor.py:179} INFO - Processing /Users/atulkumar/Documents/MLOperations/MLOps/venv/lib/python3.11/site-packages/airflow/example_dags/example_subdag_operator.py took 0.366 seconds
[2025-03-02T21:22:30.127-0500] {processor.py:157} INFO - Started process (PID=82027) to work on /Users/atulkumar/Documents/MLOperations/MLOps/venv/lib/python3.11/site-packages/airflow/example_dags/example_subdag_operator.py
[2025-03-02T21:22:30.133-0500] {processor.py:826} INFO - Processing file /Users/atulkumar/Documents/MLOperations/MLOps/venv/lib/python3.11/site-packages/airflow/example_dags/example_subdag_operator.py for tasks to queue
[2025-03-02T21:22:30.133-0500] {logging_mixin.py:149} INFO - [2025-03-02T21:22:30.133-0500] {dagbag.py:541} INFO - Filling up the DagBag from /Users/atulkumar/Documents/MLOperations/MLOps/venv/lib/python3.11/site-packages/airflow/example_dags/example_subdag_operator.py
[2025-03-02T21:22:30.522-0500] {processor.py:836} INFO - DAG(s) dict_keys(['example_subdag_operator.section-1', 'example_subdag_operator.section-2', 'example_subdag_operator']) retrieved from /Users/atulkumar/Documents/MLOperations/MLOps/venv/lib/python3.11/site-packages/airflow/example_dags/example_subdag_operator.py
[2025-03-02T21:22:30.540-0500] {logging_mixin.py:149} INFO - [2025-03-02T21:22:30.540-0500] {dag.py:2726} INFO - Sync 3 DAGs
[2025-03-02T21:22:30.548-0500] {logging_mixin.py:149} INFO - [2025-03-02T21:22:30.548-0500] {dag.py:3486} INFO - Setting next_dagrun for example_subdag_operator to 2022-01-01T00:00:00+00:00, run_after=2022-01-01T00:00:00+00:00
[2025-03-02T21:22:30.549-0500] {logging_mixin.py:149} INFO - [2025-03-02T21:22:30.549-0500] {dag.py:3486} INFO - Setting next_dagrun for example_subdag_operator.section-1 to None, run_after=None
[2025-03-02T21:22:30.550-0500] {logging_mixin.py:149} INFO - [2025-03-02T21:22:30.550-0500] {dag.py:3486} INFO - Setting next_dagrun for example_subdag_operator.section-2 to None, run_after=None
[2025-03-02T21:22:30.552-0500] {logging_mixin.py:149} INFO - [2025-03-02T21:22:30.552-0500] {dag.py:2726} INFO - Sync 2 DAGs
[2025-03-02T21:22:30.554-0500] {logging_mixin.py:149} INFO - [2025-03-02T21:22:30.554-0500] {dag.py:3486} INFO - Setting next_dagrun for example_subdag_operator.section-1 to None, run_after=None
[2025-03-02T21:22:30.554-0500] {logging_mixin.py:149} INFO - [2025-03-02T21:22:30.554-0500] {dag.py:3486} INFO - Setting next_dagrun for example_subdag_operator.section-2 to None, run_after=None
[2025-03-02T21:22:30.559-0500] {processor.py:179} INFO - Processing /Users/atulkumar/Documents/MLOperations/MLOps/venv/lib/python3.11/site-packages/airflow/example_dags/example_subdag_operator.py took 0.432 seconds
[2025-03-02T21:23:35.582-0500] {processor.py:157} INFO - Started process (PID=82109) to work on /Users/atulkumar/Documents/MLOperations/MLOps/venv/lib/python3.11/site-packages/airflow/example_dags/example_subdag_operator.py
[2025-03-02T21:23:35.583-0500] {processor.py:826} INFO - Processing file /Users/atulkumar/Documents/MLOperations/MLOps/venv/lib/python3.11/site-packages/airflow/example_dags/example_subdag_operator.py for tasks to queue
[2025-03-02T21:23:35.584-0500] {logging_mixin.py:149} INFO - [2025-03-02T21:23:35.584-0500] {dagbag.py:541} INFO - Filling up the DagBag from /Users/atulkumar/Documents/MLOperations/MLOps/venv/lib/python3.11/site-packages/airflow/example_dags/example_subdag_operator.py
[2025-03-02T21:23:35.980-0500] {processor.py:836} INFO - DAG(s) dict_keys(['example_subdag_operator.section-1', 'example_subdag_operator.section-2', 'example_subdag_operator']) retrieved from /Users/atulkumar/Documents/MLOperations/MLOps/venv/lib/python3.11/site-packages/airflow/example_dags/example_subdag_operator.py
[2025-03-02T21:23:35.994-0500] {logging_mixin.py:149} INFO - [2025-03-02T21:23:35.994-0500] {dag.py:2726} INFO - Sync 3 DAGs
[2025-03-02T21:23:36.003-0500] {logging_mixin.py:149} INFO - [2025-03-02T21:23:36.003-0500] {dag.py:3486} INFO - Setting next_dagrun for example_subdag_operator to 2022-01-01T00:00:00+00:00, run_after=2022-01-01T00:00:00+00:00
[2025-03-02T21:23:36.005-0500] {logging_mixin.py:149} INFO - [2025-03-02T21:23:36.005-0500] {dag.py:3486} INFO - Setting next_dagrun for example_subdag_operator.section-1 to None, run_after=None
[2025-03-02T21:23:36.010-0500] {logging_mixin.py:149} INFO - [2025-03-02T21:23:36.010-0500] {dag.py:3486} INFO - Setting next_dagrun for example_subdag_operator.section-2 to None, run_after=None
[2025-03-02T21:23:36.013-0500] {logging_mixin.py:149} INFO - [2025-03-02T21:23:36.013-0500] {dag.py:2726} INFO - Sync 2 DAGs
[2025-03-02T21:23:36.014-0500] {logging_mixin.py:149} INFO - [2025-03-02T21:23:36.014-0500] {dag.py:3486} INFO - Setting next_dagrun for example_subdag_operator.section-1 to None, run_after=None
[2025-03-02T21:23:36.014-0500] {logging_mixin.py:149} INFO - [2025-03-02T21:23:36.014-0500] {dag.py:3486} INFO - Setting next_dagrun for example_subdag_operator.section-2 to None, run_after=None
[2025-03-02T21:23:36.020-0500] {processor.py:179} INFO - Processing /Users/atulkumar/Documents/MLOperations/MLOps/venv/lib/python3.11/site-packages/airflow/example_dags/example_subdag_operator.py took 0.439 seconds
[2025-03-02T21:24:43.861-0500] {processor.py:157} INFO - Started process (PID=82258) to work on /Users/atulkumar/Documents/MLOperations/MLOps/venv/lib/python3.11/site-packages/airflow/example_dags/example_subdag_operator.py
[2025-03-02T21:24:43.863-0500] {processor.py:826} INFO - Processing file /Users/atulkumar/Documents/MLOperations/MLOps/venv/lib/python3.11/site-packages/airflow/example_dags/example_subdag_operator.py for tasks to queue
[2025-03-02T21:24:43.863-0500] {logging_mixin.py:149} INFO - [2025-03-02T21:24:43.863-0500] {dagbag.py:541} INFO - Filling up the DagBag from /Users/atulkumar/Documents/MLOperations/MLOps/venv/lib/python3.11/site-packages/airflow/example_dags/example_subdag_operator.py
[2025-03-02T21:24:44.217-0500] {processor.py:836} INFO - DAG(s) dict_keys(['example_subdag_operator.section-1', 'example_subdag_operator.section-2', 'example_subdag_operator']) retrieved from /Users/atulkumar/Documents/MLOperations/MLOps/venv/lib/python3.11/site-packages/airflow/example_dags/example_subdag_operator.py
[2025-03-02T21:24:44.231-0500] {logging_mixin.py:149} INFO - [2025-03-02T21:24:44.230-0500] {dag.py:2726} INFO - Sync 3 DAGs
[2025-03-02T21:24:44.237-0500] {logging_mixin.py:149} INFO - [2025-03-02T21:24:44.237-0500] {dag.py:3486} INFO - Setting next_dagrun for example_subdag_operator to 2022-01-01T00:00:00+00:00, run_after=2022-01-01T00:00:00+00:00
[2025-03-02T21:24:44.238-0500] {logging_mixin.py:149} INFO - [2025-03-02T21:24:44.238-0500] {dag.py:3486} INFO - Setting next_dagrun for example_subdag_operator.section-1 to None, run_after=None
[2025-03-02T21:24:44.239-0500] {logging_mixin.py:149} INFO - [2025-03-02T21:24:44.239-0500] {dag.py:3486} INFO - Setting next_dagrun for example_subdag_operator.section-2 to None, run_after=None
[2025-03-02T21:24:44.241-0500] {logging_mixin.py:149} INFO - [2025-03-02T21:24:44.241-0500] {dag.py:2726} INFO - Sync 2 DAGs
[2025-03-02T21:24:44.243-0500] {logging_mixin.py:149} INFO - [2025-03-02T21:24:44.243-0500] {dag.py:3486} INFO - Setting next_dagrun for example_subdag_operator.section-1 to None, run_after=None
[2025-03-02T21:24:44.243-0500] {logging_mixin.py:149} INFO - [2025-03-02T21:24:44.243-0500] {dag.py:3486} INFO - Setting next_dagrun for example_subdag_operator.section-2 to None, run_after=None
[2025-03-02T21:24:44.248-0500] {processor.py:179} INFO - Processing /Users/atulkumar/Documents/MLOperations/MLOps/venv/lib/python3.11/site-packages/airflow/example_dags/example_subdag_operator.py took 0.387 seconds
