[2025-03-02T21:14:22.283-0500] {processor.py:157} INFO - Started process (PID=81313) to work on /Users/atulkumar/Documents/MLOperations/MLOps/venv/lib/python3.11/site-packages/airflow/example_dags/example_branch_datetime_operator.py
[2025-03-02T21:14:22.285-0500] {processor.py:826} INFO - Processing file /Users/atulkumar/Documents/MLOperations/MLOps/venv/lib/python3.11/site-packages/airflow/example_dags/example_branch_datetime_operator.py for tasks to queue
[2025-03-02T21:14:22.285-0500] {logging_mixin.py:149} INFO - [2025-03-02T21:14:22.285-0500] {dagbag.py:541} INFO - Filling up the DagBag from /Users/atulkumar/Documents/MLOperations/MLOps/venv/lib/python3.11/site-packages/airflow/example_dags/example_branch_datetime_operator.py
[2025-03-02T21:14:22.297-0500] {processor.py:836} INFO - DAG(s) dict_keys(['example_branch_datetime_operator_2', 'example_branch_datetime_operator_3', 'example_branch_datetime_operator']) retrieved from /Users/atulkumar/Documents/MLOperations/MLOps/venv/lib/python3.11/site-packages/airflow/example_dags/example_branch_datetime_operator.py
[2025-03-02T21:14:22.692-0500] {logging_mixin.py:149} INFO - [2025-03-02T21:14:22.691-0500] {dag.py:2726} INFO - Sync 3 DAGs
[2025-03-02T21:14:22.698-0500] {logging_mixin.py:149} INFO - [2025-03-02T21:14:22.698-0500] {dag.py:3486} INFO - Setting next_dagrun for example_branch_datetime_operator to 2025-03-02T00:00:00+00:00, run_after=2025-03-03T00:00:00+00:00
[2025-03-02T21:14:22.699-0500] {logging_mixin.py:149} INFO - [2025-03-02T21:14:22.699-0500] {dag.py:3486} INFO - Setting next_dagrun for example_branch_datetime_operator_2 to 2025-03-02T00:00:00+00:00, run_after=2025-03-03T00:00:00+00:00
[2025-03-02T21:14:22.700-0500] {logging_mixin.py:149} INFO - [2025-03-02T21:14:22.700-0500] {dag.py:3486} INFO - Setting next_dagrun for example_branch_datetime_operator_3 to 2025-03-02T00:00:00+00:00, run_after=2025-03-03T00:00:00+00:00
[2025-03-02T21:14:22.708-0500] {processor.py:179} INFO - Processing /Users/atulkumar/Documents/MLOperations/MLOps/venv/lib/python3.11/site-packages/airflow/example_dags/example_branch_datetime_operator.py took 0.425 seconds
[2025-03-02T21:16:27.211-0500] {processor.py:157} INFO - Started process (PID=81477) to work on /Users/atulkumar/Documents/MLOperations/MLOps/venv/lib/python3.11/site-packages/airflow/example_dags/example_branch_datetime_operator.py
[2025-03-02T21:16:27.213-0500] {processor.py:826} INFO - Processing file /Users/atulkumar/Documents/MLOperations/MLOps/venv/lib/python3.11/site-packages/airflow/example_dags/example_branch_datetime_operator.py for tasks to queue
[2025-03-02T21:16:27.213-0500] {logging_mixin.py:149} INFO - [2025-03-02T21:16:27.213-0500] {dagbag.py:541} INFO - Filling up the DagBag from /Users/atulkumar/Documents/MLOperations/MLOps/venv/lib/python3.11/site-packages/airflow/example_dags/example_branch_datetime_operator.py
[2025-03-02T21:16:27.226-0500] {processor.py:836} INFO - DAG(s) dict_keys(['example_branch_datetime_operator_2', 'example_branch_datetime_operator', 'example_branch_datetime_operator_3']) retrieved from /Users/atulkumar/Documents/MLOperations/MLOps/venv/lib/python3.11/site-packages/airflow/example_dags/example_branch_datetime_operator.py
[2025-03-02T21:16:27.771-0500] {logging_mixin.py:149} INFO - [2025-03-02T21:16:27.771-0500] {dag.py:2726} INFO - Sync 3 DAGs
[2025-03-02T21:16:27.779-0500] {logging_mixin.py:149} INFO - [2025-03-02T21:16:27.779-0500] {dag.py:3486} INFO - Setting next_dagrun for example_branch_datetime_operator to 2025-03-02T00:00:00+00:00, run_after=2025-03-03T00:00:00+00:00
[2025-03-02T21:16:27.780-0500] {logging_mixin.py:149} INFO - [2025-03-02T21:16:27.780-0500] {dag.py:3486} INFO - Setting next_dagrun for example_branch_datetime_operator_2 to 2025-03-02T00:00:00+00:00, run_after=2025-03-03T00:00:00+00:00
[2025-03-02T21:16:27.781-0500] {logging_mixin.py:149} INFO - [2025-03-02T21:16:27.781-0500] {dag.py:3486} INFO - Setting next_dagrun for example_branch_datetime_operator_3 to 2025-03-02T00:00:00+00:00, run_after=2025-03-03T00:00:00+00:00
[2025-03-02T21:16:27.790-0500] {processor.py:179} INFO - Processing /Users/atulkumar/Documents/MLOperations/MLOps/venv/lib/python3.11/site-packages/airflow/example_dags/example_branch_datetime_operator.py took 0.579 seconds
[2025-03-02T21:18:36.408-0500] {processor.py:157} INFO - Started process (PID=81667) to work on /Users/atulkumar/Documents/MLOperations/MLOps/venv/lib/python3.11/site-packages/airflow/example_dags/example_branch_datetime_operator.py
[2025-03-02T21:18:36.410-0500] {processor.py:826} INFO - Processing file /Users/atulkumar/Documents/MLOperations/MLOps/venv/lib/python3.11/site-packages/airflow/example_dags/example_branch_datetime_operator.py for tasks to queue
[2025-03-02T21:18:36.411-0500] {logging_mixin.py:149} INFO - [2025-03-02T21:18:36.411-0500] {dagbag.py:541} INFO - Filling up the DagBag from /Users/atulkumar/Documents/MLOperations/MLOps/venv/lib/python3.11/site-packages/airflow/example_dags/example_branch_datetime_operator.py
[2025-03-02T21:18:36.420-0500] {processor.py:836} INFO - DAG(s) dict_keys(['example_branch_datetime_operator', 'example_branch_datetime_operator_2', 'example_branch_datetime_operator_3']) retrieved from /Users/atulkumar/Documents/MLOperations/MLOps/venv/lib/python3.11/site-packages/airflow/example_dags/example_branch_datetime_operator.py
[2025-03-02T21:18:36.891-0500] {logging_mixin.py:149} INFO - [2025-03-02T21:18:36.890-0500] {dag.py:2726} INFO - Sync 3 DAGs
[2025-03-02T21:18:36.898-0500] {logging_mixin.py:149} INFO - [2025-03-02T21:18:36.898-0500] {dag.py:3486} INFO - Setting next_dagrun for example_branch_datetime_operator to 2025-03-02T00:00:00+00:00, run_after=2025-03-03T00:00:00+00:00
[2025-03-02T21:18:36.900-0500] {logging_mixin.py:149} INFO - [2025-03-02T21:18:36.899-0500] {dag.py:3486} INFO - Setting next_dagrun for example_branch_datetime_operator_2 to 2025-03-02T00:00:00+00:00, run_after=2025-03-03T00:00:00+00:00
[2025-03-02T21:18:36.900-0500] {logging_mixin.py:149} INFO - [2025-03-02T21:18:36.900-0500] {dag.py:3486} INFO - Setting next_dagrun for example_branch_datetime_operator_3 to 2025-03-02T00:00:00+00:00, run_after=2025-03-03T00:00:00+00:00
[2025-03-02T21:18:36.909-0500] {processor.py:179} INFO - Processing /Users/atulkumar/Documents/MLOperations/MLOps/venv/lib/python3.11/site-packages/airflow/example_dags/example_branch_datetime_operator.py took 0.501 seconds
[2025-03-02T21:20:47.607-0500] {processor.py:157} INFO - Started process (PID=81891) to work on /Users/atulkumar/Documents/MLOperations/MLOps/venv/lib/python3.11/site-packages/airflow/example_dags/example_branch_datetime_operator.py
[2025-03-02T21:20:47.609-0500] {processor.py:826} INFO - Processing file /Users/atulkumar/Documents/MLOperations/MLOps/venv/lib/python3.11/site-packages/airflow/example_dags/example_branch_datetime_operator.py for tasks to queue
[2025-03-02T21:20:47.610-0500] {logging_mixin.py:149} INFO - [2025-03-02T21:20:47.610-0500] {dagbag.py:541} INFO - Filling up the DagBag from /Users/atulkumar/Documents/MLOperations/MLOps/venv/lib/python3.11/site-packages/airflow/example_dags/example_branch_datetime_operator.py
[2025-03-02T21:20:47.620-0500] {processor.py:836} INFO - DAG(s) dict_keys(['example_branch_datetime_operator', 'example_branch_datetime_operator_3', 'example_branch_datetime_operator_2']) retrieved from /Users/atulkumar/Documents/MLOperations/MLOps/venv/lib/python3.11/site-packages/airflow/example_dags/example_branch_datetime_operator.py
[2025-03-02T21:20:47.962-0500] {logging_mixin.py:149} INFO - [2025-03-02T21:20:47.961-0500] {dag.py:2726} INFO - Sync 3 DAGs
[2025-03-02T21:20:47.988-0500] {logging_mixin.py:149} INFO - [2025-03-02T21:20:47.988-0500] {dag.py:3486} INFO - Setting next_dagrun for example_branch_datetime_operator to 2025-03-02T00:00:00+00:00, run_after=2025-03-03T00:00:00+00:00
[2025-03-02T21:20:47.993-0500] {logging_mixin.py:149} INFO - [2025-03-02T21:20:47.993-0500] {dag.py:3486} INFO - Setting next_dagrun for example_branch_datetime_operator_2 to 2025-03-02T00:00:00+00:00, run_after=2025-03-03T00:00:00+00:00
[2025-03-02T21:20:47.994-0500] {logging_mixin.py:149} INFO - [2025-03-02T21:20:47.993-0500] {dag.py:3486} INFO - Setting next_dagrun for example_branch_datetime_operator_3 to 2025-03-02T00:00:00+00:00, run_after=2025-03-03T00:00:00+00:00
[2025-03-02T21:20:48.006-0500] {processor.py:179} INFO - Processing /Users/atulkumar/Documents/MLOperations/MLOps/venv/lib/python3.11/site-packages/airflow/example_dags/example_branch_datetime_operator.py took 0.399 seconds
[2025-03-02T21:22:57.981-0500] {processor.py:157} INFO - Started process (PID=82068) to work on /Users/atulkumar/Documents/MLOperations/MLOps/venv/lib/python3.11/site-packages/airflow/example_dags/example_branch_datetime_operator.py
[2025-03-02T21:22:57.983-0500] {processor.py:826} INFO - Processing file /Users/atulkumar/Documents/MLOperations/MLOps/venv/lib/python3.11/site-packages/airflow/example_dags/example_branch_datetime_operator.py for tasks to queue
[2025-03-02T21:22:57.983-0500] {logging_mixin.py:149} INFO - [2025-03-02T21:22:57.983-0500] {dagbag.py:541} INFO - Filling up the DagBag from /Users/atulkumar/Documents/MLOperations/MLOps/venv/lib/python3.11/site-packages/airflow/example_dags/example_branch_datetime_operator.py
[2025-03-02T21:22:57.993-0500] {processor.py:836} INFO - DAG(s) dict_keys(['example_branch_datetime_operator_3', 'example_branch_datetime_operator', 'example_branch_datetime_operator_2']) retrieved from /Users/atulkumar/Documents/MLOperations/MLOps/venv/lib/python3.11/site-packages/airflow/example_dags/example_branch_datetime_operator.py
[2025-03-02T21:22:58.505-0500] {logging_mixin.py:149} INFO - [2025-03-02T21:22:58.505-0500] {dag.py:2726} INFO - Sync 3 DAGs
[2025-03-02T21:22:58.513-0500] {logging_mixin.py:149} INFO - [2025-03-02T21:22:58.513-0500] {dag.py:3486} INFO - Setting next_dagrun for example_branch_datetime_operator to 2025-03-02T00:00:00+00:00, run_after=2025-03-03T00:00:00+00:00
[2025-03-02T21:22:58.514-0500] {logging_mixin.py:149} INFO - [2025-03-02T21:22:58.514-0500] {dag.py:3486} INFO - Setting next_dagrun for example_branch_datetime_operator_2 to 2025-03-02T00:00:00+00:00, run_after=2025-03-03T00:00:00+00:00
[2025-03-02T21:22:58.515-0500] {logging_mixin.py:149} INFO - [2025-03-02T21:22:58.515-0500] {dag.py:3486} INFO - Setting next_dagrun for example_branch_datetime_operator_3 to 2025-03-02T00:00:00+00:00, run_after=2025-03-03T00:00:00+00:00
[2025-03-02T21:22:58.523-0500] {processor.py:179} INFO - Processing /Users/atulkumar/Documents/MLOperations/MLOps/venv/lib/python3.11/site-packages/airflow/example_dags/example_branch_datetime_operator.py took 0.542 seconds
[2025-03-02T21:25:16.992-0500] {processor.py:157} INFO - Started process (PID=82335) to work on /Users/atulkumar/Documents/MLOperations/MLOps/venv/lib/python3.11/site-packages/airflow/example_dags/example_branch_datetime_operator.py
[2025-03-02T21:25:16.994-0500] {processor.py:826} INFO - Processing file /Users/atulkumar/Documents/MLOperations/MLOps/venv/lib/python3.11/site-packages/airflow/example_dags/example_branch_datetime_operator.py for tasks to queue
[2025-03-02T21:25:16.994-0500] {logging_mixin.py:149} INFO - [2025-03-02T21:25:16.994-0500] {dagbag.py:541} INFO - Filling up the DagBag from /Users/atulkumar/Documents/MLOperations/MLOps/venv/lib/python3.11/site-packages/airflow/example_dags/example_branch_datetime_operator.py
[2025-03-02T21:25:17.006-0500] {processor.py:836} INFO - DAG(s) dict_keys(['example_branch_datetime_operator', 'example_branch_datetime_operator_2', 'example_branch_datetime_operator_3']) retrieved from /Users/atulkumar/Documents/MLOperations/MLOps/venv/lib/python3.11/site-packages/airflow/example_dags/example_branch_datetime_operator.py
[2025-03-02T21:25:17.415-0500] {logging_mixin.py:149} INFO - [2025-03-02T21:25:17.414-0500] {dag.py:2726} INFO - Sync 3 DAGs
[2025-03-02T21:25:17.424-0500] {logging_mixin.py:149} INFO - [2025-03-02T21:25:17.423-0500] {dag.py:3486} INFO - Setting next_dagrun for example_branch_datetime_operator to 2025-03-02T00:00:00+00:00, run_after=2025-03-03T00:00:00+00:00
[2025-03-02T21:25:17.427-0500] {logging_mixin.py:149} INFO - [2025-03-02T21:25:17.427-0500] {dag.py:3486} INFO - Setting next_dagrun for example_branch_datetime_operator_2 to 2025-03-02T00:00:00+00:00, run_after=2025-03-03T00:00:00+00:00
[2025-03-02T21:25:17.428-0500] {logging_mixin.py:149} INFO - [2025-03-02T21:25:17.428-0500] {dag.py:3486} INFO - Setting next_dagrun for example_branch_datetime_operator_3 to 2025-03-02T00:00:00+00:00, run_after=2025-03-03T00:00:00+00:00
[2025-03-02T21:25:17.438-0500] {processor.py:179} INFO - Processing /Users/atulkumar/Documents/MLOperations/MLOps/venv/lib/python3.11/site-packages/airflow/example_dags/example_branch_datetime_operator.py took 0.447 seconds
