[2025-03-02T21:13:42.010-0500] {processor.py:157} INFO - Started process (PID=81255) to work on /Users/atulkumar/Documents/MLOperations/MLOps/venv/lib/python3.11/site-packages/airflow/example_dags/example_python_operator.py
[2025-03-02T21:13:42.012-0500] {processor.py:826} INFO - Processing file /Users/atulkumar/Documents/MLOperations/MLOps/venv/lib/python3.11/site-packages/airflow/example_dags/example_python_operator.py for tasks to queue
[2025-03-02T21:13:42.012-0500] {logging_mixin.py:149} INFO - [2025-03-02T21:13:42.012-0500] {dagbag.py:541} INFO - Filling up the DagBag from /Users/atulkumar/Documents/MLOperations/MLOps/venv/lib/python3.11/site-packages/airflow/example_dags/example_python_operator.py
[2025-03-02T21:13:42.052-0500] {logging_mixin.py:149} INFO - [2025-03-02T21:13:42.052-0500] {example_python_operator.py:90} WARNING - The virtalenv_python example task requires virtualenv, please install it.
[2025-03-02T21:13:42.054-0500] {processor.py:836} INFO - DAG(s) dict_keys(['example_python_operator']) retrieved from /Users/atulkumar/Documents/MLOperations/MLOps/venv/lib/python3.11/site-packages/airflow/example_dags/example_python_operator.py
[2025-03-02T21:13:42.427-0500] {logging_mixin.py:149} INFO - [2025-03-02T21:13:42.426-0500] {dag.py:2726} INFO - Sync 1 DAGs
[2025-03-02T21:13:42.434-0500] {logging_mixin.py:149} INFO - [2025-03-02T21:13:42.434-0500] {dag.py:3486} INFO - Setting next_dagrun for example_python_operator to None, run_after=None
[2025-03-02T21:13:42.442-0500] {processor.py:179} INFO - Processing /Users/atulkumar/Documents/MLOperations/MLOps/venv/lib/python3.11/site-packages/airflow/example_dags/example_python_operator.py took 0.432 seconds
[2025-03-02T21:15:15.839-0500] {processor.py:157} INFO - Started process (PID=81378) to work on /Users/atulkumar/Documents/MLOperations/MLOps/venv/lib/python3.11/site-packages/airflow/example_dags/example_python_operator.py
[2025-03-02T21:15:15.841-0500] {processor.py:826} INFO - Processing file /Users/atulkumar/Documents/MLOperations/MLOps/venv/lib/python3.11/site-packages/airflow/example_dags/example_python_operator.py for tasks to queue
[2025-03-02T21:15:15.841-0500] {logging_mixin.py:149} INFO - [2025-03-02T21:15:15.841-0500] {dagbag.py:541} INFO - Filling up the DagBag from /Users/atulkumar/Documents/MLOperations/MLOps/venv/lib/python3.11/site-packages/airflow/example_dags/example_python_operator.py
[2025-03-02T21:15:15.881-0500] {logging_mixin.py:149} INFO - [2025-03-02T21:15:15.881-0500] {example_python_operator.py:90} WARNING - The virtalenv_python example task requires virtualenv, please install it.
[2025-03-02T21:15:15.884-0500] {processor.py:836} INFO - DAG(s) dict_keys(['example_python_operator']) retrieved from /Users/atulkumar/Documents/MLOperations/MLOps/venv/lib/python3.11/site-packages/airflow/example_dags/example_python_operator.py
[2025-03-02T21:15:16.219-0500] {logging_mixin.py:149} INFO - [2025-03-02T21:15:16.219-0500] {dag.py:2726} INFO - Sync 1 DAGs
[2025-03-02T21:15:16.226-0500] {logging_mixin.py:149} INFO - [2025-03-02T21:15:16.226-0500] {dag.py:3486} INFO - Setting next_dagrun for example_python_operator to None, run_after=None
[2025-03-02T21:15:16.234-0500] {processor.py:179} INFO - Processing /Users/atulkumar/Documents/MLOperations/MLOps/venv/lib/python3.11/site-packages/airflow/example_dags/example_python_operator.py took 0.396 seconds
[2025-03-02T21:17:21.227-0500] {processor.py:157} INFO - Started process (PID=81557) to work on /Users/atulkumar/Documents/MLOperations/MLOps/venv/lib/python3.11/site-packages/airflow/example_dags/example_python_operator.py
[2025-03-02T21:17:21.229-0500] {processor.py:826} INFO - Processing file /Users/atulkumar/Documents/MLOperations/MLOps/venv/lib/python3.11/site-packages/airflow/example_dags/example_python_operator.py for tasks to queue
[2025-03-02T21:17:21.229-0500] {logging_mixin.py:149} INFO - [2025-03-02T21:17:21.229-0500] {dagbag.py:541} INFO - Filling up the DagBag from /Users/atulkumar/Documents/MLOperations/MLOps/venv/lib/python3.11/site-packages/airflow/example_dags/example_python_operator.py
[2025-03-02T21:17:21.283-0500] {logging_mixin.py:149} INFO - [2025-03-02T21:17:21.283-0500] {example_python_operator.py:90} WARNING - The virtalenv_python example task requires virtualenv, please install it.
[2025-03-02T21:17:21.286-0500] {processor.py:836} INFO - DAG(s) dict_keys(['example_python_operator']) retrieved from /Users/atulkumar/Documents/MLOperations/MLOps/venv/lib/python3.11/site-packages/airflow/example_dags/example_python_operator.py
[2025-03-02T21:17:21.613-0500] {logging_mixin.py:149} INFO - [2025-03-02T21:17:21.613-0500] {dag.py:2726} INFO - Sync 1 DAGs
[2025-03-02T21:17:21.620-0500] {logging_mixin.py:149} INFO - [2025-03-02T21:17:21.620-0500] {dag.py:3486} INFO - Setting next_dagrun for example_python_operator to None, run_after=None
[2025-03-02T21:17:21.629-0500] {processor.py:179} INFO - Processing /Users/atulkumar/Documents/MLOperations/MLOps/venv/lib/python3.11/site-packages/airflow/example_dags/example_python_operator.py took 0.403 seconds
[2025-03-02T21:19:29.507-0500] {processor.py:157} INFO - Started process (PID=81759) to work on /Users/atulkumar/Documents/MLOperations/MLOps/venv/lib/python3.11/site-packages/airflow/example_dags/example_python_operator.py
[2025-03-02T21:19:29.509-0500] {processor.py:826} INFO - Processing file /Users/atulkumar/Documents/MLOperations/MLOps/venv/lib/python3.11/site-packages/airflow/example_dags/example_python_operator.py for tasks to queue
[2025-03-02T21:19:29.510-0500] {logging_mixin.py:149} INFO - [2025-03-02T21:19:29.510-0500] {dagbag.py:541} INFO - Filling up the DagBag from /Users/atulkumar/Documents/MLOperations/MLOps/venv/lib/python3.11/site-packages/airflow/example_dags/example_python_operator.py
[2025-03-02T21:19:29.552-0500] {logging_mixin.py:149} INFO - [2025-03-02T21:19:29.552-0500] {example_python_operator.py:90} WARNING - The virtalenv_python example task requires virtualenv, please install it.
[2025-03-02T21:19:29.555-0500] {processor.py:836} INFO - DAG(s) dict_keys(['example_python_operator']) retrieved from /Users/atulkumar/Documents/MLOperations/MLOps/venv/lib/python3.11/site-packages/airflow/example_dags/example_python_operator.py
[2025-03-02T21:19:29.888-0500] {logging_mixin.py:149} INFO - [2025-03-02T21:19:29.888-0500] {dag.py:2726} INFO - Sync 1 DAGs
[2025-03-02T21:19:29.895-0500] {logging_mixin.py:149} INFO - [2025-03-02T21:19:29.895-0500] {dag.py:3486} INFO - Setting next_dagrun for example_python_operator to None, run_after=None
[2025-03-02T21:19:29.910-0500] {processor.py:179} INFO - Processing /Users/atulkumar/Documents/MLOperations/MLOps/venv/lib/python3.11/site-packages/airflow/example_dags/example_python_operator.py took 0.403 seconds
[2025-03-02T21:21:40.744-0500] {processor.py:157} INFO - Started process (PID=81964) to work on /Users/atulkumar/Documents/MLOperations/MLOps/venv/lib/python3.11/site-packages/airflow/example_dags/example_python_operator.py
[2025-03-02T21:21:40.747-0500] {processor.py:826} INFO - Processing file /Users/atulkumar/Documents/MLOperations/MLOps/venv/lib/python3.11/site-packages/airflow/example_dags/example_python_operator.py for tasks to queue
[2025-03-02T21:21:40.747-0500] {logging_mixin.py:149} INFO - [2025-03-02T21:21:40.747-0500] {dagbag.py:541} INFO - Filling up the DagBag from /Users/atulkumar/Documents/MLOperations/MLOps/venv/lib/python3.11/site-packages/airflow/example_dags/example_python_operator.py
[2025-03-02T21:21:40.786-0500] {logging_mixin.py:149} INFO - [2025-03-02T21:21:40.786-0500] {example_python_operator.py:90} WARNING - The virtalenv_python example task requires virtualenv, please install it.
[2025-03-02T21:21:40.789-0500] {processor.py:836} INFO - DAG(s) dict_keys(['example_python_operator']) retrieved from /Users/atulkumar/Documents/MLOperations/MLOps/venv/lib/python3.11/site-packages/airflow/example_dags/example_python_operator.py
[2025-03-02T21:21:41.106-0500] {logging_mixin.py:149} INFO - [2025-03-02T21:21:41.106-0500] {dag.py:2726} INFO - Sync 1 DAGs
[2025-03-02T21:21:41.113-0500] {logging_mixin.py:149} INFO - [2025-03-02T21:21:41.113-0500] {dag.py:3486} INFO - Setting next_dagrun for example_python_operator to None, run_after=None
[2025-03-02T21:21:41.120-0500] {processor.py:179} INFO - Processing /Users/atulkumar/Documents/MLOperations/MLOps/venv/lib/python3.11/site-packages/airflow/example_dags/example_python_operator.py took 0.377 seconds
[2025-03-02T21:23:52.031-0500] {processor.py:157} INFO - Started process (PID=82140) to work on /Users/atulkumar/Documents/MLOperations/MLOps/venv/lib/python3.11/site-packages/airflow/example_dags/example_python_operator.py
[2025-03-02T21:23:52.032-0500] {processor.py:826} INFO - Processing file /Users/atulkumar/Documents/MLOperations/MLOps/venv/lib/python3.11/site-packages/airflow/example_dags/example_python_operator.py for tasks to queue
[2025-03-02T21:23:52.033-0500] {logging_mixin.py:149} INFO - [2025-03-02T21:23:52.032-0500] {dagbag.py:541} INFO - Filling up the DagBag from /Users/atulkumar/Documents/MLOperations/MLOps/venv/lib/python3.11/site-packages/airflow/example_dags/example_python_operator.py
[2025-03-02T21:23:52.070-0500] {logging_mixin.py:149} INFO - [2025-03-02T21:23:52.070-0500] {example_python_operator.py:90} WARNING - The virtalenv_python example task requires virtualenv, please install it.
[2025-03-02T21:23:52.073-0500] {processor.py:836} INFO - DAG(s) dict_keys(['example_python_operator']) retrieved from /Users/atulkumar/Documents/MLOperations/MLOps/venv/lib/python3.11/site-packages/airflow/example_dags/example_python_operator.py
[2025-03-02T21:23:52.397-0500] {logging_mixin.py:149} INFO - [2025-03-02T21:23:52.397-0500] {dag.py:2726} INFO - Sync 1 DAGs
[2025-03-02T21:23:52.403-0500] {logging_mixin.py:149} INFO - [2025-03-02T21:23:52.403-0500] {dag.py:3486} INFO - Setting next_dagrun for example_python_operator to None, run_after=None
[2025-03-02T21:23:52.411-0500] {processor.py:179} INFO - Processing /Users/atulkumar/Documents/MLOperations/MLOps/venv/lib/python3.11/site-packages/airflow/example_dags/example_python_operator.py took 0.380 seconds
