[2025-03-02T21:14:04.696-0500] {processor.py:157} INFO - Started process (PID=81291) to work on /Users/atulkumar/Documents/MLOperations/MLOps/venv/lib/python3.11/site-packages/airflow/example_dags/example_dynamic_task_mapping.py
[2025-03-02T21:14:04.697-0500] {processor.py:826} INFO - Processing file /Users/atulkumar/Documents/MLOperations/MLOps/venv/lib/python3.11/site-packages/airflow/example_dags/example_dynamic_task_mapping.py for tasks to queue
[2025-03-02T21:14:04.698-0500] {logging_mixin.py:149} INFO - [2025-03-02T21:14:04.698-0500] {dagbag.py:541} INFO - Filling up the DagBag from /Users/atulkumar/Documents/MLOperations/MLOps/venv/lib/python3.11/site-packages/airflow/example_dags/example_dynamic_task_mapping.py
[2025-03-02T21:14:04.738-0500] {processor.py:836} INFO - DAG(s) dict_keys(['example_dynamic_task_mapping']) retrieved from /Users/atulkumar/Documents/MLOperations/MLOps/venv/lib/python3.11/site-packages/airflow/example_dags/example_dynamic_task_mapping.py
[2025-03-02T21:14:05.106-0500] {logging_mixin.py:149} INFO - [2025-03-02T21:14:05.106-0500] {dag.py:2726} INFO - Sync 1 DAGs
[2025-03-02T21:14:05.112-0500] {logging_mixin.py:149} INFO - [2025-03-02T21:14:05.112-0500] {dag.py:3486} INFO - Setting next_dagrun for example_dynamic_task_mapping to 2022-03-04T00:00:00+00:00, run_after=2022-03-05T00:00:00+00:00
[2025-03-02T21:14:05.122-0500] {processor.py:179} INFO - Processing /Users/atulkumar/Documents/MLOperations/MLOps/venv/lib/python3.11/site-packages/airflow/example_dags/example_dynamic_task_mapping.py took 0.426 seconds
[2025-03-02T21:16:09.615-0500] {processor.py:157} INFO - Started process (PID=81449) to work on /Users/atulkumar/Documents/MLOperations/MLOps/venv/lib/python3.11/site-packages/airflow/example_dags/example_dynamic_task_mapping.py
[2025-03-02T21:16:09.617-0500] {processor.py:826} INFO - Processing file /Users/atulkumar/Documents/MLOperations/MLOps/venv/lib/python3.11/site-packages/airflow/example_dags/example_dynamic_task_mapping.py for tasks to queue
[2025-03-02T21:16:09.617-0500] {logging_mixin.py:149} INFO - [2025-03-02T21:16:09.617-0500] {dagbag.py:541} INFO - Filling up the DagBag from /Users/atulkumar/Documents/MLOperations/MLOps/venv/lib/python3.11/site-packages/airflow/example_dags/example_dynamic_task_mapping.py
[2025-03-02T21:16:09.657-0500] {processor.py:836} INFO - DAG(s) dict_keys(['example_dynamic_task_mapping']) retrieved from /Users/atulkumar/Documents/MLOperations/MLOps/venv/lib/python3.11/site-packages/airflow/example_dags/example_dynamic_task_mapping.py
[2025-03-02T21:16:09.997-0500] {logging_mixin.py:149} INFO - [2025-03-02T21:16:09.997-0500] {dag.py:2726} INFO - Sync 1 DAGs
[2025-03-02T21:16:10.004-0500] {logging_mixin.py:149} INFO - [2025-03-02T21:16:10.004-0500] {dag.py:3486} INFO - Setting next_dagrun for example_dynamic_task_mapping to 2022-03-04T00:00:00+00:00, run_after=2022-03-05T00:00:00+00:00
[2025-03-02T21:16:10.011-0500] {processor.py:179} INFO - Processing /Users/atulkumar/Documents/MLOperations/MLOps/venv/lib/python3.11/site-packages/airflow/example_dags/example_dynamic_task_mapping.py took 0.397 seconds
[2025-03-02T21:18:18.476-0500] {processor.py:157} INFO - Started process (PID=81631) to work on /Users/atulkumar/Documents/MLOperations/MLOps/venv/lib/python3.11/site-packages/airflow/example_dags/example_dynamic_task_mapping.py
[2025-03-02T21:18:18.478-0500] {processor.py:826} INFO - Processing file /Users/atulkumar/Documents/MLOperations/MLOps/venv/lib/python3.11/site-packages/airflow/example_dags/example_dynamic_task_mapping.py for tasks to queue
[2025-03-02T21:18:18.478-0500] {logging_mixin.py:149} INFO - [2025-03-02T21:18:18.478-0500] {dagbag.py:541} INFO - Filling up the DagBag from /Users/atulkumar/Documents/MLOperations/MLOps/venv/lib/python3.11/site-packages/airflow/example_dags/example_dynamic_task_mapping.py
[2025-03-02T21:18:18.525-0500] {processor.py:836} INFO - DAG(s) dict_keys(['example_dynamic_task_mapping']) retrieved from /Users/atulkumar/Documents/MLOperations/MLOps/venv/lib/python3.11/site-packages/airflow/example_dags/example_dynamic_task_mapping.py
[2025-03-02T21:18:18.868-0500] {logging_mixin.py:149} INFO - [2025-03-02T21:18:18.868-0500] {dag.py:2726} INFO - Sync 1 DAGs
[2025-03-02T21:18:18.876-0500] {logging_mixin.py:149} INFO - [2025-03-02T21:18:18.876-0500] {dag.py:3486} INFO - Setting next_dagrun for example_dynamic_task_mapping to 2022-03-04T00:00:00+00:00, run_after=2022-03-05T00:00:00+00:00
[2025-03-02T21:18:18.886-0500] {processor.py:179} INFO - Processing /Users/atulkumar/Documents/MLOperations/MLOps/venv/lib/python3.11/site-packages/airflow/example_dags/example_dynamic_task_mapping.py took 0.411 seconds
[2025-03-02T21:20:29.319-0500] {processor.py:157} INFO - Started process (PID=81861) to work on /Users/atulkumar/Documents/MLOperations/MLOps/venv/lib/python3.11/site-packages/airflow/example_dags/example_dynamic_task_mapping.py
[2025-03-02T21:20:29.321-0500] {processor.py:826} INFO - Processing file /Users/atulkumar/Documents/MLOperations/MLOps/venv/lib/python3.11/site-packages/airflow/example_dags/example_dynamic_task_mapping.py for tasks to queue
[2025-03-02T21:20:29.321-0500] {logging_mixin.py:149} INFO - [2025-03-02T21:20:29.321-0500] {dagbag.py:541} INFO - Filling up the DagBag from /Users/atulkumar/Documents/MLOperations/MLOps/venv/lib/python3.11/site-packages/airflow/example_dags/example_dynamic_task_mapping.py
[2025-03-02T21:20:29.364-0500] {processor.py:836} INFO - DAG(s) dict_keys(['example_dynamic_task_mapping']) retrieved from /Users/atulkumar/Documents/MLOperations/MLOps/venv/lib/python3.11/site-packages/airflow/example_dags/example_dynamic_task_mapping.py
[2025-03-02T21:20:29.706-0500] {logging_mixin.py:149} INFO - [2025-03-02T21:20:29.706-0500] {dag.py:2726} INFO - Sync 1 DAGs
[2025-03-02T21:20:29.713-0500] {logging_mixin.py:149} INFO - [2025-03-02T21:20:29.713-0500] {dag.py:3486} INFO - Setting next_dagrun for example_dynamic_task_mapping to 2022-03-04T00:00:00+00:00, run_after=2022-03-05T00:00:00+00:00
[2025-03-02T21:20:29.721-0500] {processor.py:179} INFO - Processing /Users/atulkumar/Documents/MLOperations/MLOps/venv/lib/python3.11/site-packages/airflow/example_dags/example_dynamic_task_mapping.py took 0.403 seconds
[2025-03-02T21:22:40.634-0500] {processor.py:157} INFO - Started process (PID=82045) to work on /Users/atulkumar/Documents/MLOperations/MLOps/venv/lib/python3.11/site-packages/airflow/example_dags/example_dynamic_task_mapping.py
[2025-03-02T21:22:40.637-0500] {processor.py:826} INFO - Processing file /Users/atulkumar/Documents/MLOperations/MLOps/venv/lib/python3.11/site-packages/airflow/example_dags/example_dynamic_task_mapping.py for tasks to queue
[2025-03-02T21:22:40.637-0500] {logging_mixin.py:149} INFO - [2025-03-02T21:22:40.637-0500] {dagbag.py:541} INFO - Filling up the DagBag from /Users/atulkumar/Documents/MLOperations/MLOps/venv/lib/python3.11/site-packages/airflow/example_dags/example_dynamic_task_mapping.py
[2025-03-02T21:22:40.677-0500] {processor.py:836} INFO - DAG(s) dict_keys(['example_dynamic_task_mapping']) retrieved from /Users/atulkumar/Documents/MLOperations/MLOps/venv/lib/python3.11/site-packages/airflow/example_dags/example_dynamic_task_mapping.py
[2025-03-02T21:22:40.984-0500] {logging_mixin.py:149} INFO - [2025-03-02T21:22:40.984-0500] {dag.py:2726} INFO - Sync 1 DAGs
[2025-03-02T21:22:40.991-0500] {logging_mixin.py:149} INFO - [2025-03-02T21:22:40.990-0500] {dag.py:3486} INFO - Setting next_dagrun for example_dynamic_task_mapping to 2022-03-04T00:00:00+00:00, run_after=2022-03-05T00:00:00+00:00
[2025-03-02T21:22:40.998-0500] {processor.py:179} INFO - Processing /Users/atulkumar/Documents/MLOperations/MLOps/venv/lib/python3.11/site-packages/airflow/example_dags/example_dynamic_task_mapping.py took 0.364 seconds
[2025-03-02T21:24:54.213-0500] {processor.py:157} INFO - Started process (PID=82282) to work on /Users/atulkumar/Documents/MLOperations/MLOps/venv/lib/python3.11/site-packages/airflow/example_dags/example_dynamic_task_mapping.py
[2025-03-02T21:24:54.215-0500] {processor.py:826} INFO - Processing file /Users/atulkumar/Documents/MLOperations/MLOps/venv/lib/python3.11/site-packages/airflow/example_dags/example_dynamic_task_mapping.py for tasks to queue
[2025-03-02T21:24:54.216-0500] {logging_mixin.py:149} INFO - [2025-03-02T21:24:54.216-0500] {dagbag.py:541} INFO - Filling up the DagBag from /Users/atulkumar/Documents/MLOperations/MLOps/venv/lib/python3.11/site-packages/airflow/example_dags/example_dynamic_task_mapping.py
[2025-03-02T21:24:54.263-0500] {processor.py:836} INFO - DAG(s) dict_keys(['example_dynamic_task_mapping']) retrieved from /Users/atulkumar/Documents/MLOperations/MLOps/venv/lib/python3.11/site-packages/airflow/example_dags/example_dynamic_task_mapping.py
[2025-03-02T21:24:54.647-0500] {logging_mixin.py:149} INFO - [2025-03-02T21:24:54.647-0500] {dag.py:2726} INFO - Sync 1 DAGs
[2025-03-02T21:24:54.655-0500] {logging_mixin.py:149} INFO - [2025-03-02T21:24:54.655-0500] {dag.py:3486} INFO - Setting next_dagrun for example_dynamic_task_mapping to 2022-03-04T00:00:00+00:00, run_after=2022-03-05T00:00:00+00:00
[2025-03-02T21:24:54.665-0500] {processor.py:179} INFO - Processing /Users/atulkumar/Documents/MLOperations/MLOps/venv/lib/python3.11/site-packages/airflow/example_dags/example_dynamic_task_mapping.py took 0.453 seconds
