[2025-03-02T21:13:58.769-0500] {processor.py:157} INFO - Started process (PID=81282) to work on /Users/atulkumar/Documents/MLOperations/MLOps/venv/lib/python3.11/site-packages/airflow/example_dags/example_kubernetes_executor.py
[2025-03-02T21:13:58.772-0500] {processor.py:826} INFO - Processing file /Users/atulkumar/Documents/MLOperations/MLOps/venv/lib/python3.11/site-packages/airflow/example_dags/example_kubernetes_executor.py for tasks to queue
[2025-03-02T21:13:58.772-0500] {logging_mixin.py:149} INFO - [2025-03-02T21:13:58.772-0500] {dagbag.py:541} INFO - Filling up the DagBag from /Users/atulkumar/Documents/MLOperations/MLOps/venv/lib/python3.11/site-packages/airflow/example_dags/example_kubernetes_executor.py
[2025-03-02T21:13:58.810-0500] {logging_mixin.py:149} INFO - [2025-03-02T21:13:58.810-0500] {example_kubernetes_executor.py:41} WARNING - The example_kubernetes_executor example DAG requires the kubernetes provider. Please install it with: pip install apache-airflow[cncf.kubernetes]
[2025-03-02T21:13:58.811-0500] {processor.py:838} WARNING - No viable dags retrieved from /Users/atulkumar/Documents/MLOperations/MLOps/venv/lib/python3.11/site-packages/airflow/example_dags/example_kubernetes_executor.py
[2025-03-02T21:13:59.129-0500] {processor.py:179} INFO - Processing /Users/atulkumar/Documents/MLOperations/MLOps/venv/lib/python3.11/site-packages/airflow/example_dags/example_kubernetes_executor.py took 0.360 seconds
[2025-03-02T21:16:03.604-0500] {processor.py:157} INFO - Started process (PID=81443) to work on /Users/atulkumar/Documents/MLOperations/MLOps/venv/lib/python3.11/site-packages/airflow/example_dags/example_kubernetes_executor.py
[2025-03-02T21:16:03.606-0500] {processor.py:826} INFO - Processing file /Users/atulkumar/Documents/MLOperations/MLOps/venv/lib/python3.11/site-packages/airflow/example_dags/example_kubernetes_executor.py for tasks to queue
[2025-03-02T21:16:03.607-0500] {logging_mixin.py:149} INFO - [2025-03-02T21:16:03.607-0500] {dagbag.py:541} INFO - Filling up the DagBag from /Users/atulkumar/Documents/MLOperations/MLOps/venv/lib/python3.11/site-packages/airflow/example_dags/example_kubernetes_executor.py
[2025-03-02T21:16:03.650-0500] {logging_mixin.py:149} INFO - [2025-03-02T21:16:03.650-0500] {example_kubernetes_executor.py:41} WARNING - The example_kubernetes_executor example DAG requires the kubernetes provider. Please install it with: pip install apache-airflow[cncf.kubernetes]
[2025-03-02T21:16:03.650-0500] {processor.py:838} WARNING - No viable dags retrieved from /Users/atulkumar/Documents/MLOperations/MLOps/venv/lib/python3.11/site-packages/airflow/example_dags/example_kubernetes_executor.py
[2025-03-02T21:16:03.962-0500] {processor.py:179} INFO - Processing /Users/atulkumar/Documents/MLOperations/MLOps/venv/lib/python3.11/site-packages/airflow/example_dags/example_kubernetes_executor.py took 0.358 seconds
[2025-03-02T21:18:11.425-0500] {processor.py:157} INFO - Started process (PID=81625) to work on /Users/atulkumar/Documents/MLOperations/MLOps/venv/lib/python3.11/site-packages/airflow/example_dags/example_kubernetes_executor.py
[2025-03-02T21:18:11.427-0500] {processor.py:826} INFO - Processing file /Users/atulkumar/Documents/MLOperations/MLOps/venv/lib/python3.11/site-packages/airflow/example_dags/example_kubernetes_executor.py for tasks to queue
[2025-03-02T21:18:11.427-0500] {logging_mixin.py:149} INFO - [2025-03-02T21:18:11.427-0500] {dagbag.py:541} INFO - Filling up the DagBag from /Users/atulkumar/Documents/MLOperations/MLOps/venv/lib/python3.11/site-packages/airflow/example_dags/example_kubernetes_executor.py
[2025-03-02T21:18:11.467-0500] {logging_mixin.py:149} INFO - [2025-03-02T21:18:11.467-0500] {example_kubernetes_executor.py:41} WARNING - The example_kubernetes_executor example DAG requires the kubernetes provider. Please install it with: pip install apache-airflow[cncf.kubernetes]
[2025-03-02T21:18:11.467-0500] {processor.py:838} WARNING - No viable dags retrieved from /Users/atulkumar/Documents/MLOperations/MLOps/venv/lib/python3.11/site-packages/airflow/example_dags/example_kubernetes_executor.py
[2025-03-02T21:18:11.787-0500] {processor.py:179} INFO - Processing /Users/atulkumar/Documents/MLOperations/MLOps/venv/lib/python3.11/site-packages/airflow/example_dags/example_kubernetes_executor.py took 0.362 seconds
[2025-03-02T21:20:23.328-0500] {processor.py:157} INFO - Started process (PID=81845) to work on /Users/atulkumar/Documents/MLOperations/MLOps/venv/lib/python3.11/site-packages/airflow/example_dags/example_kubernetes_executor.py
[2025-03-02T21:20:23.329-0500] {processor.py:826} INFO - Processing file /Users/atulkumar/Documents/MLOperations/MLOps/venv/lib/python3.11/site-packages/airflow/example_dags/example_kubernetes_executor.py for tasks to queue
[2025-03-02T21:20:23.330-0500] {logging_mixin.py:149} INFO - [2025-03-02T21:20:23.330-0500] {dagbag.py:541} INFO - Filling up the DagBag from /Users/atulkumar/Documents/MLOperations/MLOps/venv/lib/python3.11/site-packages/airflow/example_dags/example_kubernetes_executor.py
[2025-03-02T21:20:23.366-0500] {logging_mixin.py:149} INFO - [2025-03-02T21:20:23.365-0500] {example_kubernetes_executor.py:41} WARNING - The example_kubernetes_executor example DAG requires the kubernetes provider. Please install it with: pip install apache-airflow[cncf.kubernetes]
[2025-03-02T21:20:23.366-0500] {processor.py:838} WARNING - No viable dags retrieved from /Users/atulkumar/Documents/MLOperations/MLOps/venv/lib/python3.11/site-packages/airflow/example_dags/example_kubernetes_executor.py
[2025-03-02T21:20:23.665-0500] {processor.py:179} INFO - Processing /Users/atulkumar/Documents/MLOperations/MLOps/venv/lib/python3.11/site-packages/airflow/example_dags/example_kubernetes_executor.py took 0.338 seconds
[2025-03-02T21:22:34.590-0500] {processor.py:157} INFO - Started process (PID=82030) to work on /Users/atulkumar/Documents/MLOperations/MLOps/venv/lib/python3.11/site-packages/airflow/example_dags/example_kubernetes_executor.py
[2025-03-02T21:22:34.592-0500] {processor.py:826} INFO - Processing file /Users/atulkumar/Documents/MLOperations/MLOps/venv/lib/python3.11/site-packages/airflow/example_dags/example_kubernetes_executor.py for tasks to queue
[2025-03-02T21:22:34.593-0500] {logging_mixin.py:149} INFO - [2025-03-02T21:22:34.593-0500] {dagbag.py:541} INFO - Filling up the DagBag from /Users/atulkumar/Documents/MLOperations/MLOps/venv/lib/python3.11/site-packages/airflow/example_dags/example_kubernetes_executor.py
[2025-03-02T21:22:34.634-0500] {logging_mixin.py:149} INFO - [2025-03-02T21:22:34.634-0500] {example_kubernetes_executor.py:41} WARNING - The example_kubernetes_executor example DAG requires the kubernetes provider. Please install it with: pip install apache-airflow[cncf.kubernetes]
[2025-03-02T21:22:34.634-0500] {processor.py:838} WARNING - No viable dags retrieved from /Users/atulkumar/Documents/MLOperations/MLOps/venv/lib/python3.11/site-packages/airflow/example_dags/example_kubernetes_executor.py
[2025-03-02T21:22:34.974-0500] {processor.py:179} INFO - Processing /Users/atulkumar/Documents/MLOperations/MLOps/venv/lib/python3.11/site-packages/airflow/example_dags/example_kubernetes_executor.py took 0.384 seconds
[2025-03-02T21:24:47.893-0500] {processor.py:157} INFO - Started process (PID=82276) to work on /Users/atulkumar/Documents/MLOperations/MLOps/venv/lib/python3.11/site-packages/airflow/example_dags/example_kubernetes_executor.py
[2025-03-02T21:24:47.895-0500] {processor.py:826} INFO - Processing file /Users/atulkumar/Documents/MLOperations/MLOps/venv/lib/python3.11/site-packages/airflow/example_dags/example_kubernetes_executor.py for tasks to queue
[2025-03-02T21:24:47.895-0500] {logging_mixin.py:149} INFO - [2025-03-02T21:24:47.895-0500] {dagbag.py:541} INFO - Filling up the DagBag from /Users/atulkumar/Documents/MLOperations/MLOps/venv/lib/python3.11/site-packages/airflow/example_dags/example_kubernetes_executor.py
[2025-03-02T21:24:47.942-0500] {logging_mixin.py:149} INFO - [2025-03-02T21:24:47.942-0500] {example_kubernetes_executor.py:41} WARNING - The example_kubernetes_executor example DAG requires the kubernetes provider. Please install it with: pip install apache-airflow[cncf.kubernetes]
[2025-03-02T21:24:47.942-0500] {processor.py:838} WARNING - No viable dags retrieved from /Users/atulkumar/Documents/MLOperations/MLOps/venv/lib/python3.11/site-packages/airflow/example_dags/example_kubernetes_executor.py
[2025-03-02T21:24:48.293-0500] {processor.py:179} INFO - Processing /Users/atulkumar/Documents/MLOperations/MLOps/venv/lib/python3.11/site-packages/airflow/example_dags/example_kubernetes_executor.py took 0.401 seconds
