[2025-03-02T21:14:00.777-0500] {processor.py:157} INFO - Started process (PID=81283) to work on /Users/atulkumar/Documents/MLOperations/MLOps/venv/lib/python3.11/site-packages/airflow/example_dags/example_external_task_marker_dag.py
[2025-03-02T21:14:00.779-0500] {processor.py:826} INFO - Processing file /Users/atulkumar/Documents/MLOperations/MLOps/venv/lib/python3.11/site-packages/airflow/example_dags/example_external_task_marker_dag.py for tasks to queue
[2025-03-02T21:14:00.779-0500] {logging_mixin.py:149} INFO - [2025-03-02T21:14:00.779-0500] {dagbag.py:541} INFO - Filling up the DagBag from /Users/atulkumar/Documents/MLOperations/MLOps/venv/lib/python3.11/site-packages/airflow/example_dags/example_external_task_marker_dag.py
[2025-03-02T21:14:00.788-0500] {processor.py:836} INFO - DAG(s) dict_keys(['example_external_task_marker_child', 'example_external_task_marker_parent']) retrieved from /Users/atulkumar/Documents/MLOperations/MLOps/venv/lib/python3.11/site-packages/airflow/example_dags/example_external_task_marker_dag.py
[2025-03-02T21:14:01.205-0500] {logging_mixin.py:149} INFO - [2025-03-02T21:14:01.205-0500] {dag.py:2726} INFO - Sync 2 DAGs
[2025-03-02T21:14:01.212-0500] {logging_mixin.py:149} INFO - [2025-03-02T21:14:01.212-0500] {dag.py:3486} INFO - Setting next_dagrun for example_external_task_marker_child to None, run_after=None
[2025-03-02T21:14:01.212-0500] {logging_mixin.py:149} INFO - [2025-03-02T21:14:01.212-0500] {dag.py:3486} INFO - Setting next_dagrun for example_external_task_marker_parent to None, run_after=None
[2025-03-02T21:14:01.220-0500] {processor.py:179} INFO - Processing /Users/atulkumar/Documents/MLOperations/MLOps/venv/lib/python3.11/site-packages/airflow/example_dags/example_external_task_marker_dag.py took 0.443 seconds
[2025-03-02T21:16:05.604-0500] {processor.py:157} INFO - Started process (PID=81444) to work on /Users/atulkumar/Documents/MLOperations/MLOps/venv/lib/python3.11/site-packages/airflow/example_dags/example_external_task_marker_dag.py
[2025-03-02T21:16:05.606-0500] {processor.py:826} INFO - Processing file /Users/atulkumar/Documents/MLOperations/MLOps/venv/lib/python3.11/site-packages/airflow/example_dags/example_external_task_marker_dag.py for tasks to queue
[2025-03-02T21:16:05.606-0500] {logging_mixin.py:149} INFO - [2025-03-02T21:16:05.606-0500] {dagbag.py:541} INFO - Filling up the DagBag from /Users/atulkumar/Documents/MLOperations/MLOps/venv/lib/python3.11/site-packages/airflow/example_dags/example_external_task_marker_dag.py
[2025-03-02T21:16:05.614-0500] {processor.py:836} INFO - DAG(s) dict_keys(['example_external_task_marker_parent', 'example_external_task_marker_child']) retrieved from /Users/atulkumar/Documents/MLOperations/MLOps/venv/lib/python3.11/site-packages/airflow/example_dags/example_external_task_marker_dag.py
[2025-03-02T21:16:05.970-0500] {logging_mixin.py:149} INFO - [2025-03-02T21:16:05.970-0500] {dag.py:2726} INFO - Sync 2 DAGs
[2025-03-02T21:16:05.977-0500] {logging_mixin.py:149} INFO - [2025-03-02T21:16:05.977-0500] {dag.py:3486} INFO - Setting next_dagrun for example_external_task_marker_child to None, run_after=None
[2025-03-02T21:16:05.978-0500] {logging_mixin.py:149} INFO - [2025-03-02T21:16:05.978-0500] {dag.py:3486} INFO - Setting next_dagrun for example_external_task_marker_parent to None, run_after=None
[2025-03-02T21:16:05.985-0500] {processor.py:179} INFO - Processing /Users/atulkumar/Documents/MLOperations/MLOps/venv/lib/python3.11/site-packages/airflow/example_dags/example_external_task_marker_dag.py took 0.382 seconds
[2025-03-02T21:18:13.926-0500] {processor.py:157} INFO - Started process (PID=81626) to work on /Users/atulkumar/Documents/MLOperations/MLOps/venv/lib/python3.11/site-packages/airflow/example_dags/example_external_task_marker_dag.py
[2025-03-02T21:18:13.929-0500] {processor.py:826} INFO - Processing file /Users/atulkumar/Documents/MLOperations/MLOps/venv/lib/python3.11/site-packages/airflow/example_dags/example_external_task_marker_dag.py for tasks to queue
[2025-03-02T21:18:13.929-0500] {logging_mixin.py:149} INFO - [2025-03-02T21:18:13.929-0500] {dagbag.py:541} INFO - Filling up the DagBag from /Users/atulkumar/Documents/MLOperations/MLOps/venv/lib/python3.11/site-packages/airflow/example_dags/example_external_task_marker_dag.py
[2025-03-02T21:18:13.942-0500] {processor.py:836} INFO - DAG(s) dict_keys(['example_external_task_marker_parent', 'example_external_task_marker_child']) retrieved from /Users/atulkumar/Documents/MLOperations/MLOps/venv/lib/python3.11/site-packages/airflow/example_dags/example_external_task_marker_dag.py
[2025-03-02T21:18:14.569-0500] {logging_mixin.py:149} INFO - [2025-03-02T21:18:14.569-0500] {dag.py:2726} INFO - Sync 2 DAGs
[2025-03-02T21:18:14.577-0500] {logging_mixin.py:149} INFO - [2025-03-02T21:18:14.577-0500] {dag.py:3486} INFO - Setting next_dagrun for example_external_task_marker_child to None, run_after=None
[2025-03-02T21:18:14.578-0500] {logging_mixin.py:149} INFO - [2025-03-02T21:18:14.578-0500] {dag.py:3486} INFO - Setting next_dagrun for example_external_task_marker_parent to None, run_after=None
[2025-03-02T21:18:14.588-0500] {processor.py:179} INFO - Processing /Users/atulkumar/Documents/MLOperations/MLOps/venv/lib/python3.11/site-packages/airflow/example_dags/example_external_task_marker_dag.py took 0.662 seconds
[2025-03-02T21:20:25.265-0500] {processor.py:157} INFO - Started process (PID=81848) to work on /Users/atulkumar/Documents/MLOperations/MLOps/venv/lib/python3.11/site-packages/airflow/example_dags/example_external_task_marker_dag.py
[2025-03-02T21:20:25.268-0500] {processor.py:826} INFO - Processing file /Users/atulkumar/Documents/MLOperations/MLOps/venv/lib/python3.11/site-packages/airflow/example_dags/example_external_task_marker_dag.py for tasks to queue
[2025-03-02T21:20:25.268-0500] {logging_mixin.py:149} INFO - [2025-03-02T21:20:25.268-0500] {dagbag.py:541} INFO - Filling up the DagBag from /Users/atulkumar/Documents/MLOperations/MLOps/venv/lib/python3.11/site-packages/airflow/example_dags/example_external_task_marker_dag.py
[2025-03-02T21:20:25.276-0500] {processor.py:836} INFO - DAG(s) dict_keys(['example_external_task_marker_parent', 'example_external_task_marker_child']) retrieved from /Users/atulkumar/Documents/MLOperations/MLOps/venv/lib/python3.11/site-packages/airflow/example_dags/example_external_task_marker_dag.py
[2025-03-02T21:20:25.669-0500] {logging_mixin.py:149} INFO - [2025-03-02T21:20:25.668-0500] {dag.py:2726} INFO - Sync 2 DAGs
[2025-03-02T21:20:25.674-0500] {logging_mixin.py:149} INFO - [2025-03-02T21:20:25.674-0500] {dag.py:3486} INFO - Setting next_dagrun for example_external_task_marker_child to None, run_after=None
[2025-03-02T21:20:25.674-0500] {logging_mixin.py:149} INFO - [2025-03-02T21:20:25.674-0500] {dag.py:3486} INFO - Setting next_dagrun for example_external_task_marker_parent to None, run_after=None
[2025-03-02T21:20:25.682-0500] {processor.py:179} INFO - Processing /Users/atulkumar/Documents/MLOperations/MLOps/venv/lib/python3.11/site-packages/airflow/example_dags/example_external_task_marker_dag.py took 0.418 seconds
[2025-03-02T21:22:36.754-0500] {processor.py:157} INFO - Started process (PID=82037) to work on /Users/atulkumar/Documents/MLOperations/MLOps/venv/lib/python3.11/site-packages/airflow/example_dags/example_external_task_marker_dag.py
[2025-03-02T21:22:36.756-0500] {processor.py:826} INFO - Processing file /Users/atulkumar/Documents/MLOperations/MLOps/venv/lib/python3.11/site-packages/airflow/example_dags/example_external_task_marker_dag.py for tasks to queue
[2025-03-02T21:22:36.756-0500] {logging_mixin.py:149} INFO - [2025-03-02T21:22:36.756-0500] {dagbag.py:541} INFO - Filling up the DagBag from /Users/atulkumar/Documents/MLOperations/MLOps/venv/lib/python3.11/site-packages/airflow/example_dags/example_external_task_marker_dag.py
[2025-03-02T21:22:36.767-0500] {processor.py:836} INFO - DAG(s) dict_keys(['example_external_task_marker_child', 'example_external_task_marker_parent']) retrieved from /Users/atulkumar/Documents/MLOperations/MLOps/venv/lib/python3.11/site-packages/airflow/example_dags/example_external_task_marker_dag.py
[2025-03-02T21:22:37.245-0500] {logging_mixin.py:149} INFO - [2025-03-02T21:22:37.244-0500] {dag.py:2726} INFO - Sync 2 DAGs
[2025-03-02T21:22:37.251-0500] {logging_mixin.py:149} INFO - [2025-03-02T21:22:37.251-0500] {dag.py:3486} INFO - Setting next_dagrun for example_external_task_marker_child to None, run_after=None
[2025-03-02T21:22:37.252-0500] {logging_mixin.py:149} INFO - [2025-03-02T21:22:37.252-0500] {dag.py:3486} INFO - Setting next_dagrun for example_external_task_marker_parent to None, run_after=None
[2025-03-02T21:22:37.261-0500] {processor.py:179} INFO - Processing /Users/atulkumar/Documents/MLOperations/MLOps/venv/lib/python3.11/site-packages/airflow/example_dags/example_external_task_marker_dag.py took 0.508 seconds
[2025-03-02T21:24:50.018-0500] {processor.py:157} INFO - Started process (PID=82277) to work on /Users/atulkumar/Documents/MLOperations/MLOps/venv/lib/python3.11/site-packages/airflow/example_dags/example_external_task_marker_dag.py
[2025-03-02T21:24:50.020-0500] {processor.py:826} INFO - Processing file /Users/atulkumar/Documents/MLOperations/MLOps/venv/lib/python3.11/site-packages/airflow/example_dags/example_external_task_marker_dag.py for tasks to queue
[2025-03-02T21:24:50.020-0500] {logging_mixin.py:149} INFO - [2025-03-02T21:24:50.020-0500] {dagbag.py:541} INFO - Filling up the DagBag from /Users/atulkumar/Documents/MLOperations/MLOps/venv/lib/python3.11/site-packages/airflow/example_dags/example_external_task_marker_dag.py
[2025-03-02T21:24:50.029-0500] {processor.py:836} INFO - DAG(s) dict_keys(['example_external_task_marker_parent', 'example_external_task_marker_child']) retrieved from /Users/atulkumar/Documents/MLOperations/MLOps/venv/lib/python3.11/site-packages/airflow/example_dags/example_external_task_marker_dag.py
[2025-03-02T21:24:50.504-0500] {logging_mixin.py:149} INFO - [2025-03-02T21:24:50.504-0500] {dag.py:2726} INFO - Sync 2 DAGs
[2025-03-02T21:24:50.510-0500] {logging_mixin.py:149} INFO - [2025-03-02T21:24:50.510-0500] {dag.py:3486} INFO - Setting next_dagrun for example_external_task_marker_child to None, run_after=None
[2025-03-02T21:24:50.511-0500] {logging_mixin.py:149} INFO - [2025-03-02T21:24:50.511-0500] {dag.py:3486} INFO - Setting next_dagrun for example_external_task_marker_parent to None, run_after=None
[2025-03-02T21:24:50.521-0500] {processor.py:179} INFO - Processing /Users/atulkumar/Documents/MLOperations/MLOps/venv/lib/python3.11/site-packages/airflow/example_dags/example_external_task_marker_dag.py took 0.504 seconds
