[2025-03-02T21:13:17.970-0500] {processor.py:157} INFO - Started process (PID=81225) to work on /Users/atulkumar/Documents/MLOperations/MLOps/venv/lib/python3.11/site-packages/airflow/example_dags/example_task_group_decorator.py
[2025-03-02T21:13:17.972-0500] {processor.py:826} INFO - Processing file /Users/atulkumar/Documents/MLOperations/MLOps/venv/lib/python3.11/site-packages/airflow/example_dags/example_task_group_decorator.py for tasks to queue
[2025-03-02T21:13:17.972-0500] {logging_mixin.py:149} INFO - [2025-03-02T21:13:17.972-0500] {dagbag.py:541} INFO - Filling up the DagBag from /Users/atulkumar/Documents/MLOperations/MLOps/venv/lib/python3.11/site-packages/airflow/example_dags/example_task_group_decorator.py
[2025-03-02T21:13:18.039-0500] {processor.py:836} INFO - DAG(s) dict_keys(['example_task_group_decorator']) retrieved from /Users/atulkumar/Documents/MLOperations/MLOps/venv/lib/python3.11/site-packages/airflow/example_dags/example_task_group_decorator.py
[2025-03-02T21:13:18.573-0500] {logging_mixin.py:149} INFO - [2025-03-02T21:13:18.573-0500] {dag.py:2726} INFO - Sync 1 DAGs
[2025-03-02T21:13:18.578-0500] {logging_mixin.py:149} INFO - [2025-03-02T21:13:18.578-0500] {dag.py:3486} INFO - Setting next_dagrun for example_task_group_decorator to 2025-03-02T02:13:18.578548+00:00, run_after=2025-03-03T02:13:18.578548+00:00
[2025-03-02T21:13:18.587-0500] {processor.py:179} INFO - Processing /Users/atulkumar/Documents/MLOperations/MLOps/venv/lib/python3.11/site-packages/airflow/example_dags/example_task_group_decorator.py took 0.617 seconds
[2025-03-02T21:14:54.431-0500] {processor.py:157} INFO - Started process (PID=81354) to work on /Users/atulkumar/Documents/MLOperations/MLOps/venv/lib/python3.11/site-packages/airflow/example_dags/example_task_group_decorator.py
[2025-03-02T21:14:54.433-0500] {processor.py:826} INFO - Processing file /Users/atulkumar/Documents/MLOperations/MLOps/venv/lib/python3.11/site-packages/airflow/example_dags/example_task_group_decorator.py for tasks to queue
[2025-03-02T21:14:54.434-0500] {logging_mixin.py:149} INFO - [2025-03-02T21:14:54.434-0500] {dagbag.py:541} INFO - Filling up the DagBag from /Users/atulkumar/Documents/MLOperations/MLOps/venv/lib/python3.11/site-packages/airflow/example_dags/example_task_group_decorator.py
[2025-03-02T21:14:54.476-0500] {processor.py:836} INFO - DAG(s) dict_keys(['example_task_group_decorator']) retrieved from /Users/atulkumar/Documents/MLOperations/MLOps/venv/lib/python3.11/site-packages/airflow/example_dags/example_task_group_decorator.py
[2025-03-02T21:14:54.802-0500] {logging_mixin.py:149} INFO - [2025-03-02T21:14:54.801-0500] {dag.py:2726} INFO - Sync 1 DAGs
[2025-03-02T21:14:54.808-0500] {logging_mixin.py:149} INFO - [2025-03-02T21:14:54.808-0500] {dag.py:3486} INFO - Setting next_dagrun for example_task_group_decorator to 2025-03-02T02:14:54.808554+00:00, run_after=2025-03-03T02:14:54.808554+00:00
[2025-03-02T21:14:54.816-0500] {processor.py:179} INFO - Processing /Users/atulkumar/Documents/MLOperations/MLOps/venv/lib/python3.11/site-packages/airflow/example_dags/example_task_group_decorator.py took 0.385 seconds
[2025-03-02T21:15:59.015-0500] {processor.py:157} INFO - Started process (PID=81440) to work on /Users/atulkumar/Documents/MLOperations/MLOps/venv/lib/python3.11/site-packages/airflow/example_dags/example_task_group_decorator.py
[2025-03-02T21:15:59.017-0500] {processor.py:826} INFO - Processing file /Users/atulkumar/Documents/MLOperations/MLOps/venv/lib/python3.11/site-packages/airflow/example_dags/example_task_group_decorator.py for tasks to queue
[2025-03-02T21:15:59.017-0500] {logging_mixin.py:149} INFO - [2025-03-02T21:15:59.017-0500] {dagbag.py:541} INFO - Filling up the DagBag from /Users/atulkumar/Documents/MLOperations/MLOps/venv/lib/python3.11/site-packages/airflow/example_dags/example_task_group_decorator.py
[2025-03-02T21:15:59.060-0500] {processor.py:836} INFO - DAG(s) dict_keys(['example_task_group_decorator']) retrieved from /Users/atulkumar/Documents/MLOperations/MLOps/venv/lib/python3.11/site-packages/airflow/example_dags/example_task_group_decorator.py
[2025-03-02T21:15:59.388-0500] {logging_mixin.py:149} INFO - [2025-03-02T21:15:59.388-0500] {dag.py:2726} INFO - Sync 1 DAGs
[2025-03-02T21:15:59.396-0500] {logging_mixin.py:149} INFO - [2025-03-02T21:15:59.395-0500] {dag.py:3486} INFO - Setting next_dagrun for example_task_group_decorator to 2025-03-02T02:15:59.395869+00:00, run_after=2025-03-03T02:15:59.395869+00:00
[2025-03-02T21:15:59.404-0500] {processor.py:179} INFO - Processing /Users/atulkumar/Documents/MLOperations/MLOps/venv/lib/python3.11/site-packages/airflow/example_dags/example_task_group_decorator.py took 0.390 seconds
[2025-03-02T21:17:03.047-0500] {processor.py:157} INFO - Started process (PID=81531) to work on /Users/atulkumar/Documents/MLOperations/MLOps/venv/lib/python3.11/site-packages/airflow/example_dags/example_task_group_decorator.py
[2025-03-02T21:17:03.049-0500] {processor.py:826} INFO - Processing file /Users/atulkumar/Documents/MLOperations/MLOps/venv/lib/python3.11/site-packages/airflow/example_dags/example_task_group_decorator.py for tasks to queue
[2025-03-02T21:17:03.049-0500] {logging_mixin.py:149} INFO - [2025-03-02T21:17:03.049-0500] {dagbag.py:541} INFO - Filling up the DagBag from /Users/atulkumar/Documents/MLOperations/MLOps/venv/lib/python3.11/site-packages/airflow/example_dags/example_task_group_decorator.py
[2025-03-02T21:17:03.093-0500] {processor.py:836} INFO - DAG(s) dict_keys(['example_task_group_decorator']) retrieved from /Users/atulkumar/Documents/MLOperations/MLOps/venv/lib/python3.11/site-packages/airflow/example_dags/example_task_group_decorator.py
[2025-03-02T21:17:03.445-0500] {logging_mixin.py:149} INFO - [2025-03-02T21:17:03.444-0500] {dag.py:2726} INFO - Sync 1 DAGs
[2025-03-02T21:17:03.453-0500] {logging_mixin.py:149} INFO - [2025-03-02T21:17:03.453-0500] {dag.py:3486} INFO - Setting next_dagrun for example_task_group_decorator to 2025-03-02T02:17:03.453151+00:00, run_after=2025-03-03T02:17:03.453151+00:00
[2025-03-02T21:17:03.460-0500] {processor.py:179} INFO - Processing /Users/atulkumar/Documents/MLOperations/MLOps/venv/lib/python3.11/site-packages/airflow/example_dags/example_task_group_decorator.py took 0.414 seconds
[2025-03-02T21:18:05.156-0500] {processor.py:157} INFO - Started process (PID=81619) to work on /Users/atulkumar/Documents/MLOperations/MLOps/venv/lib/python3.11/site-packages/airflow/example_dags/example_task_group_decorator.py
[2025-03-02T21:18:05.158-0500] {processor.py:826} INFO - Processing file /Users/atulkumar/Documents/MLOperations/MLOps/venv/lib/python3.11/site-packages/airflow/example_dags/example_task_group_decorator.py for tasks to queue
[2025-03-02T21:18:05.158-0500] {logging_mixin.py:149} INFO - [2025-03-02T21:18:05.158-0500] {dagbag.py:541} INFO - Filling up the DagBag from /Users/atulkumar/Documents/MLOperations/MLOps/venv/lib/python3.11/site-packages/airflow/example_dags/example_task_group_decorator.py
[2025-03-02T21:18:05.202-0500] {processor.py:836} INFO - DAG(s) dict_keys(['example_task_group_decorator']) retrieved from /Users/atulkumar/Documents/MLOperations/MLOps/venv/lib/python3.11/site-packages/airflow/example_dags/example_task_group_decorator.py
[2025-03-02T21:18:05.543-0500] {logging_mixin.py:149} INFO - [2025-03-02T21:18:05.543-0500] {dag.py:2726} INFO - Sync 1 DAGs
[2025-03-02T21:18:05.550-0500] {logging_mixin.py:149} INFO - [2025-03-02T21:18:05.550-0500] {dag.py:3486} INFO - Setting next_dagrun for example_task_group_decorator to 2025-03-02T02:18:05.550204+00:00, run_after=2025-03-03T02:18:05.550204+00:00
[2025-03-02T21:18:05.558-0500] {processor.py:179} INFO - Processing /Users/atulkumar/Documents/MLOperations/MLOps/venv/lib/python3.11/site-packages/airflow/example_dags/example_task_group_decorator.py took 0.403 seconds
[2025-03-02T21:19:08.514-0500] {processor.py:157} INFO - Started process (PID=81709) to work on /Users/atulkumar/Documents/MLOperations/MLOps/venv/lib/python3.11/site-packages/airflow/example_dags/example_task_group_decorator.py
[2025-03-02T21:19:08.516-0500] {processor.py:826} INFO - Processing file /Users/atulkumar/Documents/MLOperations/MLOps/venv/lib/python3.11/site-packages/airflow/example_dags/example_task_group_decorator.py for tasks to queue
[2025-03-02T21:19:08.517-0500] {logging_mixin.py:149} INFO - [2025-03-02T21:19:08.517-0500] {dagbag.py:541} INFO - Filling up the DagBag from /Users/atulkumar/Documents/MLOperations/MLOps/venv/lib/python3.11/site-packages/airflow/example_dags/example_task_group_decorator.py
[2025-03-02T21:19:08.568-0500] {processor.py:836} INFO - DAG(s) dict_keys(['example_task_group_decorator']) retrieved from /Users/atulkumar/Documents/MLOperations/MLOps/venv/lib/python3.11/site-packages/airflow/example_dags/example_task_group_decorator.py
[2025-03-02T21:19:08.903-0500] {logging_mixin.py:149} INFO - [2025-03-02T21:19:08.903-0500] {dag.py:2726} INFO - Sync 1 DAGs
[2025-03-02T21:19:08.911-0500] {logging_mixin.py:149} INFO - [2025-03-02T21:19:08.911-0500] {dag.py:3486} INFO - Setting next_dagrun for example_task_group_decorator to 2025-03-02T02:19:08.910948+00:00, run_after=2025-03-03T02:19:08.910948+00:00
[2025-03-02T21:19:08.919-0500] {processor.py:179} INFO - Processing /Users/atulkumar/Documents/MLOperations/MLOps/venv/lib/python3.11/site-packages/airflow/example_dags/example_task_group_decorator.py took 0.405 seconds
[2025-03-02T21:20:15.415-0500] {processor.py:157} INFO - Started process (PID=81835) to work on /Users/atulkumar/Documents/MLOperations/MLOps/venv/lib/python3.11/site-packages/airflow/example_dags/example_task_group_decorator.py
[2025-03-02T21:20:15.417-0500] {processor.py:826} INFO - Processing file /Users/atulkumar/Documents/MLOperations/MLOps/venv/lib/python3.11/site-packages/airflow/example_dags/example_task_group_decorator.py for tasks to queue
[2025-03-02T21:20:15.418-0500] {logging_mixin.py:149} INFO - [2025-03-02T21:20:15.418-0500] {dagbag.py:541} INFO - Filling up the DagBag from /Users/atulkumar/Documents/MLOperations/MLOps/venv/lib/python3.11/site-packages/airflow/example_dags/example_task_group_decorator.py
[2025-03-02T21:20:15.462-0500] {processor.py:836} INFO - DAG(s) dict_keys(['example_task_group_decorator']) retrieved from /Users/atulkumar/Documents/MLOperations/MLOps/venv/lib/python3.11/site-packages/airflow/example_dags/example_task_group_decorator.py
[2025-03-02T21:20:15.800-0500] {logging_mixin.py:149} INFO - [2025-03-02T21:20:15.800-0500] {dag.py:2726} INFO - Sync 1 DAGs
[2025-03-02T21:20:15.807-0500] {logging_mixin.py:149} INFO - [2025-03-02T21:20:15.807-0500] {dag.py:3486} INFO - Setting next_dagrun for example_task_group_decorator to 2025-03-02T02:20:15.807529+00:00, run_after=2025-03-03T02:20:15.807529+00:00
[2025-03-02T21:20:15.814-0500] {processor.py:179} INFO - Processing /Users/atulkumar/Documents/MLOperations/MLOps/venv/lib/python3.11/site-packages/airflow/example_dags/example_task_group_decorator.py took 0.399 seconds
[2025-03-02T21:21:20.737-0500] {processor.py:157} INFO - Started process (PID=81941) to work on /Users/atulkumar/Documents/MLOperations/MLOps/venv/lib/python3.11/site-packages/airflow/example_dags/example_task_group_decorator.py
[2025-03-02T21:21:20.739-0500] {processor.py:826} INFO - Processing file /Users/atulkumar/Documents/MLOperations/MLOps/venv/lib/python3.11/site-packages/airflow/example_dags/example_task_group_decorator.py for tasks to queue
[2025-03-02T21:21:20.739-0500] {logging_mixin.py:149} INFO - [2025-03-02T21:21:20.739-0500] {dagbag.py:541} INFO - Filling up the DagBag from /Users/atulkumar/Documents/MLOperations/MLOps/venv/lib/python3.11/site-packages/airflow/example_dags/example_task_group_decorator.py
[2025-03-02T21:21:20.780-0500] {processor.py:836} INFO - DAG(s) dict_keys(['example_task_group_decorator']) retrieved from /Users/atulkumar/Documents/MLOperations/MLOps/venv/lib/python3.11/site-packages/airflow/example_dags/example_task_group_decorator.py
[2025-03-02T21:21:21.097-0500] {logging_mixin.py:149} INFO - [2025-03-02T21:21:21.097-0500] {dag.py:2726} INFO - Sync 1 DAGs
[2025-03-02T21:21:21.104-0500] {logging_mixin.py:149} INFO - [2025-03-02T21:21:21.104-0500] {dag.py:3486} INFO - Setting next_dagrun for example_task_group_decorator to 2025-03-02T02:21:21.103955+00:00, run_after=2025-03-03T02:21:21.103955+00:00
[2025-03-02T21:21:21.112-0500] {processor.py:179} INFO - Processing /Users/atulkumar/Documents/MLOperations/MLOps/venv/lib/python3.11/site-packages/airflow/example_dags/example_task_group_decorator.py took 0.376 seconds
[2025-03-02T21:22:26.793-0500] {processor.py:157} INFO - Started process (PID=82024) to work on /Users/atulkumar/Documents/MLOperations/MLOps/venv/lib/python3.11/site-packages/airflow/example_dags/example_task_group_decorator.py
[2025-03-02T21:22:26.795-0500] {processor.py:826} INFO - Processing file /Users/atulkumar/Documents/MLOperations/MLOps/venv/lib/python3.11/site-packages/airflow/example_dags/example_task_group_decorator.py for tasks to queue
[2025-03-02T21:22:26.795-0500] {logging_mixin.py:149} INFO - [2025-03-02T21:22:26.795-0500] {dagbag.py:541} INFO - Filling up the DagBag from /Users/atulkumar/Documents/MLOperations/MLOps/venv/lib/python3.11/site-packages/airflow/example_dags/example_task_group_decorator.py
[2025-03-02T21:22:26.843-0500] {processor.py:836} INFO - DAG(s) dict_keys(['example_task_group_decorator']) retrieved from /Users/atulkumar/Documents/MLOperations/MLOps/venv/lib/python3.11/site-packages/airflow/example_dags/example_task_group_decorator.py
[2025-03-02T21:22:27.189-0500] {logging_mixin.py:149} INFO - [2025-03-02T21:22:27.189-0500] {dag.py:2726} INFO - Sync 1 DAGs
[2025-03-02T21:22:27.196-0500] {logging_mixin.py:149} INFO - [2025-03-02T21:22:27.196-0500] {dag.py:3486} INFO - Setting next_dagrun for example_task_group_decorator to 2025-03-02T02:22:27.196112+00:00, run_after=2025-03-03T02:22:27.196112+00:00
[2025-03-02T21:22:27.204-0500] {processor.py:179} INFO - Processing /Users/atulkumar/Documents/MLOperations/MLOps/venv/lib/python3.11/site-packages/airflow/example_dags/example_task_group_decorator.py took 0.411 seconds
[2025-03-02T21:23:32.503-0500] {processor.py:157} INFO - Started process (PID=82107) to work on /Users/atulkumar/Documents/MLOperations/MLOps/venv/lib/python3.11/site-packages/airflow/example_dags/example_task_group_decorator.py
[2025-03-02T21:23:32.505-0500] {processor.py:826} INFO - Processing file /Users/atulkumar/Documents/MLOperations/MLOps/venv/lib/python3.11/site-packages/airflow/example_dags/example_task_group_decorator.py for tasks to queue
[2025-03-02T21:23:32.505-0500] {logging_mixin.py:149} INFO - [2025-03-02T21:23:32.505-0500] {dagbag.py:541} INFO - Filling up the DagBag from /Users/atulkumar/Documents/MLOperations/MLOps/venv/lib/python3.11/site-packages/airflow/example_dags/example_task_group_decorator.py
[2025-03-02T21:23:32.547-0500] {processor.py:836} INFO - DAG(s) dict_keys(['example_task_group_decorator']) retrieved from /Users/atulkumar/Documents/MLOperations/MLOps/venv/lib/python3.11/site-packages/airflow/example_dags/example_task_group_decorator.py
[2025-03-02T21:23:32.870-0500] {logging_mixin.py:149} INFO - [2025-03-02T21:23:32.869-0500] {dag.py:2726} INFO - Sync 1 DAGs
[2025-03-02T21:23:32.877-0500] {logging_mixin.py:149} INFO - [2025-03-02T21:23:32.877-0500] {dag.py:3486} INFO - Setting next_dagrun for example_task_group_decorator to 2025-03-02T02:23:32.877011+00:00, run_after=2025-03-03T02:23:32.877011+00:00
[2025-03-02T21:23:32.884-0500] {processor.py:179} INFO - Processing /Users/atulkumar/Documents/MLOperations/MLOps/venv/lib/python3.11/site-packages/airflow/example_dags/example_task_group_decorator.py took 0.381 seconds
[2025-03-02T21:24:39.811-0500] {processor.py:157} INFO - Started process (PID=82236) to work on /Users/atulkumar/Documents/MLOperations/MLOps/venv/lib/python3.11/site-packages/airflow/example_dags/example_task_group_decorator.py
[2025-03-02T21:24:39.813-0500] {processor.py:826} INFO - Processing file /Users/atulkumar/Documents/MLOperations/MLOps/venv/lib/python3.11/site-packages/airflow/example_dags/example_task_group_decorator.py for tasks to queue
[2025-03-02T21:24:39.813-0500] {logging_mixin.py:149} INFO - [2025-03-02T21:24:39.813-0500] {dagbag.py:541} INFO - Filling up the DagBag from /Users/atulkumar/Documents/MLOperations/MLOps/venv/lib/python3.11/site-packages/airflow/example_dags/example_task_group_decorator.py
[2025-03-02T21:24:39.914-0500] {processor.py:836} INFO - DAG(s) dict_keys(['example_task_group_decorator']) retrieved from /Users/atulkumar/Documents/MLOperations/MLOps/venv/lib/python3.11/site-packages/airflow/example_dags/example_task_group_decorator.py
[2025-03-02T21:24:40.445-0500] {logging_mixin.py:149} INFO - [2025-03-02T21:24:40.445-0500] {dag.py:2726} INFO - Sync 1 DAGs
[2025-03-02T21:24:40.454-0500] {logging_mixin.py:149} INFO - [2025-03-02T21:24:40.454-0500] {dag.py:3486} INFO - Setting next_dagrun for example_task_group_decorator to 2025-03-02T02:24:40.454415+00:00, run_after=2025-03-03T02:24:40.454415+00:00
[2025-03-02T21:24:40.465-0500] {processor.py:179} INFO - Processing /Users/atulkumar/Documents/MLOperations/MLOps/venv/lib/python3.11/site-packages/airflow/example_dags/example_task_group_decorator.py took 0.654 seconds
