[2025-03-02T21:13:24.489-0500] {processor.py:157} INFO - Started process (PID=81228) to work on /Users/atulkumar/Documents/MLOperations/MLOps/venv/lib/python3.11/site-packages/airflow/example_dags/example_sla_dag.py
[2025-03-02T21:13:24.491-0500] {processor.py:826} INFO - Processing file /Users/atulkumar/Documents/MLOperations/MLOps/venv/lib/python3.11/site-packages/airflow/example_dags/example_sla_dag.py for tasks to queue
[2025-03-02T21:13:24.491-0500] {logging_mixin.py:149} INFO - [2025-03-02T21:13:24.491-0500] {dagbag.py:541} INFO - Filling up the DagBag from /Users/atulkumar/Documents/MLOperations/MLOps/venv/lib/python3.11/site-packages/airflow/example_dags/example_sla_dag.py
[2025-03-02T21:13:24.533-0500] {processor.py:836} INFO - DAG(s) dict_keys(['example_sla_dag']) retrieved from /Users/atulkumar/Documents/MLOperations/MLOps/venv/lib/python3.11/site-packages/airflow/example_dags/example_sla_dag.py
[2025-03-02T21:13:24.908-0500] {logging_mixin.py:149} INFO - [2025-03-02T21:13:24.908-0500] {dag.py:2726} INFO - Sync 1 DAGs
[2025-03-02T21:13:24.916-0500] {logging_mixin.py:149} INFO - [2025-03-02T21:13:24.916-0500] {dag.py:3486} INFO - Setting next_dagrun for example_sla_dag to 2025-03-03T02:10:00+00:00, run_after=2025-03-03T02:12:00+00:00
[2025-03-02T21:13:24.924-0500] {processor.py:179} INFO - Processing /Users/atulkumar/Documents/MLOperations/MLOps/venv/lib/python3.11/site-packages/airflow/example_dags/example_sla_dag.py took 0.436 seconds
[2025-03-02T21:15:00.441-0500] {processor.py:157} INFO - Started process (PID=81360) to work on /Users/atulkumar/Documents/MLOperations/MLOps/venv/lib/python3.11/site-packages/airflow/example_dags/example_sla_dag.py
[2025-03-02T21:15:00.445-0500] {processor.py:826} INFO - Processing file /Users/atulkumar/Documents/MLOperations/MLOps/venv/lib/python3.11/site-packages/airflow/example_dags/example_sla_dag.py for tasks to queue
[2025-03-02T21:15:00.445-0500] {logging_mixin.py:149} INFO - [2025-03-02T21:15:00.445-0500] {dagbag.py:541} INFO - Filling up the DagBag from /Users/atulkumar/Documents/MLOperations/MLOps/venv/lib/python3.11/site-packages/airflow/example_dags/example_sla_dag.py
[2025-03-02T21:15:00.485-0500] {processor.py:836} INFO - DAG(s) dict_keys(['example_sla_dag']) retrieved from /Users/atulkumar/Documents/MLOperations/MLOps/venv/lib/python3.11/site-packages/airflow/example_dags/example_sla_dag.py
[2025-03-02T21:15:00.804-0500] {logging_mixin.py:149} INFO - [2025-03-02T21:15:00.804-0500] {dag.py:2726} INFO - Sync 1 DAGs
[2025-03-02T21:15:00.813-0500] {logging_mixin.py:149} INFO - [2025-03-02T21:15:00.813-0500] {dag.py:3486} INFO - Setting next_dagrun for example_sla_dag to 2025-03-03T02:12:00+00:00, run_after=2025-03-03T02:14:00+00:00
[2025-03-02T21:15:00.821-0500] {processor.py:179} INFO - Processing /Users/atulkumar/Documents/MLOperations/MLOps/venv/lib/python3.11/site-packages/airflow/example_dags/example_sla_dag.py took 0.380 seconds
[2025-03-02T21:17:07.024-0500] {processor.py:157} INFO - Started process (PID=81539) to work on /Users/atulkumar/Documents/MLOperations/MLOps/venv/lib/python3.11/site-packages/airflow/example_dags/example_sla_dag.py
[2025-03-02T21:17:07.027-0500] {processor.py:826} INFO - Processing file /Users/atulkumar/Documents/MLOperations/MLOps/venv/lib/python3.11/site-packages/airflow/example_dags/example_sla_dag.py for tasks to queue
[2025-03-02T21:17:07.027-0500] {logging_mixin.py:149} INFO - [2025-03-02T21:17:07.027-0500] {dagbag.py:541} INFO - Filling up the DagBag from /Users/atulkumar/Documents/MLOperations/MLOps/venv/lib/python3.11/site-packages/airflow/example_dags/example_sla_dag.py
[2025-03-02T21:17:07.068-0500] {processor.py:836} INFO - DAG(s) dict_keys(['example_sla_dag']) retrieved from /Users/atulkumar/Documents/MLOperations/MLOps/venv/lib/python3.11/site-packages/airflow/example_dags/example_sla_dag.py
[2025-03-02T21:17:07.495-0500] {logging_mixin.py:149} INFO - [2025-03-02T21:17:07.495-0500] {dag.py:2726} INFO - Sync 1 DAGs
[2025-03-02T21:17:07.505-0500] {logging_mixin.py:149} INFO - [2025-03-02T21:17:07.505-0500] {dag.py:3486} INFO - Setting next_dagrun for example_sla_dag to 2025-03-03T02:14:00+00:00, run_after=2025-03-03T02:16:00+00:00
[2025-03-02T21:17:07.518-0500] {processor.py:179} INFO - Processing /Users/atulkumar/Documents/MLOperations/MLOps/venv/lib/python3.11/site-packages/airflow/example_dags/example_sla_dag.py took 0.494 seconds
[2025-03-02T21:19:14.154-0500] {processor.py:157} INFO - Started process (PID=81712) to work on /Users/atulkumar/Documents/MLOperations/MLOps/venv/lib/python3.11/site-packages/airflow/example_dags/example_sla_dag.py
[2025-03-02T21:19:14.156-0500] {processor.py:826} INFO - Processing file /Users/atulkumar/Documents/MLOperations/MLOps/venv/lib/python3.11/site-packages/airflow/example_dags/example_sla_dag.py for tasks to queue
[2025-03-02T21:19:14.156-0500] {logging_mixin.py:149} INFO - [2025-03-02T21:19:14.156-0500] {dagbag.py:541} INFO - Filling up the DagBag from /Users/atulkumar/Documents/MLOperations/MLOps/venv/lib/python3.11/site-packages/airflow/example_dags/example_sla_dag.py
[2025-03-02T21:19:14.196-0500] {processor.py:836} INFO - DAG(s) dict_keys(['example_sla_dag']) retrieved from /Users/atulkumar/Documents/MLOperations/MLOps/venv/lib/python3.11/site-packages/airflow/example_dags/example_sla_dag.py
[2025-03-02T21:19:14.544-0500] {logging_mixin.py:149} INFO - [2025-03-02T21:19:14.544-0500] {dag.py:2726} INFO - Sync 1 DAGs
[2025-03-02T21:19:14.552-0500] {logging_mixin.py:149} INFO - [2025-03-02T21:19:14.552-0500] {dag.py:3486} INFO - Setting next_dagrun for example_sla_dag to 2025-03-03T02:16:00+00:00, run_after=2025-03-03T02:18:00+00:00
[2025-03-02T21:19:14.559-0500] {processor.py:179} INFO - Processing /Users/atulkumar/Documents/MLOperations/MLOps/venv/lib/python3.11/site-packages/airflow/example_dags/example_sla_dag.py took 0.406 seconds
[2025-03-02T21:20:21.436-0500] {processor.py:157} INFO - Started process (PID=81841) to work on /Users/atulkumar/Documents/MLOperations/MLOps/venv/lib/python3.11/site-packages/airflow/example_dags/example_sla_dag.py
[2025-03-02T21:20:21.439-0500] {processor.py:826} INFO - Processing file /Users/atulkumar/Documents/MLOperations/MLOps/venv/lib/python3.11/site-packages/airflow/example_dags/example_sla_dag.py for tasks to queue
[2025-03-02T21:20:21.439-0500] {logging_mixin.py:149} INFO - [2025-03-02T21:20:21.439-0500] {dagbag.py:541} INFO - Filling up the DagBag from /Users/atulkumar/Documents/MLOperations/MLOps/venv/lib/python3.11/site-packages/airflow/example_dags/example_sla_dag.py
[2025-03-02T21:20:21.479-0500] {processor.py:836} INFO - DAG(s) dict_keys(['example_sla_dag']) retrieved from /Users/atulkumar/Documents/MLOperations/MLOps/venv/lib/python3.11/site-packages/airflow/example_dags/example_sla_dag.py
[2025-03-02T21:20:21.794-0500] {logging_mixin.py:149} INFO - [2025-03-02T21:20:21.794-0500] {dag.py:2726} INFO - Sync 1 DAGs
[2025-03-02T21:20:21.802-0500] {logging_mixin.py:149} INFO - [2025-03-02T21:20:21.802-0500] {dag.py:3486} INFO - Setting next_dagrun for example_sla_dag to 2025-03-03T02:18:00+00:00, run_after=2025-03-03T02:20:00+00:00
[2025-03-02T21:20:21.809-0500] {processor.py:179} INFO - Processing /Users/atulkumar/Documents/MLOperations/MLOps/venv/lib/python3.11/site-packages/airflow/example_dags/example_sla_dag.py took 0.374 seconds
[2025-03-02T21:22:32.485-0500] {processor.py:157} INFO - Started process (PID=82029) to work on /Users/atulkumar/Documents/MLOperations/MLOps/venv/lib/python3.11/site-packages/airflow/example_dags/example_sla_dag.py
[2025-03-02T21:22:32.487-0500] {processor.py:826} INFO - Processing file /Users/atulkumar/Documents/MLOperations/MLOps/venv/lib/python3.11/site-packages/airflow/example_dags/example_sla_dag.py for tasks to queue
[2025-03-02T21:22:32.487-0500] {logging_mixin.py:149} INFO - [2025-03-02T21:22:32.487-0500] {dagbag.py:541} INFO - Filling up the DagBag from /Users/atulkumar/Documents/MLOperations/MLOps/venv/lib/python3.11/site-packages/airflow/example_dags/example_sla_dag.py
[2025-03-02T21:22:32.530-0500] {processor.py:836} INFO - DAG(s) dict_keys(['example_sla_dag']) retrieved from /Users/atulkumar/Documents/MLOperations/MLOps/venv/lib/python3.11/site-packages/airflow/example_dags/example_sla_dag.py
[2025-03-02T21:22:32.882-0500] {logging_mixin.py:149} INFO - [2025-03-02T21:22:32.882-0500] {dag.py:2726} INFO - Sync 1 DAGs
[2025-03-02T21:22:32.891-0500] {logging_mixin.py:149} INFO - [2025-03-02T21:22:32.890-0500] {dag.py:3486} INFO - Setting next_dagrun for example_sla_dag to 2025-03-03T02:20:00+00:00, run_after=2025-03-03T02:22:00+00:00
[2025-03-02T21:22:32.899-0500] {processor.py:179} INFO - Processing /Users/atulkumar/Documents/MLOperations/MLOps/venv/lib/python3.11/site-packages/airflow/example_dags/example_sla_dag.py took 0.414 seconds
[2025-03-02T21:24:45.932-0500] {processor.py:157} INFO - Started process (PID=82270) to work on /Users/atulkumar/Documents/MLOperations/MLOps/venv/lib/python3.11/site-packages/airflow/example_dags/example_sla_dag.py
[2025-03-02T21:24:45.934-0500] {processor.py:826} INFO - Processing file /Users/atulkumar/Documents/MLOperations/MLOps/venv/lib/python3.11/site-packages/airflow/example_dags/example_sla_dag.py for tasks to queue
[2025-03-02T21:24:45.934-0500] {logging_mixin.py:149} INFO - [2025-03-02T21:24:45.934-0500] {dagbag.py:541} INFO - Filling up the DagBag from /Users/atulkumar/Documents/MLOperations/MLOps/venv/lib/python3.11/site-packages/airflow/example_dags/example_sla_dag.py
[2025-03-02T21:24:45.982-0500] {processor.py:836} INFO - DAG(s) dict_keys(['example_sla_dag']) retrieved from /Users/atulkumar/Documents/MLOperations/MLOps/venv/lib/python3.11/site-packages/airflow/example_dags/example_sla_dag.py
[2025-03-02T21:24:46.421-0500] {logging_mixin.py:149} INFO - [2025-03-02T21:24:46.421-0500] {dag.py:2726} INFO - Sync 1 DAGs
[2025-03-02T21:24:46.433-0500] {logging_mixin.py:149} INFO - [2025-03-02T21:24:46.433-0500] {dag.py:3486} INFO - Setting next_dagrun for example_sla_dag to 2025-03-03T02:22:00+00:00, run_after=2025-03-03T02:24:00+00:00
[2025-03-02T21:24:46.444-0500] {processor.py:179} INFO - Processing /Users/atulkumar/Documents/MLOperations/MLOps/venv/lib/python3.11/site-packages/airflow/example_dags/example_sla_dag.py took 0.513 seconds
