[2025-03-02T21:14:23.823-0500] {processor.py:157} INFO - Started process (PID=81314) to work on /Users/atulkumar/Documents/MLOperations/MLOps/venv/lib/python3.11/site-packages/airflow/example_dags/example_bash_operator.py
[2025-03-02T21:14:23.825-0500] {processor.py:826} INFO - Processing file /Users/atulkumar/Documents/MLOperations/MLOps/venv/lib/python3.11/site-packages/airflow/example_dags/example_bash_operator.py for tasks to queue
[2025-03-02T21:14:23.825-0500] {logging_mixin.py:149} INFO - [2025-03-02T21:14:23.825-0500] {dagbag.py:541} INFO - Filling up the DagBag from /Users/atulkumar/Documents/MLOperations/MLOps/venv/lib/python3.11/site-packages/airflow/example_dags/example_bash_operator.py
[2025-03-02T21:14:23.865-0500] {processor.py:836} INFO - DAG(s) dict_keys(['example_bash_operator']) retrieved from /Users/atulkumar/Documents/MLOperations/MLOps/venv/lib/python3.11/site-packages/airflow/example_dags/example_bash_operator.py
[2025-03-02T21:14:24.230-0500] {logging_mixin.py:149} INFO - [2025-03-02T21:14:24.230-0500] {dag.py:2726} INFO - Sync 1 DAGs
[2025-03-02T21:14:24.238-0500] {logging_mixin.py:149} INFO - [2025-03-02T21:14:24.238-0500] {dag.py:3486} INFO - Setting next_dagrun for example_bash_operator to 2025-03-02T00:00:00+00:00, run_after=2025-03-03T00:00:00+00:00
[2025-03-02T21:14:24.250-0500] {processor.py:179} INFO - Processing /Users/atulkumar/Documents/MLOperations/MLOps/venv/lib/python3.11/site-packages/airflow/example_dags/example_bash_operator.py took 0.427 seconds
[2025-03-02T21:16:29.453-0500] {processor.py:157} INFO - Started process (PID=81485) to work on /Users/atulkumar/Documents/MLOperations/MLOps/venv/lib/python3.11/site-packages/airflow/example_dags/example_bash_operator.py
[2025-03-02T21:16:29.455-0500] {processor.py:826} INFO - Processing file /Users/atulkumar/Documents/MLOperations/MLOps/venv/lib/python3.11/site-packages/airflow/example_dags/example_bash_operator.py for tasks to queue
[2025-03-02T21:16:29.455-0500] {logging_mixin.py:149} INFO - [2025-03-02T21:16:29.455-0500] {dagbag.py:541} INFO - Filling up the DagBag from /Users/atulkumar/Documents/MLOperations/MLOps/venv/lib/python3.11/site-packages/airflow/example_dags/example_bash_operator.py
[2025-03-02T21:16:29.506-0500] {processor.py:836} INFO - DAG(s) dict_keys(['example_bash_operator']) retrieved from /Users/atulkumar/Documents/MLOperations/MLOps/venv/lib/python3.11/site-packages/airflow/example_dags/example_bash_operator.py
[2025-03-02T21:16:29.953-0500] {logging_mixin.py:149} INFO - [2025-03-02T21:16:29.953-0500] {dag.py:2726} INFO - Sync 1 DAGs
[2025-03-02T21:16:29.961-0500] {logging_mixin.py:149} INFO - [2025-03-02T21:16:29.961-0500] {dag.py:3486} INFO - Setting next_dagrun for example_bash_operator to 2025-03-02T00:00:00+00:00, run_after=2025-03-03T00:00:00+00:00
[2025-03-02T21:16:29.969-0500] {processor.py:179} INFO - Processing /Users/atulkumar/Documents/MLOperations/MLOps/venv/lib/python3.11/site-packages/airflow/example_dags/example_bash_operator.py took 0.517 seconds
[2025-03-02T21:18:38.438-0500] {processor.py:157} INFO - Started process (PID=81668) to work on /Users/atulkumar/Documents/MLOperations/MLOps/venv/lib/python3.11/site-packages/airflow/example_dags/example_bash_operator.py
[2025-03-02T21:18:38.440-0500] {processor.py:826} INFO - Processing file /Users/atulkumar/Documents/MLOperations/MLOps/venv/lib/python3.11/site-packages/airflow/example_dags/example_bash_operator.py for tasks to queue
[2025-03-02T21:18:38.440-0500] {logging_mixin.py:149} INFO - [2025-03-02T21:18:38.440-0500] {dagbag.py:541} INFO - Filling up the DagBag from /Users/atulkumar/Documents/MLOperations/MLOps/venv/lib/python3.11/site-packages/airflow/example_dags/example_bash_operator.py
[2025-03-02T21:18:38.482-0500] {processor.py:836} INFO - DAG(s) dict_keys(['example_bash_operator']) retrieved from /Users/atulkumar/Documents/MLOperations/MLOps/venv/lib/python3.11/site-packages/airflow/example_dags/example_bash_operator.py
[2025-03-02T21:18:38.851-0500] {logging_mixin.py:149} INFO - [2025-03-02T21:18:38.850-0500] {dag.py:2726} INFO - Sync 1 DAGs
[2025-03-02T21:18:38.857-0500] {logging_mixin.py:149} INFO - [2025-03-02T21:18:38.857-0500] {dag.py:3486} INFO - Setting next_dagrun for example_bash_operator to 2025-03-02T00:00:00+00:00, run_after=2025-03-03T00:00:00+00:00
[2025-03-02T21:18:38.865-0500] {processor.py:179} INFO - Processing /Users/atulkumar/Documents/MLOperations/MLOps/venv/lib/python3.11/site-packages/airflow/example_dags/example_bash_operator.py took 0.427 seconds
[2025-03-02T21:20:48.744-0500] {processor.py:157} INFO - Started process (PID=81892) to work on /Users/atulkumar/Documents/MLOperations/MLOps/venv/lib/python3.11/site-packages/airflow/example_dags/example_bash_operator.py
[2025-03-02T21:20:48.746-0500] {processor.py:826} INFO - Processing file /Users/atulkumar/Documents/MLOperations/MLOps/venv/lib/python3.11/site-packages/airflow/example_dags/example_bash_operator.py for tasks to queue
[2025-03-02T21:20:48.746-0500] {logging_mixin.py:149} INFO - [2025-03-02T21:20:48.746-0500] {dagbag.py:541} INFO - Filling up the DagBag from /Users/atulkumar/Documents/MLOperations/MLOps/venv/lib/python3.11/site-packages/airflow/example_dags/example_bash_operator.py
[2025-03-02T21:20:48.786-0500] {processor.py:836} INFO - DAG(s) dict_keys(['example_bash_operator']) retrieved from /Users/atulkumar/Documents/MLOperations/MLOps/venv/lib/python3.11/site-packages/airflow/example_dags/example_bash_operator.py
[2025-03-02T21:20:49.115-0500] {logging_mixin.py:149} INFO - [2025-03-02T21:20:49.114-0500] {dag.py:2726} INFO - Sync 1 DAGs
[2025-03-02T21:20:49.122-0500] {logging_mixin.py:149} INFO - [2025-03-02T21:20:49.121-0500] {dag.py:3486} INFO - Setting next_dagrun for example_bash_operator to 2025-03-02T00:00:00+00:00, run_after=2025-03-03T00:00:00+00:00
[2025-03-02T21:20:49.130-0500] {processor.py:179} INFO - Processing /Users/atulkumar/Documents/MLOperations/MLOps/venv/lib/python3.11/site-packages/airflow/example_dags/example_bash_operator.py took 0.386 seconds
[2025-03-02T21:23:00.352-0500] {processor.py:157} INFO - Started process (PID=82069) to work on /Users/atulkumar/Documents/MLOperations/MLOps/venv/lib/python3.11/site-packages/airflow/example_dags/example_bash_operator.py
[2025-03-02T21:23:00.354-0500] {processor.py:826} INFO - Processing file /Users/atulkumar/Documents/MLOperations/MLOps/venv/lib/python3.11/site-packages/airflow/example_dags/example_bash_operator.py for tasks to queue
[2025-03-02T21:23:00.354-0500] {logging_mixin.py:149} INFO - [2025-03-02T21:23:00.354-0500] {dagbag.py:541} INFO - Filling up the DagBag from /Users/atulkumar/Documents/MLOperations/MLOps/venv/lib/python3.11/site-packages/airflow/example_dags/example_bash_operator.py
[2025-03-02T21:23:00.398-0500] {processor.py:836} INFO - DAG(s) dict_keys(['example_bash_operator']) retrieved from /Users/atulkumar/Documents/MLOperations/MLOps/venv/lib/python3.11/site-packages/airflow/example_dags/example_bash_operator.py
[2025-03-02T21:23:00.758-0500] {logging_mixin.py:149} INFO - [2025-03-02T21:23:00.758-0500] {dag.py:2726} INFO - Sync 1 DAGs
[2025-03-02T21:23:00.765-0500] {logging_mixin.py:149} INFO - [2025-03-02T21:23:00.765-0500] {dag.py:3486} INFO - Setting next_dagrun for example_bash_operator to 2025-03-02T00:00:00+00:00, run_after=2025-03-03T00:00:00+00:00
[2025-03-02T21:23:00.775-0500] {processor.py:179} INFO - Processing /Users/atulkumar/Documents/MLOperations/MLOps/venv/lib/python3.11/site-packages/airflow/example_dags/example_bash_operator.py took 0.423 seconds
[2025-03-02T21:25:18.945-0500] {processor.py:157} INFO - Started process (PID=82337) to work on /Users/atulkumar/Documents/MLOperations/MLOps/venv/lib/python3.11/site-packages/airflow/example_dags/example_bash_operator.py
[2025-03-02T21:25:18.947-0500] {processor.py:826} INFO - Processing file /Users/atulkumar/Documents/MLOperations/MLOps/venv/lib/python3.11/site-packages/airflow/example_dags/example_bash_operator.py for tasks to queue
[2025-03-02T21:25:18.948-0500] {logging_mixin.py:149} INFO - [2025-03-02T21:25:18.947-0500] {dagbag.py:541} INFO - Filling up the DagBag from /Users/atulkumar/Documents/MLOperations/MLOps/venv/lib/python3.11/site-packages/airflow/example_dags/example_bash_operator.py
[2025-03-02T21:25:18.988-0500] {processor.py:836} INFO - DAG(s) dict_keys(['example_bash_operator']) retrieved from /Users/atulkumar/Documents/MLOperations/MLOps/venv/lib/python3.11/site-packages/airflow/example_dags/example_bash_operator.py
[2025-03-02T21:25:19.376-0500] {logging_mixin.py:149} INFO - [2025-03-02T21:25:19.375-0500] {dag.py:2726} INFO - Sync 1 DAGs
[2025-03-02T21:25:19.382-0500] {logging_mixin.py:149} INFO - [2025-03-02T21:25:19.382-0500] {dag.py:3486} INFO - Setting next_dagrun for example_bash_operator to 2025-03-02T00:00:00+00:00, run_after=2025-03-03T00:00:00+00:00
[2025-03-02T21:25:19.394-0500] {processor.py:179} INFO - Processing /Users/atulkumar/Documents/MLOperations/MLOps/venv/lib/python3.11/site-packages/airflow/example_dags/example_bash_operator.py took 0.449 seconds
