[2025-03-02T21:14:10.633-0500] {processor.py:157} INFO - Started process (PID=81298) to work on /Users/atulkumar/Documents/MLOperations/MLOps/venv/lib/python3.11/site-packages/airflow/example_dags/example_complex.py
[2025-03-02T21:14:10.635-0500] {processor.py:826} INFO - Processing file /Users/atulkumar/Documents/MLOperations/MLOps/venv/lib/python3.11/site-packages/airflow/example_dags/example_complex.py for tasks to queue
[2025-03-02T21:14:10.635-0500] {logging_mixin.py:149} INFO - [2025-03-02T21:14:10.635-0500] {dagbag.py:541} INFO - Filling up the DagBag from /Users/atulkumar/Documents/MLOperations/MLOps/venv/lib/python3.11/site-packages/airflow/example_dags/example_complex.py
[2025-03-02T21:14:10.646-0500] {processor.py:836} INFO - DAG(s) dict_keys(['example_complex']) retrieved from /Users/atulkumar/Documents/MLOperations/MLOps/venv/lib/python3.11/site-packages/airflow/example_dags/example_complex.py
[2025-03-02T21:14:11.051-0500] {logging_mixin.py:149} INFO - [2025-03-02T21:14:11.051-0500] {dag.py:2726} INFO - Sync 1 DAGs
[2025-03-02T21:14:11.057-0500] {logging_mixin.py:149} INFO - [2025-03-02T21:14:11.057-0500] {dag.py:3486} INFO - Setting next_dagrun for example_complex to None, run_after=None
[2025-03-02T21:14:11.067-0500] {processor.py:179} INFO - Processing /Users/atulkumar/Documents/MLOperations/MLOps/venv/lib/python3.11/site-packages/airflow/example_dags/example_complex.py took 0.434 seconds
[2025-03-02T21:16:15.853-0500] {processor.py:157} INFO - Started process (PID=81459) to work on /Users/atulkumar/Documents/MLOperations/MLOps/venv/lib/python3.11/site-packages/airflow/example_dags/example_complex.py
[2025-03-02T21:16:15.855-0500] {processor.py:826} INFO - Processing file /Users/atulkumar/Documents/MLOperations/MLOps/venv/lib/python3.11/site-packages/airflow/example_dags/example_complex.py for tasks to queue
[2025-03-02T21:16:15.855-0500] {logging_mixin.py:149} INFO - [2025-03-02T21:16:15.855-0500] {dagbag.py:541} INFO - Filling up the DagBag from /Users/atulkumar/Documents/MLOperations/MLOps/venv/lib/python3.11/site-packages/airflow/example_dags/example_complex.py
[2025-03-02T21:16:15.866-0500] {processor.py:836} INFO - DAG(s) dict_keys(['example_complex']) retrieved from /Users/atulkumar/Documents/MLOperations/MLOps/venv/lib/python3.11/site-packages/airflow/example_dags/example_complex.py
[2025-03-02T21:16:16.241-0500] {logging_mixin.py:149} INFO - [2025-03-02T21:16:16.241-0500] {dag.py:2726} INFO - Sync 1 DAGs
[2025-03-02T21:16:16.248-0500] {logging_mixin.py:149} INFO - [2025-03-02T21:16:16.248-0500] {dag.py:3486} INFO - Setting next_dagrun for example_complex to None, run_after=None
[2025-03-02T21:16:16.255-0500] {processor.py:179} INFO - Processing /Users/atulkumar/Documents/MLOperations/MLOps/venv/lib/python3.11/site-packages/airflow/example_dags/example_complex.py took 0.402 seconds
[2025-03-02T21:18:25.231-0500] {processor.py:157} INFO - Started process (PID=81640) to work on /Users/atulkumar/Documents/MLOperations/MLOps/venv/lib/python3.11/site-packages/airflow/example_dags/example_complex.py
[2025-03-02T21:18:25.235-0500] {processor.py:826} INFO - Processing file /Users/atulkumar/Documents/MLOperations/MLOps/venv/lib/python3.11/site-packages/airflow/example_dags/example_complex.py for tasks to queue
[2025-03-02T21:18:25.236-0500] {logging_mixin.py:149} INFO - [2025-03-02T21:18:25.236-0500] {dagbag.py:541} INFO - Filling up the DagBag from /Users/atulkumar/Documents/MLOperations/MLOps/venv/lib/python3.11/site-packages/airflow/example_dags/example_complex.py
[2025-03-02T21:18:25.245-0500] {processor.py:836} INFO - DAG(s) dict_keys(['example_complex']) retrieved from /Users/atulkumar/Documents/MLOperations/MLOps/venv/lib/python3.11/site-packages/airflow/example_dags/example_complex.py
[2025-03-02T21:18:25.617-0500] {logging_mixin.py:149} INFO - [2025-03-02T21:18:25.617-0500] {dag.py:2726} INFO - Sync 1 DAGs
[2025-03-02T21:18:25.623-0500] {logging_mixin.py:149} INFO - [2025-03-02T21:18:25.623-0500] {dag.py:3486} INFO - Setting next_dagrun for example_complex to None, run_after=None
[2025-03-02T21:18:25.630-0500] {processor.py:179} INFO - Processing /Users/atulkumar/Documents/MLOperations/MLOps/venv/lib/python3.11/site-packages/airflow/example_dags/example_complex.py took 0.399 seconds
[2025-03-02T21:20:35.445-0500] {processor.py:157} INFO - Started process (PID=81868) to work on /Users/atulkumar/Documents/MLOperations/MLOps/venv/lib/python3.11/site-packages/airflow/example_dags/example_complex.py
[2025-03-02T21:20:35.447-0500] {processor.py:826} INFO - Processing file /Users/atulkumar/Documents/MLOperations/MLOps/venv/lib/python3.11/site-packages/airflow/example_dags/example_complex.py for tasks to queue
[2025-03-02T21:20:35.447-0500] {logging_mixin.py:149} INFO - [2025-03-02T21:20:35.447-0500] {dagbag.py:541} INFO - Filling up the DagBag from /Users/atulkumar/Documents/MLOperations/MLOps/venv/lib/python3.11/site-packages/airflow/example_dags/example_complex.py
[2025-03-02T21:20:35.458-0500] {processor.py:836} INFO - DAG(s) dict_keys(['example_complex']) retrieved from /Users/atulkumar/Documents/MLOperations/MLOps/venv/lib/python3.11/site-packages/airflow/example_dags/example_complex.py
[2025-03-02T21:20:35.875-0500] {logging_mixin.py:149} INFO - [2025-03-02T21:20:35.875-0500] {dag.py:2726} INFO - Sync 1 DAGs
[2025-03-02T21:20:35.881-0500] {logging_mixin.py:149} INFO - [2025-03-02T21:20:35.881-0500] {dag.py:3486} INFO - Setting next_dagrun for example_complex to None, run_after=None
[2025-03-02T21:20:35.890-0500] {processor.py:179} INFO - Processing /Users/atulkumar/Documents/MLOperations/MLOps/venv/lib/python3.11/site-packages/airflow/example_dags/example_complex.py took 0.446 seconds
[2025-03-02T21:22:46.324-0500] {processor.py:157} INFO - Started process (PID=82048) to work on /Users/atulkumar/Documents/MLOperations/MLOps/venv/lib/python3.11/site-packages/airflow/example_dags/example_complex.py
[2025-03-02T21:22:46.326-0500] {processor.py:826} INFO - Processing file /Users/atulkumar/Documents/MLOperations/MLOps/venv/lib/python3.11/site-packages/airflow/example_dags/example_complex.py for tasks to queue
[2025-03-02T21:22:46.326-0500] {logging_mixin.py:149} INFO - [2025-03-02T21:22:46.326-0500] {dagbag.py:541} INFO - Filling up the DagBag from /Users/atulkumar/Documents/MLOperations/MLOps/venv/lib/python3.11/site-packages/airflow/example_dags/example_complex.py
[2025-03-02T21:22:46.335-0500] {processor.py:836} INFO - DAG(s) dict_keys(['example_complex']) retrieved from /Users/atulkumar/Documents/MLOperations/MLOps/venv/lib/python3.11/site-packages/airflow/example_dags/example_complex.py
[2025-03-02T21:22:46.710-0500] {logging_mixin.py:149} INFO - [2025-03-02T21:22:46.710-0500] {dag.py:2726} INFO - Sync 1 DAGs
[2025-03-02T21:22:46.716-0500] {logging_mixin.py:149} INFO - [2025-03-02T21:22:46.716-0500] {dag.py:3486} INFO - Setting next_dagrun for example_complex to None, run_after=None
[2025-03-02T21:22:46.724-0500] {processor.py:179} INFO - Processing /Users/atulkumar/Documents/MLOperations/MLOps/venv/lib/python3.11/site-packages/airflow/example_dags/example_complex.py took 0.401 seconds
[2025-03-02T21:25:03.500-0500] {processor.py:157} INFO - Started process (PID=82303) to work on /Users/atulkumar/Documents/MLOperations/MLOps/venv/lib/python3.11/site-packages/airflow/example_dags/example_complex.py
[2025-03-02T21:25:03.502-0500] {processor.py:826} INFO - Processing file /Users/atulkumar/Documents/MLOperations/MLOps/venv/lib/python3.11/site-packages/airflow/example_dags/example_complex.py for tasks to queue
[2025-03-02T21:25:03.502-0500] {logging_mixin.py:149} INFO - [2025-03-02T21:25:03.502-0500] {dagbag.py:541} INFO - Filling up the DagBag from /Users/atulkumar/Documents/MLOperations/MLOps/venv/lib/python3.11/site-packages/airflow/example_dags/example_complex.py
[2025-03-02T21:25:03.513-0500] {processor.py:836} INFO - DAG(s) dict_keys(['example_complex']) retrieved from /Users/atulkumar/Documents/MLOperations/MLOps/venv/lib/python3.11/site-packages/airflow/example_dags/example_complex.py
[2025-03-02T21:25:03.952-0500] {logging_mixin.py:149} INFO - [2025-03-02T21:25:03.952-0500] {dag.py:2726} INFO - Sync 1 DAGs
[2025-03-02T21:25:03.959-0500] {logging_mixin.py:149} INFO - [2025-03-02T21:25:03.958-0500] {dag.py:3486} INFO - Setting next_dagrun for example_complex to None, run_after=None
[2025-03-02T21:25:03.974-0500] {processor.py:179} INFO - Processing /Users/atulkumar/Documents/MLOperations/MLOps/venv/lib/python3.11/site-packages/airflow/example_dags/example_complex.py took 0.475 seconds
