[2025-03-02T21:13:36.502-0500] {processor.py:157} INFO - Started process (PID=81246) to work on /Users/atulkumar/Documents/MLOperations/MLOps/venv/lib/python3.11/site-packages/airflow/example_dags/example_sensors.py
[2025-03-02T21:13:36.504-0500] {processor.py:826} INFO - Processing file /Users/atulkumar/Documents/MLOperations/MLOps/venv/lib/python3.11/site-packages/airflow/example_dags/example_sensors.py for tasks to queue
[2025-03-02T21:13:36.504-0500] {logging_mixin.py:149} INFO - [2025-03-02T21:13:36.504-0500] {dagbag.py:541} INFO - Filling up the DagBag from /Users/atulkumar/Documents/MLOperations/MLOps/venv/lib/python3.11/site-packages/airflow/example_dags/example_sensors.py
[2025-03-02T21:13:36.521-0500] {processor.py:836} INFO - DAG(s) dict_keys(['example_sensors']) retrieved from /Users/atulkumar/Documents/MLOperations/MLOps/venv/lib/python3.11/site-packages/airflow/example_dags/example_sensors.py
[2025-03-02T21:13:36.983-0500] {logging_mixin.py:149} INFO - [2025-03-02T21:13:36.983-0500] {dag.py:2726} INFO - Sync 1 DAGs
[2025-03-02T21:13:36.988-0500] {logging_mixin.py:149} INFO - [2025-03-02T21:13:36.988-0500] {dag.py:3486} INFO - Setting next_dagrun for example_sensors to None, run_after=None
[2025-03-02T21:13:36.997-0500] {processor.py:179} INFO - Processing /Users/atulkumar/Documents/MLOperations/MLOps/venv/lib/python3.11/site-packages/airflow/example_dags/example_sensors.py took 0.496 seconds
[2025-03-02T21:15:11.537-0500] {processor.py:157} INFO - Started process (PID=81376) to work on /Users/atulkumar/Documents/MLOperations/MLOps/venv/lib/python3.11/site-packages/airflow/example_dags/example_sensors.py
[2025-03-02T21:15:11.539-0500] {processor.py:826} INFO - Processing file /Users/atulkumar/Documents/MLOperations/MLOps/venv/lib/python3.11/site-packages/airflow/example_dags/example_sensors.py for tasks to queue
[2025-03-02T21:15:11.539-0500] {logging_mixin.py:149} INFO - [2025-03-02T21:15:11.539-0500] {dagbag.py:541} INFO - Filling up the DagBag from /Users/atulkumar/Documents/MLOperations/MLOps/venv/lib/python3.11/site-packages/airflow/example_dags/example_sensors.py
[2025-03-02T21:15:11.556-0500] {processor.py:836} INFO - DAG(s) dict_keys(['example_sensors']) retrieved from /Users/atulkumar/Documents/MLOperations/MLOps/venv/lib/python3.11/site-packages/airflow/example_dags/example_sensors.py
[2025-03-02T21:15:11.926-0500] {logging_mixin.py:149} INFO - [2025-03-02T21:15:11.926-0500] {dag.py:2726} INFO - Sync 1 DAGs
[2025-03-02T21:15:11.935-0500] {logging_mixin.py:149} INFO - [2025-03-02T21:15:11.934-0500] {dag.py:3486} INFO - Setting next_dagrun for example_sensors to None, run_after=None
[2025-03-02T21:15:11.942-0500] {processor.py:179} INFO - Processing /Users/atulkumar/Documents/MLOperations/MLOps/venv/lib/python3.11/site-packages/airflow/example_dags/example_sensors.py took 0.406 seconds
[2025-03-02T21:17:18.090-0500] {processor.py:157} INFO - Started process (PID=81555) to work on /Users/atulkumar/Documents/MLOperations/MLOps/venv/lib/python3.11/site-packages/airflow/example_dags/example_sensors.py
[2025-03-02T21:17:18.092-0500] {processor.py:826} INFO - Processing file /Users/atulkumar/Documents/MLOperations/MLOps/venv/lib/python3.11/site-packages/airflow/example_dags/example_sensors.py for tasks to queue
[2025-03-02T21:17:18.092-0500] {logging_mixin.py:149} INFO - [2025-03-02T21:17:18.092-0500] {dagbag.py:541} INFO - Filling up the DagBag from /Users/atulkumar/Documents/MLOperations/MLOps/venv/lib/python3.11/site-packages/airflow/example_dags/example_sensors.py
[2025-03-02T21:17:18.106-0500] {processor.py:836} INFO - DAG(s) dict_keys(['example_sensors']) retrieved from /Users/atulkumar/Documents/MLOperations/MLOps/venv/lib/python3.11/site-packages/airflow/example_dags/example_sensors.py
[2025-03-02T21:17:18.464-0500] {logging_mixin.py:149} INFO - [2025-03-02T21:17:18.464-0500] {dag.py:2726} INFO - Sync 1 DAGs
[2025-03-02T21:17:18.470-0500] {logging_mixin.py:149} INFO - [2025-03-02T21:17:18.470-0500] {dag.py:3486} INFO - Setting next_dagrun for example_sensors to None, run_after=None
[2025-03-02T21:17:18.479-0500] {processor.py:179} INFO - Processing /Users/atulkumar/Documents/MLOperations/MLOps/venv/lib/python3.11/site-packages/airflow/example_dags/example_sensors.py took 0.390 seconds
[2025-03-02T21:19:25.197-0500] {processor.py:157} INFO - Started process (PID=81741) to work on /Users/atulkumar/Documents/MLOperations/MLOps/venv/lib/python3.11/site-packages/airflow/example_dags/example_sensors.py
[2025-03-02T21:19:25.199-0500] {processor.py:826} INFO - Processing file /Users/atulkumar/Documents/MLOperations/MLOps/venv/lib/python3.11/site-packages/airflow/example_dags/example_sensors.py for tasks to queue
[2025-03-02T21:19:25.199-0500] {logging_mixin.py:149} INFO - [2025-03-02T21:19:25.199-0500] {dagbag.py:541} INFO - Filling up the DagBag from /Users/atulkumar/Documents/MLOperations/MLOps/venv/lib/python3.11/site-packages/airflow/example_dags/example_sensors.py
[2025-03-02T21:19:25.214-0500] {processor.py:836} INFO - DAG(s) dict_keys(['example_sensors']) retrieved from /Users/atulkumar/Documents/MLOperations/MLOps/venv/lib/python3.11/site-packages/airflow/example_dags/example_sensors.py
[2025-03-02T21:19:25.573-0500] {logging_mixin.py:149} INFO - [2025-03-02T21:19:25.573-0500] {dag.py:2726} INFO - Sync 1 DAGs
[2025-03-02T21:19:25.580-0500] {logging_mixin.py:149} INFO - [2025-03-02T21:19:25.580-0500] {dag.py:3486} INFO - Setting next_dagrun for example_sensors to None, run_after=None
[2025-03-02T21:19:25.587-0500] {processor.py:179} INFO - Processing /Users/atulkumar/Documents/MLOperations/MLOps/venv/lib/python3.11/site-packages/airflow/example_dags/example_sensors.py took 0.391 seconds
[2025-03-02T21:21:36.743-0500] {processor.py:157} INFO - Started process (PID=81961) to work on /Users/atulkumar/Documents/MLOperations/MLOps/venv/lib/python3.11/site-packages/airflow/example_dags/example_sensors.py
[2025-03-02T21:21:36.745-0500] {processor.py:826} INFO - Processing file /Users/atulkumar/Documents/MLOperations/MLOps/venv/lib/python3.11/site-packages/airflow/example_dags/example_sensors.py for tasks to queue
[2025-03-02T21:21:36.745-0500] {logging_mixin.py:149} INFO - [2025-03-02T21:21:36.745-0500] {dagbag.py:541} INFO - Filling up the DagBag from /Users/atulkumar/Documents/MLOperations/MLOps/venv/lib/python3.11/site-packages/airflow/example_dags/example_sensors.py
[2025-03-02T21:21:36.759-0500] {processor.py:836} INFO - DAG(s) dict_keys(['example_sensors']) retrieved from /Users/atulkumar/Documents/MLOperations/MLOps/venv/lib/python3.11/site-packages/airflow/example_dags/example_sensors.py
[2025-03-02T21:21:37.105-0500] {logging_mixin.py:149} INFO - [2025-03-02T21:21:37.105-0500] {dag.py:2726} INFO - Sync 1 DAGs
[2025-03-02T21:21:37.111-0500] {logging_mixin.py:149} INFO - [2025-03-02T21:21:37.111-0500] {dag.py:3486} INFO - Setting next_dagrun for example_sensors to None, run_after=None
[2025-03-02T21:21:37.119-0500] {processor.py:179} INFO - Processing /Users/atulkumar/Documents/MLOperations/MLOps/venv/lib/python3.11/site-packages/airflow/example_dags/example_sensors.py took 0.377 seconds
[2025-03-02T21:23:48.038-0500] {processor.py:157} INFO - Started process (PID=82138) to work on /Users/atulkumar/Documents/MLOperations/MLOps/venv/lib/python3.11/site-packages/airflow/example_dags/example_sensors.py
[2025-03-02T21:23:48.040-0500] {processor.py:826} INFO - Processing file /Users/atulkumar/Documents/MLOperations/MLOps/venv/lib/python3.11/site-packages/airflow/example_dags/example_sensors.py for tasks to queue
[2025-03-02T21:23:48.040-0500] {logging_mixin.py:149} INFO - [2025-03-02T21:23:48.040-0500] {dagbag.py:541} INFO - Filling up the DagBag from /Users/atulkumar/Documents/MLOperations/MLOps/venv/lib/python3.11/site-packages/airflow/example_dags/example_sensors.py
[2025-03-02T21:23:48.054-0500] {processor.py:836} INFO - DAG(s) dict_keys(['example_sensors']) retrieved from /Users/atulkumar/Documents/MLOperations/MLOps/venv/lib/python3.11/site-packages/airflow/example_dags/example_sensors.py
[2025-03-02T21:23:48.401-0500] {logging_mixin.py:149} INFO - [2025-03-02T21:23:48.401-0500] {dag.py:2726} INFO - Sync 1 DAGs
[2025-03-02T21:23:48.407-0500] {logging_mixin.py:149} INFO - [2025-03-02T21:23:48.407-0500] {dag.py:3486} INFO - Setting next_dagrun for example_sensors to None, run_after=None
[2025-03-02T21:23:48.416-0500] {processor.py:179} INFO - Processing /Users/atulkumar/Documents/MLOperations/MLOps/venv/lib/python3.11/site-packages/airflow/example_dags/example_sensors.py took 0.378 seconds
