[2025-03-02T21:13:39.437-0500] {processor.py:157} INFO - Started process (PID=81249) to work on /Users/atulkumar/Documents/MLOperations/MLOps/venv/lib/python3.11/site-packages/airflow/example_dags/example_sensor_decorator.py
[2025-03-02T21:13:39.439-0500] {processor.py:826} INFO - Processing file /Users/atulkumar/Documents/MLOperations/MLOps/venv/lib/python3.11/site-packages/airflow/example_dags/example_sensor_decorator.py for tasks to queue
[2025-03-02T21:13:39.439-0500] {logging_mixin.py:149} INFO - [2025-03-02T21:13:39.439-0500] {dagbag.py:541} INFO - Filling up the DagBag from /Users/atulkumar/Documents/MLOperations/MLOps/venv/lib/python3.11/site-packages/airflow/example_dags/example_sensor_decorator.py
[2025-03-02T21:13:39.484-0500] {processor.py:836} INFO - DAG(s) dict_keys(['example_sensor_decorator']) retrieved from /Users/atulkumar/Documents/MLOperations/MLOps/venv/lib/python3.11/site-packages/airflow/example_dags/example_sensor_decorator.py
[2025-03-02T21:13:39.913-0500] {logging_mixin.py:149} INFO - [2025-03-02T21:13:39.913-0500] {dag.py:2726} INFO - Sync 1 DAGs
[2025-03-02T21:13:39.918-0500] {logging_mixin.py:149} INFO - [2025-03-02T21:13:39.918-0500] {dag.py:3486} INFO - Setting next_dagrun for example_sensor_decorator to None, run_after=None
[2025-03-02T21:13:39.927-0500] {processor.py:179} INFO - Processing /Users/atulkumar/Documents/MLOperations/MLOps/venv/lib/python3.11/site-packages/airflow/example_dags/example_sensor_decorator.py took 0.491 seconds
[2025-03-02T21:15:13.654-0500] {processor.py:157} INFO - Started process (PID=81377) to work on /Users/atulkumar/Documents/MLOperations/MLOps/venv/lib/python3.11/site-packages/airflow/example_dags/example_sensor_decorator.py
[2025-03-02T21:15:13.655-0500] {processor.py:826} INFO - Processing file /Users/atulkumar/Documents/MLOperations/MLOps/venv/lib/python3.11/site-packages/airflow/example_dags/example_sensor_decorator.py for tasks to queue
[2025-03-02T21:15:13.656-0500] {logging_mixin.py:149} INFO - [2025-03-02T21:15:13.656-0500] {dagbag.py:541} INFO - Filling up the DagBag from /Users/atulkumar/Documents/MLOperations/MLOps/venv/lib/python3.11/site-packages/airflow/example_dags/example_sensor_decorator.py
[2025-03-02T21:15:13.706-0500] {processor.py:836} INFO - DAG(s) dict_keys(['example_sensor_decorator']) retrieved from /Users/atulkumar/Documents/MLOperations/MLOps/venv/lib/python3.11/site-packages/airflow/example_dags/example_sensor_decorator.py
[2025-03-02T21:15:14.121-0500] {logging_mixin.py:149} INFO - [2025-03-02T21:15:14.121-0500] {dag.py:2726} INFO - Sync 1 DAGs
[2025-03-02T21:15:14.129-0500] {logging_mixin.py:149} INFO - [2025-03-02T21:15:14.129-0500] {dag.py:3486} INFO - Setting next_dagrun for example_sensor_decorator to None, run_after=None
[2025-03-02T21:15:14.138-0500] {processor.py:179} INFO - Processing /Users/atulkumar/Documents/MLOperations/MLOps/venv/lib/python3.11/site-packages/airflow/example_dags/example_sensor_decorator.py took 0.484 seconds
[2025-03-02T21:17:19.226-0500] {processor.py:157} INFO - Started process (PID=81556) to work on /Users/atulkumar/Documents/MLOperations/MLOps/venv/lib/python3.11/site-packages/airflow/example_dags/example_sensor_decorator.py
[2025-03-02T21:17:19.228-0500] {processor.py:826} INFO - Processing file /Users/atulkumar/Documents/MLOperations/MLOps/venv/lib/python3.11/site-packages/airflow/example_dags/example_sensor_decorator.py for tasks to queue
[2025-03-02T21:17:19.229-0500] {logging_mixin.py:149} INFO - [2025-03-02T21:17:19.229-0500] {dagbag.py:541} INFO - Filling up the DagBag from /Users/atulkumar/Documents/MLOperations/MLOps/venv/lib/python3.11/site-packages/airflow/example_dags/example_sensor_decorator.py
[2025-03-02T21:17:19.268-0500] {processor.py:836} INFO - DAG(s) dict_keys(['example_sensor_decorator']) retrieved from /Users/atulkumar/Documents/MLOperations/MLOps/venv/lib/python3.11/site-packages/airflow/example_dags/example_sensor_decorator.py
[2025-03-02T21:17:19.596-0500] {logging_mixin.py:149} INFO - [2025-03-02T21:17:19.595-0500] {dag.py:2726} INFO - Sync 1 DAGs
[2025-03-02T21:17:19.603-0500] {logging_mixin.py:149} INFO - [2025-03-02T21:17:19.603-0500] {dag.py:3486} INFO - Setting next_dagrun for example_sensor_decorator to None, run_after=None
[2025-03-02T21:17:19.611-0500] {processor.py:179} INFO - Processing /Users/atulkumar/Documents/MLOperations/MLOps/venv/lib/python3.11/site-packages/airflow/example_dags/example_sensor_decorator.py took 0.385 seconds
[2025-03-02T21:19:27.291-0500] {processor.py:157} INFO - Started process (PID=81757) to work on /Users/atulkumar/Documents/MLOperations/MLOps/venv/lib/python3.11/site-packages/airflow/example_dags/example_sensor_decorator.py
[2025-03-02T21:19:27.292-0500] {processor.py:826} INFO - Processing file /Users/atulkumar/Documents/MLOperations/MLOps/venv/lib/python3.11/site-packages/airflow/example_dags/example_sensor_decorator.py for tasks to queue
[2025-03-02T21:19:27.293-0500] {logging_mixin.py:149} INFO - [2025-03-02T21:19:27.293-0500] {dagbag.py:541} INFO - Filling up the DagBag from /Users/atulkumar/Documents/MLOperations/MLOps/venv/lib/python3.11/site-packages/airflow/example_dags/example_sensor_decorator.py
[2025-03-02T21:19:27.340-0500] {processor.py:836} INFO - DAG(s) dict_keys(['example_sensor_decorator']) retrieved from /Users/atulkumar/Documents/MLOperations/MLOps/venv/lib/python3.11/site-packages/airflow/example_dags/example_sensor_decorator.py
[2025-03-02T21:19:27.716-0500] {logging_mixin.py:149} INFO - [2025-03-02T21:19:27.716-0500] {dag.py:2726} INFO - Sync 1 DAGs
[2025-03-02T21:19:27.724-0500] {logging_mixin.py:149} INFO - [2025-03-02T21:19:27.724-0500] {dag.py:3486} INFO - Setting next_dagrun for example_sensor_decorator to None, run_after=None
[2025-03-02T21:19:27.733-0500] {processor.py:179} INFO - Processing /Users/atulkumar/Documents/MLOperations/MLOps/venv/lib/python3.11/site-packages/airflow/example_dags/example_sensor_decorator.py took 0.443 seconds
[2025-03-02T21:21:38.748-0500] {processor.py:157} INFO - Started process (PID=81963) to work on /Users/atulkumar/Documents/MLOperations/MLOps/venv/lib/python3.11/site-packages/airflow/example_dags/example_sensor_decorator.py
[2025-03-02T21:21:38.750-0500] {processor.py:826} INFO - Processing file /Users/atulkumar/Documents/MLOperations/MLOps/venv/lib/python3.11/site-packages/airflow/example_dags/example_sensor_decorator.py for tasks to queue
[2025-03-02T21:21:38.750-0500] {logging_mixin.py:149} INFO - [2025-03-02T21:21:38.750-0500] {dagbag.py:541} INFO - Filling up the DagBag from /Users/atulkumar/Documents/MLOperations/MLOps/venv/lib/python3.11/site-packages/airflow/example_dags/example_sensor_decorator.py
[2025-03-02T21:21:38.789-0500] {processor.py:836} INFO - DAG(s) dict_keys(['example_sensor_decorator']) retrieved from /Users/atulkumar/Documents/MLOperations/MLOps/venv/lib/python3.11/site-packages/airflow/example_dags/example_sensor_decorator.py
[2025-03-02T21:21:39.102-0500] {logging_mixin.py:149} INFO - [2025-03-02T21:21:39.102-0500] {dag.py:2726} INFO - Sync 1 DAGs
[2025-03-02T21:21:39.108-0500] {logging_mixin.py:149} INFO - [2025-03-02T21:21:39.108-0500] {dag.py:3486} INFO - Setting next_dagrun for example_sensor_decorator to None, run_after=None
[2025-03-02T21:21:39.116-0500] {processor.py:179} INFO - Processing /Users/atulkumar/Documents/MLOperations/MLOps/venv/lib/python3.11/site-packages/airflow/example_dags/example_sensor_decorator.py took 0.368 seconds
[2025-03-02T21:23:50.058-0500] {processor.py:157} INFO - Started process (PID=82139) to work on /Users/atulkumar/Documents/MLOperations/MLOps/venv/lib/python3.11/site-packages/airflow/example_dags/example_sensor_decorator.py
[2025-03-02T21:23:50.060-0500] {processor.py:826} INFO - Processing file /Users/atulkumar/Documents/MLOperations/MLOps/venv/lib/python3.11/site-packages/airflow/example_dags/example_sensor_decorator.py for tasks to queue
[2025-03-02T21:23:50.060-0500] {logging_mixin.py:149} INFO - [2025-03-02T21:23:50.060-0500] {dagbag.py:541} INFO - Filling up the DagBag from /Users/atulkumar/Documents/MLOperations/MLOps/venv/lib/python3.11/site-packages/airflow/example_dags/example_sensor_decorator.py
[2025-03-02T21:23:50.099-0500] {processor.py:836} INFO - DAG(s) dict_keys(['example_sensor_decorator']) retrieved from /Users/atulkumar/Documents/MLOperations/MLOps/venv/lib/python3.11/site-packages/airflow/example_dags/example_sensor_decorator.py
[2025-03-02T21:23:50.410-0500] {logging_mixin.py:149} INFO - [2025-03-02T21:23:50.410-0500] {dag.py:2726} INFO - Sync 1 DAGs
[2025-03-02T21:23:50.417-0500] {logging_mixin.py:149} INFO - [2025-03-02T21:23:50.417-0500] {dag.py:3486} INFO - Setting next_dagrun for example_sensor_decorator to None, run_after=None
[2025-03-02T21:23:50.424-0500] {processor.py:179} INFO - Processing /Users/atulkumar/Documents/MLOperations/MLOps/venv/lib/python3.11/site-packages/airflow/example_dags/example_sensor_decorator.py took 0.366 seconds
