[2025-03-02T21:13:09.109-0500] {processor.py:157} INFO - Started process (PID=81202) to work on /Users/atulkumar/Documents/MLOperations/MLOps/venv/lib/python3.11/site-packages/airflow/example_dags/example_xcom.py
[2025-03-02T21:13:09.111-0500] {processor.py:826} INFO - Processing file /Users/atulkumar/Documents/MLOperations/MLOps/venv/lib/python3.11/site-packages/airflow/example_dags/example_xcom.py for tasks to queue
[2025-03-02T21:13:09.111-0500] {logging_mixin.py:149} INFO - [2025-03-02T21:13:09.111-0500] {dagbag.py:541} INFO - Filling up the DagBag from /Users/atulkumar/Documents/MLOperations/MLOps/venv/lib/python3.11/site-packages/airflow/example_dags/example_xcom.py
[2025-03-02T21:13:09.153-0500] {processor.py:836} INFO - DAG(s) dict_keys(['example_xcom']) retrieved from /Users/atulkumar/Documents/MLOperations/MLOps/venv/lib/python3.11/site-packages/airflow/example_dags/example_xcom.py
[2025-03-02T21:13:09.530-0500] {logging_mixin.py:149} INFO - [2025-03-02T21:13:09.530-0500] {dag.py:2726} INFO - Sync 1 DAGs
[2025-03-02T21:13:09.536-0500] {logging_mixin.py:149} INFO - [2025-03-02T21:13:09.536-0500] {dag.py:3486} INFO - Setting next_dagrun for example_xcom to 2021-01-01T00:00:00+00:00, run_after=2021-01-01T00:00:00+00:00
[2025-03-02T21:13:09.545-0500] {processor.py:179} INFO - Processing /Users/atulkumar/Documents/MLOperations/MLOps/venv/lib/python3.11/site-packages/airflow/example_dags/example_xcom.py took 0.437 seconds
[2025-03-02T21:14:47.094-0500] {processor.py:157} INFO - Started process (PID=81344) to work on /Users/atulkumar/Documents/MLOperations/MLOps/venv/lib/python3.11/site-packages/airflow/example_dags/example_xcom.py
[2025-03-02T21:14:47.096-0500] {processor.py:826} INFO - Processing file /Users/atulkumar/Documents/MLOperations/MLOps/venv/lib/python3.11/site-packages/airflow/example_dags/example_xcom.py for tasks to queue
[2025-03-02T21:14:47.096-0500] {logging_mixin.py:149} INFO - [2025-03-02T21:14:47.096-0500] {dagbag.py:541} INFO - Filling up the DagBag from /Users/atulkumar/Documents/MLOperations/MLOps/venv/lib/python3.11/site-packages/airflow/example_dags/example_xcom.py
[2025-03-02T21:14:47.135-0500] {processor.py:836} INFO - DAG(s) dict_keys(['example_xcom']) retrieved from /Users/atulkumar/Documents/MLOperations/MLOps/venv/lib/python3.11/site-packages/airflow/example_dags/example_xcom.py
[2025-03-02T21:14:47.463-0500] {logging_mixin.py:149} INFO - [2025-03-02T21:14:47.463-0500] {dag.py:2726} INFO - Sync 1 DAGs
[2025-03-02T21:14:47.471-0500] {logging_mixin.py:149} INFO - [2025-03-02T21:14:47.471-0500] {dag.py:3486} INFO - Setting next_dagrun for example_xcom to 2021-01-01T00:00:00+00:00, run_after=2021-01-01T00:00:00+00:00
[2025-03-02T21:14:47.479-0500] {processor.py:179} INFO - Processing /Users/atulkumar/Documents/MLOperations/MLOps/venv/lib/python3.11/site-packages/airflow/example_dags/example_xcom.py took 0.386 seconds
[2025-03-02T21:15:51.512-0500] {processor.py:157} INFO - Started process (PID=81427) to work on /Users/atulkumar/Documents/MLOperations/MLOps/venv/lib/python3.11/site-packages/airflow/example_dags/example_xcom.py
[2025-03-02T21:15:51.514-0500] {processor.py:826} INFO - Processing file /Users/atulkumar/Documents/MLOperations/MLOps/venv/lib/python3.11/site-packages/airflow/example_dags/example_xcom.py for tasks to queue
[2025-03-02T21:15:51.514-0500] {logging_mixin.py:149} INFO - [2025-03-02T21:15:51.514-0500] {dagbag.py:541} INFO - Filling up the DagBag from /Users/atulkumar/Documents/MLOperations/MLOps/venv/lib/python3.11/site-packages/airflow/example_dags/example_xcom.py
[2025-03-02T21:15:51.554-0500] {processor.py:836} INFO - DAG(s) dict_keys(['example_xcom']) retrieved from /Users/atulkumar/Documents/MLOperations/MLOps/venv/lib/python3.11/site-packages/airflow/example_dags/example_xcom.py
[2025-03-02T21:15:51.895-0500] {logging_mixin.py:149} INFO - [2025-03-02T21:15:51.895-0500] {dag.py:2726} INFO - Sync 1 DAGs
[2025-03-02T21:15:51.902-0500] {logging_mixin.py:149} INFO - [2025-03-02T21:15:51.902-0500] {dag.py:3486} INFO - Setting next_dagrun for example_xcom to 2021-01-01T00:00:00+00:00, run_after=2021-01-01T00:00:00+00:00
[2025-03-02T21:15:51.910-0500] {processor.py:179} INFO - Processing /Users/atulkumar/Documents/MLOperations/MLOps/venv/lib/python3.11/site-packages/airflow/example_dags/example_xcom.py took 0.398 seconds
[2025-03-02T21:16:54.190-0500] {processor.py:157} INFO - Started process (PID=81512) to work on /Users/atulkumar/Documents/MLOperations/MLOps/venv/lib/python3.11/site-packages/airflow/example_dags/example_xcom.py
[2025-03-02T21:16:54.192-0500] {processor.py:826} INFO - Processing file /Users/atulkumar/Documents/MLOperations/MLOps/venv/lib/python3.11/site-packages/airflow/example_dags/example_xcom.py for tasks to queue
[2025-03-02T21:16:54.192-0500] {logging_mixin.py:149} INFO - [2025-03-02T21:16:54.192-0500] {dagbag.py:541} INFO - Filling up the DagBag from /Users/atulkumar/Documents/MLOperations/MLOps/venv/lib/python3.11/site-packages/airflow/example_dags/example_xcom.py
[2025-03-02T21:16:54.239-0500] {processor.py:836} INFO - DAG(s) dict_keys(['example_xcom']) retrieved from /Users/atulkumar/Documents/MLOperations/MLOps/venv/lib/python3.11/site-packages/airflow/example_dags/example_xcom.py
[2025-03-02T21:16:54.669-0500] {logging_mixin.py:149} INFO - [2025-03-02T21:16:54.669-0500] {dag.py:2726} INFO - Sync 1 DAGs
[2025-03-02T21:16:54.679-0500] {logging_mixin.py:149} INFO - [2025-03-02T21:16:54.679-0500] {dag.py:3486} INFO - Setting next_dagrun for example_xcom to 2021-01-01T00:00:00+00:00, run_after=2021-01-01T00:00:00+00:00
[2025-03-02T21:16:54.688-0500] {processor.py:179} INFO - Processing /Users/atulkumar/Documents/MLOperations/MLOps/venv/lib/python3.11/site-packages/airflow/example_dags/example_xcom.py took 0.498 seconds
[2025-03-02T21:17:57.070-0500] {processor.py:157} INFO - Started process (PID=81609) to work on /Users/atulkumar/Documents/MLOperations/MLOps/venv/lib/python3.11/site-packages/airflow/example_dags/example_xcom.py
[2025-03-02T21:17:57.072-0500] {processor.py:826} INFO - Processing file /Users/atulkumar/Documents/MLOperations/MLOps/venv/lib/python3.11/site-packages/airflow/example_dags/example_xcom.py for tasks to queue
[2025-03-02T21:17:57.073-0500] {logging_mixin.py:149} INFO - [2025-03-02T21:17:57.073-0500] {dagbag.py:541} INFO - Filling up the DagBag from /Users/atulkumar/Documents/MLOperations/MLOps/venv/lib/python3.11/site-packages/airflow/example_dags/example_xcom.py
[2025-03-02T21:17:57.116-0500] {processor.py:836} INFO - DAG(s) dict_keys(['example_xcom']) retrieved from /Users/atulkumar/Documents/MLOperations/MLOps/venv/lib/python3.11/site-packages/airflow/example_dags/example_xcom.py
[2025-03-02T21:17:57.449-0500] {logging_mixin.py:149} INFO - [2025-03-02T21:17:57.449-0500] {dag.py:2726} INFO - Sync 1 DAGs
[2025-03-02T21:17:57.455-0500] {logging_mixin.py:149} INFO - [2025-03-02T21:17:57.455-0500] {dag.py:3486} INFO - Setting next_dagrun for example_xcom to 2021-01-01T00:00:00+00:00, run_after=2021-01-01T00:00:00+00:00
[2025-03-02T21:17:57.464-0500] {processor.py:179} INFO - Processing /Users/atulkumar/Documents/MLOperations/MLOps/venv/lib/python3.11/site-packages/airflow/example_dags/example_xcom.py took 0.395 seconds
[2025-03-02T21:19:01.049-0500] {processor.py:157} INFO - Started process (PID=81696) to work on /Users/atulkumar/Documents/MLOperations/MLOps/venv/lib/python3.11/site-packages/airflow/example_dags/example_xcom.py
[2025-03-02T21:19:01.051-0500] {processor.py:826} INFO - Processing file /Users/atulkumar/Documents/MLOperations/MLOps/venv/lib/python3.11/site-packages/airflow/example_dags/example_xcom.py for tasks to queue
[2025-03-02T21:19:01.052-0500] {logging_mixin.py:149} INFO - [2025-03-02T21:19:01.052-0500] {dagbag.py:541} INFO - Filling up the DagBag from /Users/atulkumar/Documents/MLOperations/MLOps/venv/lib/python3.11/site-packages/airflow/example_dags/example_xcom.py
[2025-03-02T21:19:01.096-0500] {processor.py:836} INFO - DAG(s) dict_keys(['example_xcom']) retrieved from /Users/atulkumar/Documents/MLOperations/MLOps/venv/lib/python3.11/site-packages/airflow/example_dags/example_xcom.py
[2025-03-02T21:19:01.439-0500] {logging_mixin.py:149} INFO - [2025-03-02T21:19:01.439-0500] {dag.py:2726} INFO - Sync 1 DAGs
[2025-03-02T21:19:01.446-0500] {logging_mixin.py:149} INFO - [2025-03-02T21:19:01.446-0500] {dag.py:3486} INFO - Setting next_dagrun for example_xcom to 2021-01-01T00:00:00+00:00, run_after=2021-01-01T00:00:00+00:00
[2025-03-02T21:19:01.455-0500] {processor.py:179} INFO - Processing /Users/atulkumar/Documents/MLOperations/MLOps/venv/lib/python3.11/site-packages/airflow/example_dags/example_xcom.py took 0.406 seconds
[2025-03-02T21:20:07.283-0500] {processor.py:157} INFO - Started process (PID=81817) to work on /Users/atulkumar/Documents/MLOperations/MLOps/venv/lib/python3.11/site-packages/airflow/example_dags/example_xcom.py
[2025-03-02T21:20:07.285-0500] {processor.py:826} INFO - Processing file /Users/atulkumar/Documents/MLOperations/MLOps/venv/lib/python3.11/site-packages/airflow/example_dags/example_xcom.py for tasks to queue
[2025-03-02T21:20:07.285-0500] {logging_mixin.py:149} INFO - [2025-03-02T21:20:07.285-0500] {dagbag.py:541} INFO - Filling up the DagBag from /Users/atulkumar/Documents/MLOperations/MLOps/venv/lib/python3.11/site-packages/airflow/example_dags/example_xcom.py
[2025-03-02T21:20:07.329-0500] {processor.py:836} INFO - DAG(s) dict_keys(['example_xcom']) retrieved from /Users/atulkumar/Documents/MLOperations/MLOps/venv/lib/python3.11/site-packages/airflow/example_dags/example_xcom.py
[2025-03-02T21:20:07.672-0500] {logging_mixin.py:149} INFO - [2025-03-02T21:20:07.671-0500] {dag.py:2726} INFO - Sync 1 DAGs
[2025-03-02T21:20:07.679-0500] {logging_mixin.py:149} INFO - [2025-03-02T21:20:07.679-0500] {dag.py:3486} INFO - Setting next_dagrun for example_xcom to 2021-01-01T00:00:00+00:00, run_after=2021-01-01T00:00:00+00:00
[2025-03-02T21:20:07.687-0500] {processor.py:179} INFO - Processing /Users/atulkumar/Documents/MLOperations/MLOps/venv/lib/python3.11/site-packages/airflow/example_dags/example_xcom.py took 0.405 seconds
[2025-03-02T21:21:13.625-0500] {processor.py:157} INFO - Started process (PID=81928) to work on /Users/atulkumar/Documents/MLOperations/MLOps/venv/lib/python3.11/site-packages/airflow/example_dags/example_xcom.py
[2025-03-02T21:21:13.627-0500] {processor.py:826} INFO - Processing file /Users/atulkumar/Documents/MLOperations/MLOps/venv/lib/python3.11/site-packages/airflow/example_dags/example_xcom.py for tasks to queue
[2025-03-02T21:21:13.627-0500] {logging_mixin.py:149} INFO - [2025-03-02T21:21:13.627-0500] {dagbag.py:541} INFO - Filling up the DagBag from /Users/atulkumar/Documents/MLOperations/MLOps/venv/lib/python3.11/site-packages/airflow/example_dags/example_xcom.py
[2025-03-02T21:21:13.665-0500] {processor.py:836} INFO - DAG(s) dict_keys(['example_xcom']) retrieved from /Users/atulkumar/Documents/MLOperations/MLOps/venv/lib/python3.11/site-packages/airflow/example_dags/example_xcom.py
[2025-03-02T21:21:13.977-0500] {logging_mixin.py:149} INFO - [2025-03-02T21:21:13.976-0500] {dag.py:2726} INFO - Sync 1 DAGs
[2025-03-02T21:21:13.983-0500] {logging_mixin.py:149} INFO - [2025-03-02T21:21:13.983-0500] {dag.py:3486} INFO - Setting next_dagrun for example_xcom to 2021-01-01T00:00:00+00:00, run_after=2021-01-01T00:00:00+00:00
[2025-03-02T21:21:13.990-0500] {processor.py:179} INFO - Processing /Users/atulkumar/Documents/MLOperations/MLOps/venv/lib/python3.11/site-packages/airflow/example_dags/example_xcom.py took 0.365 seconds
[2025-03-02T21:22:18.461-0500] {processor.py:157} INFO - Started process (PID=82010) to work on /Users/atulkumar/Documents/MLOperations/MLOps/venv/lib/python3.11/site-packages/airflow/example_dags/example_xcom.py
[2025-03-02T21:22:18.463-0500] {processor.py:826} INFO - Processing file /Users/atulkumar/Documents/MLOperations/MLOps/venv/lib/python3.11/site-packages/airflow/example_dags/example_xcom.py for tasks to queue
[2025-03-02T21:22:18.463-0500] {logging_mixin.py:149} INFO - [2025-03-02T21:22:18.463-0500] {dagbag.py:541} INFO - Filling up the DagBag from /Users/atulkumar/Documents/MLOperations/MLOps/venv/lib/python3.11/site-packages/airflow/example_dags/example_xcom.py
[2025-03-02T21:22:18.517-0500] {processor.py:836} INFO - DAG(s) dict_keys(['example_xcom']) retrieved from /Users/atulkumar/Documents/MLOperations/MLOps/venv/lib/python3.11/site-packages/airflow/example_dags/example_xcom.py
[2025-03-02T21:22:18.873-0500] {logging_mixin.py:149} INFO - [2025-03-02T21:22:18.873-0500] {dag.py:2726} INFO - Sync 1 DAGs
[2025-03-02T21:22:18.880-0500] {logging_mixin.py:149} INFO - [2025-03-02T21:22:18.880-0500] {dag.py:3486} INFO - Setting next_dagrun for example_xcom to 2021-01-01T00:00:00+00:00, run_after=2021-01-01T00:00:00+00:00
[2025-03-02T21:22:18.889-0500] {processor.py:179} INFO - Processing /Users/atulkumar/Documents/MLOperations/MLOps/venv/lib/python3.11/site-packages/airflow/example_dags/example_xcom.py took 0.429 seconds
[2025-03-02T21:23:24.522-0500] {processor.py:157} INFO - Started process (PID=82100) to work on /Users/atulkumar/Documents/MLOperations/MLOps/venv/lib/python3.11/site-packages/airflow/example_dags/example_xcom.py
[2025-03-02T21:23:24.525-0500] {processor.py:826} INFO - Processing file /Users/atulkumar/Documents/MLOperations/MLOps/venv/lib/python3.11/site-packages/airflow/example_dags/example_xcom.py for tasks to queue
[2025-03-02T21:23:24.525-0500] {logging_mixin.py:149} INFO - [2025-03-02T21:23:24.525-0500] {dagbag.py:541} INFO - Filling up the DagBag from /Users/atulkumar/Documents/MLOperations/MLOps/venv/lib/python3.11/site-packages/airflow/example_dags/example_xcom.py
[2025-03-02T21:23:24.569-0500] {processor.py:836} INFO - DAG(s) dict_keys(['example_xcom']) retrieved from /Users/atulkumar/Documents/MLOperations/MLOps/venv/lib/python3.11/site-packages/airflow/example_dags/example_xcom.py
[2025-03-02T21:23:24.926-0500] {logging_mixin.py:149} INFO - [2025-03-02T21:23:24.925-0500] {dag.py:2726} INFO - Sync 1 DAGs
[2025-03-02T21:23:24.933-0500] {logging_mixin.py:149} INFO - [2025-03-02T21:23:24.933-0500] {dag.py:3486} INFO - Setting next_dagrun for example_xcom to 2021-01-01T00:00:00+00:00, run_after=2021-01-01T00:00:00+00:00
[2025-03-02T21:23:24.942-0500] {processor.py:179} INFO - Processing /Users/atulkumar/Documents/MLOperations/MLOps/venv/lib/python3.11/site-packages/airflow/example_dags/example_xcom.py took 0.420 seconds
[2025-03-02T21:24:31.279-0500] {processor.py:157} INFO - Started process (PID=82211) to work on /Users/atulkumar/Documents/MLOperations/MLOps/venv/lib/python3.11/site-packages/airflow/example_dags/example_xcom.py
[2025-03-02T21:24:31.281-0500] {processor.py:826} INFO - Processing file /Users/atulkumar/Documents/MLOperations/MLOps/venv/lib/python3.11/site-packages/airflow/example_dags/example_xcom.py for tasks to queue
[2025-03-02T21:24:31.281-0500] {logging_mixin.py:149} INFO - [2025-03-02T21:24:31.281-0500] {dagbag.py:541} INFO - Filling up the DagBag from /Users/atulkumar/Documents/MLOperations/MLOps/venv/lib/python3.11/site-packages/airflow/example_dags/example_xcom.py
[2025-03-02T21:24:31.324-0500] {processor.py:836} INFO - DAG(s) dict_keys(['example_xcom']) retrieved from /Users/atulkumar/Documents/MLOperations/MLOps/venv/lib/python3.11/site-packages/airflow/example_dags/example_xcom.py
[2025-03-02T21:24:31.664-0500] {logging_mixin.py:149} INFO - [2025-03-02T21:24:31.664-0500] {dag.py:2726} INFO - Sync 1 DAGs
[2025-03-02T21:24:31.671-0500] {logging_mixin.py:149} INFO - [2025-03-02T21:24:31.671-0500] {dag.py:3486} INFO - Setting next_dagrun for example_xcom to 2021-01-01T00:00:00+00:00, run_after=2021-01-01T00:00:00+00:00
[2025-03-02T21:24:31.681-0500] {processor.py:179} INFO - Processing /Users/atulkumar/Documents/MLOperations/MLOps/venv/lib/python3.11/site-packages/airflow/example_dags/example_xcom.py took 0.402 seconds
