[2025-03-02T21:13:26.418-0500] {processor.py:157} INFO - Started process (PID=81232) to work on /Users/atulkumar/Documents/MLOperations/MLOps/venv/lib/python3.11/site-packages/airflow/example_dags/example_skip_dag.py
[2025-03-02T21:13:26.420-0500] {processor.py:826} INFO - Processing file /Users/atulkumar/Documents/MLOperations/MLOps/venv/lib/python3.11/site-packages/airflow/example_dags/example_skip_dag.py for tasks to queue
[2025-03-02T21:13:26.421-0500] {logging_mixin.py:149} INFO - [2025-03-02T21:13:26.420-0500] {dagbag.py:541} INFO - Filling up the DagBag from /Users/atulkumar/Documents/MLOperations/MLOps/venv/lib/python3.11/site-packages/airflow/example_dags/example_skip_dag.py
[2025-03-02T21:13:26.433-0500] {processor.py:836} INFO - DAG(s) dict_keys(['example_skip_dag']) retrieved from /Users/atulkumar/Documents/MLOperations/MLOps/venv/lib/python3.11/site-packages/airflow/example_dags/example_skip_dag.py
[2025-03-02T21:13:26.858-0500] {logging_mixin.py:149} INFO - [2025-03-02T21:13:26.858-0500] {dag.py:2726} INFO - Sync 1 DAGs
[2025-03-02T21:13:26.865-0500] {logging_mixin.py:149} INFO - [2025-03-02T21:13:26.865-0500] {dag.py:3486} INFO - Setting next_dagrun for example_skip_dag to 2025-03-02T02:13:26.864997+00:00, run_after=2025-03-03T02:13:26.864997+00:00
[2025-03-02T21:13:26.875-0500] {processor.py:179} INFO - Processing /Users/atulkumar/Documents/MLOperations/MLOps/venv/lib/python3.11/site-packages/airflow/example_dags/example_skip_dag.py took 0.457 seconds
[2025-03-02T21:15:02.348-0500] {processor.py:157} INFO - Started process (PID=81361) to work on /Users/atulkumar/Documents/MLOperations/MLOps/venv/lib/python3.11/site-packages/airflow/example_dags/example_skip_dag.py
[2025-03-02T21:15:02.350-0500] {processor.py:826} INFO - Processing file /Users/atulkumar/Documents/MLOperations/MLOps/venv/lib/python3.11/site-packages/airflow/example_dags/example_skip_dag.py for tasks to queue
[2025-03-02T21:15:02.350-0500] {logging_mixin.py:149} INFO - [2025-03-02T21:15:02.350-0500] {dagbag.py:541} INFO - Filling up the DagBag from /Users/atulkumar/Documents/MLOperations/MLOps/venv/lib/python3.11/site-packages/airflow/example_dags/example_skip_dag.py
[2025-03-02T21:15:02.358-0500] {processor.py:836} INFO - DAG(s) dict_keys(['example_skip_dag']) retrieved from /Users/atulkumar/Documents/MLOperations/MLOps/venv/lib/python3.11/site-packages/airflow/example_dags/example_skip_dag.py
[2025-03-02T21:15:02.711-0500] {logging_mixin.py:149} INFO - [2025-03-02T21:15:02.711-0500] {dag.py:2726} INFO - Sync 1 DAGs
[2025-03-02T21:15:02.717-0500] {logging_mixin.py:149} INFO - [2025-03-02T21:15:02.717-0500] {dag.py:3486} INFO - Setting next_dagrun for example_skip_dag to 2025-03-02T02:15:02.717609+00:00, run_after=2025-03-03T02:15:02.717609+00:00
[2025-03-02T21:15:02.724-0500] {processor.py:179} INFO - Processing /Users/atulkumar/Documents/MLOperations/MLOps/venv/lib/python3.11/site-packages/airflow/example_dags/example_skip_dag.py took 0.376 seconds
[2025-03-02T21:17:09.630-0500] {processor.py:157} INFO - Started process (PID=81540) to work on /Users/atulkumar/Documents/MLOperations/MLOps/venv/lib/python3.11/site-packages/airflow/example_dags/example_skip_dag.py
[2025-03-02T21:17:09.632-0500] {processor.py:826} INFO - Processing file /Users/atulkumar/Documents/MLOperations/MLOps/venv/lib/python3.11/site-packages/airflow/example_dags/example_skip_dag.py for tasks to queue
[2025-03-02T21:17:09.632-0500] {logging_mixin.py:149} INFO - [2025-03-02T21:17:09.632-0500] {dagbag.py:541} INFO - Filling up the DagBag from /Users/atulkumar/Documents/MLOperations/MLOps/venv/lib/python3.11/site-packages/airflow/example_dags/example_skip_dag.py
[2025-03-02T21:17:09.642-0500] {processor.py:836} INFO - DAG(s) dict_keys(['example_skip_dag']) retrieved from /Users/atulkumar/Documents/MLOperations/MLOps/venv/lib/python3.11/site-packages/airflow/example_dags/example_skip_dag.py
[2025-03-02T21:17:10.051-0500] {logging_mixin.py:149} INFO - [2025-03-02T21:17:10.051-0500] {dag.py:2726} INFO - Sync 1 DAGs
[2025-03-02T21:17:10.058-0500] {logging_mixin.py:149} INFO - [2025-03-02T21:17:10.058-0500] {dag.py:3486} INFO - Setting next_dagrun for example_skip_dag to 2025-03-02T02:17:10.058238+00:00, run_after=2025-03-03T02:17:10.058238+00:00
[2025-03-02T21:17:10.067-0500] {processor.py:179} INFO - Processing /Users/atulkumar/Documents/MLOperations/MLOps/venv/lib/python3.11/site-packages/airflow/example_dags/example_skip_dag.py took 0.438 seconds
[2025-03-02T21:19:16.177-0500] {processor.py:157} INFO - Started process (PID=81713) to work on /Users/atulkumar/Documents/MLOperations/MLOps/venv/lib/python3.11/site-packages/airflow/example_dags/example_skip_dag.py
[2025-03-02T21:19:16.179-0500] {processor.py:826} INFO - Processing file /Users/atulkumar/Documents/MLOperations/MLOps/venv/lib/python3.11/site-packages/airflow/example_dags/example_skip_dag.py for tasks to queue
[2025-03-02T21:19:16.179-0500] {logging_mixin.py:149} INFO - [2025-03-02T21:19:16.179-0500] {dagbag.py:541} INFO - Filling up the DagBag from /Users/atulkumar/Documents/MLOperations/MLOps/venv/lib/python3.11/site-packages/airflow/example_dags/example_skip_dag.py
[2025-03-02T21:19:16.187-0500] {processor.py:836} INFO - DAG(s) dict_keys(['example_skip_dag']) retrieved from /Users/atulkumar/Documents/MLOperations/MLOps/venv/lib/python3.11/site-packages/airflow/example_dags/example_skip_dag.py
[2025-03-02T21:19:16.527-0500] {logging_mixin.py:149} INFO - [2025-03-02T21:19:16.527-0500] {dag.py:2726} INFO - Sync 1 DAGs
[2025-03-02T21:19:16.533-0500] {logging_mixin.py:149} INFO - [2025-03-02T21:19:16.533-0500] {dag.py:3486} INFO - Setting next_dagrun for example_skip_dag to 2025-03-02T02:19:16.533259+00:00, run_after=2025-03-03T02:19:16.533259+00:00
[2025-03-02T21:19:16.540-0500] {processor.py:179} INFO - Processing /Users/atulkumar/Documents/MLOperations/MLOps/venv/lib/python3.11/site-packages/airflow/example_dags/example_skip_dag.py took 0.363 seconds
[2025-03-02T21:21:26.734-0500] {processor.py:157} INFO - Started process (PID=81947) to work on /Users/atulkumar/Documents/MLOperations/MLOps/venv/lib/python3.11/site-packages/airflow/example_dags/example_skip_dag.py
[2025-03-02T21:21:26.736-0500] {processor.py:826} INFO - Processing file /Users/atulkumar/Documents/MLOperations/MLOps/venv/lib/python3.11/site-packages/airflow/example_dags/example_skip_dag.py for tasks to queue
[2025-03-02T21:21:26.736-0500] {logging_mixin.py:149} INFO - [2025-03-02T21:21:26.736-0500] {dagbag.py:541} INFO - Filling up the DagBag from /Users/atulkumar/Documents/MLOperations/MLOps/venv/lib/python3.11/site-packages/airflow/example_dags/example_skip_dag.py
[2025-03-02T21:21:26.743-0500] {processor.py:836} INFO - DAG(s) dict_keys(['example_skip_dag']) retrieved from /Users/atulkumar/Documents/MLOperations/MLOps/venv/lib/python3.11/site-packages/airflow/example_dags/example_skip_dag.py
[2025-03-02T21:21:27.089-0500] {logging_mixin.py:149} INFO - [2025-03-02T21:21:27.089-0500] {dag.py:2726} INFO - Sync 1 DAGs
[2025-03-02T21:21:27.096-0500] {logging_mixin.py:149} INFO - [2025-03-02T21:21:27.096-0500] {dag.py:3486} INFO - Setting next_dagrun for example_skip_dag to 2025-03-02T02:21:27.096254+00:00, run_after=2025-03-03T02:21:27.096254+00:00
[2025-03-02T21:21:27.103-0500] {processor.py:179} INFO - Processing /Users/atulkumar/Documents/MLOperations/MLOps/venv/lib/python3.11/site-packages/airflow/example_dags/example_skip_dag.py took 0.370 seconds
[2025-03-02T21:23:37.757-0500] {processor.py:157} INFO - Started process (PID=82116) to work on /Users/atulkumar/Documents/MLOperations/MLOps/venv/lib/python3.11/site-packages/airflow/example_dags/example_skip_dag.py
[2025-03-02T21:23:37.759-0500] {processor.py:826} INFO - Processing file /Users/atulkumar/Documents/MLOperations/MLOps/venv/lib/python3.11/site-packages/airflow/example_dags/example_skip_dag.py for tasks to queue
[2025-03-02T21:23:37.759-0500] {logging_mixin.py:149} INFO - [2025-03-02T21:23:37.759-0500] {dagbag.py:541} INFO - Filling up the DagBag from /Users/atulkumar/Documents/MLOperations/MLOps/venv/lib/python3.11/site-packages/airflow/example_dags/example_skip_dag.py
[2025-03-02T21:23:37.767-0500] {processor.py:836} INFO - DAG(s) dict_keys(['example_skip_dag']) retrieved from /Users/atulkumar/Documents/MLOperations/MLOps/venv/lib/python3.11/site-packages/airflow/example_dags/example_skip_dag.py
[2025-03-02T21:23:38.178-0500] {logging_mixin.py:149} INFO - [2025-03-02T21:23:38.178-0500] {dag.py:2726} INFO - Sync 1 DAGs
[2025-03-02T21:23:38.187-0500] {logging_mixin.py:149} INFO - [2025-03-02T21:23:38.186-0500] {dag.py:3486} INFO - Setting next_dagrun for example_skip_dag to 2025-03-02T02:23:38.186866+00:00, run_after=2025-03-03T02:23:38.186866+00:00
[2025-03-02T21:23:38.194-0500] {processor.py:179} INFO - Processing /Users/atulkumar/Documents/MLOperations/MLOps/venv/lib/python3.11/site-packages/airflow/example_dags/example_skip_dag.py took 0.438 seconds
