[2025-03-02T21:14:18.830-0500] {processor.py:157} INFO - Started process (PID=81305) to work on /Users/atulkumar/Documents/MLOperations/MLOps/venv/lib/python3.11/site-packages/airflow/example_dags/example_branch_labels.py
[2025-03-02T21:14:18.832-0500] {processor.py:826} INFO - Processing file /Users/atulkumar/Documents/MLOperations/MLOps/venv/lib/python3.11/site-packages/airflow/example_dags/example_branch_labels.py for tasks to queue
[2025-03-02T21:14:18.832-0500] {logging_mixin.py:149} INFO - [2025-03-02T21:14:18.832-0500] {dagbag.py:541} INFO - Filling up the DagBag from /Users/atulkumar/Documents/MLOperations/MLOps/venv/lib/python3.11/site-packages/airflow/example_dags/example_branch_labels.py
[2025-03-02T21:14:18.840-0500] {processor.py:836} INFO - DAG(s) dict_keys(['example_branch_labels']) retrieved from /Users/atulkumar/Documents/MLOperations/MLOps/venv/lib/python3.11/site-packages/airflow/example_dags/example_branch_labels.py
[2025-03-02T21:14:19.216-0500] {logging_mixin.py:149} INFO - [2025-03-02T21:14:19.216-0500] {dag.py:2726} INFO - Sync 1 DAGs
[2025-03-02T21:14:19.222-0500] {logging_mixin.py:149} INFO - [2025-03-02T21:14:19.222-0500] {dag.py:3486} INFO - Setting next_dagrun for example_branch_labels to 2025-03-02T00:00:00+00:00, run_after=2025-03-03T00:00:00+00:00
[2025-03-02T21:14:19.231-0500] {processor.py:179} INFO - Processing /Users/atulkumar/Documents/MLOperations/MLOps/venv/lib/python3.11/site-packages/airflow/example_dags/example_branch_labels.py took 0.401 seconds
[2025-03-02T21:16:23.089-0500] {processor.py:157} INFO - Started process (PID=81469) to work on /Users/atulkumar/Documents/MLOperations/MLOps/venv/lib/python3.11/site-packages/airflow/example_dags/example_branch_labels.py
[2025-03-02T21:16:23.090-0500] {processor.py:826} INFO - Processing file /Users/atulkumar/Documents/MLOperations/MLOps/venv/lib/python3.11/site-packages/airflow/example_dags/example_branch_labels.py for tasks to queue
[2025-03-02T21:16:23.091-0500] {logging_mixin.py:149} INFO - [2025-03-02T21:16:23.091-0500] {dagbag.py:541} INFO - Filling up the DagBag from /Users/atulkumar/Documents/MLOperations/MLOps/venv/lib/python3.11/site-packages/airflow/example_dags/example_branch_labels.py
[2025-03-02T21:16:23.099-0500] {processor.py:836} INFO - DAG(s) dict_keys(['example_branch_labels']) retrieved from /Users/atulkumar/Documents/MLOperations/MLOps/venv/lib/python3.11/site-packages/airflow/example_dags/example_branch_labels.py
[2025-03-02T21:16:23.449-0500] {logging_mixin.py:149} INFO - [2025-03-02T21:16:23.449-0500] {dag.py:2726} INFO - Sync 1 DAGs
[2025-03-02T21:16:23.456-0500] {logging_mixin.py:149} INFO - [2025-03-02T21:16:23.456-0500] {dag.py:3486} INFO - Setting next_dagrun for example_branch_labels to 2025-03-02T00:00:00+00:00, run_after=2025-03-03T00:00:00+00:00
[2025-03-02T21:16:23.463-0500] {processor.py:179} INFO - Processing /Users/atulkumar/Documents/MLOperations/MLOps/venv/lib/python3.11/site-packages/airflow/example_dags/example_branch_labels.py took 0.374 seconds
[2025-03-02T21:18:32.426-0500] {processor.py:157} INFO - Started process (PID=81653) to work on /Users/atulkumar/Documents/MLOperations/MLOps/venv/lib/python3.11/site-packages/airflow/example_dags/example_branch_labels.py
[2025-03-02T21:18:32.429-0500] {processor.py:826} INFO - Processing file /Users/atulkumar/Documents/MLOperations/MLOps/venv/lib/python3.11/site-packages/airflow/example_dags/example_branch_labels.py for tasks to queue
[2025-03-02T21:18:32.429-0500] {logging_mixin.py:149} INFO - [2025-03-02T21:18:32.429-0500] {dagbag.py:541} INFO - Filling up the DagBag from /Users/atulkumar/Documents/MLOperations/MLOps/venv/lib/python3.11/site-packages/airflow/example_dags/example_branch_labels.py
[2025-03-02T21:18:32.437-0500] {processor.py:836} INFO - DAG(s) dict_keys(['example_branch_labels']) retrieved from /Users/atulkumar/Documents/MLOperations/MLOps/venv/lib/python3.11/site-packages/airflow/example_dags/example_branch_labels.py
[2025-03-02T21:18:32.779-0500] {logging_mixin.py:149} INFO - [2025-03-02T21:18:32.778-0500] {dag.py:2726} INFO - Sync 1 DAGs
[2025-03-02T21:18:32.787-0500] {logging_mixin.py:149} INFO - [2025-03-02T21:18:32.787-0500] {dag.py:3486} INFO - Setting next_dagrun for example_branch_labels to 2025-03-02T00:00:00+00:00, run_after=2025-03-03T00:00:00+00:00
[2025-03-02T21:18:32.795-0500] {processor.py:179} INFO - Processing /Users/atulkumar/Documents/MLOperations/MLOps/venv/lib/python3.11/site-packages/airflow/example_dags/example_branch_labels.py took 0.369 seconds
[2025-03-02T21:20:43.676-0500] {processor.py:157} INFO - Started process (PID=81881) to work on /Users/atulkumar/Documents/MLOperations/MLOps/venv/lib/python3.11/site-packages/airflow/example_dags/example_branch_labels.py
[2025-03-02T21:20:43.678-0500] {processor.py:826} INFO - Processing file /Users/atulkumar/Documents/MLOperations/MLOps/venv/lib/python3.11/site-packages/airflow/example_dags/example_branch_labels.py for tasks to queue
[2025-03-02T21:20:43.678-0500] {logging_mixin.py:149} INFO - [2025-03-02T21:20:43.678-0500] {dagbag.py:541} INFO - Filling up the DagBag from /Users/atulkumar/Documents/MLOperations/MLOps/venv/lib/python3.11/site-packages/airflow/example_dags/example_branch_labels.py
[2025-03-02T21:20:43.688-0500] {processor.py:836} INFO - DAG(s) dict_keys(['example_branch_labels']) retrieved from /Users/atulkumar/Documents/MLOperations/MLOps/venv/lib/python3.11/site-packages/airflow/example_dags/example_branch_labels.py
[2025-03-02T21:20:44.060-0500] {logging_mixin.py:149} INFO - [2025-03-02T21:20:44.060-0500] {dag.py:2726} INFO - Sync 1 DAGs
[2025-03-02T21:20:44.066-0500] {logging_mixin.py:149} INFO - [2025-03-02T21:20:44.066-0500] {dag.py:3486} INFO - Setting next_dagrun for example_branch_labels to 2025-03-02T00:00:00+00:00, run_after=2025-03-03T00:00:00+00:00
[2025-03-02T21:20:44.075-0500] {processor.py:179} INFO - Processing /Users/atulkumar/Documents/MLOperations/MLOps/venv/lib/python3.11/site-packages/airflow/example_dags/example_branch_labels.py took 0.399 seconds
[2025-03-02T21:22:53.819-0500] {processor.py:157} INFO - Started process (PID=82061) to work on /Users/atulkumar/Documents/MLOperations/MLOps/venv/lib/python3.11/site-packages/airflow/example_dags/example_branch_labels.py
[2025-03-02T21:22:53.822-0500] {processor.py:826} INFO - Processing file /Users/atulkumar/Documents/MLOperations/MLOps/venv/lib/python3.11/site-packages/airflow/example_dags/example_branch_labels.py for tasks to queue
[2025-03-02T21:22:53.822-0500] {logging_mixin.py:149} INFO - [2025-03-02T21:22:53.822-0500] {dagbag.py:541} INFO - Filling up the DagBag from /Users/atulkumar/Documents/MLOperations/MLOps/venv/lib/python3.11/site-packages/airflow/example_dags/example_branch_labels.py
[2025-03-02T21:22:53.831-0500] {processor.py:836} INFO - DAG(s) dict_keys(['example_branch_labels']) retrieved from /Users/atulkumar/Documents/MLOperations/MLOps/venv/lib/python3.11/site-packages/airflow/example_dags/example_branch_labels.py
[2025-03-02T21:22:54.244-0500] {logging_mixin.py:149} INFO - [2025-03-02T21:22:54.244-0500] {dag.py:2726} INFO - Sync 1 DAGs
[2025-03-02T21:22:54.251-0500] {logging_mixin.py:149} INFO - [2025-03-02T21:22:54.251-0500] {dag.py:3486} INFO - Setting next_dagrun for example_branch_labels to 2025-03-02T00:00:00+00:00, run_after=2025-03-03T00:00:00+00:00
[2025-03-02T21:22:54.258-0500] {processor.py:179} INFO - Processing /Users/atulkumar/Documents/MLOperations/MLOps/venv/lib/python3.11/site-packages/airflow/example_dags/example_branch_labels.py took 0.439 seconds
[2025-03-02T21:25:12.712-0500] {processor.py:157} INFO - Started process (PID=82321) to work on /Users/atulkumar/Documents/MLOperations/MLOps/venv/lib/python3.11/site-packages/airflow/example_dags/example_branch_labels.py
[2025-03-02T21:25:12.714-0500] {processor.py:826} INFO - Processing file /Users/atulkumar/Documents/MLOperations/MLOps/venv/lib/python3.11/site-packages/airflow/example_dags/example_branch_labels.py for tasks to queue
[2025-03-02T21:25:12.714-0500] {logging_mixin.py:149} INFO - [2025-03-02T21:25:12.714-0500] {dagbag.py:541} INFO - Filling up the DagBag from /Users/atulkumar/Documents/MLOperations/MLOps/venv/lib/python3.11/site-packages/airflow/example_dags/example_branch_labels.py
[2025-03-02T21:25:12.722-0500] {processor.py:836} INFO - DAG(s) dict_keys(['example_branch_labels']) retrieved from /Users/atulkumar/Documents/MLOperations/MLOps/venv/lib/python3.11/site-packages/airflow/example_dags/example_branch_labels.py
[2025-03-02T21:25:13.179-0500] {logging_mixin.py:149} INFO - [2025-03-02T21:25:13.179-0500] {dag.py:2726} INFO - Sync 1 DAGs
[2025-03-02T21:25:13.187-0500] {logging_mixin.py:149} INFO - [2025-03-02T21:25:13.187-0500] {dag.py:3486} INFO - Setting next_dagrun for example_branch_labels to 2025-03-02T00:00:00+00:00, run_after=2025-03-03T00:00:00+00:00
[2025-03-02T21:25:13.197-0500] {processor.py:179} INFO - Processing /Users/atulkumar/Documents/MLOperations/MLOps/venv/lib/python3.11/site-packages/airflow/example_dags/example_branch_labels.py took 0.486 seconds
