[2025-03-02T21:13:15.211-0500] {processor.py:157} INFO - Started process (PID=81213) to work on /Users/atulkumar/Documents/MLOperations/MLOps/venv/lib/python3.11/site-packages/airflow/example_dags/example_time_delta_sensor_async.py
[2025-03-02T21:13:15.213-0500] {processor.py:826} INFO - Processing file /Users/atulkumar/Documents/MLOperations/MLOps/venv/lib/python3.11/site-packages/airflow/example_dags/example_time_delta_sensor_async.py for tasks to queue
[2025-03-02T21:13:15.213-0500] {logging_mixin.py:149} INFO - [2025-03-02T21:13:15.213-0500] {dagbag.py:541} INFO - Filling up the DagBag from /Users/atulkumar/Documents/MLOperations/MLOps/venv/lib/python3.11/site-packages/airflow/example_dags/example_time_delta_sensor_async.py
[2025-03-02T21:13:15.220-0500] {processor.py:836} INFO - DAG(s) dict_keys(['example_time_delta_sensor_async']) retrieved from /Users/atulkumar/Documents/MLOperations/MLOps/venv/lib/python3.11/site-packages/airflow/example_dags/example_time_delta_sensor_async.py
[2025-03-02T21:13:15.626-0500] {logging_mixin.py:149} INFO - [2025-03-02T21:13:15.626-0500] {dag.py:2726} INFO - Sync 1 DAGs
[2025-03-02T21:13:15.633-0500] {logging_mixin.py:149} INFO - [2025-03-02T21:13:15.633-0500] {dag.py:3486} INFO - Setting next_dagrun for example_time_delta_sensor_async to None, run_after=None
[2025-03-02T21:13:15.642-0500] {processor.py:179} INFO - Processing /Users/atulkumar/Documents/MLOperations/MLOps/venv/lib/python3.11/site-packages/airflow/example_dags/example_time_delta_sensor_async.py took 0.431 seconds
[2025-03-02T21:14:52.432-0500] {processor.py:157} INFO - Started process (PID=81353) to work on /Users/atulkumar/Documents/MLOperations/MLOps/venv/lib/python3.11/site-packages/airflow/example_dags/example_time_delta_sensor_async.py
[2025-03-02T21:14:52.434-0500] {processor.py:826} INFO - Processing file /Users/atulkumar/Documents/MLOperations/MLOps/venv/lib/python3.11/site-packages/airflow/example_dags/example_time_delta_sensor_async.py for tasks to queue
[2025-03-02T21:14:52.434-0500] {logging_mixin.py:149} INFO - [2025-03-02T21:14:52.434-0500] {dagbag.py:541} INFO - Filling up the DagBag from /Users/atulkumar/Documents/MLOperations/MLOps/venv/lib/python3.11/site-packages/airflow/example_dags/example_time_delta_sensor_async.py
[2025-03-02T21:14:52.443-0500] {processor.py:836} INFO - DAG(s) dict_keys(['example_time_delta_sensor_async']) retrieved from /Users/atulkumar/Documents/MLOperations/MLOps/venv/lib/python3.11/site-packages/airflow/example_dags/example_time_delta_sensor_async.py
[2025-03-02T21:14:52.833-0500] {logging_mixin.py:149} INFO - [2025-03-02T21:14:52.833-0500] {dag.py:2726} INFO - Sync 1 DAGs
[2025-03-02T21:14:52.841-0500] {logging_mixin.py:149} INFO - [2025-03-02T21:14:52.841-0500] {dag.py:3486} INFO - Setting next_dagrun for example_time_delta_sensor_async to None, run_after=None
[2025-03-02T21:14:52.849-0500] {processor.py:179} INFO - Processing /Users/atulkumar/Documents/MLOperations/MLOps/venv/lib/python3.11/site-packages/airflow/example_dags/example_time_delta_sensor_async.py took 0.418 seconds
[2025-03-02T21:15:56.959-0500] {processor.py:157} INFO - Started process (PID=81439) to work on /Users/atulkumar/Documents/MLOperations/MLOps/venv/lib/python3.11/site-packages/airflow/example_dags/example_time_delta_sensor_async.py
[2025-03-02T21:15:56.961-0500] {processor.py:826} INFO - Processing file /Users/atulkumar/Documents/MLOperations/MLOps/venv/lib/python3.11/site-packages/airflow/example_dags/example_time_delta_sensor_async.py for tasks to queue
[2025-03-02T21:15:56.962-0500] {logging_mixin.py:149} INFO - [2025-03-02T21:15:56.962-0500] {dagbag.py:541} INFO - Filling up the DagBag from /Users/atulkumar/Documents/MLOperations/MLOps/venv/lib/python3.11/site-packages/airflow/example_dags/example_time_delta_sensor_async.py
[2025-03-02T21:15:56.969-0500] {processor.py:836} INFO - DAG(s) dict_keys(['example_time_delta_sensor_async']) retrieved from /Users/atulkumar/Documents/MLOperations/MLOps/venv/lib/python3.11/site-packages/airflow/example_dags/example_time_delta_sensor_async.py
[2025-03-02T21:15:57.332-0500] {logging_mixin.py:149} INFO - [2025-03-02T21:15:57.332-0500] {dag.py:2726} INFO - Sync 1 DAGs
[2025-03-02T21:15:57.339-0500] {logging_mixin.py:149} INFO - [2025-03-02T21:15:57.338-0500] {dag.py:3486} INFO - Setting next_dagrun for example_time_delta_sensor_async to None, run_after=None
[2025-03-02T21:15:57.347-0500] {processor.py:179} INFO - Processing /Users/atulkumar/Documents/MLOperations/MLOps/venv/lib/python3.11/site-packages/airflow/example_dags/example_time_delta_sensor_async.py took 0.387 seconds
[2025-03-02T21:17:00.928-0500] {processor.py:157} INFO - Started process (PID=81527) to work on /Users/atulkumar/Documents/MLOperations/MLOps/venv/lib/python3.11/site-packages/airflow/example_dags/example_time_delta_sensor_async.py
[2025-03-02T21:17:00.931-0500] {processor.py:826} INFO - Processing file /Users/atulkumar/Documents/MLOperations/MLOps/venv/lib/python3.11/site-packages/airflow/example_dags/example_time_delta_sensor_async.py for tasks to queue
[2025-03-02T21:17:00.931-0500] {logging_mixin.py:149} INFO - [2025-03-02T21:17:00.931-0500] {dagbag.py:541} INFO - Filling up the DagBag from /Users/atulkumar/Documents/MLOperations/MLOps/venv/lib/python3.11/site-packages/airflow/example_dags/example_time_delta_sensor_async.py
[2025-03-02T21:17:00.942-0500] {processor.py:836} INFO - DAG(s) dict_keys(['example_time_delta_sensor_async']) retrieved from /Users/atulkumar/Documents/MLOperations/MLOps/venv/lib/python3.11/site-packages/airflow/example_dags/example_time_delta_sensor_async.py
[2025-03-02T21:17:01.336-0500] {logging_mixin.py:149} INFO - [2025-03-02T21:17:01.336-0500] {dag.py:2726} INFO - Sync 1 DAGs
[2025-03-02T21:17:01.343-0500] {logging_mixin.py:149} INFO - [2025-03-02T21:17:01.343-0500] {dag.py:3486} INFO - Setting next_dagrun for example_time_delta_sensor_async to None, run_after=None
[2025-03-02T21:17:01.351-0500] {processor.py:179} INFO - Processing /Users/atulkumar/Documents/MLOperations/MLOps/venv/lib/python3.11/site-packages/airflow/example_dags/example_time_delta_sensor_async.py took 0.424 seconds
[2025-03-02T21:18:03.080-0500] {processor.py:157} INFO - Started process (PID=81612) to work on /Users/atulkumar/Documents/MLOperations/MLOps/venv/lib/python3.11/site-packages/airflow/example_dags/example_time_delta_sensor_async.py
[2025-03-02T21:18:03.082-0500] {processor.py:826} INFO - Processing file /Users/atulkumar/Documents/MLOperations/MLOps/venv/lib/python3.11/site-packages/airflow/example_dags/example_time_delta_sensor_async.py for tasks to queue
[2025-03-02T21:18:03.083-0500] {logging_mixin.py:149} INFO - [2025-03-02T21:18:03.082-0500] {dagbag.py:541} INFO - Filling up the DagBag from /Users/atulkumar/Documents/MLOperations/MLOps/venv/lib/python3.11/site-packages/airflow/example_dags/example_time_delta_sensor_async.py
[2025-03-02T21:18:03.091-0500] {processor.py:836} INFO - DAG(s) dict_keys(['example_time_delta_sensor_async']) retrieved from /Users/atulkumar/Documents/MLOperations/MLOps/venv/lib/python3.11/site-packages/airflow/example_dags/example_time_delta_sensor_async.py
[2025-03-02T21:18:03.461-0500] {logging_mixin.py:149} INFO - [2025-03-02T21:18:03.461-0500] {dag.py:2726} INFO - Sync 1 DAGs
[2025-03-02T21:18:03.468-0500] {logging_mixin.py:149} INFO - [2025-03-02T21:18:03.468-0500] {dag.py:3486} INFO - Setting next_dagrun for example_time_delta_sensor_async to None, run_after=None
[2025-03-02T21:18:03.476-0500] {processor.py:179} INFO - Processing /Users/atulkumar/Documents/MLOperations/MLOps/venv/lib/python3.11/site-packages/airflow/example_dags/example_time_delta_sensor_async.py took 0.396 seconds
[2025-03-02T21:19:06.439-0500] {processor.py:157} INFO - Started process (PID=81702) to work on /Users/atulkumar/Documents/MLOperations/MLOps/venv/lib/python3.11/site-packages/airflow/example_dags/example_time_delta_sensor_async.py
[2025-03-02T21:19:06.441-0500] {processor.py:826} INFO - Processing file /Users/atulkumar/Documents/MLOperations/MLOps/venv/lib/python3.11/site-packages/airflow/example_dags/example_time_delta_sensor_async.py for tasks to queue
[2025-03-02T21:19:06.441-0500] {logging_mixin.py:149} INFO - [2025-03-02T21:19:06.441-0500] {dagbag.py:541} INFO - Filling up the DagBag from /Users/atulkumar/Documents/MLOperations/MLOps/venv/lib/python3.11/site-packages/airflow/example_dags/example_time_delta_sensor_async.py
[2025-03-02T21:19:06.450-0500] {processor.py:836} INFO - DAG(s) dict_keys(['example_time_delta_sensor_async']) retrieved from /Users/atulkumar/Documents/MLOperations/MLOps/venv/lib/python3.11/site-packages/airflow/example_dags/example_time_delta_sensor_async.py
[2025-03-02T21:19:06.807-0500] {logging_mixin.py:149} INFO - [2025-03-02T21:19:06.807-0500] {dag.py:2726} INFO - Sync 1 DAGs
[2025-03-02T21:19:06.813-0500] {logging_mixin.py:149} INFO - [2025-03-02T21:19:06.813-0500] {dag.py:3486} INFO - Setting next_dagrun for example_time_delta_sensor_async to None, run_after=None
[2025-03-02T21:19:06.822-0500] {processor.py:179} INFO - Processing /Users/atulkumar/Documents/MLOperations/MLOps/venv/lib/python3.11/site-packages/airflow/example_dags/example_time_delta_sensor_async.py took 0.383 seconds
[2025-03-02T21:20:13.400-0500] {processor.py:157} INFO - Started process (PID=81834) to work on /Users/atulkumar/Documents/MLOperations/MLOps/venv/lib/python3.11/site-packages/airflow/example_dags/example_time_delta_sensor_async.py
[2025-03-02T21:20:13.402-0500] {processor.py:826} INFO - Processing file /Users/atulkumar/Documents/MLOperations/MLOps/venv/lib/python3.11/site-packages/airflow/example_dags/example_time_delta_sensor_async.py for tasks to queue
[2025-03-02T21:20:13.403-0500] {logging_mixin.py:149} INFO - [2025-03-02T21:20:13.403-0500] {dagbag.py:541} INFO - Filling up the DagBag from /Users/atulkumar/Documents/MLOperations/MLOps/venv/lib/python3.11/site-packages/airflow/example_dags/example_time_delta_sensor_async.py
[2025-03-02T21:20:13.411-0500] {processor.py:836} INFO - DAG(s) dict_keys(['example_time_delta_sensor_async']) retrieved from /Users/atulkumar/Documents/MLOperations/MLOps/venv/lib/python3.11/site-packages/airflow/example_dags/example_time_delta_sensor_async.py
[2025-03-02T21:20:13.773-0500] {logging_mixin.py:149} INFO - [2025-03-02T21:20:13.773-0500] {dag.py:2726} INFO - Sync 1 DAGs
[2025-03-02T21:20:13.779-0500] {logging_mixin.py:149} INFO - [2025-03-02T21:20:13.779-0500] {dag.py:3486} INFO - Setting next_dagrun for example_time_delta_sensor_async to None, run_after=None
[2025-03-02T21:20:13.786-0500] {processor.py:179} INFO - Processing /Users/atulkumar/Documents/MLOperations/MLOps/venv/lib/python3.11/site-packages/airflow/example_dags/example_time_delta_sensor_async.py took 0.387 seconds
[2025-03-02T21:21:19.671-0500] {processor.py:157} INFO - Started process (PID=81940) to work on /Users/atulkumar/Documents/MLOperations/MLOps/venv/lib/python3.11/site-packages/airflow/example_dags/example_time_delta_sensor_async.py
[2025-03-02T21:21:19.674-0500] {processor.py:826} INFO - Processing file /Users/atulkumar/Documents/MLOperations/MLOps/venv/lib/python3.11/site-packages/airflow/example_dags/example_time_delta_sensor_async.py for tasks to queue
[2025-03-02T21:21:19.674-0500] {logging_mixin.py:149} INFO - [2025-03-02T21:21:19.674-0500] {dagbag.py:541} INFO - Filling up the DagBag from /Users/atulkumar/Documents/MLOperations/MLOps/venv/lib/python3.11/site-packages/airflow/example_dags/example_time_delta_sensor_async.py
[2025-03-02T21:21:19.682-0500] {processor.py:836} INFO - DAG(s) dict_keys(['example_time_delta_sensor_async']) retrieved from /Users/atulkumar/Documents/MLOperations/MLOps/venv/lib/python3.11/site-packages/airflow/example_dags/example_time_delta_sensor_async.py
[2025-03-02T21:21:20.022-0500] {logging_mixin.py:149} INFO - [2025-03-02T21:21:20.022-0500] {dag.py:2726} INFO - Sync 1 DAGs
[2025-03-02T21:21:20.028-0500] {logging_mixin.py:149} INFO - [2025-03-02T21:21:20.028-0500] {dag.py:3486} INFO - Setting next_dagrun for example_time_delta_sensor_async to None, run_after=None
[2025-03-02T21:21:20.035-0500] {processor.py:179} INFO - Processing /Users/atulkumar/Documents/MLOperations/MLOps/venv/lib/python3.11/site-packages/airflow/example_dags/example_time_delta_sensor_async.py took 0.364 seconds
[2025-03-02T21:22:24.649-0500] {processor.py:157} INFO - Started process (PID=82020) to work on /Users/atulkumar/Documents/MLOperations/MLOps/venv/lib/python3.11/site-packages/airflow/example_dags/example_time_delta_sensor_async.py
[2025-03-02T21:22:24.651-0500] {processor.py:826} INFO - Processing file /Users/atulkumar/Documents/MLOperations/MLOps/venv/lib/python3.11/site-packages/airflow/example_dags/example_time_delta_sensor_async.py for tasks to queue
[2025-03-02T21:22:24.652-0500] {logging_mixin.py:149} INFO - [2025-03-02T21:22:24.652-0500] {dagbag.py:541} INFO - Filling up the DagBag from /Users/atulkumar/Documents/MLOperations/MLOps/venv/lib/python3.11/site-packages/airflow/example_dags/example_time_delta_sensor_async.py
[2025-03-02T21:22:24.661-0500] {processor.py:836} INFO - DAG(s) dict_keys(['example_time_delta_sensor_async']) retrieved from /Users/atulkumar/Documents/MLOperations/MLOps/venv/lib/python3.11/site-packages/airflow/example_dags/example_time_delta_sensor_async.py
[2025-03-02T21:22:25.037-0500] {logging_mixin.py:149} INFO - [2025-03-02T21:22:25.037-0500] {dag.py:2726} INFO - Sync 1 DAGs
[2025-03-02T21:22:25.044-0500] {logging_mixin.py:149} INFO - [2025-03-02T21:22:25.044-0500] {dag.py:3486} INFO - Setting next_dagrun for example_time_delta_sensor_async to None, run_after=None
[2025-03-02T21:22:25.053-0500] {processor.py:179} INFO - Processing /Users/atulkumar/Documents/MLOperations/MLOps/venv/lib/python3.11/site-packages/airflow/example_dags/example_time_delta_sensor_async.py took 0.405 seconds
[2025-03-02T21:23:30.489-0500] {processor.py:157} INFO - Started process (PID=82106) to work on /Users/atulkumar/Documents/MLOperations/MLOps/venv/lib/python3.11/site-packages/airflow/example_dags/example_time_delta_sensor_async.py
[2025-03-02T21:23:30.492-0500] {processor.py:826} INFO - Processing file /Users/atulkumar/Documents/MLOperations/MLOps/venv/lib/python3.11/site-packages/airflow/example_dags/example_time_delta_sensor_async.py for tasks to queue
[2025-03-02T21:23:30.492-0500] {logging_mixin.py:149} INFO - [2025-03-02T21:23:30.492-0500] {dagbag.py:541} INFO - Filling up the DagBag from /Users/atulkumar/Documents/MLOperations/MLOps/venv/lib/python3.11/site-packages/airflow/example_dags/example_time_delta_sensor_async.py
[2025-03-02T21:23:30.500-0500] {processor.py:836} INFO - DAG(s) dict_keys(['example_time_delta_sensor_async']) retrieved from /Users/atulkumar/Documents/MLOperations/MLOps/venv/lib/python3.11/site-packages/airflow/example_dags/example_time_delta_sensor_async.py
[2025-03-02T21:23:30.856-0500] {logging_mixin.py:149} INFO - [2025-03-02T21:23:30.856-0500] {dag.py:2726} INFO - Sync 1 DAGs
[2025-03-02T21:23:30.863-0500] {logging_mixin.py:149} INFO - [2025-03-02T21:23:30.863-0500] {dag.py:3486} INFO - Setting next_dagrun for example_time_delta_sensor_async to None, run_after=None
[2025-03-02T21:23:30.871-0500] {processor.py:179} INFO - Processing /Users/atulkumar/Documents/MLOperations/MLOps/venv/lib/python3.11/site-packages/airflow/example_dags/example_time_delta_sensor_async.py took 0.382 seconds
[2025-03-02T21:24:37.392-0500] {processor.py:157} INFO - Started process (PID=82230) to work on /Users/atulkumar/Documents/MLOperations/MLOps/venv/lib/python3.11/site-packages/airflow/example_dags/example_time_delta_sensor_async.py
[2025-03-02T21:24:37.394-0500] {processor.py:826} INFO - Processing file /Users/atulkumar/Documents/MLOperations/MLOps/venv/lib/python3.11/site-packages/airflow/example_dags/example_time_delta_sensor_async.py for tasks to queue
[2025-03-02T21:24:37.394-0500] {logging_mixin.py:149} INFO - [2025-03-02T21:24:37.394-0500] {dagbag.py:541} INFO - Filling up the DagBag from /Users/atulkumar/Documents/MLOperations/MLOps/venv/lib/python3.11/site-packages/airflow/example_dags/example_time_delta_sensor_async.py
[2025-03-02T21:24:37.404-0500] {processor.py:836} INFO - DAG(s) dict_keys(['example_time_delta_sensor_async']) retrieved from /Users/atulkumar/Documents/MLOperations/MLOps/venv/lib/python3.11/site-packages/airflow/example_dags/example_time_delta_sensor_async.py
[2025-03-02T21:24:37.923-0500] {logging_mixin.py:149} INFO - [2025-03-02T21:24:37.923-0500] {dag.py:2726} INFO - Sync 1 DAGs
[2025-03-02T21:24:37.930-0500] {logging_mixin.py:149} INFO - [2025-03-02T21:24:37.930-0500] {dag.py:3486} INFO - Setting next_dagrun for example_time_delta_sensor_async to None, run_after=None
[2025-03-02T21:24:37.939-0500] {processor.py:179} INFO - Processing /Users/atulkumar/Documents/MLOperations/MLOps/venv/lib/python3.11/site-packages/airflow/example_dags/example_time_delta_sensor_async.py took 0.547 seconds
