[2025-03-02T21:14:16.732-0500] {processor.py:157} INFO - Started process (PID=81304) to work on /Users/atulkumar/Documents/MLOperations/MLOps/venv/lib/python3.11/site-packages/airflow/example_dags/example_branch_operator.py
[2025-03-02T21:14:16.734-0500] {processor.py:826} INFO - Processing file /Users/atulkumar/Documents/MLOperations/MLOps/venv/lib/python3.11/site-packages/airflow/example_dags/example_branch_operator.py for tasks to queue
[2025-03-02T21:14:16.734-0500] {logging_mixin.py:149} INFO - [2025-03-02T21:14:16.734-0500] {dagbag.py:541} INFO - Filling up the DagBag from /Users/atulkumar/Documents/MLOperations/MLOps/venv/lib/python3.11/site-packages/airflow/example_dags/example_branch_operator.py
[2025-03-02T21:14:16.771-0500] {processor.py:836} INFO - DAG(s) dict_keys(['example_branch_operator']) retrieved from /Users/atulkumar/Documents/MLOperations/MLOps/venv/lib/python3.11/site-packages/airflow/example_dags/example_branch_operator.py
[2025-03-02T21:14:17.147-0500] {logging_mixin.py:149} INFO - [2025-03-02T21:14:17.146-0500] {dag.py:2726} INFO - Sync 1 DAGs
[2025-03-02T21:14:17.154-0500] {logging_mixin.py:149} INFO - [2025-03-02T21:14:17.154-0500] {dag.py:3486} INFO - Setting next_dagrun for example_branch_operator to 2025-03-02T00:00:00+00:00, run_after=2025-03-03T00:00:00+00:00
[2025-03-02T21:14:17.164-0500] {processor.py:179} INFO - Processing /Users/atulkumar/Documents/MLOperations/MLOps/venv/lib/python3.11/site-packages/airflow/example_dags/example_branch_operator.py took 0.433 seconds
[2025-03-02T21:16:21.908-0500] {processor.py:157} INFO - Started process (PID=81465) to work on /Users/atulkumar/Documents/MLOperations/MLOps/venv/lib/python3.11/site-packages/airflow/example_dags/example_branch_operator.py
[2025-03-02T21:16:21.911-0500] {processor.py:826} INFO - Processing file /Users/atulkumar/Documents/MLOperations/MLOps/venv/lib/python3.11/site-packages/airflow/example_dags/example_branch_operator.py for tasks to queue
[2025-03-02T21:16:21.911-0500] {logging_mixin.py:149} INFO - [2025-03-02T21:16:21.911-0500] {dagbag.py:541} INFO - Filling up the DagBag from /Users/atulkumar/Documents/MLOperations/MLOps/venv/lib/python3.11/site-packages/airflow/example_dags/example_branch_operator.py
[2025-03-02T21:16:21.945-0500] {processor.py:836} INFO - DAG(s) dict_keys(['example_branch_operator']) retrieved from /Users/atulkumar/Documents/MLOperations/MLOps/venv/lib/python3.11/site-packages/airflow/example_dags/example_branch_operator.py
[2025-03-02T21:16:22.272-0500] {logging_mixin.py:149} INFO - [2025-03-02T21:16:22.272-0500] {dag.py:2726} INFO - Sync 1 DAGs
[2025-03-02T21:16:22.279-0500] {logging_mixin.py:149} INFO - [2025-03-02T21:16:22.279-0500] {dag.py:3486} INFO - Setting next_dagrun for example_branch_operator to 2025-03-02T00:00:00+00:00, run_after=2025-03-03T00:00:00+00:00
[2025-03-02T21:16:22.287-0500] {processor.py:179} INFO - Processing /Users/atulkumar/Documents/MLOperations/MLOps/venv/lib/python3.11/site-packages/airflow/example_dags/example_branch_operator.py took 0.379 seconds
[2025-03-02T21:18:31.007-0500] {processor.py:157} INFO - Started process (PID=81651) to work on /Users/atulkumar/Documents/MLOperations/MLOps/venv/lib/python3.11/site-packages/airflow/example_dags/example_branch_operator.py
[2025-03-02T21:18:31.010-0500] {processor.py:826} INFO - Processing file /Users/atulkumar/Documents/MLOperations/MLOps/venv/lib/python3.11/site-packages/airflow/example_dags/example_branch_operator.py for tasks to queue
[2025-03-02T21:18:31.010-0500] {logging_mixin.py:149} INFO - [2025-03-02T21:18:31.010-0500] {dagbag.py:541} INFO - Filling up the DagBag from /Users/atulkumar/Documents/MLOperations/MLOps/venv/lib/python3.11/site-packages/airflow/example_dags/example_branch_operator.py
[2025-03-02T21:18:31.043-0500] {processor.py:836} INFO - DAG(s) dict_keys(['example_branch_operator']) retrieved from /Users/atulkumar/Documents/MLOperations/MLOps/venv/lib/python3.11/site-packages/airflow/example_dags/example_branch_operator.py
[2025-03-02T21:18:31.368-0500] {logging_mixin.py:149} INFO - [2025-03-02T21:18:31.368-0500] {dag.py:2726} INFO - Sync 1 DAGs
[2025-03-02T21:18:31.375-0500] {logging_mixin.py:149} INFO - [2025-03-02T21:18:31.375-0500] {dag.py:3486} INFO - Setting next_dagrun for example_branch_operator to 2025-03-02T00:00:00+00:00, run_after=2025-03-03T00:00:00+00:00
[2025-03-02T21:18:31.385-0500] {processor.py:179} INFO - Processing /Users/atulkumar/Documents/MLOperations/MLOps/venv/lib/python3.11/site-packages/airflow/example_dags/example_branch_operator.py took 0.378 seconds
[2025-03-02T21:20:41.528-0500] {processor.py:157} INFO - Started process (PID=81879) to work on /Users/atulkumar/Documents/MLOperations/MLOps/venv/lib/python3.11/site-packages/airflow/example_dags/example_branch_operator.py
[2025-03-02T21:20:41.530-0500] {processor.py:826} INFO - Processing file /Users/atulkumar/Documents/MLOperations/MLOps/venv/lib/python3.11/site-packages/airflow/example_dags/example_branch_operator.py for tasks to queue
[2025-03-02T21:20:41.530-0500] {logging_mixin.py:149} INFO - [2025-03-02T21:20:41.530-0500] {dagbag.py:541} INFO - Filling up the DagBag from /Users/atulkumar/Documents/MLOperations/MLOps/venv/lib/python3.11/site-packages/airflow/example_dags/example_branch_operator.py
[2025-03-02T21:20:41.567-0500] {processor.py:836} INFO - DAG(s) dict_keys(['example_branch_operator']) retrieved from /Users/atulkumar/Documents/MLOperations/MLOps/venv/lib/python3.11/site-packages/airflow/example_dags/example_branch_operator.py
[2025-03-02T21:20:41.914-0500] {logging_mixin.py:149} INFO - [2025-03-02T21:20:41.914-0500] {dag.py:2726} INFO - Sync 1 DAGs
[2025-03-02T21:20:41.921-0500] {logging_mixin.py:149} INFO - [2025-03-02T21:20:41.921-0500] {dag.py:3486} INFO - Setting next_dagrun for example_branch_operator to 2025-03-02T00:00:00+00:00, run_after=2025-03-03T00:00:00+00:00
[2025-03-02T21:20:41.930-0500] {processor.py:179} INFO - Processing /Users/atulkumar/Documents/MLOperations/MLOps/venv/lib/python3.11/site-packages/airflow/example_dags/example_branch_operator.py took 0.402 seconds
[2025-03-02T21:22:51.892-0500] {processor.py:157} INFO - Started process (PID=82055) to work on /Users/atulkumar/Documents/MLOperations/MLOps/venv/lib/python3.11/site-packages/airflow/example_dags/example_branch_operator.py
[2025-03-02T21:22:51.893-0500] {processor.py:826} INFO - Processing file /Users/atulkumar/Documents/MLOperations/MLOps/venv/lib/python3.11/site-packages/airflow/example_dags/example_branch_operator.py for tasks to queue
[2025-03-02T21:22:51.894-0500] {logging_mixin.py:149} INFO - [2025-03-02T21:22:51.894-0500] {dagbag.py:541} INFO - Filling up the DagBag from /Users/atulkumar/Documents/MLOperations/MLOps/venv/lib/python3.11/site-packages/airflow/example_dags/example_branch_operator.py
[2025-03-02T21:22:51.930-0500] {processor.py:836} INFO - DAG(s) dict_keys(['example_branch_operator']) retrieved from /Users/atulkumar/Documents/MLOperations/MLOps/venv/lib/python3.11/site-packages/airflow/example_dags/example_branch_operator.py
[2025-03-02T21:22:52.274-0500] {logging_mixin.py:149} INFO - [2025-03-02T21:22:52.274-0500] {dag.py:2726} INFO - Sync 1 DAGs
[2025-03-02T21:22:52.281-0500] {logging_mixin.py:149} INFO - [2025-03-02T21:22:52.281-0500] {dag.py:3486} INFO - Setting next_dagrun for example_branch_operator to 2025-03-02T00:00:00+00:00, run_after=2025-03-03T00:00:00+00:00
[2025-03-02T21:22:52.291-0500] {processor.py:179} INFO - Processing /Users/atulkumar/Documents/MLOperations/MLOps/venv/lib/python3.11/site-packages/airflow/example_dags/example_branch_operator.py took 0.400 seconds
[2025-03-02T21:25:10.424-0500] {processor.py:157} INFO - Started process (PID=82316) to work on /Users/atulkumar/Documents/MLOperations/MLOps/venv/lib/python3.11/site-packages/airflow/example_dags/example_branch_operator.py
[2025-03-02T21:25:10.426-0500] {processor.py:826} INFO - Processing file /Users/atulkumar/Documents/MLOperations/MLOps/venv/lib/python3.11/site-packages/airflow/example_dags/example_branch_operator.py for tasks to queue
[2025-03-02T21:25:10.426-0500] {logging_mixin.py:149} INFO - [2025-03-02T21:25:10.426-0500] {dagbag.py:541} INFO - Filling up the DagBag from /Users/atulkumar/Documents/MLOperations/MLOps/venv/lib/python3.11/site-packages/airflow/example_dags/example_branch_operator.py
[2025-03-02T21:25:10.497-0500] {processor.py:836} INFO - DAG(s) dict_keys(['example_branch_operator']) retrieved from /Users/atulkumar/Documents/MLOperations/MLOps/venv/lib/python3.11/site-packages/airflow/example_dags/example_branch_operator.py
[2025-03-02T21:25:10.959-0500] {logging_mixin.py:149} INFO - [2025-03-02T21:25:10.958-0500] {dag.py:2726} INFO - Sync 1 DAGs
[2025-03-02T21:25:10.966-0500] {logging_mixin.py:149} INFO - [2025-03-02T21:25:10.966-0500] {dag.py:3486} INFO - Setting next_dagrun for example_branch_operator to 2025-03-02T00:00:00+00:00, run_after=2025-03-03T00:00:00+00:00
[2025-03-02T21:25:10.979-0500] {processor.py:179} INFO - Processing /Users/atulkumar/Documents/MLOperations/MLOps/venv/lib/python3.11/site-packages/airflow/example_dags/example_branch_operator.py took 0.555 seconds
