[2025-03-02T21:13:07.466-0500] {processor.py:157} INFO - Started process (PID=81198) to work on /Users/atulkumar/Documents/MLOperations/MLOps/venv/lib/python3.11/site-packages/airflow/example_dags/example_xcomargs.py
[2025-03-02T21:13:07.468-0500] {processor.py:826} INFO - Processing file /Users/atulkumar/Documents/MLOperations/MLOps/venv/lib/python3.11/site-packages/airflow/example_dags/example_xcomargs.py for tasks to queue
[2025-03-02T21:13:07.468-0500] {logging_mixin.py:149} INFO - [2025-03-02T21:13:07.468-0500] {dagbag.py:541} INFO - Filling up the DagBag from /Users/atulkumar/Documents/MLOperations/MLOps/venv/lib/python3.11/site-packages/airflow/example_dags/example_xcomargs.py
[2025-03-02T21:13:07.509-0500] {processor.py:836} INFO - DAG(s) dict_keys(['example_xcom_args', 'example_xcom_args_with_operators']) retrieved from /Users/atulkumar/Documents/MLOperations/MLOps/venv/lib/python3.11/site-packages/airflow/example_dags/example_xcomargs.py
[2025-03-02T21:13:07.946-0500] {logging_mixin.py:149} INFO - [2025-03-02T21:13:07.946-0500] {dag.py:2726} INFO - Sync 2 DAGs
[2025-03-02T21:13:07.955-0500] {logging_mixin.py:149} INFO - [2025-03-02T21:13:07.955-0500] {dag.py:3486} INFO - Setting next_dagrun for example_xcom_args to None, run_after=None
[2025-03-02T21:13:07.957-0500] {logging_mixin.py:149} INFO - [2025-03-02T21:13:07.957-0500] {dag.py:3486} INFO - Setting next_dagrun for example_xcom_args_with_operators to None, run_after=None
[2025-03-02T21:13:07.967-0500] {processor.py:179} INFO - Processing /Users/atulkumar/Documents/MLOperations/MLOps/venv/lib/python3.11/site-packages/airflow/example_dags/example_xcomargs.py took 0.501 seconds
[2025-03-02T21:14:46.000-0500] {processor.py:157} INFO - Started process (PID=81340) to work on /Users/atulkumar/Documents/MLOperations/MLOps/venv/lib/python3.11/site-packages/airflow/example_dags/example_xcomargs.py
[2025-03-02T21:14:46.003-0500] {processor.py:826} INFO - Processing file /Users/atulkumar/Documents/MLOperations/MLOps/venv/lib/python3.11/site-packages/airflow/example_dags/example_xcomargs.py for tasks to queue
[2025-03-02T21:14:46.003-0500] {logging_mixin.py:149} INFO - [2025-03-02T21:14:46.003-0500] {dagbag.py:541} INFO - Filling up the DagBag from /Users/atulkumar/Documents/MLOperations/MLOps/venv/lib/python3.11/site-packages/airflow/example_dags/example_xcomargs.py
[2025-03-02T21:14:46.044-0500] {processor.py:836} INFO - DAG(s) dict_keys(['example_xcom_args', 'example_xcom_args_with_operators']) retrieved from /Users/atulkumar/Documents/MLOperations/MLOps/venv/lib/python3.11/site-packages/airflow/example_dags/example_xcomargs.py
[2025-03-02T21:14:46.381-0500] {logging_mixin.py:149} INFO - [2025-03-02T21:14:46.381-0500] {dag.py:2726} INFO - Sync 2 DAGs
[2025-03-02T21:14:46.388-0500] {logging_mixin.py:149} INFO - [2025-03-02T21:14:46.388-0500] {dag.py:3486} INFO - Setting next_dagrun for example_xcom_args to None, run_after=None
[2025-03-02T21:14:46.390-0500] {logging_mixin.py:149} INFO - [2025-03-02T21:14:46.390-0500] {dag.py:3486} INFO - Setting next_dagrun for example_xcom_args_with_operators to None, run_after=None
[2025-03-02T21:14:46.396-0500] {processor.py:179} INFO - Processing /Users/atulkumar/Documents/MLOperations/MLOps/venv/lib/python3.11/site-packages/airflow/example_dags/example_xcomargs.py took 0.397 seconds
[2025-03-02T21:15:49.359-0500] {processor.py:157} INFO - Started process (PID=81426) to work on /Users/atulkumar/Documents/MLOperations/MLOps/venv/lib/python3.11/site-packages/airflow/example_dags/example_xcomargs.py
[2025-03-02T21:15:49.361-0500] {processor.py:826} INFO - Processing file /Users/atulkumar/Documents/MLOperations/MLOps/venv/lib/python3.11/site-packages/airflow/example_dags/example_xcomargs.py for tasks to queue
[2025-03-02T21:15:49.362-0500] {logging_mixin.py:149} INFO - [2025-03-02T21:15:49.361-0500] {dagbag.py:541} INFO - Filling up the DagBag from /Users/atulkumar/Documents/MLOperations/MLOps/venv/lib/python3.11/site-packages/airflow/example_dags/example_xcomargs.py
[2025-03-02T21:15:49.426-0500] {processor.py:836} INFO - DAG(s) dict_keys(['example_xcom_args', 'example_xcom_args_with_operators']) retrieved from /Users/atulkumar/Documents/MLOperations/MLOps/venv/lib/python3.11/site-packages/airflow/example_dags/example_xcomargs.py
[2025-03-02T21:15:49.814-0500] {logging_mixin.py:149} INFO - [2025-03-02T21:15:49.814-0500] {dag.py:2726} INFO - Sync 2 DAGs
[2025-03-02T21:15:49.821-0500] {logging_mixin.py:149} INFO - [2025-03-02T21:15:49.821-0500] {dag.py:3486} INFO - Setting next_dagrun for example_xcom_args to None, run_after=None
[2025-03-02T21:15:49.822-0500] {logging_mixin.py:149} INFO - [2025-03-02T21:15:49.822-0500] {dag.py:3486} INFO - Setting next_dagrun for example_xcom_args_with_operators to None, run_after=None
[2025-03-02T21:15:49.830-0500] {processor.py:179} INFO - Processing /Users/atulkumar/Documents/MLOperations/MLOps/venv/lib/python3.11/site-packages/airflow/example_dags/example_xcomargs.py took 0.472 seconds
[2025-03-02T21:16:51.802-0500] {processor.py:157} INFO - Started process (PID=81511) to work on /Users/atulkumar/Documents/MLOperations/MLOps/venv/lib/python3.11/site-packages/airflow/example_dags/example_xcomargs.py
[2025-03-02T21:16:51.805-0500] {processor.py:826} INFO - Processing file /Users/atulkumar/Documents/MLOperations/MLOps/venv/lib/python3.11/site-packages/airflow/example_dags/example_xcomargs.py for tasks to queue
[2025-03-02T21:16:51.805-0500] {logging_mixin.py:149} INFO - [2025-03-02T21:16:51.805-0500] {dagbag.py:541} INFO - Filling up the DagBag from /Users/atulkumar/Documents/MLOperations/MLOps/venv/lib/python3.11/site-packages/airflow/example_dags/example_xcomargs.py
[2025-03-02T21:16:51.859-0500] {processor.py:836} INFO - DAG(s) dict_keys(['example_xcom_args', 'example_xcom_args_with_operators']) retrieved from /Users/atulkumar/Documents/MLOperations/MLOps/venv/lib/python3.11/site-packages/airflow/example_dags/example_xcomargs.py
[2025-03-02T21:16:52.345-0500] {logging_mixin.py:149} INFO - [2025-03-02T21:16:52.345-0500] {dag.py:2726} INFO - Sync 2 DAGs
[2025-03-02T21:16:52.355-0500] {logging_mixin.py:149} INFO - [2025-03-02T21:16:52.355-0500] {dag.py:3486} INFO - Setting next_dagrun for example_xcom_args to None, run_after=None
[2025-03-02T21:16:52.357-0500] {logging_mixin.py:149} INFO - [2025-03-02T21:16:52.357-0500] {dag.py:3486} INFO - Setting next_dagrun for example_xcom_args_with_operators to None, run_after=None
[2025-03-02T21:16:52.367-0500] {processor.py:179} INFO - Processing /Users/atulkumar/Documents/MLOperations/MLOps/venv/lib/python3.11/site-packages/airflow/example_dags/example_xcomargs.py took 0.566 seconds
[2025-03-02T21:17:54.967-0500] {processor.py:157} INFO - Started process (PID=81605) to work on /Users/atulkumar/Documents/MLOperations/MLOps/venv/lib/python3.11/site-packages/airflow/example_dags/example_xcomargs.py
[2025-03-02T21:17:54.970-0500] {processor.py:826} INFO - Processing file /Users/atulkumar/Documents/MLOperations/MLOps/venv/lib/python3.11/site-packages/airflow/example_dags/example_xcomargs.py for tasks to queue
[2025-03-02T21:17:54.970-0500] {logging_mixin.py:149} INFO - [2025-03-02T21:17:54.970-0500] {dagbag.py:541} INFO - Filling up the DagBag from /Users/atulkumar/Documents/MLOperations/MLOps/venv/lib/python3.11/site-packages/airflow/example_dags/example_xcomargs.py
[2025-03-02T21:17:55.021-0500] {processor.py:836} INFO - DAG(s) dict_keys(['example_xcom_args_with_operators', 'example_xcom_args']) retrieved from /Users/atulkumar/Documents/MLOperations/MLOps/venv/lib/python3.11/site-packages/airflow/example_dags/example_xcomargs.py
[2025-03-02T21:17:55.361-0500] {logging_mixin.py:149} INFO - [2025-03-02T21:17:55.361-0500] {dag.py:2726} INFO - Sync 2 DAGs
[2025-03-02T21:17:55.368-0500] {logging_mixin.py:149} INFO - [2025-03-02T21:17:55.368-0500] {dag.py:3486} INFO - Setting next_dagrun for example_xcom_args to None, run_after=None
[2025-03-02T21:17:55.369-0500] {logging_mixin.py:149} INFO - [2025-03-02T21:17:55.369-0500] {dag.py:3486} INFO - Setting next_dagrun for example_xcom_args_with_operators to None, run_after=None
[2025-03-02T21:17:55.377-0500] {processor.py:179} INFO - Processing /Users/atulkumar/Documents/MLOperations/MLOps/venv/lib/python3.11/site-packages/airflow/example_dags/example_xcomargs.py took 0.410 seconds
[2025-03-02T21:18:59.224-0500] {processor.py:157} INFO - Started process (PID=81694) to work on /Users/atulkumar/Documents/MLOperations/MLOps/venv/lib/python3.11/site-packages/airflow/example_dags/example_xcomargs.py
[2025-03-02T21:18:59.226-0500] {processor.py:826} INFO - Processing file /Users/atulkumar/Documents/MLOperations/MLOps/venv/lib/python3.11/site-packages/airflow/example_dags/example_xcomargs.py for tasks to queue
[2025-03-02T21:18:59.226-0500] {logging_mixin.py:149} INFO - [2025-03-02T21:18:59.226-0500] {dagbag.py:541} INFO - Filling up the DagBag from /Users/atulkumar/Documents/MLOperations/MLOps/venv/lib/python3.11/site-packages/airflow/example_dags/example_xcomargs.py
[2025-03-02T21:18:59.276-0500] {processor.py:836} INFO - DAG(s) dict_keys(['example_xcom_args_with_operators', 'example_xcom_args']) retrieved from /Users/atulkumar/Documents/MLOperations/MLOps/venv/lib/python3.11/site-packages/airflow/example_dags/example_xcomargs.py
[2025-03-02T21:18:59.653-0500] {logging_mixin.py:149} INFO - [2025-03-02T21:18:59.653-0500] {dag.py:2726} INFO - Sync 2 DAGs
[2025-03-02T21:18:59.662-0500] {logging_mixin.py:149} INFO - [2025-03-02T21:18:59.662-0500] {dag.py:3486} INFO - Setting next_dagrun for example_xcom_args to None, run_after=None
[2025-03-02T21:18:59.663-0500] {logging_mixin.py:149} INFO - [2025-03-02T21:18:59.663-0500] {dag.py:3486} INFO - Setting next_dagrun for example_xcom_args_with_operators to None, run_after=None
[2025-03-02T21:18:59.670-0500] {processor.py:179} INFO - Processing /Users/atulkumar/Documents/MLOperations/MLOps/venv/lib/python3.11/site-packages/airflow/example_dags/example_xcomargs.py took 0.446 seconds
[2025-03-02T21:20:05.198-0500] {processor.py:157} INFO - Started process (PID=81812) to work on /Users/atulkumar/Documents/MLOperations/MLOps/venv/lib/python3.11/site-packages/airflow/example_dags/example_xcomargs.py
[2025-03-02T21:20:05.200-0500] {processor.py:826} INFO - Processing file /Users/atulkumar/Documents/MLOperations/MLOps/venv/lib/python3.11/site-packages/airflow/example_dags/example_xcomargs.py for tasks to queue
[2025-03-02T21:20:05.200-0500] {logging_mixin.py:149} INFO - [2025-03-02T21:20:05.200-0500] {dagbag.py:541} INFO - Filling up the DagBag from /Users/atulkumar/Documents/MLOperations/MLOps/venv/lib/python3.11/site-packages/airflow/example_dags/example_xcomargs.py
[2025-03-02T21:20:05.242-0500] {processor.py:836} INFO - DAG(s) dict_keys(['example_xcom_args', 'example_xcom_args_with_operators']) retrieved from /Users/atulkumar/Documents/MLOperations/MLOps/venv/lib/python3.11/site-packages/airflow/example_dags/example_xcomargs.py
[2025-03-02T21:20:05.582-0500] {logging_mixin.py:149} INFO - [2025-03-02T21:20:05.582-0500] {dag.py:2726} INFO - Sync 2 DAGs
[2025-03-02T21:20:05.590-0500] {logging_mixin.py:149} INFO - [2025-03-02T21:20:05.590-0500] {dag.py:3486} INFO - Setting next_dagrun for example_xcom_args to None, run_after=None
[2025-03-02T21:20:05.591-0500] {logging_mixin.py:149} INFO - [2025-03-02T21:20:05.591-0500] {dag.py:3486} INFO - Setting next_dagrun for example_xcom_args_with_operators to None, run_after=None
[2025-03-02T21:20:05.600-0500] {processor.py:179} INFO - Processing /Users/atulkumar/Documents/MLOperations/MLOps/venv/lib/python3.11/site-packages/airflow/example_dags/example_xcomargs.py took 0.402 seconds
[2025-03-02T21:21:11.626-0500] {processor.py:157} INFO - Started process (PID=81925) to work on /Users/atulkumar/Documents/MLOperations/MLOps/venv/lib/python3.11/site-packages/airflow/example_dags/example_xcomargs.py
[2025-03-02T21:21:11.628-0500] {processor.py:826} INFO - Processing file /Users/atulkumar/Documents/MLOperations/MLOps/venv/lib/python3.11/site-packages/airflow/example_dags/example_xcomargs.py for tasks to queue
[2025-03-02T21:21:11.629-0500] {logging_mixin.py:149} INFO - [2025-03-02T21:21:11.629-0500] {dagbag.py:541} INFO - Filling up the DagBag from /Users/atulkumar/Documents/MLOperations/MLOps/venv/lib/python3.11/site-packages/airflow/example_dags/example_xcomargs.py
[2025-03-02T21:21:11.668-0500] {processor.py:836} INFO - DAG(s) dict_keys(['example_xcom_args_with_operators', 'example_xcom_args']) retrieved from /Users/atulkumar/Documents/MLOperations/MLOps/venv/lib/python3.11/site-packages/airflow/example_dags/example_xcomargs.py
[2025-03-02T21:21:11.989-0500] {logging_mixin.py:149} INFO - [2025-03-02T21:21:11.989-0500] {dag.py:2726} INFO - Sync 2 DAGs
[2025-03-02T21:21:11.996-0500] {logging_mixin.py:149} INFO - [2025-03-02T21:21:11.996-0500] {dag.py:3486} INFO - Setting next_dagrun for example_xcom_args to None, run_after=None
[2025-03-02T21:21:11.997-0500] {logging_mixin.py:149} INFO - [2025-03-02T21:21:11.997-0500] {dag.py:3486} INFO - Setting next_dagrun for example_xcom_args_with_operators to None, run_after=None
[2025-03-02T21:21:12.006-0500] {processor.py:179} INFO - Processing /Users/atulkumar/Documents/MLOperations/MLOps/venv/lib/python3.11/site-packages/airflow/example_dags/example_xcomargs.py took 0.380 seconds
[2025-03-02T21:22:16.275-0500] {processor.py:157} INFO - Started process (PID=82006) to work on /Users/atulkumar/Documents/MLOperations/MLOps/venv/lib/python3.11/site-packages/airflow/example_dags/example_xcomargs.py
[2025-03-02T21:22:16.278-0500] {processor.py:826} INFO - Processing file /Users/atulkumar/Documents/MLOperations/MLOps/venv/lib/python3.11/site-packages/airflow/example_dags/example_xcomargs.py for tasks to queue
[2025-03-02T21:22:16.279-0500] {logging_mixin.py:149} INFO - [2025-03-02T21:22:16.278-0500] {dagbag.py:541} INFO - Filling up the DagBag from /Users/atulkumar/Documents/MLOperations/MLOps/venv/lib/python3.11/site-packages/airflow/example_dags/example_xcomargs.py
[2025-03-02T21:22:16.324-0500] {processor.py:836} INFO - DAG(s) dict_keys(['example_xcom_args', 'example_xcom_args_with_operators']) retrieved from /Users/atulkumar/Documents/MLOperations/MLOps/venv/lib/python3.11/site-packages/airflow/example_dags/example_xcomargs.py
[2025-03-02T21:22:16.675-0500] {logging_mixin.py:149} INFO - [2025-03-02T21:22:16.675-0500] {dag.py:2726} INFO - Sync 2 DAGs
[2025-03-02T21:22:16.682-0500] {logging_mixin.py:149} INFO - [2025-03-02T21:22:16.682-0500] {dag.py:3486} INFO - Setting next_dagrun for example_xcom_args to None, run_after=None
[2025-03-02T21:22:16.683-0500] {logging_mixin.py:149} INFO - [2025-03-02T21:22:16.683-0500] {dag.py:3486} INFO - Setting next_dagrun for example_xcom_args_with_operators to None, run_after=None
[2025-03-02T21:22:16.691-0500] {processor.py:179} INFO - Processing /Users/atulkumar/Documents/MLOperations/MLOps/venv/lib/python3.11/site-packages/airflow/example_dags/example_xcomargs.py took 0.416 seconds
[2025-03-02T21:23:22.430-0500] {processor.py:157} INFO - Started process (PID=82093) to work on /Users/atulkumar/Documents/MLOperations/MLOps/venv/lib/python3.11/site-packages/airflow/example_dags/example_xcomargs.py
[2025-03-02T21:23:22.433-0500] {processor.py:826} INFO - Processing file /Users/atulkumar/Documents/MLOperations/MLOps/venv/lib/python3.11/site-packages/airflow/example_dags/example_xcomargs.py for tasks to queue
[2025-03-02T21:23:22.433-0500] {logging_mixin.py:149} INFO - [2025-03-02T21:23:22.433-0500] {dagbag.py:541} INFO - Filling up the DagBag from /Users/atulkumar/Documents/MLOperations/MLOps/venv/lib/python3.11/site-packages/airflow/example_dags/example_xcomargs.py
[2025-03-02T21:23:22.478-0500] {processor.py:836} INFO - DAG(s) dict_keys(['example_xcom_args', 'example_xcom_args_with_operators']) retrieved from /Users/atulkumar/Documents/MLOperations/MLOps/venv/lib/python3.11/site-packages/airflow/example_dags/example_xcomargs.py
[2025-03-02T21:23:22.809-0500] {logging_mixin.py:149} INFO - [2025-03-02T21:23:22.809-0500] {dag.py:2726} INFO - Sync 2 DAGs
[2025-03-02T21:23:22.816-0500] {logging_mixin.py:149} INFO - [2025-03-02T21:23:22.816-0500] {dag.py:3486} INFO - Setting next_dagrun for example_xcom_args to None, run_after=None
[2025-03-02T21:23:22.817-0500] {logging_mixin.py:149} INFO - [2025-03-02T21:23:22.817-0500] {dag.py:3486} INFO - Setting next_dagrun for example_xcom_args_with_operators to None, run_after=None
[2025-03-02T21:23:22.825-0500] {processor.py:179} INFO - Processing /Users/atulkumar/Documents/MLOperations/MLOps/venv/lib/python3.11/site-packages/airflow/example_dags/example_xcomargs.py took 0.395 seconds
[2025-03-02T21:24:29.103-0500] {processor.py:157} INFO - Started process (PID=82209) to work on /Users/atulkumar/Documents/MLOperations/MLOps/venv/lib/python3.11/site-packages/airflow/example_dags/example_xcomargs.py
[2025-03-02T21:24:29.105-0500] {processor.py:826} INFO - Processing file /Users/atulkumar/Documents/MLOperations/MLOps/venv/lib/python3.11/site-packages/airflow/example_dags/example_xcomargs.py for tasks to queue
[2025-03-02T21:24:29.105-0500] {logging_mixin.py:149} INFO - [2025-03-02T21:24:29.105-0500] {dagbag.py:541} INFO - Filling up the DagBag from /Users/atulkumar/Documents/MLOperations/MLOps/venv/lib/python3.11/site-packages/airflow/example_dags/example_xcomargs.py
[2025-03-02T21:24:29.152-0500] {processor.py:836} INFO - DAG(s) dict_keys(['example_xcom_args', 'example_xcom_args_with_operators']) retrieved from /Users/atulkumar/Documents/MLOperations/MLOps/venv/lib/python3.11/site-packages/airflow/example_dags/example_xcomargs.py
[2025-03-02T21:24:29.561-0500] {logging_mixin.py:149} INFO - [2025-03-02T21:24:29.561-0500] {dag.py:2726} INFO - Sync 2 DAGs
[2025-03-02T21:24:29.568-0500] {logging_mixin.py:149} INFO - [2025-03-02T21:24:29.568-0500] {dag.py:3486} INFO - Setting next_dagrun for example_xcom_args to None, run_after=None
[2025-03-02T21:24:29.569-0500] {logging_mixin.py:149} INFO - [2025-03-02T21:24:29.569-0500] {dag.py:3486} INFO - Setting next_dagrun for example_xcom_args_with_operators to None, run_after=None
[2025-03-02T21:24:29.577-0500] {processor.py:179} INFO - Processing /Users/atulkumar/Documents/MLOperations/MLOps/venv/lib/python3.11/site-packages/airflow/example_dags/example_xcomargs.py took 0.474 seconds
[2025-03-02T21:25:41.356-0500] {processor.py:157} INFO - Started process (PID=82378) to work on /Users/atulkumar/Documents/MLOperations/MLOps/venv/lib/python3.11/site-packages/airflow/example_dags/example_xcomargs.py
[2025-03-02T21:25:41.358-0500] {processor.py:826} INFO - Processing file /Users/atulkumar/Documents/MLOperations/MLOps/venv/lib/python3.11/site-packages/airflow/example_dags/example_xcomargs.py for tasks to queue
[2025-03-02T21:25:41.358-0500] {logging_mixin.py:149} INFO - [2025-03-02T21:25:41.358-0500] {dagbag.py:541} INFO - Filling up the DagBag from /Users/atulkumar/Documents/MLOperations/MLOps/venv/lib/python3.11/site-packages/airflow/example_dags/example_xcomargs.py
[2025-03-02T21:25:41.401-0500] {processor.py:836} INFO - DAG(s) dict_keys(['example_xcom_args_with_operators', 'example_xcom_args']) retrieved from /Users/atulkumar/Documents/MLOperations/MLOps/venv/lib/python3.11/site-packages/airflow/example_dags/example_xcomargs.py
[2025-03-02T21:25:41.733-0500] {logging_mixin.py:149} INFO - [2025-03-02T21:25:41.733-0500] {dag.py:2726} INFO - Sync 2 DAGs
[2025-03-02T21:25:41.740-0500] {logging_mixin.py:149} INFO - [2025-03-02T21:25:41.740-0500] {dag.py:3486} INFO - Setting next_dagrun for example_xcom_args to None, run_after=None
[2025-03-02T21:25:41.741-0500] {logging_mixin.py:149} INFO - [2025-03-02T21:25:41.741-0500] {dag.py:3486} INFO - Setting next_dagrun for example_xcom_args_with_operators to None, run_after=None
[2025-03-02T21:25:41.748-0500] {processor.py:179} INFO - Processing /Users/atulkumar/Documents/MLOperations/MLOps/venv/lib/python3.11/site-packages/airflow/example_dags/example_xcomargs.py took 0.393 seconds
