[2025-03-02T21:13:11.198-0500] {processor.py:157} INFO - Started process (PID=81204) to work on /Users/atulkumar/Documents/MLOperations/MLOps/venv/lib/python3.11/site-packages/airflow/example_dags/example_trigger_target_dag.py
[2025-03-02T21:13:11.200-0500] {processor.py:826} INFO - Processing file /Users/atulkumar/Documents/MLOperations/MLOps/venv/lib/python3.11/site-packages/airflow/example_dags/example_trigger_target_dag.py for tasks to queue
[2025-03-02T21:13:11.200-0500] {logging_mixin.py:149} INFO - [2025-03-02T21:13:11.200-0500] {dagbag.py:541} INFO - Filling up the DagBag from /Users/atulkumar/Documents/MLOperations/MLOps/venv/lib/python3.11/site-packages/airflow/example_dags/example_trigger_target_dag.py
[2025-03-02T21:13:11.242-0500] {processor.py:836} INFO - DAG(s) dict_keys(['example_trigger_target_dag']) retrieved from /Users/atulkumar/Documents/MLOperations/MLOps/venv/lib/python3.11/site-packages/airflow/example_dags/example_trigger_target_dag.py
[2025-03-02T21:13:11.609-0500] {logging_mixin.py:149} INFO - [2025-03-02T21:13:11.609-0500] {dag.py:2726} INFO - Sync 1 DAGs
[2025-03-02T21:13:11.616-0500] {logging_mixin.py:149} INFO - [2025-03-02T21:13:11.616-0500] {dag.py:3486} INFO - Setting next_dagrun for example_trigger_target_dag to None, run_after=None
[2025-03-02T21:13:11.632-0500] {processor.py:179} INFO - Processing /Users/atulkumar/Documents/MLOperations/MLOps/venv/lib/python3.11/site-packages/airflow/example_dags/example_trigger_target_dag.py took 0.435 seconds
[2025-03-02T21:14:49.123-0500] {processor.py:157} INFO - Started process (PID=81345) to work on /Users/atulkumar/Documents/MLOperations/MLOps/venv/lib/python3.11/site-packages/airflow/example_dags/example_trigger_target_dag.py
[2025-03-02T21:14:49.125-0500] {processor.py:826} INFO - Processing file /Users/atulkumar/Documents/MLOperations/MLOps/venv/lib/python3.11/site-packages/airflow/example_dags/example_trigger_target_dag.py for tasks to queue
[2025-03-02T21:14:49.125-0500] {logging_mixin.py:149} INFO - [2025-03-02T21:14:49.125-0500] {dagbag.py:541} INFO - Filling up the DagBag from /Users/atulkumar/Documents/MLOperations/MLOps/venv/lib/python3.11/site-packages/airflow/example_dags/example_trigger_target_dag.py
[2025-03-02T21:14:49.165-0500] {processor.py:836} INFO - DAG(s) dict_keys(['example_trigger_target_dag']) retrieved from /Users/atulkumar/Documents/MLOperations/MLOps/venv/lib/python3.11/site-packages/airflow/example_dags/example_trigger_target_dag.py
[2025-03-02T21:14:49.492-0500] {logging_mixin.py:149} INFO - [2025-03-02T21:14:49.492-0500] {dag.py:2726} INFO - Sync 1 DAGs
[2025-03-02T21:14:49.499-0500] {logging_mixin.py:149} INFO - [2025-03-02T21:14:49.499-0500] {dag.py:3486} INFO - Setting next_dagrun for example_trigger_target_dag to None, run_after=None
[2025-03-02T21:14:49.507-0500] {processor.py:179} INFO - Processing /Users/atulkumar/Documents/MLOperations/MLOps/venv/lib/python3.11/site-packages/airflow/example_dags/example_trigger_target_dag.py took 0.384 seconds
[2025-03-02T21:15:53.792-0500] {processor.py:157} INFO - Started process (PID=81428) to work on /Users/atulkumar/Documents/MLOperations/MLOps/venv/lib/python3.11/site-packages/airflow/example_dags/example_trigger_target_dag.py
[2025-03-02T21:15:53.794-0500] {processor.py:826} INFO - Processing file /Users/atulkumar/Documents/MLOperations/MLOps/venv/lib/python3.11/site-packages/airflow/example_dags/example_trigger_target_dag.py for tasks to queue
[2025-03-02T21:15:53.794-0500] {logging_mixin.py:149} INFO - [2025-03-02T21:15:53.794-0500] {dagbag.py:541} INFO - Filling up the DagBag from /Users/atulkumar/Documents/MLOperations/MLOps/venv/lib/python3.11/site-packages/airflow/example_dags/example_trigger_target_dag.py
[2025-03-02T21:15:53.838-0500] {processor.py:836} INFO - DAG(s) dict_keys(['example_trigger_target_dag']) retrieved from /Users/atulkumar/Documents/MLOperations/MLOps/venv/lib/python3.11/site-packages/airflow/example_dags/example_trigger_target_dag.py
[2025-03-02T21:15:54.171-0500] {logging_mixin.py:149} INFO - [2025-03-02T21:15:54.170-0500] {dag.py:2726} INFO - Sync 1 DAGs
[2025-03-02T21:15:54.177-0500] {logging_mixin.py:149} INFO - [2025-03-02T21:15:54.177-0500] {dag.py:3486} INFO - Setting next_dagrun for example_trigger_target_dag to None, run_after=None
[2025-03-02T21:15:54.186-0500] {processor.py:179} INFO - Processing /Users/atulkumar/Documents/MLOperations/MLOps/venv/lib/python3.11/site-packages/airflow/example_dags/example_trigger_target_dag.py took 0.394 seconds
[2025-03-02T21:16:55.705-0500] {processor.py:157} INFO - Started process (PID=81517) to work on /Users/atulkumar/Documents/MLOperations/MLOps/venv/lib/python3.11/site-packages/airflow/example_dags/example_trigger_target_dag.py
[2025-03-02T21:16:55.707-0500] {processor.py:826} INFO - Processing file /Users/atulkumar/Documents/MLOperations/MLOps/venv/lib/python3.11/site-packages/airflow/example_dags/example_trigger_target_dag.py for tasks to queue
[2025-03-02T21:16:55.708-0500] {logging_mixin.py:149} INFO - [2025-03-02T21:16:55.708-0500] {dagbag.py:541} INFO - Filling up the DagBag from /Users/atulkumar/Documents/MLOperations/MLOps/venv/lib/python3.11/site-packages/airflow/example_dags/example_trigger_target_dag.py
[2025-03-02T21:16:55.756-0500] {processor.py:836} INFO - DAG(s) dict_keys(['example_trigger_target_dag']) retrieved from /Users/atulkumar/Documents/MLOperations/MLOps/venv/lib/python3.11/site-packages/airflow/example_dags/example_trigger_target_dag.py
[2025-03-02T21:16:56.148-0500] {logging_mixin.py:149} INFO - [2025-03-02T21:16:56.148-0500] {dag.py:2726} INFO - Sync 1 DAGs
[2025-03-02T21:16:56.157-0500] {logging_mixin.py:149} INFO - [2025-03-02T21:16:56.156-0500] {dag.py:3486} INFO - Setting next_dagrun for example_trigger_target_dag to None, run_after=None
[2025-03-02T21:16:56.167-0500] {processor.py:179} INFO - Processing /Users/atulkumar/Documents/MLOperations/MLOps/venv/lib/python3.11/site-packages/airflow/example_dags/example_trigger_target_dag.py took 0.463 seconds
[2025-03-02T21:17:59.099-0500] {processor.py:157} INFO - Started process (PID=81610) to work on /Users/atulkumar/Documents/MLOperations/MLOps/venv/lib/python3.11/site-packages/airflow/example_dags/example_trigger_target_dag.py
[2025-03-02T21:17:59.101-0500] {processor.py:826} INFO - Processing file /Users/atulkumar/Documents/MLOperations/MLOps/venv/lib/python3.11/site-packages/airflow/example_dags/example_trigger_target_dag.py for tasks to queue
[2025-03-02T21:17:59.102-0500] {logging_mixin.py:149} INFO - [2025-03-02T21:17:59.102-0500] {dagbag.py:541} INFO - Filling up the DagBag from /Users/atulkumar/Documents/MLOperations/MLOps/venv/lib/python3.11/site-packages/airflow/example_dags/example_trigger_target_dag.py
[2025-03-02T21:17:59.146-0500] {processor.py:836} INFO - DAG(s) dict_keys(['example_trigger_target_dag']) retrieved from /Users/atulkumar/Documents/MLOperations/MLOps/venv/lib/python3.11/site-packages/airflow/example_dags/example_trigger_target_dag.py
[2025-03-02T21:17:59.503-0500] {logging_mixin.py:149} INFO - [2025-03-02T21:17:59.503-0500] {dag.py:2726} INFO - Sync 1 DAGs
[2025-03-02T21:17:59.510-0500] {logging_mixin.py:149} INFO - [2025-03-02T21:17:59.510-0500] {dag.py:3486} INFO - Setting next_dagrun for example_trigger_target_dag to None, run_after=None
[2025-03-02T21:17:59.518-0500] {processor.py:179} INFO - Processing /Users/atulkumar/Documents/MLOperations/MLOps/venv/lib/python3.11/site-packages/airflow/example_dags/example_trigger_target_dag.py took 0.420 seconds
[2025-03-02T21:19:03.136-0500] {processor.py:157} INFO - Started process (PID=81697) to work on /Users/atulkumar/Documents/MLOperations/MLOps/venv/lib/python3.11/site-packages/airflow/example_dags/example_trigger_target_dag.py
[2025-03-02T21:19:03.139-0500] {processor.py:826} INFO - Processing file /Users/atulkumar/Documents/MLOperations/MLOps/venv/lib/python3.11/site-packages/airflow/example_dags/example_trigger_target_dag.py for tasks to queue
[2025-03-02T21:19:03.139-0500] {logging_mixin.py:149} INFO - [2025-03-02T21:19:03.139-0500] {dagbag.py:541} INFO - Filling up the DagBag from /Users/atulkumar/Documents/MLOperations/MLOps/venv/lib/python3.11/site-packages/airflow/example_dags/example_trigger_target_dag.py
[2025-03-02T21:19:03.179-0500] {processor.py:836} INFO - DAG(s) dict_keys(['example_trigger_target_dag']) retrieved from /Users/atulkumar/Documents/MLOperations/MLOps/venv/lib/python3.11/site-packages/airflow/example_dags/example_trigger_target_dag.py
[2025-03-02T21:19:03.519-0500] {logging_mixin.py:149} INFO - [2025-03-02T21:19:03.519-0500] {dag.py:2726} INFO - Sync 1 DAGs
[2025-03-02T21:19:03.526-0500] {logging_mixin.py:149} INFO - [2025-03-02T21:19:03.526-0500] {dag.py:3486} INFO - Setting next_dagrun for example_trigger_target_dag to None, run_after=None
[2025-03-02T21:19:03.534-0500] {processor.py:179} INFO - Processing /Users/atulkumar/Documents/MLOperations/MLOps/venv/lib/python3.11/site-packages/airflow/example_dags/example_trigger_target_dag.py took 0.398 seconds
[2025-03-02T21:20:09.365-0500] {processor.py:157} INFO - Started process (PID=81825) to work on /Users/atulkumar/Documents/MLOperations/MLOps/venv/lib/python3.11/site-packages/airflow/example_dags/example_trigger_target_dag.py
[2025-03-02T21:20:09.368-0500] {processor.py:826} INFO - Processing file /Users/atulkumar/Documents/MLOperations/MLOps/venv/lib/python3.11/site-packages/airflow/example_dags/example_trigger_target_dag.py for tasks to queue
[2025-03-02T21:20:09.369-0500] {logging_mixin.py:149} INFO - [2025-03-02T21:20:09.369-0500] {dagbag.py:541} INFO - Filling up the DagBag from /Users/atulkumar/Documents/MLOperations/MLOps/venv/lib/python3.11/site-packages/airflow/example_dags/example_trigger_target_dag.py
[2025-03-02T21:20:09.409-0500] {processor.py:836} INFO - DAG(s) dict_keys(['example_trigger_target_dag']) retrieved from /Users/atulkumar/Documents/MLOperations/MLOps/venv/lib/python3.11/site-packages/airflow/example_dags/example_trigger_target_dag.py
[2025-03-02T21:20:09.737-0500] {logging_mixin.py:149} INFO - [2025-03-02T21:20:09.737-0500] {dag.py:2726} INFO - Sync 1 DAGs
[2025-03-02T21:20:09.744-0500] {logging_mixin.py:149} INFO - [2025-03-02T21:20:09.744-0500] {dag.py:3486} INFO - Setting next_dagrun for example_trigger_target_dag to None, run_after=None
[2025-03-02T21:20:09.752-0500] {processor.py:179} INFO - Processing /Users/atulkumar/Documents/MLOperations/MLOps/venv/lib/python3.11/site-packages/airflow/example_dags/example_trigger_target_dag.py took 0.387 seconds
[2025-03-02T21:21:15.615-0500] {processor.py:157} INFO - Started process (PID=81930) to work on /Users/atulkumar/Documents/MLOperations/MLOps/venv/lib/python3.11/site-packages/airflow/example_dags/example_trigger_target_dag.py
[2025-03-02T21:21:15.616-0500] {processor.py:826} INFO - Processing file /Users/atulkumar/Documents/MLOperations/MLOps/venv/lib/python3.11/site-packages/airflow/example_dags/example_trigger_target_dag.py for tasks to queue
[2025-03-02T21:21:15.617-0500] {logging_mixin.py:149} INFO - [2025-03-02T21:21:15.617-0500] {dagbag.py:541} INFO - Filling up the DagBag from /Users/atulkumar/Documents/MLOperations/MLOps/venv/lib/python3.11/site-packages/airflow/example_dags/example_trigger_target_dag.py
[2025-03-02T21:21:15.661-0500] {processor.py:836} INFO - DAG(s) dict_keys(['example_trigger_target_dag']) retrieved from /Users/atulkumar/Documents/MLOperations/MLOps/venv/lib/python3.11/site-packages/airflow/example_dags/example_trigger_target_dag.py
[2025-03-02T21:21:15.985-0500] {logging_mixin.py:149} INFO - [2025-03-02T21:21:15.985-0500] {dag.py:2726} INFO - Sync 1 DAGs
[2025-03-02T21:21:15.992-0500] {logging_mixin.py:149} INFO - [2025-03-02T21:21:15.991-0500] {dag.py:3486} INFO - Setting next_dagrun for example_trigger_target_dag to None, run_after=None
[2025-03-02T21:21:15.999-0500] {processor.py:179} INFO - Processing /Users/atulkumar/Documents/MLOperations/MLOps/venv/lib/python3.11/site-packages/airflow/example_dags/example_trigger_target_dag.py took 0.385 seconds
[2025-03-02T21:22:20.634-0500] {processor.py:157} INFO - Started process (PID=82017) to work on /Users/atulkumar/Documents/MLOperations/MLOps/venv/lib/python3.11/site-packages/airflow/example_dags/example_trigger_target_dag.py
[2025-03-02T21:22:20.637-0500] {processor.py:826} INFO - Processing file /Users/atulkumar/Documents/MLOperations/MLOps/venv/lib/python3.11/site-packages/airflow/example_dags/example_trigger_target_dag.py for tasks to queue
[2025-03-02T21:22:20.638-0500] {logging_mixin.py:149} INFO - [2025-03-02T21:22:20.638-0500] {dagbag.py:541} INFO - Filling up the DagBag from /Users/atulkumar/Documents/MLOperations/MLOps/venv/lib/python3.11/site-packages/airflow/example_dags/example_trigger_target_dag.py
[2025-03-02T21:22:20.681-0500] {processor.py:836} INFO - DAG(s) dict_keys(['example_trigger_target_dag']) retrieved from /Users/atulkumar/Documents/MLOperations/MLOps/venv/lib/python3.11/site-packages/airflow/example_dags/example_trigger_target_dag.py
[2025-03-02T21:22:21.031-0500] {logging_mixin.py:149} INFO - [2025-03-02T21:22:21.030-0500] {dag.py:2726} INFO - Sync 1 DAGs
[2025-03-02T21:22:21.038-0500] {logging_mixin.py:149} INFO - [2025-03-02T21:22:21.038-0500] {dag.py:3486} INFO - Setting next_dagrun for example_trigger_target_dag to None, run_after=None
[2025-03-02T21:22:21.047-0500] {processor.py:179} INFO - Processing /Users/atulkumar/Documents/MLOperations/MLOps/venv/lib/python3.11/site-packages/airflow/example_dags/example_trigger_target_dag.py took 0.413 seconds
[2025-03-02T21:23:26.597-0500] {processor.py:157} INFO - Started process (PID=82104) to work on /Users/atulkumar/Documents/MLOperations/MLOps/venv/lib/python3.11/site-packages/airflow/example_dags/example_trigger_target_dag.py
[2025-03-02T21:23:26.600-0500] {processor.py:826} INFO - Processing file /Users/atulkumar/Documents/MLOperations/MLOps/venv/lib/python3.11/site-packages/airflow/example_dags/example_trigger_target_dag.py for tasks to queue
[2025-03-02T21:23:26.600-0500] {logging_mixin.py:149} INFO - [2025-03-02T21:23:26.600-0500] {dagbag.py:541} INFO - Filling up the DagBag from /Users/atulkumar/Documents/MLOperations/MLOps/venv/lib/python3.11/site-packages/airflow/example_dags/example_trigger_target_dag.py
[2025-03-02T21:23:26.641-0500] {processor.py:836} INFO - DAG(s) dict_keys(['example_trigger_target_dag']) retrieved from /Users/atulkumar/Documents/MLOperations/MLOps/venv/lib/python3.11/site-packages/airflow/example_dags/example_trigger_target_dag.py
[2025-03-02T21:23:26.977-0500] {logging_mixin.py:149} INFO - [2025-03-02T21:23:26.977-0500] {dag.py:2726} INFO - Sync 1 DAGs
[2025-03-02T21:23:26.985-0500] {logging_mixin.py:149} INFO - [2025-03-02T21:23:26.984-0500] {dag.py:3486} INFO - Setting next_dagrun for example_trigger_target_dag to None, run_after=None
[2025-03-02T21:23:26.993-0500] {processor.py:179} INFO - Processing /Users/atulkumar/Documents/MLOperations/MLOps/venv/lib/python3.11/site-packages/airflow/example_dags/example_trigger_target_dag.py took 0.396 seconds
[2025-03-02T21:24:33.360-0500] {processor.py:157} INFO - Started process (PID=82212) to work on /Users/atulkumar/Documents/MLOperations/MLOps/venv/lib/python3.11/site-packages/airflow/example_dags/example_trigger_target_dag.py
[2025-03-02T21:24:33.362-0500] {processor.py:826} INFO - Processing file /Users/atulkumar/Documents/MLOperations/MLOps/venv/lib/python3.11/site-packages/airflow/example_dags/example_trigger_target_dag.py for tasks to queue
[2025-03-02T21:24:33.362-0500] {logging_mixin.py:149} INFO - [2025-03-02T21:24:33.362-0500] {dagbag.py:541} INFO - Filling up the DagBag from /Users/atulkumar/Documents/MLOperations/MLOps/venv/lib/python3.11/site-packages/airflow/example_dags/example_trigger_target_dag.py
[2025-03-02T21:24:33.406-0500] {processor.py:836} INFO - DAG(s) dict_keys(['example_trigger_target_dag']) retrieved from /Users/atulkumar/Documents/MLOperations/MLOps/venv/lib/python3.11/site-packages/airflow/example_dags/example_trigger_target_dag.py
[2025-03-02T21:24:33.748-0500] {logging_mixin.py:149} INFO - [2025-03-02T21:24:33.748-0500] {dag.py:2726} INFO - Sync 1 DAGs
[2025-03-02T21:24:33.755-0500] {logging_mixin.py:149} INFO - [2025-03-02T21:24:33.755-0500] {dag.py:3486} INFO - Setting next_dagrun for example_trigger_target_dag to None, run_after=None
[2025-03-02T21:24:33.771-0500] {processor.py:179} INFO - Processing /Users/atulkumar/Documents/MLOperations/MLOps/venv/lib/python3.11/site-packages/airflow/example_dags/example_trigger_target_dag.py took 0.412 seconds
