[2025-03-02T21:13:48.569-0500] {processor.py:157} INFO - Started process (PID=81264) to work on /Users/atulkumar/Documents/MLOperations/MLOps/venv/lib/python3.11/site-packages/airflow/example_dags/example_params_trigger_ui.py
[2025-03-02T21:13:48.571-0500] {processor.py:826} INFO - Processing file /Users/atulkumar/Documents/MLOperations/MLOps/venv/lib/python3.11/site-packages/airflow/example_dags/example_params_trigger_ui.py for tasks to queue
[2025-03-02T21:13:48.571-0500] {logging_mixin.py:149} INFO - [2025-03-02T21:13:48.571-0500] {dagbag.py:541} INFO - Filling up the DagBag from /Users/atulkumar/Documents/MLOperations/MLOps/venv/lib/python3.11/site-packages/airflow/example_dags/example_params_trigger_ui.py
[2025-03-02T21:13:48.634-0500] {processor.py:836} INFO - DAG(s) dict_keys(['example_params_trigger_ui']) retrieved from /Users/atulkumar/Documents/MLOperations/MLOps/venv/lib/python3.11/site-packages/airflow/example_dags/example_params_trigger_ui.py
[2025-03-02T21:13:49.002-0500] {logging_mixin.py:149} INFO - [2025-03-02T21:13:49.002-0500] {dag.py:2726} INFO - Sync 1 DAGs
[2025-03-02T21:13:49.013-0500] {logging_mixin.py:149} INFO - [2025-03-02T21:13:49.013-0500] {dag.py:3486} INFO - Setting next_dagrun for example_params_trigger_ui to None, run_after=None
[2025-03-02T21:13:49.022-0500] {processor.py:179} INFO - Processing /Users/atulkumar/Documents/MLOperations/MLOps/venv/lib/python3.11/site-packages/airflow/example_dags/example_params_trigger_ui.py took 0.453 seconds
[2025-03-02T21:15:21.830-0500] {processor.py:157} INFO - Started process (PID=81384) to work on /Users/atulkumar/Documents/MLOperations/MLOps/venv/lib/python3.11/site-packages/airflow/example_dags/example_params_trigger_ui.py
[2025-03-02T21:15:21.832-0500] {processor.py:826} INFO - Processing file /Users/atulkumar/Documents/MLOperations/MLOps/venv/lib/python3.11/site-packages/airflow/example_dags/example_params_trigger_ui.py for tasks to queue
[2025-03-02T21:15:21.832-0500] {logging_mixin.py:149} INFO - [2025-03-02T21:15:21.832-0500] {dagbag.py:541} INFO - Filling up the DagBag from /Users/atulkumar/Documents/MLOperations/MLOps/venv/lib/python3.11/site-packages/airflow/example_dags/example_params_trigger_ui.py
[2025-03-02T21:15:21.883-0500] {processor.py:836} INFO - DAG(s) dict_keys(['example_params_trigger_ui']) retrieved from /Users/atulkumar/Documents/MLOperations/MLOps/venv/lib/python3.11/site-packages/airflow/example_dags/example_params_trigger_ui.py
[2025-03-02T21:15:22.193-0500] {logging_mixin.py:149} INFO - [2025-03-02T21:15:22.193-0500] {dag.py:2726} INFO - Sync 1 DAGs
[2025-03-02T21:15:22.199-0500] {logging_mixin.py:149} INFO - [2025-03-02T21:15:22.199-0500] {dag.py:3486} INFO - Setting next_dagrun for example_params_trigger_ui to None, run_after=None
[2025-03-02T21:15:22.208-0500] {processor.py:179} INFO - Processing /Users/atulkumar/Documents/MLOperations/MLOps/venv/lib/python3.11/site-packages/airflow/example_dags/example_params_trigger_ui.py took 0.379 seconds
[2025-03-02T21:17:27.096-0500] {processor.py:157} INFO - Started process (PID=81563) to work on /Users/atulkumar/Documents/MLOperations/MLOps/venv/lib/python3.11/site-packages/airflow/example_dags/example_params_trigger_ui.py
[2025-03-02T21:17:27.099-0500] {processor.py:826} INFO - Processing file /Users/atulkumar/Documents/MLOperations/MLOps/venv/lib/python3.11/site-packages/airflow/example_dags/example_params_trigger_ui.py for tasks to queue
[2025-03-02T21:17:27.099-0500] {logging_mixin.py:149} INFO - [2025-03-02T21:17:27.099-0500] {dagbag.py:541} INFO - Filling up the DagBag from /Users/atulkumar/Documents/MLOperations/MLOps/venv/lib/python3.11/site-packages/airflow/example_dags/example_params_trigger_ui.py
[2025-03-02T21:17:27.155-0500] {processor.py:836} INFO - DAG(s) dict_keys(['example_params_trigger_ui']) retrieved from /Users/atulkumar/Documents/MLOperations/MLOps/venv/lib/python3.11/site-packages/airflow/example_dags/example_params_trigger_ui.py
[2025-03-02T21:17:27.524-0500] {logging_mixin.py:149} INFO - [2025-03-02T21:17:27.524-0500] {dag.py:2726} INFO - Sync 1 DAGs
[2025-03-02T21:17:27.530-0500] {logging_mixin.py:149} INFO - [2025-03-02T21:17:27.530-0500] {dag.py:3486} INFO - Setting next_dagrun for example_params_trigger_ui to None, run_after=None
[2025-03-02T21:17:27.538-0500] {processor.py:179} INFO - Processing /Users/atulkumar/Documents/MLOperations/MLOps/venv/lib/python3.11/site-packages/airflow/example_dags/example_params_trigger_ui.py took 0.443 seconds
[2025-03-02T21:19:35.544-0500] {processor.py:157} INFO - Started process (PID=81767) to work on /Users/atulkumar/Documents/MLOperations/MLOps/venv/lib/python3.11/site-packages/airflow/example_dags/example_params_trigger_ui.py
[2025-03-02T21:19:35.547-0500] {processor.py:826} INFO - Processing file /Users/atulkumar/Documents/MLOperations/MLOps/venv/lib/python3.11/site-packages/airflow/example_dags/example_params_trigger_ui.py for tasks to queue
[2025-03-02T21:19:35.547-0500] {logging_mixin.py:149} INFO - [2025-03-02T21:19:35.547-0500] {dagbag.py:541} INFO - Filling up the DagBag from /Users/atulkumar/Documents/MLOperations/MLOps/venv/lib/python3.11/site-packages/airflow/example_dags/example_params_trigger_ui.py
[2025-03-02T21:19:35.600-0500] {processor.py:836} INFO - DAG(s) dict_keys(['example_params_trigger_ui']) retrieved from /Users/atulkumar/Documents/MLOperations/MLOps/venv/lib/python3.11/site-packages/airflow/example_dags/example_params_trigger_ui.py
[2025-03-02T21:19:35.957-0500] {logging_mixin.py:149} INFO - [2025-03-02T21:19:35.956-0500] {dag.py:2726} INFO - Sync 1 DAGs
[2025-03-02T21:19:35.966-0500] {logging_mixin.py:149} INFO - [2025-03-02T21:19:35.966-0500] {dag.py:3486} INFO - Setting next_dagrun for example_params_trigger_ui to None, run_after=None
[2025-03-02T21:19:35.974-0500] {processor.py:179} INFO - Processing /Users/atulkumar/Documents/MLOperations/MLOps/venv/lib/python3.11/site-packages/airflow/example_dags/example_params_trigger_ui.py took 0.431 seconds
[2025-03-02T21:21:45.839-0500] {processor.py:157} INFO - Started process (PID=81969) to work on /Users/atulkumar/Documents/MLOperations/MLOps/venv/lib/python3.11/site-packages/airflow/example_dags/example_params_trigger_ui.py
[2025-03-02T21:21:45.841-0500] {processor.py:826} INFO - Processing file /Users/atulkumar/Documents/MLOperations/MLOps/venv/lib/python3.11/site-packages/airflow/example_dags/example_params_trigger_ui.py for tasks to queue
[2025-03-02T21:21:45.841-0500] {logging_mixin.py:149} INFO - [2025-03-02T21:21:45.841-0500] {dagbag.py:541} INFO - Filling up the DagBag from /Users/atulkumar/Documents/MLOperations/MLOps/venv/lib/python3.11/site-packages/airflow/example_dags/example_params_trigger_ui.py
[2025-03-02T21:21:45.899-0500] {processor.py:836} INFO - DAG(s) dict_keys(['example_params_trigger_ui']) retrieved from /Users/atulkumar/Documents/MLOperations/MLOps/venv/lib/python3.11/site-packages/airflow/example_dags/example_params_trigger_ui.py
[2025-03-02T21:21:46.235-0500] {logging_mixin.py:149} INFO - [2025-03-02T21:21:46.235-0500] {dag.py:2726} INFO - Sync 1 DAGs
[2025-03-02T21:21:46.241-0500] {logging_mixin.py:149} INFO - [2025-03-02T21:21:46.241-0500] {dag.py:3486} INFO - Setting next_dagrun for example_params_trigger_ui to None, run_after=None
[2025-03-02T21:21:46.249-0500] {processor.py:179} INFO - Processing /Users/atulkumar/Documents/MLOperations/MLOps/venv/lib/python3.11/site-packages/airflow/example_dags/example_params_trigger_ui.py took 0.411 seconds
[2025-03-02T21:23:58.349-0500] {processor.py:157} INFO - Started process (PID=82152) to work on /Users/atulkumar/Documents/MLOperations/MLOps/venv/lib/python3.11/site-packages/airflow/example_dags/example_params_trigger_ui.py
[2025-03-02T21:23:58.351-0500] {processor.py:826} INFO - Processing file /Users/atulkumar/Documents/MLOperations/MLOps/venv/lib/python3.11/site-packages/airflow/example_dags/example_params_trigger_ui.py for tasks to queue
[2025-03-02T21:23:58.351-0500] {logging_mixin.py:149} INFO - [2025-03-02T21:23:58.351-0500] {dagbag.py:541} INFO - Filling up the DagBag from /Users/atulkumar/Documents/MLOperations/MLOps/venv/lib/python3.11/site-packages/airflow/example_dags/example_params_trigger_ui.py
[2025-03-02T21:23:58.429-0500] {processor.py:836} INFO - DAG(s) dict_keys(['example_params_trigger_ui']) retrieved from /Users/atulkumar/Documents/MLOperations/MLOps/venv/lib/python3.11/site-packages/airflow/example_dags/example_params_trigger_ui.py
[2025-03-02T21:23:58.798-0500] {logging_mixin.py:149} INFO - [2025-03-02T21:23:58.798-0500] {dag.py:2726} INFO - Sync 1 DAGs
[2025-03-02T21:23:58.805-0500] {logging_mixin.py:149} INFO - [2025-03-02T21:23:58.805-0500] {dag.py:3486} INFO - Setting next_dagrun for example_params_trigger_ui to None, run_after=None
[2025-03-02T21:23:58.812-0500] {processor.py:179} INFO - Processing /Users/atulkumar/Documents/MLOperations/MLOps/venv/lib/python3.11/site-packages/airflow/example_dags/example_params_trigger_ui.py took 0.464 seconds
