[2025-03-02T21:13:13.343-0500] {processor.py:157} INFO - Started process (PID=81210) to work on /Users/atulkumar/Documents/MLOperations/MLOps/venv/lib/python3.11/site-packages/airflow/example_dags/example_trigger_controller_dag.py
[2025-03-02T21:13:13.345-0500] {processor.py:826} INFO - Processing file /Users/atulkumar/Documents/MLOperations/MLOps/venv/lib/python3.11/site-packages/airflow/example_dags/example_trigger_controller_dag.py for tasks to queue
[2025-03-02T21:13:13.345-0500] {logging_mixin.py:149} INFO - [2025-03-02T21:13:13.345-0500] {dagbag.py:541} INFO - Filling up the DagBag from /Users/atulkumar/Documents/MLOperations/MLOps/venv/lib/python3.11/site-packages/airflow/example_dags/example_trigger_controller_dag.py
[2025-03-02T21:13:13.355-0500] {processor.py:836} INFO - DAG(s) dict_keys(['example_trigger_controller_dag']) retrieved from /Users/atulkumar/Documents/MLOperations/MLOps/venv/lib/python3.11/site-packages/airflow/example_dags/example_trigger_controller_dag.py
[2025-03-02T21:13:13.736-0500] {logging_mixin.py:149} INFO - [2025-03-02T21:13:13.736-0500] {dag.py:2726} INFO - Sync 1 DAGs
[2025-03-02T21:13:13.743-0500] {logging_mixin.py:149} INFO - [2025-03-02T21:13:13.743-0500] {dag.py:3486} INFO - Setting next_dagrun for example_trigger_controller_dag to 2021-01-01T00:00:00+00:00, run_after=2021-01-01T00:00:00+00:00
[2025-03-02T21:13:13.752-0500] {processor.py:179} INFO - Processing /Users/atulkumar/Documents/MLOperations/MLOps/venv/lib/python3.11/site-packages/airflow/example_dags/example_trigger_controller_dag.py took 0.409 seconds
[2025-03-02T21:14:50.395-0500] {processor.py:157} INFO - Started process (PID=81346) to work on /Users/atulkumar/Documents/MLOperations/MLOps/venv/lib/python3.11/site-packages/airflow/example_dags/example_trigger_controller_dag.py
[2025-03-02T21:14:50.397-0500] {processor.py:826} INFO - Processing file /Users/atulkumar/Documents/MLOperations/MLOps/venv/lib/python3.11/site-packages/airflow/example_dags/example_trigger_controller_dag.py for tasks to queue
[2025-03-02T21:14:50.397-0500] {logging_mixin.py:149} INFO - [2025-03-02T21:14:50.397-0500] {dagbag.py:541} INFO - Filling up the DagBag from /Users/atulkumar/Documents/MLOperations/MLOps/venv/lib/python3.11/site-packages/airflow/example_dags/example_trigger_controller_dag.py
[2025-03-02T21:14:50.406-0500] {processor.py:836} INFO - DAG(s) dict_keys(['example_trigger_controller_dag']) retrieved from /Users/atulkumar/Documents/MLOperations/MLOps/venv/lib/python3.11/site-packages/airflow/example_dags/example_trigger_controller_dag.py
[2025-03-02T21:14:50.738-0500] {logging_mixin.py:149} INFO - [2025-03-02T21:14:50.738-0500] {dag.py:2726} INFO - Sync 1 DAGs
[2025-03-02T21:14:50.744-0500] {logging_mixin.py:149} INFO - [2025-03-02T21:14:50.744-0500] {dag.py:3486} INFO - Setting next_dagrun for example_trigger_controller_dag to 2021-01-01T00:00:00+00:00, run_after=2021-01-01T00:00:00+00:00
[2025-03-02T21:14:50.753-0500] {processor.py:179} INFO - Processing /Users/atulkumar/Documents/MLOperations/MLOps/venv/lib/python3.11/site-packages/airflow/example_dags/example_trigger_controller_dag.py took 0.358 seconds
[2025-03-02T21:15:55.514-0500] {processor.py:157} INFO - Started process (PID=81430) to work on /Users/atulkumar/Documents/MLOperations/MLOps/venv/lib/python3.11/site-packages/airflow/example_dags/example_trigger_controller_dag.py
[2025-03-02T21:15:55.517-0500] {processor.py:826} INFO - Processing file /Users/atulkumar/Documents/MLOperations/MLOps/venv/lib/python3.11/site-packages/airflow/example_dags/example_trigger_controller_dag.py for tasks to queue
[2025-03-02T21:15:55.517-0500] {logging_mixin.py:149} INFO - [2025-03-02T21:15:55.517-0500] {dagbag.py:541} INFO - Filling up the DagBag from /Users/atulkumar/Documents/MLOperations/MLOps/venv/lib/python3.11/site-packages/airflow/example_dags/example_trigger_controller_dag.py
[2025-03-02T21:15:55.526-0500] {processor.py:836} INFO - DAG(s) dict_keys(['example_trigger_controller_dag']) retrieved from /Users/atulkumar/Documents/MLOperations/MLOps/venv/lib/python3.11/site-packages/airflow/example_dags/example_trigger_controller_dag.py
[2025-03-02T21:15:55.919-0500] {logging_mixin.py:149} INFO - [2025-03-02T21:15:55.919-0500] {dag.py:2726} INFO - Sync 1 DAGs
[2025-03-02T21:15:55.926-0500] {logging_mixin.py:149} INFO - [2025-03-02T21:15:55.926-0500] {dag.py:3486} INFO - Setting next_dagrun for example_trigger_controller_dag to 2021-01-01T00:00:00+00:00, run_after=2021-01-01T00:00:00+00:00
[2025-03-02T21:15:55.934-0500] {processor.py:179} INFO - Processing /Users/atulkumar/Documents/MLOperations/MLOps/venv/lib/python3.11/site-packages/airflow/example_dags/example_trigger_controller_dag.py took 0.421 seconds
[2025-03-02T21:16:58.183-0500] {processor.py:157} INFO - Started process (PID=81522) to work on /Users/atulkumar/Documents/MLOperations/MLOps/venv/lib/python3.11/site-packages/airflow/example_dags/example_trigger_controller_dag.py
[2025-03-02T21:16:58.185-0500] {processor.py:826} INFO - Processing file /Users/atulkumar/Documents/MLOperations/MLOps/venv/lib/python3.11/site-packages/airflow/example_dags/example_trigger_controller_dag.py for tasks to queue
[2025-03-02T21:16:58.185-0500] {logging_mixin.py:149} INFO - [2025-03-02T21:16:58.185-0500] {dagbag.py:541} INFO - Filling up the DagBag from /Users/atulkumar/Documents/MLOperations/MLOps/venv/lib/python3.11/site-packages/airflow/example_dags/example_trigger_controller_dag.py
[2025-03-02T21:16:58.206-0500] {processor.py:836} INFO - DAG(s) dict_keys(['example_trigger_controller_dag']) retrieved from /Users/atulkumar/Documents/MLOperations/MLOps/venv/lib/python3.11/site-packages/airflow/example_dags/example_trigger_controller_dag.py
[2025-03-02T21:16:58.811-0500] {logging_mixin.py:149} INFO - [2025-03-02T21:16:58.811-0500] {dag.py:2726} INFO - Sync 1 DAGs
[2025-03-02T21:16:58.820-0500] {logging_mixin.py:149} INFO - [2025-03-02T21:16:58.819-0500] {dag.py:3486} INFO - Setting next_dagrun for example_trigger_controller_dag to 2021-01-01T00:00:00+00:00, run_after=2021-01-01T00:00:00+00:00
[2025-03-02T21:16:58.835-0500] {processor.py:179} INFO - Processing /Users/atulkumar/Documents/MLOperations/MLOps/venv/lib/python3.11/site-packages/airflow/example_dags/example_trigger_controller_dag.py took 0.652 seconds
[2025-03-02T21:18:01.049-0500] {processor.py:157} INFO - Started process (PID=81611) to work on /Users/atulkumar/Documents/MLOperations/MLOps/venv/lib/python3.11/site-packages/airflow/example_dags/example_trigger_controller_dag.py
[2025-03-02T21:18:01.051-0500] {processor.py:826} INFO - Processing file /Users/atulkumar/Documents/MLOperations/MLOps/venv/lib/python3.11/site-packages/airflow/example_dags/example_trigger_controller_dag.py for tasks to queue
[2025-03-02T21:18:01.051-0500] {logging_mixin.py:149} INFO - [2025-03-02T21:18:01.051-0500] {dagbag.py:541} INFO - Filling up the DagBag from /Users/atulkumar/Documents/MLOperations/MLOps/venv/lib/python3.11/site-packages/airflow/example_dags/example_trigger_controller_dag.py
[2025-03-02T21:18:01.060-0500] {processor.py:836} INFO - DAG(s) dict_keys(['example_trigger_controller_dag']) retrieved from /Users/atulkumar/Documents/MLOperations/MLOps/venv/lib/python3.11/site-packages/airflow/example_dags/example_trigger_controller_dag.py
[2025-03-02T21:18:01.410-0500] {logging_mixin.py:149} INFO - [2025-03-02T21:18:01.410-0500] {dag.py:2726} INFO - Sync 1 DAGs
[2025-03-02T21:18:01.417-0500] {logging_mixin.py:149} INFO - [2025-03-02T21:18:01.416-0500] {dag.py:3486} INFO - Setting next_dagrun for example_trigger_controller_dag to 2021-01-01T00:00:00+00:00, run_after=2021-01-01T00:00:00+00:00
[2025-03-02T21:18:01.425-0500] {processor.py:179} INFO - Processing /Users/atulkumar/Documents/MLOperations/MLOps/venv/lib/python3.11/site-packages/airflow/example_dags/example_trigger_controller_dag.py took 0.376 seconds
[2025-03-02T21:19:04.428-0500] {processor.py:157} INFO - Started process (PID=81698) to work on /Users/atulkumar/Documents/MLOperations/MLOps/venv/lib/python3.11/site-packages/airflow/example_dags/example_trigger_controller_dag.py
[2025-03-02T21:19:04.430-0500] {processor.py:826} INFO - Processing file /Users/atulkumar/Documents/MLOperations/MLOps/venv/lib/python3.11/site-packages/airflow/example_dags/example_trigger_controller_dag.py for tasks to queue
[2025-03-02T21:19:04.430-0500] {logging_mixin.py:149} INFO - [2025-03-02T21:19:04.430-0500] {dagbag.py:541} INFO - Filling up the DagBag from /Users/atulkumar/Documents/MLOperations/MLOps/venv/lib/python3.11/site-packages/airflow/example_dags/example_trigger_controller_dag.py
[2025-03-02T21:19:04.438-0500] {processor.py:836} INFO - DAG(s) dict_keys(['example_trigger_controller_dag']) retrieved from /Users/atulkumar/Documents/MLOperations/MLOps/venv/lib/python3.11/site-packages/airflow/example_dags/example_trigger_controller_dag.py
[2025-03-02T21:19:04.784-0500] {logging_mixin.py:149} INFO - [2025-03-02T21:19:04.784-0500] {dag.py:2726} INFO - Sync 1 DAGs
[2025-03-02T21:19:04.791-0500] {logging_mixin.py:149} INFO - [2025-03-02T21:19:04.791-0500] {dag.py:3486} INFO - Setting next_dagrun for example_trigger_controller_dag to 2021-01-01T00:00:00+00:00, run_after=2021-01-01T00:00:00+00:00
[2025-03-02T21:19:04.799-0500] {processor.py:179} INFO - Processing /Users/atulkumar/Documents/MLOperations/MLOps/venv/lib/python3.11/site-packages/airflow/example_dags/example_trigger_controller_dag.py took 0.371 seconds
[2025-03-02T21:20:11.312-0500] {processor.py:157} INFO - Started process (PID=81827) to work on /Users/atulkumar/Documents/MLOperations/MLOps/venv/lib/python3.11/site-packages/airflow/example_dags/example_trigger_controller_dag.py
[2025-03-02T21:20:11.314-0500] {processor.py:826} INFO - Processing file /Users/atulkumar/Documents/MLOperations/MLOps/venv/lib/python3.11/site-packages/airflow/example_dags/example_trigger_controller_dag.py for tasks to queue
[2025-03-02T21:20:11.314-0500] {logging_mixin.py:149} INFO - [2025-03-02T21:20:11.314-0500] {dagbag.py:541} INFO - Filling up the DagBag from /Users/atulkumar/Documents/MLOperations/MLOps/venv/lib/python3.11/site-packages/airflow/example_dags/example_trigger_controller_dag.py
[2025-03-02T21:20:11.323-0500] {processor.py:836} INFO - DAG(s) dict_keys(['example_trigger_controller_dag']) retrieved from /Users/atulkumar/Documents/MLOperations/MLOps/venv/lib/python3.11/site-packages/airflow/example_dags/example_trigger_controller_dag.py
[2025-03-02T21:20:11.692-0500] {logging_mixin.py:149} INFO - [2025-03-02T21:20:11.692-0500] {dag.py:2726} INFO - Sync 1 DAGs
[2025-03-02T21:20:11.699-0500] {logging_mixin.py:149} INFO - [2025-03-02T21:20:11.699-0500] {dag.py:3486} INFO - Setting next_dagrun for example_trigger_controller_dag to 2021-01-01T00:00:00+00:00, run_after=2021-01-01T00:00:00+00:00
[2025-03-02T21:20:11.708-0500] {processor.py:179} INFO - Processing /Users/atulkumar/Documents/MLOperations/MLOps/venv/lib/python3.11/site-packages/airflow/example_dags/example_trigger_controller_dag.py took 0.396 seconds
[2025-03-02T21:21:17.659-0500] {processor.py:157} INFO - Started process (PID=81939) to work on /Users/atulkumar/Documents/MLOperations/MLOps/venv/lib/python3.11/site-packages/airflow/example_dags/example_trigger_controller_dag.py
[2025-03-02T21:21:17.661-0500] {processor.py:826} INFO - Processing file /Users/atulkumar/Documents/MLOperations/MLOps/venv/lib/python3.11/site-packages/airflow/example_dags/example_trigger_controller_dag.py for tasks to queue
[2025-03-02T21:21:17.662-0500] {logging_mixin.py:149} INFO - [2025-03-02T21:21:17.661-0500] {dagbag.py:541} INFO - Filling up the DagBag from /Users/atulkumar/Documents/MLOperations/MLOps/venv/lib/python3.11/site-packages/airflow/example_dags/example_trigger_controller_dag.py
[2025-03-02T21:21:17.670-0500] {processor.py:836} INFO - DAG(s) dict_keys(['example_trigger_controller_dag']) retrieved from /Users/atulkumar/Documents/MLOperations/MLOps/venv/lib/python3.11/site-packages/airflow/example_dags/example_trigger_controller_dag.py
[2025-03-02T21:21:18.048-0500] {logging_mixin.py:149} INFO - [2025-03-02T21:21:18.048-0500] {dag.py:2726} INFO - Sync 1 DAGs
[2025-03-02T21:21:18.054-0500] {logging_mixin.py:149} INFO - [2025-03-02T21:21:18.054-0500] {dag.py:3486} INFO - Setting next_dagrun for example_trigger_controller_dag to 2021-01-01T00:00:00+00:00, run_after=2021-01-01T00:00:00+00:00
[2025-03-02T21:21:18.062-0500] {processor.py:179} INFO - Processing /Users/atulkumar/Documents/MLOperations/MLOps/venv/lib/python3.11/site-packages/airflow/example_dags/example_trigger_controller_dag.py took 0.403 seconds
[2025-03-02T21:22:22.453-0500] {processor.py:157} INFO - Started process (PID=82018) to work on /Users/atulkumar/Documents/MLOperations/MLOps/venv/lib/python3.11/site-packages/airflow/example_dags/example_trigger_controller_dag.py
[2025-03-02T21:22:22.456-0500] {processor.py:826} INFO - Processing file /Users/atulkumar/Documents/MLOperations/MLOps/venv/lib/python3.11/site-packages/airflow/example_dags/example_trigger_controller_dag.py for tasks to queue
[2025-03-02T21:22:22.456-0500] {logging_mixin.py:149} INFO - [2025-03-02T21:22:22.456-0500] {dagbag.py:541} INFO - Filling up the DagBag from /Users/atulkumar/Documents/MLOperations/MLOps/venv/lib/python3.11/site-packages/airflow/example_dags/example_trigger_controller_dag.py
[2025-03-02T21:22:22.466-0500] {processor.py:836} INFO - DAG(s) dict_keys(['example_trigger_controller_dag']) retrieved from /Users/atulkumar/Documents/MLOperations/MLOps/venv/lib/python3.11/site-packages/airflow/example_dags/example_trigger_controller_dag.py
[2025-03-02T21:22:22.847-0500] {logging_mixin.py:149} INFO - [2025-03-02T21:22:22.847-0500] {dag.py:2726} INFO - Sync 1 DAGs
[2025-03-02T21:22:22.853-0500] {logging_mixin.py:149} INFO - [2025-03-02T21:22:22.853-0500] {dag.py:3486} INFO - Setting next_dagrun for example_trigger_controller_dag to 2021-01-01T00:00:00+00:00, run_after=2021-01-01T00:00:00+00:00
[2025-03-02T21:22:22.861-0500] {processor.py:179} INFO - Processing /Users/atulkumar/Documents/MLOperations/MLOps/venv/lib/python3.11/site-packages/airflow/example_dags/example_trigger_controller_dag.py took 0.409 seconds
[2025-03-02T21:23:28.474-0500] {processor.py:157} INFO - Started process (PID=82105) to work on /Users/atulkumar/Documents/MLOperations/MLOps/venv/lib/python3.11/site-packages/airflow/example_dags/example_trigger_controller_dag.py
[2025-03-02T21:23:28.476-0500] {processor.py:826} INFO - Processing file /Users/atulkumar/Documents/MLOperations/MLOps/venv/lib/python3.11/site-packages/airflow/example_dags/example_trigger_controller_dag.py for tasks to queue
[2025-03-02T21:23:28.476-0500] {logging_mixin.py:149} INFO - [2025-03-02T21:23:28.476-0500] {dagbag.py:541} INFO - Filling up the DagBag from /Users/atulkumar/Documents/MLOperations/MLOps/venv/lib/python3.11/site-packages/airflow/example_dags/example_trigger_controller_dag.py
[2025-03-02T21:23:28.485-0500] {processor.py:836} INFO - DAG(s) dict_keys(['example_trigger_controller_dag']) retrieved from /Users/atulkumar/Documents/MLOperations/MLOps/venv/lib/python3.11/site-packages/airflow/example_dags/example_trigger_controller_dag.py
[2025-03-02T21:23:28.846-0500] {logging_mixin.py:149} INFO - [2025-03-02T21:23:28.846-0500] {dag.py:2726} INFO - Sync 1 DAGs
[2025-03-02T21:23:28.853-0500] {logging_mixin.py:149} INFO - [2025-03-02T21:23:28.853-0500] {dag.py:3486} INFO - Setting next_dagrun for example_trigger_controller_dag to 2021-01-01T00:00:00+00:00, run_after=2021-01-01T00:00:00+00:00
[2025-03-02T21:23:28.861-0500] {processor.py:179} INFO - Processing /Users/atulkumar/Documents/MLOperations/MLOps/venv/lib/python3.11/site-packages/airflow/example_dags/example_trigger_controller_dag.py took 0.388 seconds
[2025-03-02T21:24:35.369-0500] {processor.py:157} INFO - Started process (PID=82216) to work on /Users/atulkumar/Documents/MLOperations/MLOps/venv/lib/python3.11/site-packages/airflow/example_dags/example_trigger_controller_dag.py
[2025-03-02T21:24:35.372-0500] {processor.py:826} INFO - Processing file /Users/atulkumar/Documents/MLOperations/MLOps/venv/lib/python3.11/site-packages/airflow/example_dags/example_trigger_controller_dag.py for tasks to queue
[2025-03-02T21:24:35.372-0500] {logging_mixin.py:149} INFO - [2025-03-02T21:24:35.372-0500] {dagbag.py:541} INFO - Filling up the DagBag from /Users/atulkumar/Documents/MLOperations/MLOps/venv/lib/python3.11/site-packages/airflow/example_dags/example_trigger_controller_dag.py
[2025-03-02T21:24:35.383-0500] {processor.py:836} INFO - DAG(s) dict_keys(['example_trigger_controller_dag']) retrieved from /Users/atulkumar/Documents/MLOperations/MLOps/venv/lib/python3.11/site-packages/airflow/example_dags/example_trigger_controller_dag.py
[2025-03-02T21:24:35.799-0500] {logging_mixin.py:149} INFO - [2025-03-02T21:24:35.799-0500] {dag.py:2726} INFO - Sync 1 DAGs
[2025-03-02T21:24:35.807-0500] {logging_mixin.py:149} INFO - [2025-03-02T21:24:35.806-0500] {dag.py:3486} INFO - Setting next_dagrun for example_trigger_controller_dag to 2021-01-01T00:00:00+00:00, run_after=2021-01-01T00:00:00+00:00
[2025-03-02T21:24:35.816-0500] {processor.py:179} INFO - Processing /Users/atulkumar/Documents/MLOperations/MLOps/venv/lib/python3.11/site-packages/airflow/example_dags/example_trigger_controller_dag.py took 0.447 seconds
