[2025-03-02T21:14:02.578-0500] {processor.py:157} INFO - Started process (PID=81284) to work on /Users/atulkumar/Documents/MLOperations/MLOps/venv/lib/python3.11/site-packages/airflow/example_dags/example_dynamic_task_mapping_with_no_taskflow_operators.py
[2025-03-02T21:14:02.580-0500] {processor.py:826} INFO - Processing file /Users/atulkumar/Documents/MLOperations/MLOps/venv/lib/python3.11/site-packages/airflow/example_dags/example_dynamic_task_mapping_with_no_taskflow_operators.py for tasks to queue
[2025-03-02T21:14:02.580-0500] {logging_mixin.py:149} INFO - [2025-03-02T21:14:02.580-0500] {dagbag.py:541} INFO - Filling up the DagBag from /Users/atulkumar/Documents/MLOperations/MLOps/venv/lib/python3.11/site-packages/airflow/example_dags/example_dynamic_task_mapping_with_no_taskflow_operators.py
[2025-03-02T21:14:02.588-0500] {processor.py:836} INFO - DAG(s) dict_keys(['example_dynamic_task_mapping_with_no_taskflow_operators']) retrieved from /Users/atulkumar/Documents/MLOperations/MLOps/venv/lib/python3.11/site-packages/airflow/example_dags/example_dynamic_task_mapping_with_no_taskflow_operators.py
[2025-03-02T21:14:03.021-0500] {logging_mixin.py:149} INFO - [2025-03-02T21:14:03.020-0500] {dag.py:2726} INFO - Sync 1 DAGs
[2025-03-02T21:14:03.026-0500] {logging_mixin.py:149} INFO - [2025-03-02T21:14:03.026-0500] {dag.py:3486} INFO - Setting next_dagrun for example_dynamic_task_mapping_with_no_taskflow_operators to 2025-03-02T02:14:03.026173+00:00, run_after=2025-03-03T02:14:03.026173+00:00
[2025-03-02T21:14:03.035-0500] {processor.py:179} INFO - Processing /Users/atulkumar/Documents/MLOperations/MLOps/venv/lib/python3.11/site-packages/airflow/example_dags/example_dynamic_task_mapping_with_no_taskflow_operators.py took 0.457 seconds
[2025-03-02T21:16:07.592-0500] {processor.py:157} INFO - Started process (PID=81448) to work on /Users/atulkumar/Documents/MLOperations/MLOps/venv/lib/python3.11/site-packages/airflow/example_dags/example_dynamic_task_mapping_with_no_taskflow_operators.py
[2025-03-02T21:16:07.595-0500] {processor.py:826} INFO - Processing file /Users/atulkumar/Documents/MLOperations/MLOps/venv/lib/python3.11/site-packages/airflow/example_dags/example_dynamic_task_mapping_with_no_taskflow_operators.py for tasks to queue
[2025-03-02T21:16:07.595-0500] {logging_mixin.py:149} INFO - [2025-03-02T21:16:07.595-0500] {dagbag.py:541} INFO - Filling up the DagBag from /Users/atulkumar/Documents/MLOperations/MLOps/venv/lib/python3.11/site-packages/airflow/example_dags/example_dynamic_task_mapping_with_no_taskflow_operators.py
[2025-03-02T21:16:07.602-0500] {processor.py:836} INFO - DAG(s) dict_keys(['example_dynamic_task_mapping_with_no_taskflow_operators']) retrieved from /Users/atulkumar/Documents/MLOperations/MLOps/venv/lib/python3.11/site-packages/airflow/example_dags/example_dynamic_task_mapping_with_no_taskflow_operators.py
[2025-03-02T21:16:07.948-0500] {logging_mixin.py:149} INFO - [2025-03-02T21:16:07.948-0500] {dag.py:2726} INFO - Sync 1 DAGs
[2025-03-02T21:16:07.955-0500] {logging_mixin.py:149} INFO - [2025-03-02T21:16:07.955-0500] {dag.py:3486} INFO - Setting next_dagrun for example_dynamic_task_mapping_with_no_taskflow_operators to 2025-03-02T02:16:07.954949+00:00, run_after=2025-03-03T02:16:07.954949+00:00
[2025-03-02T21:16:07.963-0500] {processor.py:179} INFO - Processing /Users/atulkumar/Documents/MLOperations/MLOps/venv/lib/python3.11/site-packages/airflow/example_dags/example_dynamic_task_mapping_with_no_taskflow_operators.py took 0.371 seconds
[2025-03-02T21:18:16.369-0500] {processor.py:157} INFO - Started process (PID=81630) to work on /Users/atulkumar/Documents/MLOperations/MLOps/venv/lib/python3.11/site-packages/airflow/example_dags/example_dynamic_task_mapping_with_no_taskflow_operators.py
[2025-03-02T21:18:16.371-0500] {processor.py:826} INFO - Processing file /Users/atulkumar/Documents/MLOperations/MLOps/venv/lib/python3.11/site-packages/airflow/example_dags/example_dynamic_task_mapping_with_no_taskflow_operators.py for tasks to queue
[2025-03-02T21:18:16.372-0500] {logging_mixin.py:149} INFO - [2025-03-02T21:18:16.372-0500] {dagbag.py:541} INFO - Filling up the DagBag from /Users/atulkumar/Documents/MLOperations/MLOps/venv/lib/python3.11/site-packages/airflow/example_dags/example_dynamic_task_mapping_with_no_taskflow_operators.py
[2025-03-02T21:18:16.379-0500] {processor.py:836} INFO - DAG(s) dict_keys(['example_dynamic_task_mapping_with_no_taskflow_operators']) retrieved from /Users/atulkumar/Documents/MLOperations/MLOps/venv/lib/python3.11/site-packages/airflow/example_dags/example_dynamic_task_mapping_with_no_taskflow_operators.py
[2025-03-02T21:18:16.756-0500] {logging_mixin.py:149} INFO - [2025-03-02T21:18:16.756-0500] {dag.py:2726} INFO - Sync 1 DAGs
[2025-03-02T21:18:16.763-0500] {logging_mixin.py:149} INFO - [2025-03-02T21:18:16.763-0500] {dag.py:3486} INFO - Setting next_dagrun for example_dynamic_task_mapping_with_no_taskflow_operators to 2025-03-02T02:18:16.763012+00:00, run_after=2025-03-03T02:18:16.763012+00:00
[2025-03-02T21:18:16.771-0500] {processor.py:179} INFO - Processing /Users/atulkumar/Documents/MLOperations/MLOps/venv/lib/python3.11/site-packages/airflow/example_dags/example_dynamic_task_mapping_with_no_taskflow_operators.py took 0.403 seconds
[2025-03-02T21:20:27.484-0500] {processor.py:157} INFO - Started process (PID=81852) to work on /Users/atulkumar/Documents/MLOperations/MLOps/venv/lib/python3.11/site-packages/airflow/example_dags/example_dynamic_task_mapping_with_no_taskflow_operators.py
[2025-03-02T21:20:27.486-0500] {processor.py:826} INFO - Processing file /Users/atulkumar/Documents/MLOperations/MLOps/venv/lib/python3.11/site-packages/airflow/example_dags/example_dynamic_task_mapping_with_no_taskflow_operators.py for tasks to queue
[2025-03-02T21:20:27.486-0500] {logging_mixin.py:149} INFO - [2025-03-02T21:20:27.486-0500] {dagbag.py:541} INFO - Filling up the DagBag from /Users/atulkumar/Documents/MLOperations/MLOps/venv/lib/python3.11/site-packages/airflow/example_dags/example_dynamic_task_mapping_with_no_taskflow_operators.py
[2025-03-02T21:20:27.494-0500] {processor.py:836} INFO - DAG(s) dict_keys(['example_dynamic_task_mapping_with_no_taskflow_operators']) retrieved from /Users/atulkumar/Documents/MLOperations/MLOps/venv/lib/python3.11/site-packages/airflow/example_dags/example_dynamic_task_mapping_with_no_taskflow_operators.py
[2025-03-02T21:20:27.899-0500] {logging_mixin.py:149} INFO - [2025-03-02T21:20:27.899-0500] {dag.py:2726} INFO - Sync 1 DAGs
[2025-03-02T21:20:27.906-0500] {logging_mixin.py:149} INFO - [2025-03-02T21:20:27.906-0500] {dag.py:3486} INFO - Setting next_dagrun for example_dynamic_task_mapping_with_no_taskflow_operators to 2025-03-02T02:20:27.906268+00:00, run_after=2025-03-03T02:20:27.906268+00:00
[2025-03-02T21:20:27.915-0500] {processor.py:179} INFO - Processing /Users/atulkumar/Documents/MLOperations/MLOps/venv/lib/python3.11/site-packages/airflow/example_dags/example_dynamic_task_mapping_with_no_taskflow_operators.py took 0.431 seconds
[2025-03-02T21:22:39.087-0500] {processor.py:157} INFO - Started process (PID=82044) to work on /Users/atulkumar/Documents/MLOperations/MLOps/venv/lib/python3.11/site-packages/airflow/example_dags/example_dynamic_task_mapping_with_no_taskflow_operators.py
[2025-03-02T21:22:39.091-0500] {processor.py:826} INFO - Processing file /Users/atulkumar/Documents/MLOperations/MLOps/venv/lib/python3.11/site-packages/airflow/example_dags/example_dynamic_task_mapping_with_no_taskflow_operators.py for tasks to queue
[2025-03-02T21:22:39.091-0500] {logging_mixin.py:149} INFO - [2025-03-02T21:22:39.091-0500] {dagbag.py:541} INFO - Filling up the DagBag from /Users/atulkumar/Documents/MLOperations/MLOps/venv/lib/python3.11/site-packages/airflow/example_dags/example_dynamic_task_mapping_with_no_taskflow_operators.py
[2025-03-02T21:22:39.099-0500] {processor.py:836} INFO - DAG(s) dict_keys(['example_dynamic_task_mapping_with_no_taskflow_operators']) retrieved from /Users/atulkumar/Documents/MLOperations/MLOps/venv/lib/python3.11/site-packages/airflow/example_dags/example_dynamic_task_mapping_with_no_taskflow_operators.py
[2025-03-02T21:22:39.464-0500] {logging_mixin.py:149} INFO - [2025-03-02T21:22:39.464-0500] {dag.py:2726} INFO - Sync 1 DAGs
[2025-03-02T21:22:39.470-0500] {logging_mixin.py:149} INFO - [2025-03-02T21:22:39.470-0500] {dag.py:3486} INFO - Setting next_dagrun for example_dynamic_task_mapping_with_no_taskflow_operators to 2025-03-02T02:22:39.470090+00:00, run_after=2025-03-03T02:22:39.470090+00:00
[2025-03-02T21:22:39.478-0500] {processor.py:179} INFO - Processing /Users/atulkumar/Documents/MLOperations/MLOps/venv/lib/python3.11/site-packages/airflow/example_dags/example_dynamic_task_mapping_with_no_taskflow_operators.py took 0.391 seconds
[2025-03-02T21:24:52.241-0500] {processor.py:157} INFO - Started process (PID=82280) to work on /Users/atulkumar/Documents/MLOperations/MLOps/venv/lib/python3.11/site-packages/airflow/example_dags/example_dynamic_task_mapping_with_no_taskflow_operators.py
[2025-03-02T21:24:52.244-0500] {processor.py:826} INFO - Processing file /Users/atulkumar/Documents/MLOperations/MLOps/venv/lib/python3.11/site-packages/airflow/example_dags/example_dynamic_task_mapping_with_no_taskflow_operators.py for tasks to queue
[2025-03-02T21:24:52.244-0500] {logging_mixin.py:149} INFO - [2025-03-02T21:24:52.244-0500] {dagbag.py:541} INFO - Filling up the DagBag from /Users/atulkumar/Documents/MLOperations/MLOps/venv/lib/python3.11/site-packages/airflow/example_dags/example_dynamic_task_mapping_with_no_taskflow_operators.py
[2025-03-02T21:24:52.251-0500] {processor.py:836} INFO - DAG(s) dict_keys(['example_dynamic_task_mapping_with_no_taskflow_operators']) retrieved from /Users/atulkumar/Documents/MLOperations/MLOps/venv/lib/python3.11/site-packages/airflow/example_dags/example_dynamic_task_mapping_with_no_taskflow_operators.py
[2025-03-02T21:24:52.632-0500] {logging_mixin.py:149} INFO - [2025-03-02T21:24:52.632-0500] {dag.py:2726} INFO - Sync 1 DAGs
[2025-03-02T21:24:52.639-0500] {logging_mixin.py:149} INFO - [2025-03-02T21:24:52.639-0500] {dag.py:3486} INFO - Setting next_dagrun for example_dynamic_task_mapping_with_no_taskflow_operators to 2025-03-02T02:24:52.639281+00:00, run_after=2025-03-03T02:24:52.639281+00:00
[2025-03-02T21:24:52.647-0500] {processor.py:179} INFO - Processing /Users/atulkumar/Documents/MLOperations/MLOps/venv/lib/python3.11/site-packages/airflow/example_dags/example_dynamic_task_mapping_with_no_taskflow_operators.py took 0.406 seconds
