[2025-03-02T21:13:28.555-0500] {processor.py:157} INFO - Started process (PID=81233) to work on /Users/atulkumar/Documents/MLOperations/MLOps/venv/lib/python3.11/site-packages/airflow/example_dags/example_short_circuit_operator.py
[2025-03-02T21:13:28.556-0500] {processor.py:826} INFO - Processing file /Users/atulkumar/Documents/MLOperations/MLOps/venv/lib/python3.11/site-packages/airflow/example_dags/example_short_circuit_operator.py for tasks to queue
[2025-03-02T21:13:28.557-0500] {logging_mixin.py:149} INFO - [2025-03-02T21:13:28.557-0500] {dagbag.py:541} INFO - Filling up the DagBag from /Users/atulkumar/Documents/MLOperations/MLOps/venv/lib/python3.11/site-packages/airflow/example_dags/example_short_circuit_operator.py
[2025-03-02T21:13:28.592-0500] {processor.py:836} INFO - DAG(s) dict_keys(['example_short_circuit_operator']) retrieved from /Users/atulkumar/Documents/MLOperations/MLOps/venv/lib/python3.11/site-packages/airflow/example_dags/example_short_circuit_operator.py
[2025-03-02T21:13:28.965-0500] {logging_mixin.py:149} INFO - [2025-03-02T21:13:28.965-0500] {dag.py:2726} INFO - Sync 1 DAGs
[2025-03-02T21:13:28.971-0500] {logging_mixin.py:149} INFO - [2025-03-02T21:13:28.971-0500] {dag.py:3486} INFO - Setting next_dagrun for example_short_circuit_operator to 2025-03-02T02:13:28.971844+00:00, run_after=2025-03-03T02:13:28.971844+00:00
[2025-03-02T21:13:28.979-0500] {processor.py:179} INFO - Processing /Users/atulkumar/Documents/MLOperations/MLOps/venv/lib/python3.11/site-packages/airflow/example_dags/example_short_circuit_operator.py took 0.425 seconds
[2025-03-02T21:15:04.321-0500] {processor.py:157} INFO - Started process (PID=81362) to work on /Users/atulkumar/Documents/MLOperations/MLOps/venv/lib/python3.11/site-packages/airflow/example_dags/example_short_circuit_operator.py
[2025-03-02T21:15:04.324-0500] {processor.py:826} INFO - Processing file /Users/atulkumar/Documents/MLOperations/MLOps/venv/lib/python3.11/site-packages/airflow/example_dags/example_short_circuit_operator.py for tasks to queue
[2025-03-02T21:15:04.324-0500] {logging_mixin.py:149} INFO - [2025-03-02T21:15:04.324-0500] {dagbag.py:541} INFO - Filling up the DagBag from /Users/atulkumar/Documents/MLOperations/MLOps/venv/lib/python3.11/site-packages/airflow/example_dags/example_short_circuit_operator.py
[2025-03-02T21:15:04.357-0500] {processor.py:836} INFO - DAG(s) dict_keys(['example_short_circuit_operator']) retrieved from /Users/atulkumar/Documents/MLOperations/MLOps/venv/lib/python3.11/site-packages/airflow/example_dags/example_short_circuit_operator.py
[2025-03-02T21:15:04.675-0500] {logging_mixin.py:149} INFO - [2025-03-02T21:15:04.675-0500] {dag.py:2726} INFO - Sync 1 DAGs
[2025-03-02T21:15:04.681-0500] {logging_mixin.py:149} INFO - [2025-03-02T21:15:04.681-0500] {dag.py:3486} INFO - Setting next_dagrun for example_short_circuit_operator to 2025-03-02T02:15:04.681828+00:00, run_after=2025-03-03T02:15:04.681828+00:00
[2025-03-02T21:15:04.690-0500] {processor.py:179} INFO - Processing /Users/atulkumar/Documents/MLOperations/MLOps/venv/lib/python3.11/site-packages/airflow/example_dags/example_short_circuit_operator.py took 0.369 seconds
[2025-03-02T21:17:11.761-0500] {processor.py:157} INFO - Started process (PID=81542) to work on /Users/atulkumar/Documents/MLOperations/MLOps/venv/lib/python3.11/site-packages/airflow/example_dags/example_short_circuit_operator.py
[2025-03-02T21:17:11.763-0500] {processor.py:826} INFO - Processing file /Users/atulkumar/Documents/MLOperations/MLOps/venv/lib/python3.11/site-packages/airflow/example_dags/example_short_circuit_operator.py for tasks to queue
[2025-03-02T21:17:11.763-0500] {logging_mixin.py:149} INFO - [2025-03-02T21:17:11.763-0500] {dagbag.py:541} INFO - Filling up the DagBag from /Users/atulkumar/Documents/MLOperations/MLOps/venv/lib/python3.11/site-packages/airflow/example_dags/example_short_circuit_operator.py
[2025-03-02T21:17:11.798-0500] {processor.py:836} INFO - DAG(s) dict_keys(['example_short_circuit_operator']) retrieved from /Users/atulkumar/Documents/MLOperations/MLOps/venv/lib/python3.11/site-packages/airflow/example_dags/example_short_circuit_operator.py
[2025-03-02T21:17:12.139-0500] {logging_mixin.py:149} INFO - [2025-03-02T21:17:12.139-0500] {dag.py:2726} INFO - Sync 1 DAGs
[2025-03-02T21:17:12.146-0500] {logging_mixin.py:149} INFO - [2025-03-02T21:17:12.146-0500] {dag.py:3486} INFO - Setting next_dagrun for example_short_circuit_operator to 2025-03-02T02:17:12.145995+00:00, run_after=2025-03-03T02:17:12.145995+00:00
[2025-03-02T21:17:12.154-0500] {processor.py:179} INFO - Processing /Users/atulkumar/Documents/MLOperations/MLOps/venv/lib/python3.11/site-packages/airflow/example_dags/example_short_circuit_operator.py took 0.394 seconds
[2025-03-02T21:19:18.121-0500] {processor.py:157} INFO - Started process (PID=81717) to work on /Users/atulkumar/Documents/MLOperations/MLOps/venv/lib/python3.11/site-packages/airflow/example_dags/example_short_circuit_operator.py
[2025-03-02T21:19:18.123-0500] {processor.py:826} INFO - Processing file /Users/atulkumar/Documents/MLOperations/MLOps/venv/lib/python3.11/site-packages/airflow/example_dags/example_short_circuit_operator.py for tasks to queue
[2025-03-02T21:19:18.124-0500] {logging_mixin.py:149} INFO - [2025-03-02T21:19:18.124-0500] {dagbag.py:541} INFO - Filling up the DagBag from /Users/atulkumar/Documents/MLOperations/MLOps/venv/lib/python3.11/site-packages/airflow/example_dags/example_short_circuit_operator.py
[2025-03-02T21:19:18.157-0500] {processor.py:836} INFO - DAG(s) dict_keys(['example_short_circuit_operator']) retrieved from /Users/atulkumar/Documents/MLOperations/MLOps/venv/lib/python3.11/site-packages/airflow/example_dags/example_short_circuit_operator.py
[2025-03-02T21:19:18.473-0500] {logging_mixin.py:149} INFO - [2025-03-02T21:19:18.472-0500] {dag.py:2726} INFO - Sync 1 DAGs
[2025-03-02T21:19:18.479-0500] {logging_mixin.py:149} INFO - [2025-03-02T21:19:18.479-0500] {dag.py:3486} INFO - Setting next_dagrun for example_short_circuit_operator to 2025-03-02T02:19:18.479140+00:00, run_after=2025-03-03T02:19:18.479140+00:00
[2025-03-02T21:19:18.488-0500] {processor.py:179} INFO - Processing /Users/atulkumar/Documents/MLOperations/MLOps/venv/lib/python3.11/site-packages/airflow/example_dags/example_short_circuit_operator.py took 0.368 seconds
[2025-03-02T21:21:28.779-0500] {processor.py:157} INFO - Started process (PID=81948) to work on /Users/atulkumar/Documents/MLOperations/MLOps/venv/lib/python3.11/site-packages/airflow/example_dags/example_short_circuit_operator.py
[2025-03-02T21:21:28.782-0500] {processor.py:826} INFO - Processing file /Users/atulkumar/Documents/MLOperations/MLOps/venv/lib/python3.11/site-packages/airflow/example_dags/example_short_circuit_operator.py for tasks to queue
[2025-03-02T21:21:28.783-0500] {logging_mixin.py:149} INFO - [2025-03-02T21:21:28.783-0500] {dagbag.py:541} INFO - Filling up the DagBag from /Users/atulkumar/Documents/MLOperations/MLOps/venv/lib/python3.11/site-packages/airflow/example_dags/example_short_circuit_operator.py
[2025-03-02T21:21:28.818-0500] {processor.py:836} INFO - DAG(s) dict_keys(['example_short_circuit_operator']) retrieved from /Users/atulkumar/Documents/MLOperations/MLOps/venv/lib/python3.11/site-packages/airflow/example_dags/example_short_circuit_operator.py
[2025-03-02T21:21:29.157-0500] {logging_mixin.py:149} INFO - [2025-03-02T21:21:29.156-0500] {dag.py:2726} INFO - Sync 1 DAGs
[2025-03-02T21:21:29.163-0500] {logging_mixin.py:149} INFO - [2025-03-02T21:21:29.163-0500] {dag.py:3486} INFO - Setting next_dagrun for example_short_circuit_operator to 2025-03-02T02:21:29.162955+00:00, run_after=2025-03-03T02:21:29.162955+00:00
[2025-03-02T21:21:29.172-0500] {processor.py:179} INFO - Processing /Users/atulkumar/Documents/MLOperations/MLOps/venv/lib/python3.11/site-packages/airflow/example_dags/example_short_circuit_operator.py took 0.393 seconds
[2025-03-02T21:23:40.013-0500] {processor.py:157} INFO - Started process (PID=82121) to work on /Users/atulkumar/Documents/MLOperations/MLOps/venv/lib/python3.11/site-packages/airflow/example_dags/example_short_circuit_operator.py
[2025-03-02T21:23:40.015-0500] {processor.py:826} INFO - Processing file /Users/atulkumar/Documents/MLOperations/MLOps/venv/lib/python3.11/site-packages/airflow/example_dags/example_short_circuit_operator.py for tasks to queue
[2025-03-02T21:23:40.016-0500] {logging_mixin.py:149} INFO - [2025-03-02T21:23:40.016-0500] {dagbag.py:541} INFO - Filling up the DagBag from /Users/atulkumar/Documents/MLOperations/MLOps/venv/lib/python3.11/site-packages/airflow/example_dags/example_short_circuit_operator.py
[2025-03-02T21:23:40.054-0500] {processor.py:836} INFO - DAG(s) dict_keys(['example_short_circuit_operator']) retrieved from /Users/atulkumar/Documents/MLOperations/MLOps/venv/lib/python3.11/site-packages/airflow/example_dags/example_short_circuit_operator.py
[2025-03-02T21:23:40.402-0500] {logging_mixin.py:149} INFO - [2025-03-02T21:23:40.402-0500] {dag.py:2726} INFO - Sync 1 DAGs
[2025-03-02T21:23:40.407-0500] {logging_mixin.py:149} INFO - [2025-03-02T21:23:40.407-0500] {dag.py:3486} INFO - Setting next_dagrun for example_short_circuit_operator to 2025-03-02T02:23:40.407776+00:00, run_after=2025-03-03T02:23:40.407776+00:00
[2025-03-02T21:23:40.416-0500] {processor.py:179} INFO - Processing /Users/atulkumar/Documents/MLOperations/MLOps/venv/lib/python3.11/site-packages/airflow/example_dags/example_short_circuit_operator.py took 0.403 seconds
