[2025-03-02T21:13:54.116-0500] {processor.py:157} INFO - Started process (PID=81270) to work on /Users/atulkumar/Documents/MLOperations/MLOps/venv/lib/python3.11/site-packages/airflow/example_dags/example_latest_only_with_trigger.py
[2025-03-02T21:13:54.118-0500] {processor.py:826} INFO - Processing file /Users/atulkumar/Documents/MLOperations/MLOps/venv/lib/python3.11/site-packages/airflow/example_dags/example_latest_only_with_trigger.py for tasks to queue
[2025-03-02T21:13:54.118-0500] {logging_mixin.py:149} INFO - [2025-03-02T21:13:54.118-0500] {dagbag.py:541} INFO - Filling up the DagBag from /Users/atulkumar/Documents/MLOperations/MLOps/venv/lib/python3.11/site-packages/airflow/example_dags/example_latest_only_with_trigger.py
[2025-03-02T21:13:54.126-0500] {processor.py:836} INFO - DAG(s) dict_keys(['latest_only_with_trigger']) retrieved from /Users/atulkumar/Documents/MLOperations/MLOps/venv/lib/python3.11/site-packages/airflow/example_dags/example_latest_only_with_trigger.py
[2025-03-02T21:13:54.555-0500] {logging_mixin.py:149} INFO - [2025-03-02T21:13:54.555-0500] {dag.py:2726} INFO - Sync 1 DAGs
[2025-03-02T21:13:54.560-0500] {logging_mixin.py:149} INFO - [2025-03-02T21:13:54.560-0500] {dag.py:3486} INFO - Setting next_dagrun for latest_only_with_trigger to 2025-03-02T22:13:54.560774+00:00, run_after=2025-03-03T02:13:54.560774+00:00
[2025-03-02T21:13:54.569-0500] {processor.py:179} INFO - Processing /Users/atulkumar/Documents/MLOperations/MLOps/venv/lib/python3.11/site-packages/airflow/example_dags/example_latest_only_with_trigger.py took 0.453 seconds
[2025-03-02T21:15:27.598-0500] {processor.py:157} INFO - Started process (PID=81396) to work on /Users/atulkumar/Documents/MLOperations/MLOps/venv/lib/python3.11/site-packages/airflow/example_dags/example_latest_only_with_trigger.py
[2025-03-02T21:15:27.600-0500] {processor.py:826} INFO - Processing file /Users/atulkumar/Documents/MLOperations/MLOps/venv/lib/python3.11/site-packages/airflow/example_dags/example_latest_only_with_trigger.py for tasks to queue
[2025-03-02T21:15:27.600-0500] {logging_mixin.py:149} INFO - [2025-03-02T21:15:27.600-0500] {dagbag.py:541} INFO - Filling up the DagBag from /Users/atulkumar/Documents/MLOperations/MLOps/venv/lib/python3.11/site-packages/airflow/example_dags/example_latest_only_with_trigger.py
[2025-03-02T21:15:27.609-0500] {processor.py:836} INFO - DAG(s) dict_keys(['latest_only_with_trigger']) retrieved from /Users/atulkumar/Documents/MLOperations/MLOps/venv/lib/python3.11/site-packages/airflow/example_dags/example_latest_only_with_trigger.py
[2025-03-02T21:15:28.010-0500] {logging_mixin.py:149} INFO - [2025-03-02T21:15:28.010-0500] {dag.py:2726} INFO - Sync 1 DAGs
[2025-03-02T21:15:28.018-0500] {logging_mixin.py:149} INFO - [2025-03-02T21:15:28.018-0500] {dag.py:3486} INFO - Setting next_dagrun for latest_only_with_trigger to 2025-03-02T22:15:28.018470+00:00, run_after=2025-03-03T02:15:28.018470+00:00
[2025-03-02T21:15:28.027-0500] {processor.py:179} INFO - Processing /Users/atulkumar/Documents/MLOperations/MLOps/venv/lib/python3.11/site-packages/airflow/example_dags/example_latest_only_with_trigger.py took 0.430 seconds
[2025-03-02T21:17:32.589-0500] {processor.py:157} INFO - Started process (PID=81574) to work on /Users/atulkumar/Documents/MLOperations/MLOps/venv/lib/python3.11/site-packages/airflow/example_dags/example_latest_only_with_trigger.py
[2025-03-02T21:17:32.592-0500] {processor.py:826} INFO - Processing file /Users/atulkumar/Documents/MLOperations/MLOps/venv/lib/python3.11/site-packages/airflow/example_dags/example_latest_only_with_trigger.py for tasks to queue
[2025-03-02T21:17:32.592-0500] {logging_mixin.py:149} INFO - [2025-03-02T21:17:32.592-0500] {dagbag.py:541} INFO - Filling up the DagBag from /Users/atulkumar/Documents/MLOperations/MLOps/venv/lib/python3.11/site-packages/airflow/example_dags/example_latest_only_with_trigger.py
[2025-03-02T21:17:32.600-0500] {processor.py:836} INFO - DAG(s) dict_keys(['latest_only_with_trigger']) retrieved from /Users/atulkumar/Documents/MLOperations/MLOps/venv/lib/python3.11/site-packages/airflow/example_dags/example_latest_only_with_trigger.py
[2025-03-02T21:17:32.981-0500] {logging_mixin.py:149} INFO - [2025-03-02T21:17:32.980-0500] {dag.py:2726} INFO - Sync 1 DAGs
[2025-03-02T21:17:32.987-0500] {logging_mixin.py:149} INFO - [2025-03-02T21:17:32.987-0500] {dag.py:3486} INFO - Setting next_dagrun for latest_only_with_trigger to 2025-03-02T22:17:32.987078+00:00, run_after=2025-03-03T02:17:32.987078+00:00
[2025-03-02T21:17:32.996-0500] {processor.py:179} INFO - Processing /Users/atulkumar/Documents/MLOperations/MLOps/venv/lib/python3.11/site-packages/airflow/example_dags/example_latest_only_with_trigger.py took 0.407 seconds
[2025-03-02T21:19:41.648-0500] {processor.py:157} INFO - Started process (PID=81780) to work on /Users/atulkumar/Documents/MLOperations/MLOps/venv/lib/python3.11/site-packages/airflow/example_dags/example_latest_only_with_trigger.py
[2025-03-02T21:19:41.650-0500] {processor.py:826} INFO - Processing file /Users/atulkumar/Documents/MLOperations/MLOps/venv/lib/python3.11/site-packages/airflow/example_dags/example_latest_only_with_trigger.py for tasks to queue
[2025-03-02T21:19:41.650-0500] {logging_mixin.py:149} INFO - [2025-03-02T21:19:41.650-0500] {dagbag.py:541} INFO - Filling up the DagBag from /Users/atulkumar/Documents/MLOperations/MLOps/venv/lib/python3.11/site-packages/airflow/example_dags/example_latest_only_with_trigger.py
[2025-03-02T21:19:41.658-0500] {processor.py:836} INFO - DAG(s) dict_keys(['latest_only_with_trigger']) retrieved from /Users/atulkumar/Documents/MLOperations/MLOps/venv/lib/python3.11/site-packages/airflow/example_dags/example_latest_only_with_trigger.py
[2025-03-02T21:19:42.035-0500] {logging_mixin.py:149} INFO - [2025-03-02T21:19:42.035-0500] {dag.py:2726} INFO - Sync 1 DAGs
[2025-03-02T21:19:42.042-0500] {logging_mixin.py:149} INFO - [2025-03-02T21:19:42.041-0500] {dag.py:3486} INFO - Setting next_dagrun for latest_only_with_trigger to 2025-03-02T22:19:42.041844+00:00, run_after=2025-03-03T02:19:42.041844+00:00
[2025-03-02T21:19:42.051-0500] {processor.py:179} INFO - Processing /Users/atulkumar/Documents/MLOperations/MLOps/venv/lib/python3.11/site-packages/airflow/example_dags/example_latest_only_with_trigger.py took 0.404 seconds
[2025-03-02T21:21:51.866-0500] {processor.py:157} INFO - Started process (PID=81981) to work on /Users/atulkumar/Documents/MLOperations/MLOps/venv/lib/python3.11/site-packages/airflow/example_dags/example_latest_only_with_trigger.py
[2025-03-02T21:21:51.868-0500] {processor.py:826} INFO - Processing file /Users/atulkumar/Documents/MLOperations/MLOps/venv/lib/python3.11/site-packages/airflow/example_dags/example_latest_only_with_trigger.py for tasks to queue
[2025-03-02T21:21:51.868-0500] {logging_mixin.py:149} INFO - [2025-03-02T21:21:51.868-0500] {dagbag.py:541} INFO - Filling up the DagBag from /Users/atulkumar/Documents/MLOperations/MLOps/venv/lib/python3.11/site-packages/airflow/example_dags/example_latest_only_with_trigger.py
[2025-03-02T21:21:51.877-0500] {processor.py:836} INFO - DAG(s) dict_keys(['latest_only_with_trigger']) retrieved from /Users/atulkumar/Documents/MLOperations/MLOps/venv/lib/python3.11/site-packages/airflow/example_dags/example_latest_only_with_trigger.py
[2025-03-02T21:21:52.220-0500] {logging_mixin.py:149} INFO - [2025-03-02T21:21:52.220-0500] {dag.py:2726} INFO - Sync 1 DAGs
[2025-03-02T21:21:52.226-0500] {logging_mixin.py:149} INFO - [2025-03-02T21:21:52.226-0500] {dag.py:3486} INFO - Setting next_dagrun for latest_only_with_trigger to 2025-03-02T22:21:52.226374+00:00, run_after=2025-03-03T02:21:52.226374+00:00
[2025-03-02T21:21:52.234-0500] {processor.py:179} INFO - Processing /Users/atulkumar/Documents/MLOperations/MLOps/venv/lib/python3.11/site-packages/airflow/example_dags/example_latest_only_with_trigger.py took 0.368 seconds
[2025-03-02T21:24:04.544-0500] {processor.py:157} INFO - Started process (PID=82157) to work on /Users/atulkumar/Documents/MLOperations/MLOps/venv/lib/python3.11/site-packages/airflow/example_dags/example_latest_only_with_trigger.py
[2025-03-02T21:24:04.547-0500] {processor.py:826} INFO - Processing file /Users/atulkumar/Documents/MLOperations/MLOps/venv/lib/python3.11/site-packages/airflow/example_dags/example_latest_only_with_trigger.py for tasks to queue
[2025-03-02T21:24:04.547-0500] {logging_mixin.py:149} INFO - [2025-03-02T21:24:04.547-0500] {dagbag.py:541} INFO - Filling up the DagBag from /Users/atulkumar/Documents/MLOperations/MLOps/venv/lib/python3.11/site-packages/airflow/example_dags/example_latest_only_with_trigger.py
[2025-03-02T21:24:04.556-0500] {processor.py:836} INFO - DAG(s) dict_keys(['latest_only_with_trigger']) retrieved from /Users/atulkumar/Documents/MLOperations/MLOps/venv/lib/python3.11/site-packages/airflow/example_dags/example_latest_only_with_trigger.py
[2025-03-02T21:24:04.914-0500] {logging_mixin.py:149} INFO - [2025-03-02T21:24:04.914-0500] {dag.py:2726} INFO - Sync 1 DAGs
[2025-03-02T21:24:04.920-0500] {logging_mixin.py:149} INFO - [2025-03-02T21:24:04.920-0500] {dag.py:3486} INFO - Setting next_dagrun for latest_only_with_trigger to 2025-03-02T22:24:04.920568+00:00, run_after=2025-03-03T02:24:04.920568+00:00
[2025-03-02T21:24:04.930-0500] {processor.py:179} INFO - Processing /Users/atulkumar/Documents/MLOperations/MLOps/venv/lib/python3.11/site-packages/airflow/example_dags/example_latest_only_with_trigger.py took 0.386 seconds
