[2025-03-02T21:14:20.727-0500] {processor.py:157} INFO - Started process (PID=81312) to work on /Users/atulkumar/Documents/MLOperations/MLOps/venv/lib/python3.11/site-packages/airflow/example_dags/example_branch_day_of_week_operator.py
[2025-03-02T21:14:20.729-0500] {processor.py:826} INFO - Processing file /Users/atulkumar/Documents/MLOperations/MLOps/venv/lib/python3.11/site-packages/airflow/example_dags/example_branch_day_of_week_operator.py for tasks to queue
[2025-03-02T21:14:20.729-0500] {logging_mixin.py:149} INFO - [2025-03-02T21:14:20.729-0500] {dagbag.py:541} INFO - Filling up the DagBag from /Users/atulkumar/Documents/MLOperations/MLOps/venv/lib/python3.11/site-packages/airflow/example_dags/example_branch_day_of_week_operator.py
[2025-03-02T21:14:20.739-0500] {processor.py:836} INFO - DAG(s) dict_keys(['example_weekday_branch_operator']) retrieved from /Users/atulkumar/Documents/MLOperations/MLOps/venv/lib/python3.11/site-packages/airflow/example_dags/example_branch_day_of_week_operator.py
[2025-03-02T21:14:21.121-0500] {logging_mixin.py:149} INFO - [2025-03-02T21:14:21.121-0500] {dag.py:2726} INFO - Sync 1 DAGs
[2025-03-02T21:14:21.127-0500] {logging_mixin.py:149} INFO - [2025-03-02T21:14:21.127-0500] {dag.py:3486} INFO - Setting next_dagrun for example_weekday_branch_operator to 2025-03-02T00:00:00+00:00, run_after=2025-03-03T00:00:00+00:00
[2025-03-02T21:14:21.137-0500] {processor.py:179} INFO - Processing /Users/atulkumar/Documents/MLOperations/MLOps/venv/lib/python3.11/site-packages/airflow/example_dags/example_branch_day_of_week_operator.py took 0.410 seconds
[2025-03-02T21:16:25.084-0500] {processor.py:157} INFO - Started process (PID=81471) to work on /Users/atulkumar/Documents/MLOperations/MLOps/venv/lib/python3.11/site-packages/airflow/example_dags/example_branch_day_of_week_operator.py
[2025-03-02T21:16:25.087-0500] {processor.py:826} INFO - Processing file /Users/atulkumar/Documents/MLOperations/MLOps/venv/lib/python3.11/site-packages/airflow/example_dags/example_branch_day_of_week_operator.py for tasks to queue
[2025-03-02T21:16:25.087-0500] {logging_mixin.py:149} INFO - [2025-03-02T21:16:25.087-0500] {dagbag.py:541} INFO - Filling up the DagBag from /Users/atulkumar/Documents/MLOperations/MLOps/venv/lib/python3.11/site-packages/airflow/example_dags/example_branch_day_of_week_operator.py
[2025-03-02T21:16:25.097-0500] {processor.py:836} INFO - DAG(s) dict_keys(['example_weekday_branch_operator']) retrieved from /Users/atulkumar/Documents/MLOperations/MLOps/venv/lib/python3.11/site-packages/airflow/example_dags/example_branch_day_of_week_operator.py
[2025-03-02T21:16:25.442-0500] {logging_mixin.py:149} INFO - [2025-03-02T21:16:25.442-0500] {dag.py:2726} INFO - Sync 1 DAGs
[2025-03-02T21:16:25.448-0500] {logging_mixin.py:149} INFO - [2025-03-02T21:16:25.448-0500] {dag.py:3486} INFO - Setting next_dagrun for example_weekday_branch_operator to 2025-03-02T00:00:00+00:00, run_after=2025-03-03T00:00:00+00:00
[2025-03-02T21:16:25.456-0500] {processor.py:179} INFO - Processing /Users/atulkumar/Documents/MLOperations/MLOps/venv/lib/python3.11/site-packages/airflow/example_dags/example_branch_day_of_week_operator.py took 0.373 seconds
[2025-03-02T21:18:34.425-0500] {processor.py:157} INFO - Started process (PID=81656) to work on /Users/atulkumar/Documents/MLOperations/MLOps/venv/lib/python3.11/site-packages/airflow/example_dags/example_branch_day_of_week_operator.py
[2025-03-02T21:18:34.428-0500] {processor.py:826} INFO - Processing file /Users/atulkumar/Documents/MLOperations/MLOps/venv/lib/python3.11/site-packages/airflow/example_dags/example_branch_day_of_week_operator.py for tasks to queue
[2025-03-02T21:18:34.428-0500] {logging_mixin.py:149} INFO - [2025-03-02T21:18:34.428-0500] {dagbag.py:541} INFO - Filling up the DagBag from /Users/atulkumar/Documents/MLOperations/MLOps/venv/lib/python3.11/site-packages/airflow/example_dags/example_branch_day_of_week_operator.py
[2025-03-02T21:18:34.438-0500] {processor.py:836} INFO - DAG(s) dict_keys(['example_weekday_branch_operator']) retrieved from /Users/atulkumar/Documents/MLOperations/MLOps/venv/lib/python3.11/site-packages/airflow/example_dags/example_branch_day_of_week_operator.py
[2025-03-02T21:18:34.769-0500] {logging_mixin.py:149} INFO - [2025-03-02T21:18:34.769-0500] {dag.py:2726} INFO - Sync 1 DAGs
[2025-03-02T21:18:34.775-0500] {logging_mixin.py:149} INFO - [2025-03-02T21:18:34.775-0500] {dag.py:3486} INFO - Setting next_dagrun for example_weekday_branch_operator to 2025-03-02T00:00:00+00:00, run_after=2025-03-03T00:00:00+00:00
[2025-03-02T21:18:34.784-0500] {processor.py:179} INFO - Processing /Users/atulkumar/Documents/MLOperations/MLOps/venv/lib/python3.11/site-packages/airflow/example_dags/example_branch_day_of_week_operator.py took 0.359 seconds
[2025-03-02T21:20:45.736-0500] {processor.py:157} INFO - Started process (PID=81887) to work on /Users/atulkumar/Documents/MLOperations/MLOps/venv/lib/python3.11/site-packages/airflow/example_dags/example_branch_day_of_week_operator.py
[2025-03-02T21:20:45.739-0500] {processor.py:826} INFO - Processing file /Users/atulkumar/Documents/MLOperations/MLOps/venv/lib/python3.11/site-packages/airflow/example_dags/example_branch_day_of_week_operator.py for tasks to queue
[2025-03-02T21:20:45.739-0500] {logging_mixin.py:149} INFO - [2025-03-02T21:20:45.739-0500] {dagbag.py:541} INFO - Filling up the DagBag from /Users/atulkumar/Documents/MLOperations/MLOps/venv/lib/python3.11/site-packages/airflow/example_dags/example_branch_day_of_week_operator.py
[2025-03-02T21:20:45.750-0500] {processor.py:836} INFO - DAG(s) dict_keys(['example_weekday_branch_operator']) retrieved from /Users/atulkumar/Documents/MLOperations/MLOps/venv/lib/python3.11/site-packages/airflow/example_dags/example_branch_day_of_week_operator.py
[2025-03-02T21:20:46.148-0500] {logging_mixin.py:149} INFO - [2025-03-02T21:20:46.148-0500] {dag.py:2726} INFO - Sync 1 DAGs
[2025-03-02T21:20:46.155-0500] {logging_mixin.py:149} INFO - [2025-03-02T21:20:46.155-0500] {dag.py:3486} INFO - Setting next_dagrun for example_weekday_branch_operator to 2025-03-02T00:00:00+00:00, run_after=2025-03-03T00:00:00+00:00
[2025-03-02T21:20:46.163-0500] {processor.py:179} INFO - Processing /Users/atulkumar/Documents/MLOperations/MLOps/venv/lib/python3.11/site-packages/airflow/example_dags/example_branch_day_of_week_operator.py took 0.427 seconds
[2025-03-02T21:22:56.082-0500] {processor.py:157} INFO - Started process (PID=82063) to work on /Users/atulkumar/Documents/MLOperations/MLOps/venv/lib/python3.11/site-packages/airflow/example_dags/example_branch_day_of_week_operator.py
[2025-03-02T21:22:56.084-0500] {processor.py:826} INFO - Processing file /Users/atulkumar/Documents/MLOperations/MLOps/venv/lib/python3.11/site-packages/airflow/example_dags/example_branch_day_of_week_operator.py for tasks to queue
[2025-03-02T21:22:56.084-0500] {logging_mixin.py:149} INFO - [2025-03-02T21:22:56.084-0500] {dagbag.py:541} INFO - Filling up the DagBag from /Users/atulkumar/Documents/MLOperations/MLOps/venv/lib/python3.11/site-packages/airflow/example_dags/example_branch_day_of_week_operator.py
[2025-03-02T21:22:56.094-0500] {processor.py:836} INFO - DAG(s) dict_keys(['example_weekday_branch_operator']) retrieved from /Users/atulkumar/Documents/MLOperations/MLOps/venv/lib/python3.11/site-packages/airflow/example_dags/example_branch_day_of_week_operator.py
[2025-03-02T21:22:56.547-0500] {logging_mixin.py:149} INFO - [2025-03-02T21:22:56.547-0500] {dag.py:2726} INFO - Sync 1 DAGs
[2025-03-02T21:22:56.554-0500] {logging_mixin.py:149} INFO - [2025-03-02T21:22:56.554-0500] {dag.py:3486} INFO - Setting next_dagrun for example_weekday_branch_operator to 2025-03-02T00:00:00+00:00, run_after=2025-03-03T00:00:00+00:00
[2025-03-02T21:22:56.562-0500] {processor.py:179} INFO - Processing /Users/atulkumar/Documents/MLOperations/MLOps/venv/lib/python3.11/site-packages/airflow/example_dags/example_branch_day_of_week_operator.py took 0.481 seconds
[2025-03-02T21:25:14.865-0500] {processor.py:157} INFO - Started process (PID=82322) to work on /Users/atulkumar/Documents/MLOperations/MLOps/venv/lib/python3.11/site-packages/airflow/example_dags/example_branch_day_of_week_operator.py
[2025-03-02T21:25:14.867-0500] {processor.py:826} INFO - Processing file /Users/atulkumar/Documents/MLOperations/MLOps/venv/lib/python3.11/site-packages/airflow/example_dags/example_branch_day_of_week_operator.py for tasks to queue
[2025-03-02T21:25:14.867-0500] {logging_mixin.py:149} INFO - [2025-03-02T21:25:14.867-0500] {dagbag.py:541} INFO - Filling up the DagBag from /Users/atulkumar/Documents/MLOperations/MLOps/venv/lib/python3.11/site-packages/airflow/example_dags/example_branch_day_of_week_operator.py
[2025-03-02T21:25:14.878-0500] {processor.py:836} INFO - DAG(s) dict_keys(['example_weekday_branch_operator']) retrieved from /Users/atulkumar/Documents/MLOperations/MLOps/venv/lib/python3.11/site-packages/airflow/example_dags/example_branch_day_of_week_operator.py
[2025-03-02T21:25:15.256-0500] {logging_mixin.py:149} INFO - [2025-03-02T21:25:15.256-0500] {dag.py:2726} INFO - Sync 1 DAGs
[2025-03-02T21:25:15.263-0500] {logging_mixin.py:149} INFO - [2025-03-02T21:25:15.263-0500] {dag.py:3486} INFO - Setting next_dagrun for example_weekday_branch_operator to 2025-03-02T00:00:00+00:00, run_after=2025-03-03T00:00:00+00:00
[2025-03-02T21:25:15.279-0500] {processor.py:179} INFO - Processing /Users/atulkumar/Documents/MLOperations/MLOps/venv/lib/python3.11/site-packages/airflow/example_dags/example_branch_day_of_week_operator.py took 0.414 seconds
