[2025-03-02T21:14:12.725-0500] {processor.py:157} INFO - Started process (PID=81299) to work on /Users/atulkumar/Documents/MLOperations/MLOps/venv/lib/python3.11/site-packages/airflow/example_dags/example_branch_python_dop_operator_3.py
[2025-03-02T21:14:12.727-0500] {processor.py:826} INFO - Processing file /Users/atulkumar/Documents/MLOperations/MLOps/venv/lib/python3.11/site-packages/airflow/example_dags/example_branch_python_dop_operator_3.py for tasks to queue
[2025-03-02T21:14:12.727-0500] {logging_mixin.py:149} INFO - [2025-03-02T21:14:12.727-0500] {dagbag.py:541} INFO - Filling up the DagBag from /Users/atulkumar/Documents/MLOperations/MLOps/venv/lib/python3.11/site-packages/airflow/example_dags/example_branch_python_dop_operator_3.py
[2025-03-02T21:14:12.771-0500] {processor.py:836} INFO - DAG(s) dict_keys(['example_branch_dop_operator_v3']) retrieved from /Users/atulkumar/Documents/MLOperations/MLOps/venv/lib/python3.11/site-packages/airflow/example_dags/example_branch_python_dop_operator_3.py
[2025-03-02T21:14:13.147-0500] {logging_mixin.py:149} INFO - [2025-03-02T21:14:13.147-0500] {dag.py:2726} INFO - Sync 1 DAGs
[2025-03-02T21:14:13.156-0500] {logging_mixin.py:149} INFO - [2025-03-02T21:14:13.156-0500] {dag.py:3486} INFO - Setting next_dagrun for example_branch_dop_operator_v3 to 2025-03-03T02:13:00+00:00, run_after=2025-03-03T02:14:00+00:00
[2025-03-02T21:14:13.164-0500] {processor.py:179} INFO - Processing /Users/atulkumar/Documents/MLOperations/MLOps/venv/lib/python3.11/site-packages/airflow/example_dags/example_branch_python_dop_operator_3.py took 0.439 seconds
[2025-03-02T21:16:18.024-0500] {processor.py:157} INFO - Started process (PID=81463) to work on /Users/atulkumar/Documents/MLOperations/MLOps/venv/lib/python3.11/site-packages/airflow/example_dags/example_branch_python_dop_operator_3.py
[2025-03-02T21:16:18.026-0500] {processor.py:826} INFO - Processing file /Users/atulkumar/Documents/MLOperations/MLOps/venv/lib/python3.11/site-packages/airflow/example_dags/example_branch_python_dop_operator_3.py for tasks to queue
[2025-03-02T21:16:18.026-0500] {logging_mixin.py:149} INFO - [2025-03-02T21:16:18.026-0500] {dagbag.py:541} INFO - Filling up the DagBag from /Users/atulkumar/Documents/MLOperations/MLOps/venv/lib/python3.11/site-packages/airflow/example_dags/example_branch_python_dop_operator_3.py
[2025-03-02T21:16:18.074-0500] {processor.py:836} INFO - DAG(s) dict_keys(['example_branch_dop_operator_v3']) retrieved from /Users/atulkumar/Documents/MLOperations/MLOps/venv/lib/python3.11/site-packages/airflow/example_dags/example_branch_python_dop_operator_3.py
[2025-03-02T21:16:18.418-0500] {logging_mixin.py:149} INFO - [2025-03-02T21:16:18.418-0500] {dag.py:2726} INFO - Sync 1 DAGs
[2025-03-02T21:16:18.427-0500] {logging_mixin.py:149} INFO - [2025-03-02T21:16:18.427-0500] {dag.py:3486} INFO - Setting next_dagrun for example_branch_dop_operator_v3 to 2025-03-03T02:15:00+00:00, run_after=2025-03-03T02:16:00+00:00
[2025-03-02T21:16:18.434-0500] {processor.py:179} INFO - Processing /Users/atulkumar/Documents/MLOperations/MLOps/venv/lib/python3.11/site-packages/airflow/example_dags/example_branch_python_dop_operator_3.py took 0.410 seconds
[2025-03-02T21:18:26.994-0500] {processor.py:157} INFO - Started process (PID=81646) to work on /Users/atulkumar/Documents/MLOperations/MLOps/venv/lib/python3.11/site-packages/airflow/example_dags/example_branch_python_dop_operator_3.py
[2025-03-02T21:18:26.996-0500] {processor.py:826} INFO - Processing file /Users/atulkumar/Documents/MLOperations/MLOps/venv/lib/python3.11/site-packages/airflow/example_dags/example_branch_python_dop_operator_3.py for tasks to queue
[2025-03-02T21:18:26.997-0500] {logging_mixin.py:149} INFO - [2025-03-02T21:18:26.997-0500] {dagbag.py:541} INFO - Filling up the DagBag from /Users/atulkumar/Documents/MLOperations/MLOps/venv/lib/python3.11/site-packages/airflow/example_dags/example_branch_python_dop_operator_3.py
[2025-03-02T21:18:27.037-0500] {processor.py:836} INFO - DAG(s) dict_keys(['example_branch_dop_operator_v3']) retrieved from /Users/atulkumar/Documents/MLOperations/MLOps/venv/lib/python3.11/site-packages/airflow/example_dags/example_branch_python_dop_operator_3.py
[2025-03-02T21:18:27.366-0500] {logging_mixin.py:149} INFO - [2025-03-02T21:18:27.365-0500] {dag.py:2726} INFO - Sync 1 DAGs
[2025-03-02T21:18:27.374-0500] {logging_mixin.py:149} INFO - [2025-03-02T21:18:27.374-0500] {dag.py:3486} INFO - Setting next_dagrun for example_branch_dop_operator_v3 to 2025-03-03T02:17:00+00:00, run_after=2025-03-03T02:18:00+00:00
[2025-03-02T21:18:27.386-0500] {processor.py:179} INFO - Processing /Users/atulkumar/Documents/MLOperations/MLOps/venv/lib/python3.11/site-packages/airflow/example_dags/example_branch_python_dop_operator_3.py took 0.392 seconds
[2025-03-02T21:20:37.599-0500] {processor.py:157} INFO - Started process (PID=81875) to work on /Users/atulkumar/Documents/MLOperations/MLOps/venv/lib/python3.11/site-packages/airflow/example_dags/example_branch_python_dop_operator_3.py
[2025-03-02T21:20:37.601-0500] {processor.py:826} INFO - Processing file /Users/atulkumar/Documents/MLOperations/MLOps/venv/lib/python3.11/site-packages/airflow/example_dags/example_branch_python_dop_operator_3.py for tasks to queue
[2025-03-02T21:20:37.601-0500] {logging_mixin.py:149} INFO - [2025-03-02T21:20:37.601-0500] {dagbag.py:541} INFO - Filling up the DagBag from /Users/atulkumar/Documents/MLOperations/MLOps/venv/lib/python3.11/site-packages/airflow/example_dags/example_branch_python_dop_operator_3.py
[2025-03-02T21:20:37.644-0500] {processor.py:836} INFO - DAG(s) dict_keys(['example_branch_dop_operator_v3']) retrieved from /Users/atulkumar/Documents/MLOperations/MLOps/venv/lib/python3.11/site-packages/airflow/example_dags/example_branch_python_dop_operator_3.py
[2025-03-02T21:20:37.996-0500] {logging_mixin.py:149} INFO - [2025-03-02T21:20:37.996-0500] {dag.py:2726} INFO - Sync 1 DAGs
[2025-03-02T21:20:38.006-0500] {logging_mixin.py:149} INFO - [2025-03-02T21:20:38.005-0500] {dag.py:3486} INFO - Setting next_dagrun for example_branch_dop_operator_v3 to 2025-03-03T02:19:00+00:00, run_after=2025-03-03T02:20:00+00:00
[2025-03-02T21:20:38.014-0500] {processor.py:179} INFO - Processing /Users/atulkumar/Documents/MLOperations/MLOps/venv/lib/python3.11/site-packages/airflow/example_dags/example_branch_python_dop_operator_3.py took 0.415 seconds
[2025-03-02T21:22:48.172-0500] {processor.py:157} INFO - Started process (PID=82052) to work on /Users/atulkumar/Documents/MLOperations/MLOps/venv/lib/python3.11/site-packages/airflow/example_dags/example_branch_python_dop_operator_3.py
[2025-03-02T21:22:48.174-0500] {processor.py:826} INFO - Processing file /Users/atulkumar/Documents/MLOperations/MLOps/venv/lib/python3.11/site-packages/airflow/example_dags/example_branch_python_dop_operator_3.py for tasks to queue
[2025-03-02T21:22:48.174-0500] {logging_mixin.py:149} INFO - [2025-03-02T21:22:48.174-0500] {dagbag.py:541} INFO - Filling up the DagBag from /Users/atulkumar/Documents/MLOperations/MLOps/venv/lib/python3.11/site-packages/airflow/example_dags/example_branch_python_dop_operator_3.py
[2025-03-02T21:22:48.217-0500] {processor.py:836} INFO - DAG(s) dict_keys(['example_branch_dop_operator_v3']) retrieved from /Users/atulkumar/Documents/MLOperations/MLOps/venv/lib/python3.11/site-packages/airflow/example_dags/example_branch_python_dop_operator_3.py
[2025-03-02T21:22:48.561-0500] {logging_mixin.py:149} INFO - [2025-03-02T21:22:48.561-0500] {dag.py:2726} INFO - Sync 1 DAGs
[2025-03-02T21:22:48.570-0500] {logging_mixin.py:149} INFO - [2025-03-02T21:22:48.570-0500] {dag.py:3486} INFO - Setting next_dagrun for example_branch_dop_operator_v3 to 2025-03-03T02:21:00+00:00, run_after=2025-03-03T02:22:00+00:00
[2025-03-02T21:22:48.581-0500] {processor.py:179} INFO - Processing /Users/atulkumar/Documents/MLOperations/MLOps/venv/lib/python3.11/site-packages/airflow/example_dags/example_branch_python_dop_operator_3.py took 0.409 seconds
[2025-03-02T21:25:06.477-0500] {processor.py:157} INFO - Started process (PID=82304) to work on /Users/atulkumar/Documents/MLOperations/MLOps/venv/lib/python3.11/site-packages/airflow/example_dags/example_branch_python_dop_operator_3.py
[2025-03-02T21:25:06.479-0500] {processor.py:826} INFO - Processing file /Users/atulkumar/Documents/MLOperations/MLOps/venv/lib/python3.11/site-packages/airflow/example_dags/example_branch_python_dop_operator_3.py for tasks to queue
[2025-03-02T21:25:06.479-0500] {logging_mixin.py:149} INFO - [2025-03-02T21:25:06.479-0500] {dagbag.py:541} INFO - Filling up the DagBag from /Users/atulkumar/Documents/MLOperations/MLOps/venv/lib/python3.11/site-packages/airflow/example_dags/example_branch_python_dop_operator_3.py
[2025-03-02T21:25:06.528-0500] {processor.py:836} INFO - DAG(s) dict_keys(['example_branch_dop_operator_v3']) retrieved from /Users/atulkumar/Documents/MLOperations/MLOps/venv/lib/python3.11/site-packages/airflow/example_dags/example_branch_python_dop_operator_3.py
[2025-03-02T21:25:06.924-0500] {logging_mixin.py:149} INFO - [2025-03-02T21:25:06.923-0500] {dag.py:2726} INFO - Sync 1 DAGs
[2025-03-02T21:25:06.932-0500] {logging_mixin.py:149} INFO - [2025-03-02T21:25:06.932-0500] {dag.py:3486} INFO - Setting next_dagrun for example_branch_dop_operator_v3 to 2025-03-03T02:24:00+00:00, run_after=2025-03-03T02:25:00+00:00
[2025-03-02T21:25:06.941-0500] {processor.py:179} INFO - Processing /Users/atulkumar/Documents/MLOperations/MLOps/venv/lib/python3.11/site-packages/airflow/example_dags/example_branch_python_dop_operator_3.py took 0.465 seconds
