[2025-03-02T21:13:56.507-0500] {processor.py:157} INFO - Started process (PID=81274) to work on /Users/atulkumar/Documents/MLOperations/MLOps/venv/lib/python3.11/site-packages/airflow/example_dags/example_latest_only.py
[2025-03-02T21:13:56.509-0500] {processor.py:826} INFO - Processing file /Users/atulkumar/Documents/MLOperations/MLOps/venv/lib/python3.11/site-packages/airflow/example_dags/example_latest_only.py for tasks to queue
[2025-03-02T21:13:56.510-0500] {logging_mixin.py:149} INFO - [2025-03-02T21:13:56.509-0500] {dagbag.py:541} INFO - Filling up the DagBag from /Users/atulkumar/Documents/MLOperations/MLOps/venv/lib/python3.11/site-packages/airflow/example_dags/example_latest_only.py
[2025-03-02T21:13:56.518-0500] {processor.py:836} INFO - DAG(s) dict_keys(['latest_only']) retrieved from /Users/atulkumar/Documents/MLOperations/MLOps/venv/lib/python3.11/site-packages/airflow/example_dags/example_latest_only.py
[2025-03-02T21:13:56.902-0500] {logging_mixin.py:149} INFO - [2025-03-02T21:13:56.902-0500] {dag.py:2726} INFO - Sync 1 DAGs
[2025-03-02T21:13:56.908-0500] {logging_mixin.py:149} INFO - [2025-03-02T21:13:56.908-0500] {dag.py:3486} INFO - Setting next_dagrun for latest_only to 2025-03-02T22:13:56.908091+00:00, run_after=2025-03-03T02:13:56.908091+00:00
[2025-03-02T21:13:56.916-0500] {processor.py:179} INFO - Processing /Users/atulkumar/Documents/MLOperations/MLOps/venv/lib/python3.11/site-packages/airflow/example_dags/example_latest_only.py took 0.409 seconds
[2025-03-02T21:16:01.595-0500] {processor.py:157} INFO - Started process (PID=81442) to work on /Users/atulkumar/Documents/MLOperations/MLOps/venv/lib/python3.11/site-packages/airflow/example_dags/example_latest_only.py
[2025-03-02T21:16:01.597-0500] {processor.py:826} INFO - Processing file /Users/atulkumar/Documents/MLOperations/MLOps/venv/lib/python3.11/site-packages/airflow/example_dags/example_latest_only.py for tasks to queue
[2025-03-02T21:16:01.597-0500] {logging_mixin.py:149} INFO - [2025-03-02T21:16:01.597-0500] {dagbag.py:541} INFO - Filling up the DagBag from /Users/atulkumar/Documents/MLOperations/MLOps/venv/lib/python3.11/site-packages/airflow/example_dags/example_latest_only.py
[2025-03-02T21:16:01.605-0500] {processor.py:836} INFO - DAG(s) dict_keys(['latest_only']) retrieved from /Users/atulkumar/Documents/MLOperations/MLOps/venv/lib/python3.11/site-packages/airflow/example_dags/example_latest_only.py
[2025-03-02T21:16:01.960-0500] {logging_mixin.py:149} INFO - [2025-03-02T21:16:01.960-0500] {dag.py:2726} INFO - Sync 1 DAGs
[2025-03-02T21:16:01.966-0500] {logging_mixin.py:149} INFO - [2025-03-02T21:16:01.966-0500] {dag.py:3486} INFO - Setting next_dagrun for latest_only to 2025-03-02T22:16:01.966273+00:00, run_after=2025-03-03T02:16:01.966273+00:00
[2025-03-02T21:16:01.974-0500] {processor.py:179} INFO - Processing /Users/atulkumar/Documents/MLOperations/MLOps/venv/lib/python3.11/site-packages/airflow/example_dags/example_latest_only.py took 0.379 seconds
[2025-03-02T21:18:09.238-0500] {processor.py:157} INFO - Started process (PID=81624) to work on /Users/atulkumar/Documents/MLOperations/MLOps/venv/lib/python3.11/site-packages/airflow/example_dags/example_latest_only.py
[2025-03-02T21:18:09.240-0500] {processor.py:826} INFO - Processing file /Users/atulkumar/Documents/MLOperations/MLOps/venv/lib/python3.11/site-packages/airflow/example_dags/example_latest_only.py for tasks to queue
[2025-03-02T21:18:09.240-0500] {logging_mixin.py:149} INFO - [2025-03-02T21:18:09.240-0500] {dagbag.py:541} INFO - Filling up the DagBag from /Users/atulkumar/Documents/MLOperations/MLOps/venv/lib/python3.11/site-packages/airflow/example_dags/example_latest_only.py
[2025-03-02T21:18:09.250-0500] {processor.py:836} INFO - DAG(s) dict_keys(['latest_only']) retrieved from /Users/atulkumar/Documents/MLOperations/MLOps/venv/lib/python3.11/site-packages/airflow/example_dags/example_latest_only.py
[2025-03-02T21:18:09.709-0500] {logging_mixin.py:149} INFO - [2025-03-02T21:18:09.709-0500] {dag.py:2726} INFO - Sync 1 DAGs
[2025-03-02T21:18:09.716-0500] {logging_mixin.py:149} INFO - [2025-03-02T21:18:09.716-0500] {dag.py:3486} INFO - Setting next_dagrun for latest_only to 2025-03-02T22:18:09.715973+00:00, run_after=2025-03-03T02:18:09.715973+00:00
[2025-03-02T21:18:09.723-0500] {processor.py:179} INFO - Processing /Users/atulkumar/Documents/MLOperations/MLOps/venv/lib/python3.11/site-packages/airflow/example_dags/example_latest_only.py took 0.486 seconds
[2025-03-02T21:19:43.976-0500] {processor.py:157} INFO - Started process (PID=81782) to work on /Users/atulkumar/Documents/MLOperations/MLOps/venv/lib/python3.11/site-packages/airflow/example_dags/example_latest_only.py
[2025-03-02T21:19:43.978-0500] {processor.py:826} INFO - Processing file /Users/atulkumar/Documents/MLOperations/MLOps/venv/lib/python3.11/site-packages/airflow/example_dags/example_latest_only.py for tasks to queue
[2025-03-02T21:19:43.978-0500] {logging_mixin.py:149} INFO - [2025-03-02T21:19:43.978-0500] {dagbag.py:541} INFO - Filling up the DagBag from /Users/atulkumar/Documents/MLOperations/MLOps/venv/lib/python3.11/site-packages/airflow/example_dags/example_latest_only.py
[2025-03-02T21:19:43.988-0500] {processor.py:836} INFO - DAG(s) dict_keys(['latest_only']) retrieved from /Users/atulkumar/Documents/MLOperations/MLOps/venv/lib/python3.11/site-packages/airflow/example_dags/example_latest_only.py
[2025-03-02T21:19:44.374-0500] {logging_mixin.py:149} INFO - [2025-03-02T21:19:44.374-0500] {dag.py:2726} INFO - Sync 1 DAGs
[2025-03-02T21:19:44.380-0500] {logging_mixin.py:149} INFO - [2025-03-02T21:19:44.380-0500] {dag.py:3486} INFO - Setting next_dagrun for latest_only to 2025-03-02T22:19:44.380760+00:00, run_after=2025-03-03T02:19:44.380760+00:00
[2025-03-02T21:19:44.388-0500] {processor.py:179} INFO - Processing /Users/atulkumar/Documents/MLOperations/MLOps/venv/lib/python3.11/site-packages/airflow/example_dags/example_latest_only.py took 0.412 seconds
[2025-03-02T21:21:53.865-0500] {processor.py:157} INFO - Started process (PID=81982) to work on /Users/atulkumar/Documents/MLOperations/MLOps/venv/lib/python3.11/site-packages/airflow/example_dags/example_latest_only.py
[2025-03-02T21:21:53.867-0500] {processor.py:826} INFO - Processing file /Users/atulkumar/Documents/MLOperations/MLOps/venv/lib/python3.11/site-packages/airflow/example_dags/example_latest_only.py for tasks to queue
[2025-03-02T21:21:53.867-0500] {logging_mixin.py:149} INFO - [2025-03-02T21:21:53.867-0500] {dagbag.py:541} INFO - Filling up the DagBag from /Users/atulkumar/Documents/MLOperations/MLOps/venv/lib/python3.11/site-packages/airflow/example_dags/example_latest_only.py
[2025-03-02T21:21:53.875-0500] {processor.py:836} INFO - DAG(s) dict_keys(['latest_only']) retrieved from /Users/atulkumar/Documents/MLOperations/MLOps/venv/lib/python3.11/site-packages/airflow/example_dags/example_latest_only.py
[2025-03-02T21:21:54.220-0500] {logging_mixin.py:149} INFO - [2025-03-02T21:21:54.220-0500] {dag.py:2726} INFO - Sync 1 DAGs
[2025-03-02T21:21:54.226-0500] {logging_mixin.py:149} INFO - [2025-03-02T21:21:54.226-0500] {dag.py:3486} INFO - Setting next_dagrun for latest_only to 2025-03-02T22:21:54.226038+00:00, run_after=2025-03-03T02:21:54.226038+00:00
[2025-03-02T21:21:54.233-0500] {processor.py:179} INFO - Processing /Users/atulkumar/Documents/MLOperations/MLOps/venv/lib/python3.11/site-packages/airflow/example_dags/example_latest_only.py took 0.369 seconds
[2025-03-02T21:24:06.084-0500] {processor.py:157} INFO - Started process (PID=82158) to work on /Users/atulkumar/Documents/MLOperations/MLOps/venv/lib/python3.11/site-packages/airflow/example_dags/example_latest_only.py
[2025-03-02T21:24:06.086-0500] {processor.py:826} INFO - Processing file /Users/atulkumar/Documents/MLOperations/MLOps/venv/lib/python3.11/site-packages/airflow/example_dags/example_latest_only.py for tasks to queue
[2025-03-02T21:24:06.086-0500] {logging_mixin.py:149} INFO - [2025-03-02T21:24:06.086-0500] {dagbag.py:541} INFO - Filling up the DagBag from /Users/atulkumar/Documents/MLOperations/MLOps/venv/lib/python3.11/site-packages/airflow/example_dags/example_latest_only.py
[2025-03-02T21:24:06.096-0500] {processor.py:836} INFO - DAG(s) dict_keys(['latest_only']) retrieved from /Users/atulkumar/Documents/MLOperations/MLOps/venv/lib/python3.11/site-packages/airflow/example_dags/example_latest_only.py
[2025-03-02T21:24:06.465-0500] {logging_mixin.py:149} INFO - [2025-03-02T21:24:06.465-0500] {dag.py:2726} INFO - Sync 1 DAGs
[2025-03-02T21:24:06.471-0500] {logging_mixin.py:149} INFO - [2025-03-02T21:24:06.471-0500] {dag.py:3486} INFO - Setting next_dagrun for latest_only to 2025-03-02T22:24:06.471224+00:00, run_after=2025-03-03T02:24:06.471224+00:00
[2025-03-02T21:24:06.479-0500] {processor.py:179} INFO - Processing /Users/atulkumar/Documents/MLOperations/MLOps/venv/lib/python3.11/site-packages/airflow/example_dags/example_latest_only.py took 0.395 seconds
