[2025-03-02T21:13:32.588-0500] {processor.py:157} INFO - Started process (PID=81241) to work on /Users/atulkumar/Documents/MLOperations/MLOps/venv/lib/python3.11/site-packages/airflow/example_dags/example_setup_teardown_taskflow.py
[2025-03-02T21:13:32.590-0500] {processor.py:826} INFO - Processing file /Users/atulkumar/Documents/MLOperations/MLOps/venv/lib/python3.11/site-packages/airflow/example_dags/example_setup_teardown_taskflow.py for tasks to queue
[2025-03-02T21:13:32.590-0500] {logging_mixin.py:149} INFO - [2025-03-02T21:13:32.590-0500] {dagbag.py:541} INFO - Filling up the DagBag from /Users/atulkumar/Documents/MLOperations/MLOps/venv/lib/python3.11/site-packages/airflow/example_dags/example_setup_teardown_taskflow.py
[2025-03-02T21:13:32.630-0500] {processor.py:838} WARNING - No viable dags retrieved from /Users/atulkumar/Documents/MLOperations/MLOps/venv/lib/python3.11/site-packages/airflow/example_dags/example_setup_teardown_taskflow.py
[2025-03-02T21:13:32.958-0500] {processor.py:179} INFO - Processing /Users/atulkumar/Documents/MLOperations/MLOps/venv/lib/python3.11/site-packages/airflow/example_dags/example_setup_teardown_taskflow.py took 0.370 seconds
[2025-03-02T21:15:07.363-0500] {processor.py:157} INFO - Started process (PID=81367) to work on /Users/atulkumar/Documents/MLOperations/MLOps/venv/lib/python3.11/site-packages/airflow/example_dags/example_setup_teardown_taskflow.py
[2025-03-02T21:15:07.365-0500] {processor.py:826} INFO - Processing file /Users/atulkumar/Documents/MLOperations/MLOps/venv/lib/python3.11/site-packages/airflow/example_dags/example_setup_teardown_taskflow.py for tasks to queue
[2025-03-02T21:15:07.365-0500] {logging_mixin.py:149} INFO - [2025-03-02T21:15:07.365-0500] {dagbag.py:541} INFO - Filling up the DagBag from /Users/atulkumar/Documents/MLOperations/MLOps/venv/lib/python3.11/site-packages/airflow/example_dags/example_setup_teardown_taskflow.py
[2025-03-02T21:15:07.401-0500] {processor.py:838} WARNING - No viable dags retrieved from /Users/atulkumar/Documents/MLOperations/MLOps/venv/lib/python3.11/site-packages/airflow/example_dags/example_setup_teardown_taskflow.py
[2025-03-02T21:15:07.729-0500] {processor.py:179} INFO - Processing /Users/atulkumar/Documents/MLOperations/MLOps/venv/lib/python3.11/site-packages/airflow/example_dags/example_setup_teardown_taskflow.py took 0.366 seconds
[2025-03-02T21:17:14.552-0500] {processor.py:157} INFO - Started process (PID=81544) to work on /Users/atulkumar/Documents/MLOperations/MLOps/venv/lib/python3.11/site-packages/airflow/example_dags/example_setup_teardown_taskflow.py
[2025-03-02T21:17:14.554-0500] {processor.py:826} INFO - Processing file /Users/atulkumar/Documents/MLOperations/MLOps/venv/lib/python3.11/site-packages/airflow/example_dags/example_setup_teardown_taskflow.py for tasks to queue
[2025-03-02T21:17:14.554-0500] {logging_mixin.py:149} INFO - [2025-03-02T21:17:14.554-0500] {dagbag.py:541} INFO - Filling up the DagBag from /Users/atulkumar/Documents/MLOperations/MLOps/venv/lib/python3.11/site-packages/airflow/example_dags/example_setup_teardown_taskflow.py
[2025-03-02T21:17:14.591-0500] {processor.py:838} WARNING - No viable dags retrieved from /Users/atulkumar/Documents/MLOperations/MLOps/venv/lib/python3.11/site-packages/airflow/example_dags/example_setup_teardown_taskflow.py
[2025-03-02T21:17:14.889-0500] {processor.py:179} INFO - Processing /Users/atulkumar/Documents/MLOperations/MLOps/venv/lib/python3.11/site-packages/airflow/example_dags/example_setup_teardown_taskflow.py took 0.338 seconds
[2025-03-02T21:19:22.092-0500] {processor.py:157} INFO - Started process (PID=81728) to work on /Users/atulkumar/Documents/MLOperations/MLOps/venv/lib/python3.11/site-packages/airflow/example_dags/example_setup_teardown_taskflow.py
[2025-03-02T21:19:22.094-0500] {processor.py:826} INFO - Processing file /Users/atulkumar/Documents/MLOperations/MLOps/venv/lib/python3.11/site-packages/airflow/example_dags/example_setup_teardown_taskflow.py for tasks to queue
[2025-03-02T21:19:22.094-0500] {logging_mixin.py:149} INFO - [2025-03-02T21:19:22.094-0500] {dagbag.py:541} INFO - Filling up the DagBag from /Users/atulkumar/Documents/MLOperations/MLOps/venv/lib/python3.11/site-packages/airflow/example_dags/example_setup_teardown_taskflow.py
[2025-03-02T21:19:22.130-0500] {processor.py:838} WARNING - No viable dags retrieved from /Users/atulkumar/Documents/MLOperations/MLOps/venv/lib/python3.11/site-packages/airflow/example_dags/example_setup_teardown_taskflow.py
[2025-03-02T21:19:22.467-0500] {processor.py:179} INFO - Processing /Users/atulkumar/Documents/MLOperations/MLOps/venv/lib/python3.11/site-packages/airflow/example_dags/example_setup_teardown_taskflow.py took 0.375 seconds
[2025-03-02T21:21:32.855-0500] {processor.py:157} INFO - Started process (PID=81956) to work on /Users/atulkumar/Documents/MLOperations/MLOps/venv/lib/python3.11/site-packages/airflow/example_dags/example_setup_teardown_taskflow.py
[2025-03-02T21:21:32.857-0500] {processor.py:826} INFO - Processing file /Users/atulkumar/Documents/MLOperations/MLOps/venv/lib/python3.11/site-packages/airflow/example_dags/example_setup_teardown_taskflow.py for tasks to queue
[2025-03-02T21:21:32.857-0500] {logging_mixin.py:149} INFO - [2025-03-02T21:21:32.857-0500] {dagbag.py:541} INFO - Filling up the DagBag from /Users/atulkumar/Documents/MLOperations/MLOps/venv/lib/python3.11/site-packages/airflow/example_dags/example_setup_teardown_taskflow.py
[2025-03-02T21:21:32.897-0500] {processor.py:838} WARNING - No viable dags retrieved from /Users/atulkumar/Documents/MLOperations/MLOps/venv/lib/python3.11/site-packages/airflow/example_dags/example_setup_teardown_taskflow.py
[2025-03-02T21:21:33.214-0500] {processor.py:179} INFO - Processing /Users/atulkumar/Documents/MLOperations/MLOps/venv/lib/python3.11/site-packages/airflow/example_dags/example_setup_teardown_taskflow.py took 0.359 seconds
[2025-03-02T21:23:44.211-0500] {processor.py:157} INFO - Started process (PID=82133) to work on /Users/atulkumar/Documents/MLOperations/MLOps/venv/lib/python3.11/site-packages/airflow/example_dags/example_setup_teardown_taskflow.py
[2025-03-02T21:23:44.213-0500] {processor.py:826} INFO - Processing file /Users/atulkumar/Documents/MLOperations/MLOps/venv/lib/python3.11/site-packages/airflow/example_dags/example_setup_teardown_taskflow.py for tasks to queue
[2025-03-02T21:23:44.213-0500] {logging_mixin.py:149} INFO - [2025-03-02T21:23:44.213-0500] {dagbag.py:541} INFO - Filling up the DagBag from /Users/atulkumar/Documents/MLOperations/MLOps/venv/lib/python3.11/site-packages/airflow/example_dags/example_setup_teardown_taskflow.py
[2025-03-02T21:23:44.250-0500] {processor.py:838} WARNING - No viable dags retrieved from /Users/atulkumar/Documents/MLOperations/MLOps/venv/lib/python3.11/site-packages/airflow/example_dags/example_setup_teardown_taskflow.py
[2025-03-02T21:23:44.584-0500] {processor.py:179} INFO - Processing /Users/atulkumar/Documents/MLOperations/MLOps/venv/lib/python3.11/site-packages/airflow/example_dags/example_setup_teardown_taskflow.py took 0.374 seconds
