[2025-03-02T21:14:06.210-0500] {processor.py:157} INFO - Started process (PID=81295) to work on /Users/atulkumar/Documents/MLOperations/MLOps/venv/lib/python3.11/site-packages/airflow/example_dags/example_datasets.py
[2025-03-02T21:14:06.211-0500] {processor.py:826} INFO - Processing file /Users/atulkumar/Documents/MLOperations/MLOps/venv/lib/python3.11/site-packages/airflow/example_dags/example_datasets.py for tasks to queue
[2025-03-02T21:14:06.212-0500] {logging_mixin.py:149} INFO - [2025-03-02T21:14:06.212-0500] {dagbag.py:541} INFO - Filling up the DagBag from /Users/atulkumar/Documents/MLOperations/MLOps/venv/lib/python3.11/site-packages/airflow/example_dags/example_datasets.py
[2025-03-02T21:14:06.223-0500] {processor.py:836} INFO - DAG(s) dict_keys(['dataset_produces_1', 'dataset_consumes_1_and_2', 'dataset_produces_2', 'dataset_consumes_1_never_scheduled', 'dataset_consumes_unknown_never_scheduled', 'dataset_consumes_1']) retrieved from /Users/atulkumar/Documents/MLOperations/MLOps/venv/lib/python3.11/site-packages/airflow/example_dags/example_datasets.py
[2025-03-02T21:14:06.614-0500] {logging_mixin.py:149} INFO - [2025-03-02T21:14:06.614-0500] {dag.py:2726} INFO - Sync 6 DAGs
[2025-03-02T21:14:06.620-0500] {logging_mixin.py:149} INFO - [2025-03-02T21:14:06.620-0500] {dag.py:3486} INFO - Setting next_dagrun for dataset_consumes_1 to None, run_after=None
[2025-03-02T21:14:06.621-0500] {logging_mixin.py:149} INFO - [2025-03-02T21:14:06.621-0500] {dag.py:3486} INFO - Setting next_dagrun for dataset_consumes_1_and_2 to None, run_after=None
[2025-03-02T21:14:06.621-0500] {logging_mixin.py:149} INFO - [2025-03-02T21:14:06.621-0500] {dag.py:3486} INFO - Setting next_dagrun for dataset_consumes_1_never_scheduled to None, run_after=None
[2025-03-02T21:14:06.621-0500] {logging_mixin.py:149} INFO - [2025-03-02T21:14:06.621-0500] {dag.py:3486} INFO - Setting next_dagrun for dataset_consumes_unknown_never_scheduled to None, run_after=None
[2025-03-02T21:14:06.622-0500] {logging_mixin.py:149} INFO - [2025-03-02T21:14:06.622-0500] {dag.py:3486} INFO - Setting next_dagrun for dataset_produces_1 to 2025-03-02T00:00:00+00:00, run_after=2025-03-03T00:00:00+00:00
[2025-03-02T21:14:06.622-0500] {logging_mixin.py:149} INFO - [2025-03-02T21:14:06.622-0500] {dag.py:3486} INFO - Setting next_dagrun for dataset_produces_2 to None, run_after=None
[2025-03-02T21:14:06.636-0500] {processor.py:179} INFO - Processing /Users/atulkumar/Documents/MLOperations/MLOps/venv/lib/python3.11/site-packages/airflow/example_dags/example_datasets.py took 0.426 seconds
[2025-03-02T21:16:11.644-0500] {processor.py:157} INFO - Started process (PID=81451) to work on /Users/atulkumar/Documents/MLOperations/MLOps/venv/lib/python3.11/site-packages/airflow/example_dags/example_datasets.py
[2025-03-02T21:16:11.646-0500] {processor.py:826} INFO - Processing file /Users/atulkumar/Documents/MLOperations/MLOps/venv/lib/python3.11/site-packages/airflow/example_dags/example_datasets.py for tasks to queue
[2025-03-02T21:16:11.646-0500] {logging_mixin.py:149} INFO - [2025-03-02T21:16:11.646-0500] {dagbag.py:541} INFO - Filling up the DagBag from /Users/atulkumar/Documents/MLOperations/MLOps/venv/lib/python3.11/site-packages/airflow/example_dags/example_datasets.py
[2025-03-02T21:16:11.659-0500] {processor.py:836} INFO - DAG(s) dict_keys(['dataset_produces_1', 'dataset_consumes_unknown_never_scheduled', 'dataset_produces_2', 'dataset_consumes_1_and_2', 'dataset_consumes_1', 'dataset_consumes_1_never_scheduled']) retrieved from /Users/atulkumar/Documents/MLOperations/MLOps/venv/lib/python3.11/site-packages/airflow/example_dags/example_datasets.py
[2025-03-02T21:16:12.296-0500] {logging_mixin.py:149} INFO - [2025-03-02T21:16:12.295-0500] {dag.py:2726} INFO - Sync 6 DAGs
[2025-03-02T21:16:12.310-0500] {logging_mixin.py:149} INFO - [2025-03-02T21:16:12.310-0500] {dag.py:3486} INFO - Setting next_dagrun for dataset_consumes_1 to None, run_after=None
[2025-03-02T21:16:12.310-0500] {logging_mixin.py:149} INFO - [2025-03-02T21:16:12.310-0500] {dag.py:3486} INFO - Setting next_dagrun for dataset_consumes_1_and_2 to None, run_after=None
[2025-03-02T21:16:12.311-0500] {logging_mixin.py:149} INFO - [2025-03-02T21:16:12.311-0500] {dag.py:3486} INFO - Setting next_dagrun for dataset_consumes_1_never_scheduled to None, run_after=None
[2025-03-02T21:16:12.312-0500] {logging_mixin.py:149} INFO - [2025-03-02T21:16:12.312-0500] {dag.py:3486} INFO - Setting next_dagrun for dataset_consumes_unknown_never_scheduled to None, run_after=None
[2025-03-02T21:16:12.313-0500] {logging_mixin.py:149} INFO - [2025-03-02T21:16:12.313-0500] {dag.py:3486} INFO - Setting next_dagrun for dataset_produces_1 to 2025-03-02T00:00:00+00:00, run_after=2025-03-03T00:00:00+00:00
[2025-03-02T21:16:12.313-0500] {logging_mixin.py:149} INFO - [2025-03-02T21:16:12.313-0500] {dag.py:3486} INFO - Setting next_dagrun for dataset_produces_2 to None, run_after=None
[2025-03-02T21:16:12.332-0500] {processor.py:179} INFO - Processing /Users/atulkumar/Documents/MLOperations/MLOps/venv/lib/python3.11/site-packages/airflow/example_dags/example_datasets.py took 0.688 seconds
[2025-03-02T21:18:20.813-0500] {processor.py:157} INFO - Started process (PID=81633) to work on /Users/atulkumar/Documents/MLOperations/MLOps/venv/lib/python3.11/site-packages/airflow/example_dags/example_datasets.py
[2025-03-02T21:18:20.816-0500] {processor.py:826} INFO - Processing file /Users/atulkumar/Documents/MLOperations/MLOps/venv/lib/python3.11/site-packages/airflow/example_dags/example_datasets.py for tasks to queue
[2025-03-02T21:18:20.816-0500] {logging_mixin.py:149} INFO - [2025-03-02T21:18:20.816-0500] {dagbag.py:541} INFO - Filling up the DagBag from /Users/atulkumar/Documents/MLOperations/MLOps/venv/lib/python3.11/site-packages/airflow/example_dags/example_datasets.py
[2025-03-02T21:18:20.828-0500] {processor.py:836} INFO - DAG(s) dict_keys(['dataset_consumes_1_never_scheduled', 'dataset_consumes_unknown_never_scheduled', 'dataset_consumes_1', 'dataset_produces_1', 'dataset_produces_2', 'dataset_consumes_1_and_2']) retrieved from /Users/atulkumar/Documents/MLOperations/MLOps/venv/lib/python3.11/site-packages/airflow/example_dags/example_datasets.py
[2025-03-02T21:18:21.285-0500] {logging_mixin.py:149} INFO - [2025-03-02T21:18:21.285-0500] {dag.py:2726} INFO - Sync 6 DAGs
[2025-03-02T21:18:21.295-0500] {logging_mixin.py:149} INFO - [2025-03-02T21:18:21.295-0500] {dag.py:3486} INFO - Setting next_dagrun for dataset_consumes_1 to None, run_after=None
[2025-03-02T21:18:21.296-0500] {logging_mixin.py:149} INFO - [2025-03-02T21:18:21.296-0500] {dag.py:3486} INFO - Setting next_dagrun for dataset_consumes_1_and_2 to None, run_after=None
[2025-03-02T21:18:21.296-0500] {logging_mixin.py:149} INFO - [2025-03-02T21:18:21.296-0500] {dag.py:3486} INFO - Setting next_dagrun for dataset_consumes_1_never_scheduled to None, run_after=None
[2025-03-02T21:18:21.296-0500] {logging_mixin.py:149} INFO - [2025-03-02T21:18:21.296-0500] {dag.py:3486} INFO - Setting next_dagrun for dataset_consumes_unknown_never_scheduled to None, run_after=None
[2025-03-02T21:18:21.297-0500] {logging_mixin.py:149} INFO - [2025-03-02T21:18:21.297-0500] {dag.py:3486} INFO - Setting next_dagrun for dataset_produces_1 to 2025-03-02T00:00:00+00:00, run_after=2025-03-03T00:00:00+00:00
[2025-03-02T21:18:21.297-0500] {logging_mixin.py:149} INFO - [2025-03-02T21:18:21.297-0500] {dag.py:3486} INFO - Setting next_dagrun for dataset_produces_2 to None, run_after=None
[2025-03-02T21:18:21.309-0500] {processor.py:179} INFO - Processing /Users/atulkumar/Documents/MLOperations/MLOps/venv/lib/python3.11/site-packages/airflow/example_dags/example_datasets.py took 0.496 seconds
[2025-03-02T21:20:31.452-0500] {processor.py:157} INFO - Started process (PID=81864) to work on /Users/atulkumar/Documents/MLOperations/MLOps/venv/lib/python3.11/site-packages/airflow/example_dags/example_datasets.py
[2025-03-02T21:20:31.455-0500] {processor.py:826} INFO - Processing file /Users/atulkumar/Documents/MLOperations/MLOps/venv/lib/python3.11/site-packages/airflow/example_dags/example_datasets.py for tasks to queue
[2025-03-02T21:20:31.455-0500] {logging_mixin.py:149} INFO - [2025-03-02T21:20:31.455-0500] {dagbag.py:541} INFO - Filling up the DagBag from /Users/atulkumar/Documents/MLOperations/MLOps/venv/lib/python3.11/site-packages/airflow/example_dags/example_datasets.py
[2025-03-02T21:20:31.465-0500] {processor.py:836} INFO - DAG(s) dict_keys(['dataset_consumes_unknown_never_scheduled', 'dataset_produces_2', 'dataset_consumes_1_never_scheduled', 'dataset_consumes_1_and_2', 'dataset_consumes_1', 'dataset_produces_1']) retrieved from /Users/atulkumar/Documents/MLOperations/MLOps/venv/lib/python3.11/site-packages/airflow/example_dags/example_datasets.py
[2025-03-02T21:20:31.887-0500] {logging_mixin.py:149} INFO - [2025-03-02T21:20:31.887-0500] {dag.py:2726} INFO - Sync 6 DAGs
[2025-03-02T21:20:31.894-0500] {logging_mixin.py:149} INFO - [2025-03-02T21:20:31.894-0500] {dag.py:3486} INFO - Setting next_dagrun for dataset_consumes_1 to None, run_after=None
[2025-03-02T21:20:31.895-0500] {logging_mixin.py:149} INFO - [2025-03-02T21:20:31.895-0500] {dag.py:3486} INFO - Setting next_dagrun for dataset_consumes_1_and_2 to None, run_after=None
[2025-03-02T21:20:31.895-0500] {logging_mixin.py:149} INFO - [2025-03-02T21:20:31.895-0500] {dag.py:3486} INFO - Setting next_dagrun for dataset_consumes_1_never_scheduled to None, run_after=None
[2025-03-02T21:20:31.895-0500] {logging_mixin.py:149} INFO - [2025-03-02T21:20:31.895-0500] {dag.py:3486} INFO - Setting next_dagrun for dataset_consumes_unknown_never_scheduled to None, run_after=None
[2025-03-02T21:20:31.896-0500] {logging_mixin.py:149} INFO - [2025-03-02T21:20:31.896-0500] {dag.py:3486} INFO - Setting next_dagrun for dataset_produces_1 to 2025-03-02T00:00:00+00:00, run_after=2025-03-03T00:00:00+00:00
[2025-03-02T21:20:31.896-0500] {logging_mixin.py:149} INFO - [2025-03-02T21:20:31.896-0500] {dag.py:3486} INFO - Setting next_dagrun for dataset_produces_2 to None, run_after=None
[2025-03-02T21:20:31.908-0500] {processor.py:179} INFO - Processing /Users/atulkumar/Documents/MLOperations/MLOps/venv/lib/python3.11/site-packages/airflow/example_dags/example_datasets.py took 0.457 seconds
[2025-03-02T21:22:42.623-0500] {processor.py:157} INFO - Started process (PID=82046) to work on /Users/atulkumar/Documents/MLOperations/MLOps/venv/lib/python3.11/site-packages/airflow/example_dags/example_datasets.py
[2025-03-02T21:22:42.624-0500] {processor.py:826} INFO - Processing file /Users/atulkumar/Documents/MLOperations/MLOps/venv/lib/python3.11/site-packages/airflow/example_dags/example_datasets.py for tasks to queue
[2025-03-02T21:22:42.625-0500] {logging_mixin.py:149} INFO - [2025-03-02T21:22:42.625-0500] {dagbag.py:541} INFO - Filling up the DagBag from /Users/atulkumar/Documents/MLOperations/MLOps/venv/lib/python3.11/site-packages/airflow/example_dags/example_datasets.py
[2025-03-02T21:22:42.636-0500] {processor.py:836} INFO - DAG(s) dict_keys(['dataset_consumes_1_and_2', 'dataset_consumes_1', 'dataset_consumes_1_never_scheduled', 'dataset_produces_2', 'dataset_consumes_unknown_never_scheduled', 'dataset_produces_1']) retrieved from /Users/atulkumar/Documents/MLOperations/MLOps/venv/lib/python3.11/site-packages/airflow/example_dags/example_datasets.py
[2025-03-02T21:22:43.060-0500] {logging_mixin.py:149} INFO - [2025-03-02T21:22:43.060-0500] {dag.py:2726} INFO - Sync 6 DAGs
[2025-03-02T21:22:43.066-0500] {logging_mixin.py:149} INFO - [2025-03-02T21:22:43.066-0500] {dag.py:3486} INFO - Setting next_dagrun for dataset_consumes_1 to None, run_after=None
[2025-03-02T21:22:43.067-0500] {logging_mixin.py:149} INFO - [2025-03-02T21:22:43.067-0500] {dag.py:3486} INFO - Setting next_dagrun for dataset_consumes_1_and_2 to None, run_after=None
[2025-03-02T21:22:43.067-0500] {logging_mixin.py:149} INFO - [2025-03-02T21:22:43.067-0500] {dag.py:3486} INFO - Setting next_dagrun for dataset_consumes_1_never_scheduled to None, run_after=None
[2025-03-02T21:22:43.068-0500] {logging_mixin.py:149} INFO - [2025-03-02T21:22:43.068-0500] {dag.py:3486} INFO - Setting next_dagrun for dataset_consumes_unknown_never_scheduled to None, run_after=None
[2025-03-02T21:22:43.069-0500] {logging_mixin.py:149} INFO - [2025-03-02T21:22:43.069-0500] {dag.py:3486} INFO - Setting next_dagrun for dataset_produces_1 to 2025-03-02T00:00:00+00:00, run_after=2025-03-03T00:00:00+00:00
[2025-03-02T21:22:43.069-0500] {logging_mixin.py:149} INFO - [2025-03-02T21:22:43.069-0500] {dag.py:3486} INFO - Setting next_dagrun for dataset_produces_2 to None, run_after=None
[2025-03-02T21:22:43.080-0500] {processor.py:179} INFO - Processing /Users/atulkumar/Documents/MLOperations/MLOps/venv/lib/python3.11/site-packages/airflow/example_dags/example_datasets.py took 0.458 seconds
[2025-03-02T21:24:57.199-0500] {processor.py:157} INFO - Started process (PID=82293) to work on /Users/atulkumar/Documents/MLOperations/MLOps/venv/lib/python3.11/site-packages/airflow/example_dags/example_datasets.py
[2025-03-02T21:24:57.201-0500] {processor.py:826} INFO - Processing file /Users/atulkumar/Documents/MLOperations/MLOps/venv/lib/python3.11/site-packages/airflow/example_dags/example_datasets.py for tasks to queue
[2025-03-02T21:24:57.202-0500] {logging_mixin.py:149} INFO - [2025-03-02T21:24:57.202-0500] {dagbag.py:541} INFO - Filling up the DagBag from /Users/atulkumar/Documents/MLOperations/MLOps/venv/lib/python3.11/site-packages/airflow/example_dags/example_datasets.py
[2025-03-02T21:24:57.220-0500] {processor.py:836} INFO - DAG(s) dict_keys(['dataset_produces_2', 'dataset_consumes_unknown_never_scheduled', 'dataset_consumes_1_and_2', 'dataset_produces_1', 'dataset_consumes_1_never_scheduled', 'dataset_consumes_1']) retrieved from /Users/atulkumar/Documents/MLOperations/MLOps/venv/lib/python3.11/site-packages/airflow/example_dags/example_datasets.py
[2025-03-02T21:24:57.733-0500] {logging_mixin.py:149} INFO - [2025-03-02T21:24:57.733-0500] {dag.py:2726} INFO - Sync 6 DAGs
[2025-03-02T21:24:57.740-0500] {logging_mixin.py:149} INFO - [2025-03-02T21:24:57.739-0500] {dag.py:3486} INFO - Setting next_dagrun for dataset_consumes_1 to None, run_after=None
[2025-03-02T21:24:57.742-0500] {logging_mixin.py:149} INFO - [2025-03-02T21:24:57.742-0500] {dag.py:3486} INFO - Setting next_dagrun for dataset_consumes_1_and_2 to None, run_after=None
[2025-03-02T21:24:57.742-0500] {logging_mixin.py:149} INFO - [2025-03-02T21:24:57.742-0500] {dag.py:3486} INFO - Setting next_dagrun for dataset_consumes_1_never_scheduled to None, run_after=None
[2025-03-02T21:24:57.742-0500] {logging_mixin.py:149} INFO - [2025-03-02T21:24:57.742-0500] {dag.py:3486} INFO - Setting next_dagrun for dataset_consumes_unknown_never_scheduled to None, run_after=None
[2025-03-02T21:24:57.743-0500] {logging_mixin.py:149} INFO - [2025-03-02T21:24:57.743-0500] {dag.py:3486} INFO - Setting next_dagrun for dataset_produces_1 to 2025-03-02T00:00:00+00:00, run_after=2025-03-03T00:00:00+00:00
[2025-03-02T21:24:57.743-0500] {logging_mixin.py:149} INFO - [2025-03-02T21:24:57.743-0500] {dag.py:3486} INFO - Setting next_dagrun for dataset_produces_2 to None, run_after=None
[2025-03-02T21:24:57.758-0500] {processor.py:179} INFO - Processing /Users/atulkumar/Documents/MLOperations/MLOps/venv/lib/python3.11/site-packages/airflow/example_dags/example_datasets.py took 0.559 seconds
