[2025-03-02T21:14:14.628-0500] {processor.py:157} INFO - Started process (PID=81300) to work on /Users/atulkumar/Documents/MLOperations/MLOps/venv/lib/python3.11/site-packages/airflow/example_dags/example_branch_operator_decorator.py
[2025-03-02T21:14:14.630-0500] {processor.py:826} INFO - Processing file /Users/atulkumar/Documents/MLOperations/MLOps/venv/lib/python3.11/site-packages/airflow/example_dags/example_branch_operator_decorator.py for tasks to queue
[2025-03-02T21:14:14.630-0500] {logging_mixin.py:149} INFO - [2025-03-02T21:14:14.630-0500] {dagbag.py:541} INFO - Filling up the DagBag from /Users/atulkumar/Documents/MLOperations/MLOps/venv/lib/python3.11/site-packages/airflow/example_dags/example_branch_operator_decorator.py
[2025-03-02T21:14:14.674-0500] {processor.py:836} INFO - DAG(s) dict_keys(['example_branch_python_operator_decorator']) retrieved from /Users/atulkumar/Documents/MLOperations/MLOps/venv/lib/python3.11/site-packages/airflow/example_dags/example_branch_operator_decorator.py
[2025-03-02T21:14:15.048-0500] {logging_mixin.py:149} INFO - [2025-03-02T21:14:15.048-0500] {dag.py:2726} INFO - Sync 1 DAGs
[2025-03-02T21:14:15.055-0500] {logging_mixin.py:149} INFO - [2025-03-02T21:14:15.055-0500] {dag.py:3486} INFO - Setting next_dagrun for example_branch_python_operator_decorator to 2025-03-02T00:00:00+00:00, run_after=2025-03-03T00:00:00+00:00
[2025-03-02T21:14:15.062-0500] {processor.py:179} INFO - Processing /Users/atulkumar/Documents/MLOperations/MLOps/venv/lib/python3.11/site-packages/airflow/example_dags/example_branch_operator_decorator.py took 0.435 seconds
[2025-03-02T21:16:19.838-0500] {processor.py:157} INFO - Started process (PID=81464) to work on /Users/atulkumar/Documents/MLOperations/MLOps/venv/lib/python3.11/site-packages/airflow/example_dags/example_branch_operator_decorator.py
[2025-03-02T21:16:19.840-0500] {processor.py:826} INFO - Processing file /Users/atulkumar/Documents/MLOperations/MLOps/venv/lib/python3.11/site-packages/airflow/example_dags/example_branch_operator_decorator.py for tasks to queue
[2025-03-02T21:16:19.840-0500] {logging_mixin.py:149} INFO - [2025-03-02T21:16:19.840-0500] {dagbag.py:541} INFO - Filling up the DagBag from /Users/atulkumar/Documents/MLOperations/MLOps/venv/lib/python3.11/site-packages/airflow/example_dags/example_branch_operator_decorator.py
[2025-03-02T21:16:19.884-0500] {processor.py:836} INFO - DAG(s) dict_keys(['example_branch_python_operator_decorator']) retrieved from /Users/atulkumar/Documents/MLOperations/MLOps/venv/lib/python3.11/site-packages/airflow/example_dags/example_branch_operator_decorator.py
[2025-03-02T21:16:20.232-0500] {logging_mixin.py:149} INFO - [2025-03-02T21:16:20.232-0500] {dag.py:2726} INFO - Sync 1 DAGs
[2025-03-02T21:16:20.240-0500] {logging_mixin.py:149} INFO - [2025-03-02T21:16:20.240-0500] {dag.py:3486} INFO - Setting next_dagrun for example_branch_python_operator_decorator to 2025-03-02T00:00:00+00:00, run_after=2025-03-03T00:00:00+00:00
[2025-03-02T21:16:20.249-0500] {processor.py:179} INFO - Processing /Users/atulkumar/Documents/MLOperations/MLOps/venv/lib/python3.11/site-packages/airflow/example_dags/example_branch_operator_decorator.py took 0.412 seconds
[2025-03-02T21:18:29.001-0500] {processor.py:157} INFO - Started process (PID=81648) to work on /Users/atulkumar/Documents/MLOperations/MLOps/venv/lib/python3.11/site-packages/airflow/example_dags/example_branch_operator_decorator.py
[2025-03-02T21:18:29.003-0500] {processor.py:826} INFO - Processing file /Users/atulkumar/Documents/MLOperations/MLOps/venv/lib/python3.11/site-packages/airflow/example_dags/example_branch_operator_decorator.py for tasks to queue
[2025-03-02T21:18:29.003-0500] {logging_mixin.py:149} INFO - [2025-03-02T21:18:29.003-0500] {dagbag.py:541} INFO - Filling up the DagBag from /Users/atulkumar/Documents/MLOperations/MLOps/venv/lib/python3.11/site-packages/airflow/example_dags/example_branch_operator_decorator.py
[2025-03-02T21:18:29.045-0500] {processor.py:836} INFO - DAG(s) dict_keys(['example_branch_python_operator_decorator']) retrieved from /Users/atulkumar/Documents/MLOperations/MLOps/venv/lib/python3.11/site-packages/airflow/example_dags/example_branch_operator_decorator.py
[2025-03-02T21:18:29.358-0500] {logging_mixin.py:149} INFO - [2025-03-02T21:18:29.358-0500] {dag.py:2726} INFO - Sync 1 DAGs
[2025-03-02T21:18:29.365-0500] {logging_mixin.py:149} INFO - [2025-03-02T21:18:29.365-0500] {dag.py:3486} INFO - Setting next_dagrun for example_branch_python_operator_decorator to 2025-03-02T00:00:00+00:00, run_after=2025-03-03T00:00:00+00:00
[2025-03-02T21:18:29.372-0500] {processor.py:179} INFO - Processing /Users/atulkumar/Documents/MLOperations/MLOps/venv/lib/python3.11/site-packages/airflow/example_dags/example_branch_operator_decorator.py took 0.372 seconds
[2025-03-02T21:20:39.384-0500] {processor.py:157} INFO - Started process (PID=81878) to work on /Users/atulkumar/Documents/MLOperations/MLOps/venv/lib/python3.11/site-packages/airflow/example_dags/example_branch_operator_decorator.py
[2025-03-02T21:20:39.386-0500] {processor.py:826} INFO - Processing file /Users/atulkumar/Documents/MLOperations/MLOps/venv/lib/python3.11/site-packages/airflow/example_dags/example_branch_operator_decorator.py for tasks to queue
[2025-03-02T21:20:39.386-0500] {logging_mixin.py:149} INFO - [2025-03-02T21:20:39.386-0500] {dagbag.py:541} INFO - Filling up the DagBag from /Users/atulkumar/Documents/MLOperations/MLOps/venv/lib/python3.11/site-packages/airflow/example_dags/example_branch_operator_decorator.py
[2025-03-02T21:20:39.435-0500] {processor.py:836} INFO - DAG(s) dict_keys(['example_branch_python_operator_decorator']) retrieved from /Users/atulkumar/Documents/MLOperations/MLOps/venv/lib/python3.11/site-packages/airflow/example_dags/example_branch_operator_decorator.py
[2025-03-02T21:20:39.801-0500] {logging_mixin.py:149} INFO - [2025-03-02T21:20:39.801-0500] {dag.py:2726} INFO - Sync 1 DAGs
[2025-03-02T21:20:39.809-0500] {logging_mixin.py:149} INFO - [2025-03-02T21:20:39.808-0500] {dag.py:3486} INFO - Setting next_dagrun for example_branch_python_operator_decorator to 2025-03-02T00:00:00+00:00, run_after=2025-03-03T00:00:00+00:00
[2025-03-02T21:20:39.818-0500] {processor.py:179} INFO - Processing /Users/atulkumar/Documents/MLOperations/MLOps/venv/lib/python3.11/site-packages/airflow/example_dags/example_branch_operator_decorator.py took 0.434 seconds
[2025-03-02T21:22:49.824-0500] {processor.py:157} INFO - Started process (PID=82053) to work on /Users/atulkumar/Documents/MLOperations/MLOps/venv/lib/python3.11/site-packages/airflow/example_dags/example_branch_operator_decorator.py
[2025-03-02T21:22:49.826-0500] {processor.py:826} INFO - Processing file /Users/atulkumar/Documents/MLOperations/MLOps/venv/lib/python3.11/site-packages/airflow/example_dags/example_branch_operator_decorator.py for tasks to queue
[2025-03-02T21:22:49.827-0500] {logging_mixin.py:149} INFO - [2025-03-02T21:22:49.826-0500] {dagbag.py:541} INFO - Filling up the DagBag from /Users/atulkumar/Documents/MLOperations/MLOps/venv/lib/python3.11/site-packages/airflow/example_dags/example_branch_operator_decorator.py
[2025-03-02T21:22:49.871-0500] {processor.py:836} INFO - DAG(s) dict_keys(['example_branch_python_operator_decorator']) retrieved from /Users/atulkumar/Documents/MLOperations/MLOps/venv/lib/python3.11/site-packages/airflow/example_dags/example_branch_operator_decorator.py
[2025-03-02T21:22:50.202-0500] {logging_mixin.py:149} INFO - [2025-03-02T21:22:50.202-0500] {dag.py:2726} INFO - Sync 1 DAGs
[2025-03-02T21:22:50.210-0500] {logging_mixin.py:149} INFO - [2025-03-02T21:22:50.209-0500] {dag.py:3486} INFO - Setting next_dagrun for example_branch_python_operator_decorator to 2025-03-02T00:00:00+00:00, run_after=2025-03-03T00:00:00+00:00
[2025-03-02T21:22:50.218-0500] {processor.py:179} INFO - Processing /Users/atulkumar/Documents/MLOperations/MLOps/venv/lib/python3.11/site-packages/airflow/example_dags/example_branch_operator_decorator.py took 0.394 seconds
[2025-03-02T21:25:08.722-0500] {processor.py:157} INFO - Started process (PID=82313) to work on /Users/atulkumar/Documents/MLOperations/MLOps/venv/lib/python3.11/site-packages/airflow/example_dags/example_branch_operator_decorator.py
[2025-03-02T21:25:08.725-0500] {processor.py:826} INFO - Processing file /Users/atulkumar/Documents/MLOperations/MLOps/venv/lib/python3.11/site-packages/airflow/example_dags/example_branch_operator_decorator.py for tasks to queue
[2025-03-02T21:25:08.726-0500] {logging_mixin.py:149} INFO - [2025-03-02T21:25:08.726-0500] {dagbag.py:541} INFO - Filling up the DagBag from /Users/atulkumar/Documents/MLOperations/MLOps/venv/lib/python3.11/site-packages/airflow/example_dags/example_branch_operator_decorator.py
[2025-03-02T21:25:08.778-0500] {processor.py:836} INFO - DAG(s) dict_keys(['example_branch_python_operator_decorator']) retrieved from /Users/atulkumar/Documents/MLOperations/MLOps/venv/lib/python3.11/site-packages/airflow/example_dags/example_branch_operator_decorator.py
[2025-03-02T21:25:09.178-0500] {logging_mixin.py:149} INFO - [2025-03-02T21:25:09.178-0500] {dag.py:2726} INFO - Sync 1 DAGs
[2025-03-02T21:25:09.186-0500] {logging_mixin.py:149} INFO - [2025-03-02T21:25:09.186-0500] {dag.py:3486} INFO - Setting next_dagrun for example_branch_python_operator_decorator to 2025-03-02T00:00:00+00:00, run_after=2025-03-03T00:00:00+00:00
[2025-03-02T21:25:09.196-0500] {processor.py:179} INFO - Processing /Users/atulkumar/Documents/MLOperations/MLOps/venv/lib/python3.11/site-packages/airflow/example_dags/example_branch_operator_decorator.py took 0.475 seconds
