[2025-03-02T21:14:08.435-0500] {processor.py:157} INFO - Started process (PID=81296) to work on /Users/atulkumar/Documents/MLOperations/MLOps/venv/lib/python3.11/site-packages/airflow/example_dags/example_dag_decorator.py
[2025-03-02T21:14:08.437-0500] {processor.py:826} INFO - Processing file /Users/atulkumar/Documents/MLOperations/MLOps/venv/lib/python3.11/site-packages/airflow/example_dags/example_dag_decorator.py for tasks to queue
[2025-03-02T21:14:08.437-0500] {logging_mixin.py:149} INFO - [2025-03-02T21:14:08.437-0500] {dagbag.py:541} INFO - Filling up the DagBag from /Users/atulkumar/Documents/MLOperations/MLOps/venv/lib/python3.11/site-packages/airflow/example_dags/example_dag_decorator.py
[2025-03-02T21:14:08.563-0500] {processor.py:836} INFO - DAG(s) dict_keys(['example_dag_decorator']) retrieved from /Users/atulkumar/Documents/MLOperations/MLOps/venv/lib/python3.11/site-packages/airflow/example_dags/example_dag_decorator.py
[2025-03-02T21:14:08.894-0500] {logging_mixin.py:149} INFO - [2025-03-02T21:14:08.893-0500] {dag.py:2726} INFO - Sync 1 DAGs
[2025-03-02T21:14:08.899-0500] {logging_mixin.py:149} INFO - [2025-03-02T21:14:08.899-0500] {dag.py:3486} INFO - Setting next_dagrun for example_dag_decorator to None, run_after=None
[2025-03-02T21:14:08.907-0500] {processor.py:179} INFO - Processing /Users/atulkumar/Documents/MLOperations/MLOps/venv/lib/python3.11/site-packages/airflow/example_dags/example_dag_decorator.py took 0.473 seconds
[2025-03-02T21:16:13.646-0500] {processor.py:157} INFO - Started process (PID=81457) to work on /Users/atulkumar/Documents/MLOperations/MLOps/venv/lib/python3.11/site-packages/airflow/example_dags/example_dag_decorator.py
[2025-03-02T21:16:13.648-0500] {processor.py:826} INFO - Processing file /Users/atulkumar/Documents/MLOperations/MLOps/venv/lib/python3.11/site-packages/airflow/example_dags/example_dag_decorator.py for tasks to queue
[2025-03-02T21:16:13.648-0500] {logging_mixin.py:149} INFO - [2025-03-02T21:16:13.648-0500] {dagbag.py:541} INFO - Filling up the DagBag from /Users/atulkumar/Documents/MLOperations/MLOps/venv/lib/python3.11/site-packages/airflow/example_dags/example_dag_decorator.py
[2025-03-02T21:16:13.775-0500] {processor.py:836} INFO - DAG(s) dict_keys(['example_dag_decorator']) retrieved from /Users/atulkumar/Documents/MLOperations/MLOps/venv/lib/python3.11/site-packages/airflow/example_dags/example_dag_decorator.py
[2025-03-02T21:16:14.098-0500] {logging_mixin.py:149} INFO - [2025-03-02T21:16:14.097-0500] {dag.py:2726} INFO - Sync 1 DAGs
[2025-03-02T21:16:14.103-0500] {logging_mixin.py:149} INFO - [2025-03-02T21:16:14.103-0500] {dag.py:3486} INFO - Setting next_dagrun for example_dag_decorator to None, run_after=None
[2025-03-02T21:16:14.112-0500] {processor.py:179} INFO - Processing /Users/atulkumar/Documents/MLOperations/MLOps/venv/lib/python3.11/site-packages/airflow/example_dags/example_dag_decorator.py took 0.467 seconds
[2025-03-02T21:18:23.052-0500] {processor.py:157} INFO - Started process (PID=81639) to work on /Users/atulkumar/Documents/MLOperations/MLOps/venv/lib/python3.11/site-packages/airflow/example_dags/example_dag_decorator.py
[2025-03-02T21:18:23.057-0500] {processor.py:826} INFO - Processing file /Users/atulkumar/Documents/MLOperations/MLOps/venv/lib/python3.11/site-packages/airflow/example_dags/example_dag_decorator.py for tasks to queue
[2025-03-02T21:18:23.058-0500] {logging_mixin.py:149} INFO - [2025-03-02T21:18:23.058-0500] {dagbag.py:541} INFO - Filling up the DagBag from /Users/atulkumar/Documents/MLOperations/MLOps/venv/lib/python3.11/site-packages/airflow/example_dags/example_dag_decorator.py
[2025-03-02T21:18:23.178-0500] {processor.py:836} INFO - DAG(s) dict_keys(['example_dag_decorator']) retrieved from /Users/atulkumar/Documents/MLOperations/MLOps/venv/lib/python3.11/site-packages/airflow/example_dags/example_dag_decorator.py
[2025-03-02T21:18:23.524-0500] {logging_mixin.py:149} INFO - [2025-03-02T21:18:23.523-0500] {dag.py:2726} INFO - Sync 1 DAGs
[2025-03-02T21:18:23.530-0500] {logging_mixin.py:149} INFO - [2025-03-02T21:18:23.530-0500] {dag.py:3486} INFO - Setting next_dagrun for example_dag_decorator to None, run_after=None
[2025-03-02T21:18:23.539-0500] {processor.py:179} INFO - Processing /Users/atulkumar/Documents/MLOperations/MLOps/venv/lib/python3.11/site-packages/airflow/example_dags/example_dag_decorator.py took 0.487 seconds
[2025-03-02T21:20:33.614-0500] {processor.py:157} INFO - Started process (PID=81866) to work on /Users/atulkumar/Documents/MLOperations/MLOps/venv/lib/python3.11/site-packages/airflow/example_dags/example_dag_decorator.py
[2025-03-02T21:20:33.617-0500] {processor.py:826} INFO - Processing file /Users/atulkumar/Documents/MLOperations/MLOps/venv/lib/python3.11/site-packages/airflow/example_dags/example_dag_decorator.py for tasks to queue
[2025-03-02T21:20:33.617-0500] {logging_mixin.py:149} INFO - [2025-03-02T21:20:33.617-0500] {dagbag.py:541} INFO - Filling up the DagBag from /Users/atulkumar/Documents/MLOperations/MLOps/venv/lib/python3.11/site-packages/airflow/example_dags/example_dag_decorator.py
[2025-03-02T21:20:33.736-0500] {processor.py:836} INFO - DAG(s) dict_keys(['example_dag_decorator']) retrieved from /Users/atulkumar/Documents/MLOperations/MLOps/venv/lib/python3.11/site-packages/airflow/example_dags/example_dag_decorator.py
[2025-03-02T21:20:34.054-0500] {logging_mixin.py:149} INFO - [2025-03-02T21:20:34.054-0500] {dag.py:2726} INFO - Sync 1 DAGs
[2025-03-02T21:20:34.059-0500] {logging_mixin.py:149} INFO - [2025-03-02T21:20:34.059-0500] {dag.py:3486} INFO - Setting next_dagrun for example_dag_decorator to None, run_after=None
[2025-03-02T21:20:34.067-0500] {processor.py:179} INFO - Processing /Users/atulkumar/Documents/MLOperations/MLOps/venv/lib/python3.11/site-packages/airflow/example_dags/example_dag_decorator.py took 0.453 seconds
[2025-03-02T21:22:44.715-0500] {processor.py:157} INFO - Started process (PID=82047) to work on /Users/atulkumar/Documents/MLOperations/MLOps/venv/lib/python3.11/site-packages/airflow/example_dags/example_dag_decorator.py
[2025-03-02T21:22:44.717-0500] {processor.py:826} INFO - Processing file /Users/atulkumar/Documents/MLOperations/MLOps/venv/lib/python3.11/site-packages/airflow/example_dags/example_dag_decorator.py for tasks to queue
[2025-03-02T21:22:44.717-0500] {logging_mixin.py:149} INFO - [2025-03-02T21:22:44.717-0500] {dagbag.py:541} INFO - Filling up the DagBag from /Users/atulkumar/Documents/MLOperations/MLOps/venv/lib/python3.11/site-packages/airflow/example_dags/example_dag_decorator.py
[2025-03-02T21:22:44.826-0500] {processor.py:836} INFO - DAG(s) dict_keys(['example_dag_decorator']) retrieved from /Users/atulkumar/Documents/MLOperations/MLOps/venv/lib/python3.11/site-packages/airflow/example_dags/example_dag_decorator.py
[2025-03-02T21:22:45.117-0500] {logging_mixin.py:149} INFO - [2025-03-02T21:22:45.117-0500] {dag.py:2726} INFO - Sync 1 DAGs
[2025-03-02T21:22:45.124-0500] {logging_mixin.py:149} INFO - [2025-03-02T21:22:45.124-0500] {dag.py:3486} INFO - Setting next_dagrun for example_dag_decorator to None, run_after=None
[2025-03-02T21:22:45.133-0500] {processor.py:179} INFO - Processing /Users/atulkumar/Documents/MLOperations/MLOps/venv/lib/python3.11/site-packages/airflow/example_dags/example_dag_decorator.py took 0.419 seconds
[2025-03-02T21:25:00.273-0500] {processor.py:157} INFO - Started process (PID=82295) to work on /Users/atulkumar/Documents/MLOperations/MLOps/venv/lib/python3.11/site-packages/airflow/example_dags/example_dag_decorator.py
[2025-03-02T21:25:00.276-0500] {processor.py:826} INFO - Processing file /Users/atulkumar/Documents/MLOperations/MLOps/venv/lib/python3.11/site-packages/airflow/example_dags/example_dag_decorator.py for tasks to queue
[2025-03-02T21:25:00.277-0500] {logging_mixin.py:149} INFO - [2025-03-02T21:25:00.277-0500] {dagbag.py:541} INFO - Filling up the DagBag from /Users/atulkumar/Documents/MLOperations/MLOps/venv/lib/python3.11/site-packages/airflow/example_dags/example_dag_decorator.py
[2025-03-02T21:25:00.428-0500] {processor.py:836} INFO - DAG(s) dict_keys(['example_dag_decorator']) retrieved from /Users/atulkumar/Documents/MLOperations/MLOps/venv/lib/python3.11/site-packages/airflow/example_dags/example_dag_decorator.py
[2025-03-02T21:25:00.806-0500] {logging_mixin.py:149} INFO - [2025-03-02T21:25:00.806-0500] {dag.py:2726} INFO - Sync 1 DAGs
[2025-03-02T21:25:00.813-0500] {logging_mixin.py:149} INFO - [2025-03-02T21:25:00.812-0500] {dag.py:3486} INFO - Setting next_dagrun for example_dag_decorator to None, run_after=None
[2025-03-02T21:25:00.821-0500] {processor.py:179} INFO - Processing /Users/atulkumar/Documents/MLOperations/MLOps/venv/lib/python3.11/site-packages/airflow/example_dags/example_dag_decorator.py took 0.549 seconds
