[2025-03-02T21:13:31.150-0500] {processor.py:157} INFO - Started process (PID=81234) to work on /Users/atulkumar/Documents/MLOperations/MLOps/venv/lib/python3.11/site-packages/airflow/example_dags/example_short_circuit_decorator.py
[2025-03-02T21:13:31.152-0500] {processor.py:826} INFO - Processing file /Users/atulkumar/Documents/MLOperations/MLOps/venv/lib/python3.11/site-packages/airflow/example_dags/example_short_circuit_decorator.py for tasks to queue
[2025-03-02T21:13:31.152-0500] {logging_mixin.py:149} INFO - [2025-03-02T21:13:31.152-0500] {dagbag.py:541} INFO - Filling up the DagBag from /Users/atulkumar/Documents/MLOperations/MLOps/venv/lib/python3.11/site-packages/airflow/example_dags/example_short_circuit_decorator.py
[2025-03-02T21:13:31.205-0500] {processor.py:836} INFO - DAG(s) dict_keys(['example_short_circuit_decorator']) retrieved from /Users/atulkumar/Documents/MLOperations/MLOps/venv/lib/python3.11/site-packages/airflow/example_dags/example_short_circuit_decorator.py
[2025-03-02T21:13:31.609-0500] {logging_mixin.py:149} INFO - [2025-03-02T21:13:31.609-0500] {dag.py:2726} INFO - Sync 1 DAGs
[2025-03-02T21:13:31.616-0500] {logging_mixin.py:149} INFO - [2025-03-02T21:13:31.616-0500] {dag.py:3486} INFO - Setting next_dagrun for example_short_circuit_decorator to 2025-03-02T02:13:31.616185+00:00, run_after=2025-03-03T02:13:31.616185+00:00
[2025-03-02T21:13:31.624-0500] {processor.py:179} INFO - Processing /Users/atulkumar/Documents/MLOperations/MLOps/venv/lib/python3.11/site-packages/airflow/example_dags/example_short_circuit_decorator.py took 0.475 seconds
[2025-03-02T21:15:06.305-0500] {processor.py:157} INFO - Started process (PID=81366) to work on /Users/atulkumar/Documents/MLOperations/MLOps/venv/lib/python3.11/site-packages/airflow/example_dags/example_short_circuit_decorator.py
[2025-03-02T21:15:06.307-0500] {processor.py:826} INFO - Processing file /Users/atulkumar/Documents/MLOperations/MLOps/venv/lib/python3.11/site-packages/airflow/example_dags/example_short_circuit_decorator.py for tasks to queue
[2025-03-02T21:15:06.307-0500] {logging_mixin.py:149} INFO - [2025-03-02T21:15:06.307-0500] {dagbag.py:541} INFO - Filling up the DagBag from /Users/atulkumar/Documents/MLOperations/MLOps/venv/lib/python3.11/site-packages/airflow/example_dags/example_short_circuit_decorator.py
[2025-03-02T21:15:06.346-0500] {processor.py:836} INFO - DAG(s) dict_keys(['example_short_circuit_decorator']) retrieved from /Users/atulkumar/Documents/MLOperations/MLOps/venv/lib/python3.11/site-packages/airflow/example_dags/example_short_circuit_decorator.py
[2025-03-02T21:15:06.666-0500] {logging_mixin.py:149} INFO - [2025-03-02T21:15:06.666-0500] {dag.py:2726} INFO - Sync 1 DAGs
[2025-03-02T21:15:06.673-0500] {logging_mixin.py:149} INFO - [2025-03-02T21:15:06.673-0500] {dag.py:3486} INFO - Setting next_dagrun for example_short_circuit_decorator to 2025-03-02T02:15:06.673370+00:00, run_after=2025-03-03T02:15:06.673370+00:00
[2025-03-02T21:15:06.681-0500] {processor.py:179} INFO - Processing /Users/atulkumar/Documents/MLOperations/MLOps/venv/lib/python3.11/site-packages/airflow/example_dags/example_short_circuit_decorator.py took 0.376 seconds
[2025-03-02T21:17:13.246-0500] {processor.py:157} INFO - Started process (PID=81543) to work on /Users/atulkumar/Documents/MLOperations/MLOps/venv/lib/python3.11/site-packages/airflow/example_dags/example_short_circuit_decorator.py
[2025-03-02T21:17:13.247-0500] {processor.py:826} INFO - Processing file /Users/atulkumar/Documents/MLOperations/MLOps/venv/lib/python3.11/site-packages/airflow/example_dags/example_short_circuit_decorator.py for tasks to queue
[2025-03-02T21:17:13.248-0500] {logging_mixin.py:149} INFO - [2025-03-02T21:17:13.248-0500] {dagbag.py:541} INFO - Filling up the DagBag from /Users/atulkumar/Documents/MLOperations/MLOps/venv/lib/python3.11/site-packages/airflow/example_dags/example_short_circuit_decorator.py
[2025-03-02T21:17:13.287-0500] {processor.py:836} INFO - DAG(s) dict_keys(['example_short_circuit_decorator']) retrieved from /Users/atulkumar/Documents/MLOperations/MLOps/venv/lib/python3.11/site-packages/airflow/example_dags/example_short_circuit_decorator.py
[2025-03-02T21:17:13.606-0500] {logging_mixin.py:149} INFO - [2025-03-02T21:17:13.606-0500] {dag.py:2726} INFO - Sync 1 DAGs
[2025-03-02T21:17:13.613-0500] {logging_mixin.py:149} INFO - [2025-03-02T21:17:13.613-0500] {dag.py:3486} INFO - Setting next_dagrun for example_short_circuit_decorator to 2025-03-02T02:17:13.613232+00:00, run_after=2025-03-03T02:17:13.613232+00:00
[2025-03-02T21:17:13.621-0500] {processor.py:179} INFO - Processing /Users/atulkumar/Documents/MLOperations/MLOps/venv/lib/python3.11/site-packages/airflow/example_dags/example_short_circuit_decorator.py took 0.376 seconds
[2025-03-02T21:19:20.086-0500] {processor.py:157} INFO - Started process (PID=81718) to work on /Users/atulkumar/Documents/MLOperations/MLOps/venv/lib/python3.11/site-packages/airflow/example_dags/example_short_circuit_decorator.py
[2025-03-02T21:19:20.087-0500] {processor.py:826} INFO - Processing file /Users/atulkumar/Documents/MLOperations/MLOps/venv/lib/python3.11/site-packages/airflow/example_dags/example_short_circuit_decorator.py for tasks to queue
[2025-03-02T21:19:20.088-0500] {logging_mixin.py:149} INFO - [2025-03-02T21:19:20.088-0500] {dagbag.py:541} INFO - Filling up the DagBag from /Users/atulkumar/Documents/MLOperations/MLOps/venv/lib/python3.11/site-packages/airflow/example_dags/example_short_circuit_decorator.py
[2025-03-02T21:19:20.125-0500] {processor.py:836} INFO - DAG(s) dict_keys(['example_short_circuit_decorator']) retrieved from /Users/atulkumar/Documents/MLOperations/MLOps/venv/lib/python3.11/site-packages/airflow/example_dags/example_short_circuit_decorator.py
[2025-03-02T21:19:20.437-0500] {logging_mixin.py:149} INFO - [2025-03-02T21:19:20.437-0500] {dag.py:2726} INFO - Sync 1 DAGs
[2025-03-02T21:19:20.444-0500] {logging_mixin.py:149} INFO - [2025-03-02T21:19:20.444-0500] {dag.py:3486} INFO - Setting next_dagrun for example_short_circuit_decorator to 2025-03-02T02:19:20.444290+00:00, run_after=2025-03-03T02:19:20.444290+00:00
[2025-03-02T21:19:20.451-0500] {processor.py:179} INFO - Processing /Users/atulkumar/Documents/MLOperations/MLOps/venv/lib/python3.11/site-packages/airflow/example_dags/example_short_circuit_decorator.py took 0.366 seconds
[2025-03-02T21:21:30.792-0500] {processor.py:157} INFO - Started process (PID=81949) to work on /Users/atulkumar/Documents/MLOperations/MLOps/venv/lib/python3.11/site-packages/airflow/example_dags/example_short_circuit_decorator.py
[2025-03-02T21:21:30.794-0500] {processor.py:826} INFO - Processing file /Users/atulkumar/Documents/MLOperations/MLOps/venv/lib/python3.11/site-packages/airflow/example_dags/example_short_circuit_decorator.py for tasks to queue
[2025-03-02T21:21:30.794-0500] {logging_mixin.py:149} INFO - [2025-03-02T21:21:30.794-0500] {dagbag.py:541} INFO - Filling up the DagBag from /Users/atulkumar/Documents/MLOperations/MLOps/venv/lib/python3.11/site-packages/airflow/example_dags/example_short_circuit_decorator.py
[2025-03-02T21:21:30.834-0500] {processor.py:836} INFO - DAG(s) dict_keys(['example_short_circuit_decorator']) retrieved from /Users/atulkumar/Documents/MLOperations/MLOps/venv/lib/python3.11/site-packages/airflow/example_dags/example_short_circuit_decorator.py
[2025-03-02T21:21:31.167-0500] {logging_mixin.py:149} INFO - [2025-03-02T21:21:31.167-0500] {dag.py:2726} INFO - Sync 1 DAGs
[2025-03-02T21:21:31.173-0500] {logging_mixin.py:149} INFO - [2025-03-02T21:21:31.173-0500] {dag.py:3486} INFO - Setting next_dagrun for example_short_circuit_decorator to 2025-03-02T02:21:31.173796+00:00, run_after=2025-03-03T02:21:31.173796+00:00
[2025-03-02T21:21:31.182-0500] {processor.py:179} INFO - Processing /Users/atulkumar/Documents/MLOperations/MLOps/venv/lib/python3.11/site-packages/airflow/example_dags/example_short_circuit_decorator.py took 0.391 seconds
[2025-03-02T21:23:42.082-0500] {processor.py:157} INFO - Started process (PID=82130) to work on /Users/atulkumar/Documents/MLOperations/MLOps/venv/lib/python3.11/site-packages/airflow/example_dags/example_short_circuit_decorator.py
[2025-03-02T21:23:42.084-0500] {processor.py:826} INFO - Processing file /Users/atulkumar/Documents/MLOperations/MLOps/venv/lib/python3.11/site-packages/airflow/example_dags/example_short_circuit_decorator.py for tasks to queue
[2025-03-02T21:23:42.084-0500] {logging_mixin.py:149} INFO - [2025-03-02T21:23:42.084-0500] {dagbag.py:541} INFO - Filling up the DagBag from /Users/atulkumar/Documents/MLOperations/MLOps/venv/lib/python3.11/site-packages/airflow/example_dags/example_short_circuit_decorator.py
[2025-03-02T21:23:42.129-0500] {processor.py:836} INFO - DAG(s) dict_keys(['example_short_circuit_decorator']) retrieved from /Users/atulkumar/Documents/MLOperations/MLOps/venv/lib/python3.11/site-packages/airflow/example_dags/example_short_circuit_decorator.py
[2025-03-02T21:23:42.534-0500] {logging_mixin.py:149} INFO - [2025-03-02T21:23:42.534-0500] {dag.py:2726} INFO - Sync 1 DAGs
[2025-03-02T21:23:42.541-0500] {logging_mixin.py:149} INFO - [2025-03-02T21:23:42.541-0500] {dag.py:3486} INFO - Setting next_dagrun for example_short_circuit_decorator to 2025-03-02T02:23:42.541303+00:00, run_after=2025-03-03T02:23:42.541303+00:00
[2025-03-02T21:23:42.550-0500] {processor.py:179} INFO - Processing /Users/atulkumar/Documents/MLOperations/MLOps/venv/lib/python3.11/site-packages/airflow/example_dags/example_short_circuit_decorator.py took 0.468 seconds
