[2025-03-02T21:13:01.034-0500] {processor.py:157} INFO - Started process (PID=81192) to work on /Users/atulkumar/Documents/MLOperations/MLOps/venv/lib/python3.11/site-packages/airflow/example_dags/tutorial_taskflow_api.py
[2025-03-02T21:13:01.035-0500] {processor.py:826} INFO - Processing file /Users/atulkumar/Documents/MLOperations/MLOps/venv/lib/python3.11/site-packages/airflow/example_dags/tutorial_taskflow_api.py for tasks to queue
[2025-03-02T21:13:01.035-0500] {logging_mixin.py:149} INFO - [2025-03-02T21:13:01.035-0500] {dagbag.py:541} INFO - Filling up the DagBag from /Users/atulkumar/Documents/MLOperations/MLOps/venv/lib/python3.11/site-packages/airflow/example_dags/tutorial_taskflow_api.py
[2025-03-02T21:13:01.075-0500] {processor.py:836} INFO - DAG(s) dict_keys(['tutorial_taskflow_api']) retrieved from /Users/atulkumar/Documents/MLOperations/MLOps/venv/lib/python3.11/site-packages/airflow/example_dags/tutorial_taskflow_api.py
[2025-03-02T21:13:01.459-0500] {logging_mixin.py:149} INFO - [2025-03-02T21:13:01.459-0500] {dag.py:2726} INFO - Sync 1 DAGs
[2025-03-02T21:13:01.465-0500] {logging_mixin.py:149} INFO - [2025-03-02T21:13:01.465-0500] {dag.py:3486} INFO - Setting next_dagrun for tutorial_taskflow_api to None, run_after=None
[2025-03-02T21:13:01.472-0500] {processor.py:179} INFO - Processing /Users/atulkumar/Documents/MLOperations/MLOps/venv/lib/python3.11/site-packages/airflow/example_dags/tutorial_taskflow_api.py took 0.439 seconds
[2025-03-02T21:14:40.441-0500] {processor.py:157} INFO - Started process (PID=81337) to work on /Users/atulkumar/Documents/MLOperations/MLOps/venv/lib/python3.11/site-packages/airflow/example_dags/tutorial_taskflow_api.py
[2025-03-02T21:14:40.443-0500] {processor.py:826} INFO - Processing file /Users/atulkumar/Documents/MLOperations/MLOps/venv/lib/python3.11/site-packages/airflow/example_dags/tutorial_taskflow_api.py for tasks to queue
[2025-03-02T21:14:40.443-0500] {logging_mixin.py:149} INFO - [2025-03-02T21:14:40.443-0500] {dagbag.py:541} INFO - Filling up the DagBag from /Users/atulkumar/Documents/MLOperations/MLOps/venv/lib/python3.11/site-packages/airflow/example_dags/tutorial_taskflow_api.py
[2025-03-02T21:14:40.484-0500] {processor.py:836} INFO - DAG(s) dict_keys(['tutorial_taskflow_api']) retrieved from /Users/atulkumar/Documents/MLOperations/MLOps/venv/lib/python3.11/site-packages/airflow/example_dags/tutorial_taskflow_api.py
[2025-03-02T21:14:40.841-0500] {logging_mixin.py:149} INFO - [2025-03-02T21:14:40.841-0500] {dag.py:2726} INFO - Sync 1 DAGs
[2025-03-02T21:14:40.848-0500] {logging_mixin.py:149} INFO - [2025-03-02T21:14:40.848-0500] {dag.py:3486} INFO - Setting next_dagrun for tutorial_taskflow_api to None, run_after=None
[2025-03-02T21:14:40.855-0500] {processor.py:179} INFO - Processing /Users/atulkumar/Documents/MLOperations/MLOps/venv/lib/python3.11/site-packages/airflow/example_dags/tutorial_taskflow_api.py took 0.414 seconds
[2025-03-02T21:15:42.972-0500] {processor.py:157} INFO - Started process (PID=81418) to work on /Users/atulkumar/Documents/MLOperations/MLOps/venv/lib/python3.11/site-packages/airflow/example_dags/tutorial_taskflow_api.py
[2025-03-02T21:15:42.974-0500] {processor.py:826} INFO - Processing file /Users/atulkumar/Documents/MLOperations/MLOps/venv/lib/python3.11/site-packages/airflow/example_dags/tutorial_taskflow_api.py for tasks to queue
[2025-03-02T21:15:42.974-0500] {logging_mixin.py:149} INFO - [2025-03-02T21:15:42.974-0500] {dagbag.py:541} INFO - Filling up the DagBag from /Users/atulkumar/Documents/MLOperations/MLOps/venv/lib/python3.11/site-packages/airflow/example_dags/tutorial_taskflow_api.py
[2025-03-02T21:15:43.019-0500] {processor.py:836} INFO - DAG(s) dict_keys(['tutorial_taskflow_api']) retrieved from /Users/atulkumar/Documents/MLOperations/MLOps/venv/lib/python3.11/site-packages/airflow/example_dags/tutorial_taskflow_api.py
[2025-03-02T21:15:43.362-0500] {logging_mixin.py:149} INFO - [2025-03-02T21:15:43.362-0500] {dag.py:2726} INFO - Sync 1 DAGs
[2025-03-02T21:15:43.369-0500] {logging_mixin.py:149} INFO - [2025-03-02T21:15:43.369-0500] {dag.py:3486} INFO - Setting next_dagrun for tutorial_taskflow_api to None, run_after=None
[2025-03-02T21:15:43.377-0500] {processor.py:179} INFO - Processing /Users/atulkumar/Documents/MLOperations/MLOps/venv/lib/python3.11/site-packages/airflow/example_dags/tutorial_taskflow_api.py took 0.405 seconds
[2025-03-02T21:16:45.523-0500] {processor.py:157} INFO - Started process (PID=81505) to work on /Users/atulkumar/Documents/MLOperations/MLOps/venv/lib/python3.11/site-packages/airflow/example_dags/tutorial_taskflow_api.py
[2025-03-02T21:16:45.525-0500] {processor.py:826} INFO - Processing file /Users/atulkumar/Documents/MLOperations/MLOps/venv/lib/python3.11/site-packages/airflow/example_dags/tutorial_taskflow_api.py for tasks to queue
[2025-03-02T21:16:45.525-0500] {logging_mixin.py:149} INFO - [2025-03-02T21:16:45.525-0500] {dagbag.py:541} INFO - Filling up the DagBag from /Users/atulkumar/Documents/MLOperations/MLOps/venv/lib/python3.11/site-packages/airflow/example_dags/tutorial_taskflow_api.py
[2025-03-02T21:16:45.563-0500] {processor.py:836} INFO - DAG(s) dict_keys(['tutorial_taskflow_api']) retrieved from /Users/atulkumar/Documents/MLOperations/MLOps/venv/lib/python3.11/site-packages/airflow/example_dags/tutorial_taskflow_api.py
[2025-03-02T21:16:45.927-0500] {logging_mixin.py:149} INFO - [2025-03-02T21:16:45.927-0500] {dag.py:2726} INFO - Sync 1 DAGs
[2025-03-02T21:16:45.934-0500] {logging_mixin.py:149} INFO - [2025-03-02T21:16:45.934-0500] {dag.py:3486} INFO - Setting next_dagrun for tutorial_taskflow_api to None, run_after=None
[2025-03-02T21:16:45.944-0500] {processor.py:179} INFO - Processing /Users/atulkumar/Documents/MLOperations/MLOps/venv/lib/python3.11/site-packages/airflow/example_dags/tutorial_taskflow_api.py took 0.422 seconds
[2025-03-02T21:17:48.772-0500] {processor.py:157} INFO - Started process (PID=81602) to work on /Users/atulkumar/Documents/MLOperations/MLOps/venv/lib/python3.11/site-packages/airflow/example_dags/tutorial_taskflow_api.py
[2025-03-02T21:17:48.774-0500] {processor.py:826} INFO - Processing file /Users/atulkumar/Documents/MLOperations/MLOps/venv/lib/python3.11/site-packages/airflow/example_dags/tutorial_taskflow_api.py for tasks to queue
[2025-03-02T21:17:48.774-0500] {logging_mixin.py:149} INFO - [2025-03-02T21:17:48.774-0500] {dagbag.py:541} INFO - Filling up the DagBag from /Users/atulkumar/Documents/MLOperations/MLOps/venv/lib/python3.11/site-packages/airflow/example_dags/tutorial_taskflow_api.py
[2025-03-02T21:17:48.815-0500] {processor.py:836} INFO - DAG(s) dict_keys(['tutorial_taskflow_api']) retrieved from /Users/atulkumar/Documents/MLOperations/MLOps/venv/lib/python3.11/site-packages/airflow/example_dags/tutorial_taskflow_api.py
[2025-03-02T21:17:49.167-0500] {logging_mixin.py:149} INFO - [2025-03-02T21:17:49.167-0500] {dag.py:2726} INFO - Sync 1 DAGs
[2025-03-02T21:17:49.173-0500] {logging_mixin.py:149} INFO - [2025-03-02T21:17:49.173-0500] {dag.py:3486} INFO - Setting next_dagrun for tutorial_taskflow_api to None, run_after=None
[2025-03-02T21:17:49.181-0500] {processor.py:179} INFO - Processing /Users/atulkumar/Documents/MLOperations/MLOps/venv/lib/python3.11/site-packages/airflow/example_dags/tutorial_taskflow_api.py took 0.410 seconds
[2025-03-02T21:18:52.981-0500] {processor.py:157} INFO - Started process (PID=81688) to work on /Users/atulkumar/Documents/MLOperations/MLOps/venv/lib/python3.11/site-packages/airflow/example_dags/tutorial_taskflow_api.py
[2025-03-02T21:18:52.984-0500] {processor.py:826} INFO - Processing file /Users/atulkumar/Documents/MLOperations/MLOps/venv/lib/python3.11/site-packages/airflow/example_dags/tutorial_taskflow_api.py for tasks to queue
[2025-03-02T21:18:52.984-0500] {logging_mixin.py:149} INFO - [2025-03-02T21:18:52.984-0500] {dagbag.py:541} INFO - Filling up the DagBag from /Users/atulkumar/Documents/MLOperations/MLOps/venv/lib/python3.11/site-packages/airflow/example_dags/tutorial_taskflow_api.py
[2025-03-02T21:18:53.027-0500] {processor.py:836} INFO - DAG(s) dict_keys(['tutorial_taskflow_api']) retrieved from /Users/atulkumar/Documents/MLOperations/MLOps/venv/lib/python3.11/site-packages/airflow/example_dags/tutorial_taskflow_api.py
[2025-03-02T21:18:53.363-0500] {logging_mixin.py:149} INFO - [2025-03-02T21:18:53.363-0500] {dag.py:2726} INFO - Sync 1 DAGs
[2025-03-02T21:18:53.369-0500] {logging_mixin.py:149} INFO - [2025-03-02T21:18:53.369-0500] {dag.py:3486} INFO - Setting next_dagrun for tutorial_taskflow_api to None, run_after=None
[2025-03-02T21:18:53.377-0500] {processor.py:179} INFO - Processing /Users/atulkumar/Documents/MLOperations/MLOps/venv/lib/python3.11/site-packages/airflow/example_dags/tutorial_taskflow_api.py took 0.396 seconds
[2025-03-02T21:19:59.157-0500] {processor.py:157} INFO - Started process (PID=81806) to work on /Users/atulkumar/Documents/MLOperations/MLOps/venv/lib/python3.11/site-packages/airflow/example_dags/tutorial_taskflow_api.py
[2025-03-02T21:19:59.159-0500] {processor.py:826} INFO - Processing file /Users/atulkumar/Documents/MLOperations/MLOps/venv/lib/python3.11/site-packages/airflow/example_dags/tutorial_taskflow_api.py for tasks to queue
[2025-03-02T21:19:59.160-0500] {logging_mixin.py:149} INFO - [2025-03-02T21:19:59.160-0500] {dagbag.py:541} INFO - Filling up the DagBag from /Users/atulkumar/Documents/MLOperations/MLOps/venv/lib/python3.11/site-packages/airflow/example_dags/tutorial_taskflow_api.py
[2025-03-02T21:19:59.199-0500] {processor.py:836} INFO - DAG(s) dict_keys(['tutorial_taskflow_api']) retrieved from /Users/atulkumar/Documents/MLOperations/MLOps/venv/lib/python3.11/site-packages/airflow/example_dags/tutorial_taskflow_api.py
[2025-03-02T21:19:59.520-0500] {logging_mixin.py:149} INFO - [2025-03-02T21:19:59.520-0500] {dag.py:2726} INFO - Sync 1 DAGs
[2025-03-02T21:19:59.527-0500] {logging_mixin.py:149} INFO - [2025-03-02T21:19:59.527-0500] {dag.py:3486} INFO - Setting next_dagrun for tutorial_taskflow_api to None, run_after=None
[2025-03-02T21:19:59.535-0500] {processor.py:179} INFO - Processing /Users/atulkumar/Documents/MLOperations/MLOps/venv/lib/python3.11/site-packages/airflow/example_dags/tutorial_taskflow_api.py took 0.378 seconds
[2025-03-02T21:21:05.615-0500] {processor.py:157} INFO - Started process (PID=81915) to work on /Users/atulkumar/Documents/MLOperations/MLOps/venv/lib/python3.11/site-packages/airflow/example_dags/tutorial_taskflow_api.py
[2025-03-02T21:21:05.617-0500] {processor.py:826} INFO - Processing file /Users/atulkumar/Documents/MLOperations/MLOps/venv/lib/python3.11/site-packages/airflow/example_dags/tutorial_taskflow_api.py for tasks to queue
[2025-03-02T21:21:05.617-0500] {logging_mixin.py:149} INFO - [2025-03-02T21:21:05.617-0500] {dagbag.py:541} INFO - Filling up the DagBag from /Users/atulkumar/Documents/MLOperations/MLOps/venv/lib/python3.11/site-packages/airflow/example_dags/tutorial_taskflow_api.py
[2025-03-02T21:21:05.668-0500] {processor.py:836} INFO - DAG(s) dict_keys(['tutorial_taskflow_api']) retrieved from /Users/atulkumar/Documents/MLOperations/MLOps/venv/lib/python3.11/site-packages/airflow/example_dags/tutorial_taskflow_api.py
[2025-03-02T21:21:06.007-0500] {logging_mixin.py:149} INFO - [2025-03-02T21:21:06.007-0500] {dag.py:2726} INFO - Sync 1 DAGs
[2025-03-02T21:21:06.013-0500] {logging_mixin.py:149} INFO - [2025-03-02T21:21:06.013-0500] {dag.py:3486} INFO - Setting next_dagrun for tutorial_taskflow_api to None, run_after=None
[2025-03-02T21:21:06.021-0500] {processor.py:179} INFO - Processing /Users/atulkumar/Documents/MLOperations/MLOps/venv/lib/python3.11/site-packages/airflow/example_dags/tutorial_taskflow_api.py took 0.407 seconds
[2025-03-02T21:22:10.040-0500] {processor.py:157} INFO - Started process (PID=82003) to work on /Users/atulkumar/Documents/MLOperations/MLOps/venv/lib/python3.11/site-packages/airflow/example_dags/tutorial_taskflow_api.py
[2025-03-02T21:22:10.042-0500] {processor.py:826} INFO - Processing file /Users/atulkumar/Documents/MLOperations/MLOps/venv/lib/python3.11/site-packages/airflow/example_dags/tutorial_taskflow_api.py for tasks to queue
[2025-03-02T21:22:10.043-0500] {logging_mixin.py:149} INFO - [2025-03-02T21:22:10.042-0500] {dagbag.py:541} INFO - Filling up the DagBag from /Users/atulkumar/Documents/MLOperations/MLOps/venv/lib/python3.11/site-packages/airflow/example_dags/tutorial_taskflow_api.py
[2025-03-02T21:22:10.085-0500] {processor.py:836} INFO - DAG(s) dict_keys(['tutorial_taskflow_api']) retrieved from /Users/atulkumar/Documents/MLOperations/MLOps/venv/lib/python3.11/site-packages/airflow/example_dags/tutorial_taskflow_api.py
[2025-03-02T21:22:10.448-0500] {logging_mixin.py:149} INFO - [2025-03-02T21:22:10.448-0500] {dag.py:2726} INFO - Sync 1 DAGs
[2025-03-02T21:22:10.455-0500] {logging_mixin.py:149} INFO - [2025-03-02T21:22:10.455-0500] {dag.py:3486} INFO - Setting next_dagrun for tutorial_taskflow_api to None, run_after=None
[2025-03-02T21:22:10.467-0500] {processor.py:179} INFO - Processing /Users/atulkumar/Documents/MLOperations/MLOps/venv/lib/python3.11/site-packages/airflow/example_dags/tutorial_taskflow_api.py took 0.427 seconds
[2025-03-02T21:23:16.378-0500] {processor.py:157} INFO - Started process (PID=82090) to work on /Users/atulkumar/Documents/MLOperations/MLOps/venv/lib/python3.11/site-packages/airflow/example_dags/tutorial_taskflow_api.py
[2025-03-02T21:23:16.381-0500] {processor.py:826} INFO - Processing file /Users/atulkumar/Documents/MLOperations/MLOps/venv/lib/python3.11/site-packages/airflow/example_dags/tutorial_taskflow_api.py for tasks to queue
[2025-03-02T21:23:16.381-0500] {logging_mixin.py:149} INFO - [2025-03-02T21:23:16.381-0500] {dagbag.py:541} INFO - Filling up the DagBag from /Users/atulkumar/Documents/MLOperations/MLOps/venv/lib/python3.11/site-packages/airflow/example_dags/tutorial_taskflow_api.py
[2025-03-02T21:23:16.423-0500] {processor.py:836} INFO - DAG(s) dict_keys(['tutorial_taskflow_api']) retrieved from /Users/atulkumar/Documents/MLOperations/MLOps/venv/lib/python3.11/site-packages/airflow/example_dags/tutorial_taskflow_api.py
[2025-03-02T21:23:16.762-0500] {logging_mixin.py:149} INFO - [2025-03-02T21:23:16.762-0500] {dag.py:2726} INFO - Sync 1 DAGs
[2025-03-02T21:23:16.769-0500] {logging_mixin.py:149} INFO - [2025-03-02T21:23:16.769-0500] {dag.py:3486} INFO - Setting next_dagrun for tutorial_taskflow_api to None, run_after=None
[2025-03-02T21:23:16.778-0500] {processor.py:179} INFO - Processing /Users/atulkumar/Documents/MLOperations/MLOps/venv/lib/python3.11/site-packages/airflow/example_dags/tutorial_taskflow_api.py took 0.400 seconds
[2025-03-02T21:24:22.813-0500] {processor.py:157} INFO - Started process (PID=82190) to work on /Users/atulkumar/Documents/MLOperations/MLOps/venv/lib/python3.11/site-packages/airflow/example_dags/tutorial_taskflow_api.py
[2025-03-02T21:24:22.815-0500] {processor.py:826} INFO - Processing file /Users/atulkumar/Documents/MLOperations/MLOps/venv/lib/python3.11/site-packages/airflow/example_dags/tutorial_taskflow_api.py for tasks to queue
[2025-03-02T21:24:22.815-0500] {logging_mixin.py:149} INFO - [2025-03-02T21:24:22.815-0500] {dagbag.py:541} INFO - Filling up the DagBag from /Users/atulkumar/Documents/MLOperations/MLOps/venv/lib/python3.11/site-packages/airflow/example_dags/tutorial_taskflow_api.py
[2025-03-02T21:24:22.860-0500] {processor.py:836} INFO - DAG(s) dict_keys(['tutorial_taskflow_api']) retrieved from /Users/atulkumar/Documents/MLOperations/MLOps/venv/lib/python3.11/site-packages/airflow/example_dags/tutorial_taskflow_api.py
[2025-03-02T21:24:23.229-0500] {logging_mixin.py:149} INFO - [2025-03-02T21:24:23.228-0500] {dag.py:2726} INFO - Sync 1 DAGs
[2025-03-02T21:24:23.236-0500] {logging_mixin.py:149} INFO - [2025-03-02T21:24:23.236-0500] {dag.py:3486} INFO - Setting next_dagrun for tutorial_taskflow_api to None, run_after=None
[2025-03-02T21:24:23.244-0500] {processor.py:179} INFO - Processing /Users/atulkumar/Documents/MLOperations/MLOps/venv/lib/python3.11/site-packages/airflow/example_dags/tutorial_taskflow_api.py took 0.432 seconds
[2025-03-02T21:25:34.564-0500] {processor.py:157} INFO - Started process (PID=82369) to work on /Users/atulkumar/Documents/MLOperations/MLOps/venv/lib/python3.11/site-packages/airflow/example_dags/tutorial_taskflow_api.py
[2025-03-02T21:25:34.566-0500] {processor.py:826} INFO - Processing file /Users/atulkumar/Documents/MLOperations/MLOps/venv/lib/python3.11/site-packages/airflow/example_dags/tutorial_taskflow_api.py for tasks to queue
[2025-03-02T21:25:34.566-0500] {logging_mixin.py:149} INFO - [2025-03-02T21:25:34.566-0500] {dagbag.py:541} INFO - Filling up the DagBag from /Users/atulkumar/Documents/MLOperations/MLOps/venv/lib/python3.11/site-packages/airflow/example_dags/tutorial_taskflow_api.py
[2025-03-02T21:25:34.612-0500] {processor.py:836} INFO - DAG(s) dict_keys(['tutorial_taskflow_api']) retrieved from /Users/atulkumar/Documents/MLOperations/MLOps/venv/lib/python3.11/site-packages/airflow/example_dags/tutorial_taskflow_api.py
[2025-03-02T21:25:34.969-0500] {logging_mixin.py:149} INFO - [2025-03-02T21:25:34.968-0500] {dag.py:2726} INFO - Sync 1 DAGs
[2025-03-02T21:25:34.976-0500] {logging_mixin.py:149} INFO - [2025-03-02T21:25:34.976-0500] {dag.py:3486} INFO - Setting next_dagrun for tutorial_taskflow_api to None, run_after=None
[2025-03-02T21:25:34.986-0500] {processor.py:179} INFO - Processing /Users/atulkumar/Documents/MLOperations/MLOps/venv/lib/python3.11/site-packages/airflow/example_dags/tutorial_taskflow_api.py took 0.422 seconds
