[2025-03-02T21:13:05.198-0500] {processor.py:157} INFO - Started process (PID=81194) to work on /Users/atulkumar/Documents/MLOperations/MLOps/venv/lib/python3.11/site-packages/airflow/example_dags/tutorial.py
[2025-03-02T21:13:05.200-0500] {processor.py:826} INFO - Processing file /Users/atulkumar/Documents/MLOperations/MLOps/venv/lib/python3.11/site-packages/airflow/example_dags/tutorial.py for tasks to queue
[2025-03-02T21:13:05.200-0500] {logging_mixin.py:149} INFO - [2025-03-02T21:13:05.200-0500] {dagbag.py:541} INFO - Filling up the DagBag from /Users/atulkumar/Documents/MLOperations/MLOps/venv/lib/python3.11/site-packages/airflow/example_dags/tutorial.py
[2025-03-02T21:13:05.209-0500] {processor.py:836} INFO - DAG(s) dict_keys(['tutorial']) retrieved from /Users/atulkumar/Documents/MLOperations/MLOps/venv/lib/python3.11/site-packages/airflow/example_dags/tutorial.py
[2025-03-02T21:13:05.620-0500] {logging_mixin.py:149} INFO - [2025-03-02T21:13:05.620-0500] {dag.py:2726} INFO - Sync 1 DAGs
[2025-03-02T21:13:05.630-0500] {logging_mixin.py:149} INFO - [2025-03-02T21:13:05.630-0500] {dag.py:3486} INFO - Setting next_dagrun for tutorial to 2025-03-02T02:13:05.630598+00:00, run_after=2025-03-03T02:13:05.630598+00:00
[2025-03-02T21:13:05.643-0500] {processor.py:179} INFO - Processing /Users/atulkumar/Documents/MLOperations/MLOps/venv/lib/python3.11/site-packages/airflow/example_dags/tutorial.py took 0.445 seconds
[2025-03-02T21:14:44.403-0500] {processor.py:157} INFO - Started process (PID=81339) to work on /Users/atulkumar/Documents/MLOperations/MLOps/venv/lib/python3.11/site-packages/airflow/example_dags/tutorial.py
[2025-03-02T21:14:44.406-0500] {processor.py:826} INFO - Processing file /Users/atulkumar/Documents/MLOperations/MLOps/venv/lib/python3.11/site-packages/airflow/example_dags/tutorial.py for tasks to queue
[2025-03-02T21:14:44.406-0500] {logging_mixin.py:149} INFO - [2025-03-02T21:14:44.406-0500] {dagbag.py:541} INFO - Filling up the DagBag from /Users/atulkumar/Documents/MLOperations/MLOps/venv/lib/python3.11/site-packages/airflow/example_dags/tutorial.py
[2025-03-02T21:14:44.415-0500] {processor.py:836} INFO - DAG(s) dict_keys(['tutorial']) retrieved from /Users/atulkumar/Documents/MLOperations/MLOps/venv/lib/python3.11/site-packages/airflow/example_dags/tutorial.py
[2025-03-02T21:14:44.770-0500] {logging_mixin.py:149} INFO - [2025-03-02T21:14:44.770-0500] {dag.py:2726} INFO - Sync 1 DAGs
[2025-03-02T21:14:44.776-0500] {logging_mixin.py:149} INFO - [2025-03-02T21:14:44.776-0500] {dag.py:3486} INFO - Setting next_dagrun for tutorial to 2025-03-02T02:14:44.776112+00:00, run_after=2025-03-03T02:14:44.776112+00:00
[2025-03-02T21:14:44.784-0500] {processor.py:179} INFO - Processing /Users/atulkumar/Documents/MLOperations/MLOps/venv/lib/python3.11/site-packages/airflow/example_dags/tutorial.py took 0.380 seconds
[2025-03-02T21:15:47.108-0500] {processor.py:157} INFO - Started process (PID=81424) to work on /Users/atulkumar/Documents/MLOperations/MLOps/venv/lib/python3.11/site-packages/airflow/example_dags/tutorial.py
[2025-03-02T21:15:47.110-0500] {processor.py:826} INFO - Processing file /Users/atulkumar/Documents/MLOperations/MLOps/venv/lib/python3.11/site-packages/airflow/example_dags/tutorial.py for tasks to queue
[2025-03-02T21:15:47.111-0500] {logging_mixin.py:149} INFO - [2025-03-02T21:15:47.111-0500] {dagbag.py:541} INFO - Filling up the DagBag from /Users/atulkumar/Documents/MLOperations/MLOps/venv/lib/python3.11/site-packages/airflow/example_dags/tutorial.py
[2025-03-02T21:15:47.119-0500] {processor.py:836} INFO - DAG(s) dict_keys(['tutorial']) retrieved from /Users/atulkumar/Documents/MLOperations/MLOps/venv/lib/python3.11/site-packages/airflow/example_dags/tutorial.py
[2025-03-02T21:15:47.482-0500] {logging_mixin.py:149} INFO - [2025-03-02T21:15:47.482-0500] {dag.py:2726} INFO - Sync 1 DAGs
[2025-03-02T21:15:47.488-0500] {logging_mixin.py:149} INFO - [2025-03-02T21:15:47.488-0500] {dag.py:3486} INFO - Setting next_dagrun for tutorial to 2025-03-02T02:15:47.488571+00:00, run_after=2025-03-03T02:15:47.488571+00:00
[2025-03-02T21:15:47.497-0500] {processor.py:179} INFO - Processing /Users/atulkumar/Documents/MLOperations/MLOps/venv/lib/python3.11/site-packages/airflow/example_dags/tutorial.py took 0.390 seconds
[2025-03-02T21:16:49.509-0500] {processor.py:157} INFO - Started process (PID=81510) to work on /Users/atulkumar/Documents/MLOperations/MLOps/venv/lib/python3.11/site-packages/airflow/example_dags/tutorial.py
[2025-03-02T21:16:49.511-0500] {processor.py:826} INFO - Processing file /Users/atulkumar/Documents/MLOperations/MLOps/venv/lib/python3.11/site-packages/airflow/example_dags/tutorial.py for tasks to queue
[2025-03-02T21:16:49.511-0500] {logging_mixin.py:149} INFO - [2025-03-02T21:16:49.511-0500] {dagbag.py:541} INFO - Filling up the DagBag from /Users/atulkumar/Documents/MLOperations/MLOps/venv/lib/python3.11/site-packages/airflow/example_dags/tutorial.py
[2025-03-02T21:16:49.520-0500] {processor.py:836} INFO - DAG(s) dict_keys(['tutorial']) retrieved from /Users/atulkumar/Documents/MLOperations/MLOps/venv/lib/python3.11/site-packages/airflow/example_dags/tutorial.py
[2025-03-02T21:16:49.857-0500] {logging_mixin.py:149} INFO - [2025-03-02T21:16:49.857-0500] {dag.py:2726} INFO - Sync 1 DAGs
[2025-03-02T21:16:49.864-0500] {logging_mixin.py:149} INFO - [2025-03-02T21:16:49.864-0500] {dag.py:3486} INFO - Setting next_dagrun for tutorial to 2025-03-02T02:16:49.864609+00:00, run_after=2025-03-03T02:16:49.864609+00:00
[2025-03-02T21:16:49.873-0500] {processor.py:179} INFO - Processing /Users/atulkumar/Documents/MLOperations/MLOps/venv/lib/python3.11/site-packages/airflow/example_dags/tutorial.py took 0.364 seconds
[2025-03-02T21:17:52.870-0500] {processor.py:157} INFO - Started process (PID=81604) to work on /Users/atulkumar/Documents/MLOperations/MLOps/venv/lib/python3.11/site-packages/airflow/example_dags/tutorial.py
[2025-03-02T21:17:52.875-0500] {processor.py:826} INFO - Processing file /Users/atulkumar/Documents/MLOperations/MLOps/venv/lib/python3.11/site-packages/airflow/example_dags/tutorial.py for tasks to queue
[2025-03-02T21:17:52.875-0500] {logging_mixin.py:149} INFO - [2025-03-02T21:17:52.875-0500] {dagbag.py:541} INFO - Filling up the DagBag from /Users/atulkumar/Documents/MLOperations/MLOps/venv/lib/python3.11/site-packages/airflow/example_dags/tutorial.py
[2025-03-02T21:17:52.884-0500] {processor.py:836} INFO - DAG(s) dict_keys(['tutorial']) retrieved from /Users/atulkumar/Documents/MLOperations/MLOps/venv/lib/python3.11/site-packages/airflow/example_dags/tutorial.py
[2025-03-02T21:17:53.230-0500] {logging_mixin.py:149} INFO - [2025-03-02T21:17:53.230-0500] {dag.py:2726} INFO - Sync 1 DAGs
[2025-03-02T21:17:53.237-0500] {logging_mixin.py:149} INFO - [2025-03-02T21:17:53.237-0500] {dag.py:3486} INFO - Setting next_dagrun for tutorial to 2025-03-02T02:17:53.237105+00:00, run_after=2025-03-03T02:17:53.237105+00:00
[2025-03-02T21:17:53.245-0500] {processor.py:179} INFO - Processing /Users/atulkumar/Documents/MLOperations/MLOps/venv/lib/python3.11/site-packages/airflow/example_dags/tutorial.py took 0.375 seconds
[2025-03-02T21:18:57.082-0500] {processor.py:157} INFO - Started process (PID=81693) to work on /Users/atulkumar/Documents/MLOperations/MLOps/venv/lib/python3.11/site-packages/airflow/example_dags/tutorial.py
[2025-03-02T21:18:57.084-0500] {processor.py:826} INFO - Processing file /Users/atulkumar/Documents/MLOperations/MLOps/venv/lib/python3.11/site-packages/airflow/example_dags/tutorial.py for tasks to queue
[2025-03-02T21:18:57.084-0500] {logging_mixin.py:149} INFO - [2025-03-02T21:18:57.084-0500] {dagbag.py:541} INFO - Filling up the DagBag from /Users/atulkumar/Documents/MLOperations/MLOps/venv/lib/python3.11/site-packages/airflow/example_dags/tutorial.py
[2025-03-02T21:18:57.093-0500] {processor.py:836} INFO - DAG(s) dict_keys(['tutorial']) retrieved from /Users/atulkumar/Documents/MLOperations/MLOps/venv/lib/python3.11/site-packages/airflow/example_dags/tutorial.py
[2025-03-02T21:18:57.471-0500] {logging_mixin.py:149} INFO - [2025-03-02T21:18:57.471-0500] {dag.py:2726} INFO - Sync 1 DAGs
[2025-03-02T21:18:57.477-0500] {logging_mixin.py:149} INFO - [2025-03-02T21:18:57.477-0500] {dag.py:3486} INFO - Setting next_dagrun for tutorial to 2025-03-02T02:18:57.477708+00:00, run_after=2025-03-03T02:18:57.477708+00:00
[2025-03-02T21:18:57.485-0500] {processor.py:179} INFO - Processing /Users/atulkumar/Documents/MLOperations/MLOps/venv/lib/python3.11/site-packages/airflow/example_dags/tutorial.py took 0.403 seconds
[2025-03-02T21:20:03.227-0500] {processor.py:157} INFO - Started process (PID=81811) to work on /Users/atulkumar/Documents/MLOperations/MLOps/venv/lib/python3.11/site-packages/airflow/example_dags/tutorial.py
[2025-03-02T21:20:03.230-0500] {processor.py:826} INFO - Processing file /Users/atulkumar/Documents/MLOperations/MLOps/venv/lib/python3.11/site-packages/airflow/example_dags/tutorial.py for tasks to queue
[2025-03-02T21:20:03.230-0500] {logging_mixin.py:149} INFO - [2025-03-02T21:20:03.230-0500] {dagbag.py:541} INFO - Filling up the DagBag from /Users/atulkumar/Documents/MLOperations/MLOps/venv/lib/python3.11/site-packages/airflow/example_dags/tutorial.py
[2025-03-02T21:20:03.240-0500] {processor.py:836} INFO - DAG(s) dict_keys(['tutorial']) retrieved from /Users/atulkumar/Documents/MLOperations/MLOps/venv/lib/python3.11/site-packages/airflow/example_dags/tutorial.py
[2025-03-02T21:20:03.619-0500] {logging_mixin.py:149} INFO - [2025-03-02T21:20:03.619-0500] {dag.py:2726} INFO - Sync 1 DAGs
[2025-03-02T21:20:03.626-0500] {logging_mixin.py:149} INFO - [2025-03-02T21:20:03.626-0500] {dag.py:3486} INFO - Setting next_dagrun for tutorial to 2025-03-02T02:20:03.625979+00:00, run_after=2025-03-03T02:20:03.625979+00:00
[2025-03-02T21:20:03.633-0500] {processor.py:179} INFO - Processing /Users/atulkumar/Documents/MLOperations/MLOps/venv/lib/python3.11/site-packages/airflow/example_dags/tutorial.py took 0.407 seconds
[2025-03-02T21:21:09.660-0500] {processor.py:157} INFO - Started process (PID=81922) to work on /Users/atulkumar/Documents/MLOperations/MLOps/venv/lib/python3.11/site-packages/airflow/example_dags/tutorial.py
[2025-03-02T21:21:09.663-0500] {processor.py:826} INFO - Processing file /Users/atulkumar/Documents/MLOperations/MLOps/venv/lib/python3.11/site-packages/airflow/example_dags/tutorial.py for tasks to queue
[2025-03-02T21:21:09.663-0500] {logging_mixin.py:149} INFO - [2025-03-02T21:21:09.663-0500] {dagbag.py:541} INFO - Filling up the DagBag from /Users/atulkumar/Documents/MLOperations/MLOps/venv/lib/python3.11/site-packages/airflow/example_dags/tutorial.py
[2025-03-02T21:21:09.672-0500] {processor.py:836} INFO - DAG(s) dict_keys(['tutorial']) retrieved from /Users/atulkumar/Documents/MLOperations/MLOps/venv/lib/python3.11/site-packages/airflow/example_dags/tutorial.py
[2025-03-02T21:21:10.011-0500] {logging_mixin.py:149} INFO - [2025-03-02T21:21:10.011-0500] {dag.py:2726} INFO - Sync 1 DAGs
[2025-03-02T21:21:10.017-0500] {logging_mixin.py:149} INFO - [2025-03-02T21:21:10.017-0500] {dag.py:3486} INFO - Setting next_dagrun for tutorial to 2025-03-02T02:21:10.017448+00:00, run_after=2025-03-03T02:21:10.017448+00:00
[2025-03-02T21:21:10.024-0500] {processor.py:179} INFO - Processing /Users/atulkumar/Documents/MLOperations/MLOps/venv/lib/python3.11/site-packages/airflow/example_dags/tutorial.py took 0.364 seconds
[2025-03-02T21:22:14.043-0500] {processor.py:157} INFO - Started process (PID=82005) to work on /Users/atulkumar/Documents/MLOperations/MLOps/venv/lib/python3.11/site-packages/airflow/example_dags/tutorial.py
[2025-03-02T21:22:14.044-0500] {processor.py:826} INFO - Processing file /Users/atulkumar/Documents/MLOperations/MLOps/venv/lib/python3.11/site-packages/airflow/example_dags/tutorial.py for tasks to queue
[2025-03-02T21:22:14.045-0500] {logging_mixin.py:149} INFO - [2025-03-02T21:22:14.045-0500] {dagbag.py:541} INFO - Filling up the DagBag from /Users/atulkumar/Documents/MLOperations/MLOps/venv/lib/python3.11/site-packages/airflow/example_dags/tutorial.py
[2025-03-02T21:22:14.054-0500] {processor.py:836} INFO - DAG(s) dict_keys(['tutorial']) retrieved from /Users/atulkumar/Documents/MLOperations/MLOps/venv/lib/python3.11/site-packages/airflow/example_dags/tutorial.py
[2025-03-02T21:22:14.422-0500] {logging_mixin.py:149} INFO - [2025-03-02T21:22:14.422-0500] {dag.py:2726} INFO - Sync 1 DAGs
[2025-03-02T21:22:14.428-0500] {logging_mixin.py:149} INFO - [2025-03-02T21:22:14.428-0500] {dag.py:3486} INFO - Setting next_dagrun for tutorial to 2025-03-02T02:22:14.428704+00:00, run_after=2025-03-03T02:22:14.428704+00:00
[2025-03-02T21:22:14.438-0500] {processor.py:179} INFO - Processing /Users/atulkumar/Documents/MLOperations/MLOps/venv/lib/python3.11/site-packages/airflow/example_dags/tutorial.py took 0.396 seconds
[2025-03-02T21:23:20.655-0500] {processor.py:157} INFO - Started process (PID=82092) to work on /Users/atulkumar/Documents/MLOperations/MLOps/venv/lib/python3.11/site-packages/airflow/example_dags/tutorial.py
[2025-03-02T21:23:20.657-0500] {processor.py:826} INFO - Processing file /Users/atulkumar/Documents/MLOperations/MLOps/venv/lib/python3.11/site-packages/airflow/example_dags/tutorial.py for tasks to queue
[2025-03-02T21:23:20.658-0500] {logging_mixin.py:149} INFO - [2025-03-02T21:23:20.658-0500] {dagbag.py:541} INFO - Filling up the DagBag from /Users/atulkumar/Documents/MLOperations/MLOps/venv/lib/python3.11/site-packages/airflow/example_dags/tutorial.py
[2025-03-02T21:23:20.666-0500] {processor.py:836} INFO - DAG(s) dict_keys(['tutorial']) retrieved from /Users/atulkumar/Documents/MLOperations/MLOps/venv/lib/python3.11/site-packages/airflow/example_dags/tutorial.py
[2025-03-02T21:23:21.040-0500] {logging_mixin.py:149} INFO - [2025-03-02T21:23:21.040-0500] {dag.py:2726} INFO - Sync 1 DAGs
[2025-03-02T21:23:21.047-0500] {logging_mixin.py:149} INFO - [2025-03-02T21:23:21.047-0500] {dag.py:3486} INFO - Setting next_dagrun for tutorial to 2025-03-02T02:23:21.047374+00:00, run_after=2025-03-03T02:23:21.047374+00:00
[2025-03-02T21:23:21.054-0500] {processor.py:179} INFO - Processing /Users/atulkumar/Documents/MLOperations/MLOps/venv/lib/python3.11/site-packages/airflow/example_dags/tutorial.py took 0.399 seconds
[2025-03-02T21:24:27.305-0500] {processor.py:157} INFO - Started process (PID=82202) to work on /Users/atulkumar/Documents/MLOperations/MLOps/venv/lib/python3.11/site-packages/airflow/example_dags/tutorial.py
[2025-03-02T21:24:27.307-0500] {processor.py:826} INFO - Processing file /Users/atulkumar/Documents/MLOperations/MLOps/venv/lib/python3.11/site-packages/airflow/example_dags/tutorial.py for tasks to queue
[2025-03-02T21:24:27.307-0500] {logging_mixin.py:149} INFO - [2025-03-02T21:24:27.307-0500] {dagbag.py:541} INFO - Filling up the DagBag from /Users/atulkumar/Documents/MLOperations/MLOps/venv/lib/python3.11/site-packages/airflow/example_dags/tutorial.py
[2025-03-02T21:24:27.317-0500] {processor.py:836} INFO - DAG(s) dict_keys(['tutorial']) retrieved from /Users/atulkumar/Documents/MLOperations/MLOps/venv/lib/python3.11/site-packages/airflow/example_dags/tutorial.py
[2025-03-02T21:24:27.717-0500] {logging_mixin.py:149} INFO - [2025-03-02T21:24:27.717-0500] {dag.py:2726} INFO - Sync 1 DAGs
[2025-03-02T21:24:27.724-0500] {logging_mixin.py:149} INFO - [2025-03-02T21:24:27.724-0500] {dag.py:3486} INFO - Setting next_dagrun for tutorial to 2025-03-02T02:24:27.724209+00:00, run_after=2025-03-03T02:24:27.724209+00:00
[2025-03-02T21:24:27.732-0500] {processor.py:179} INFO - Processing /Users/atulkumar/Documents/MLOperations/MLOps/venv/lib/python3.11/site-packages/airflow/example_dags/tutorial.py took 0.427 seconds
[2025-03-02T21:25:39.238-0500] {processor.py:157} INFO - Started process (PID=82377) to work on /Users/atulkumar/Documents/MLOperations/MLOps/venv/lib/python3.11/site-packages/airflow/example_dags/tutorial.py
[2025-03-02T21:25:39.240-0500] {processor.py:826} INFO - Processing file /Users/atulkumar/Documents/MLOperations/MLOps/venv/lib/python3.11/site-packages/airflow/example_dags/tutorial.py for tasks to queue
[2025-03-02T21:25:39.240-0500] {logging_mixin.py:149} INFO - [2025-03-02T21:25:39.240-0500] {dagbag.py:541} INFO - Filling up the DagBag from /Users/atulkumar/Documents/MLOperations/MLOps/venv/lib/python3.11/site-packages/airflow/example_dags/tutorial.py
[2025-03-02T21:25:39.260-0500] {processor.py:836} INFO - DAG(s) dict_keys(['tutorial']) retrieved from /Users/atulkumar/Documents/MLOperations/MLOps/venv/lib/python3.11/site-packages/airflow/example_dags/tutorial.py
[2025-03-02T21:25:39.654-0500] {logging_mixin.py:149} INFO - [2025-03-02T21:25:39.654-0500] {dag.py:2726} INFO - Sync 1 DAGs
[2025-03-02T21:25:39.660-0500] {logging_mixin.py:149} INFO - [2025-03-02T21:25:39.660-0500] {dag.py:3486} INFO - Setting next_dagrun for tutorial to 2025-03-02T02:25:39.660715+00:00, run_after=2025-03-03T02:25:39.660715+00:00
[2025-03-02T21:25:39.673-0500] {processor.py:179} INFO - Processing /Users/atulkumar/Documents/MLOperations/MLOps/venv/lib/python3.11/site-packages/airflow/example_dags/tutorial.py took 0.435 seconds
