[2025-03-02T21:12:57.062-0500] {processor.py:157} INFO - Started process (PID=81184) to work on /Users/atulkumar/Documents/MLOperations/MLOps/venv/lib/python3.11/site-packages/airflow/example_dags/plugins/event_listener.py
[2025-03-02T21:12:57.064-0500] {processor.py:826} INFO - Processing file /Users/atulkumar/Documents/MLOperations/MLOps/venv/lib/python3.11/site-packages/airflow/example_dags/plugins/event_listener.py for tasks to queue
[2025-03-02T21:12:57.064-0500] {logging_mixin.py:149} INFO - [2025-03-02T21:12:57.064-0500] {dagbag.py:541} INFO - Filling up the DagBag from /Users/atulkumar/Documents/MLOperations/MLOps/venv/lib/python3.11/site-packages/airflow/example_dags/plugins/event_listener.py
[2025-03-02T21:12:57.064-0500] {processor.py:838} WARNING - No viable dags retrieved from /Users/atulkumar/Documents/MLOperations/MLOps/venv/lib/python3.11/site-packages/airflow/example_dags/plugins/event_listener.py
[2025-03-02T21:12:57.379-0500] {processor.py:179} INFO - Processing /Users/atulkumar/Documents/MLOperations/MLOps/venv/lib/python3.11/site-packages/airflow/example_dags/plugins/event_listener.py took 0.317 seconds
[2025-03-02T21:14:36.970-0500] {processor.py:157} INFO - Started process (PID=81334) to work on /Users/atulkumar/Documents/MLOperations/MLOps/venv/lib/python3.11/site-packages/airflow/example_dags/plugins/event_listener.py
[2025-03-02T21:14:36.972-0500] {processor.py:826} INFO - Processing file /Users/atulkumar/Documents/MLOperations/MLOps/venv/lib/python3.11/site-packages/airflow/example_dags/plugins/event_listener.py for tasks to queue
[2025-03-02T21:14:36.972-0500] {logging_mixin.py:149} INFO - [2025-03-02T21:14:36.972-0500] {dagbag.py:541} INFO - Filling up the DagBag from /Users/atulkumar/Documents/MLOperations/MLOps/venv/lib/python3.11/site-packages/airflow/example_dags/plugins/event_listener.py
[2025-03-02T21:14:36.972-0500] {processor.py:838} WARNING - No viable dags retrieved from /Users/atulkumar/Documents/MLOperations/MLOps/venv/lib/python3.11/site-packages/airflow/example_dags/plugins/event_listener.py
[2025-03-02T21:14:37.337-0500] {processor.py:179} INFO - Processing /Users/atulkumar/Documents/MLOperations/MLOps/venv/lib/python3.11/site-packages/airflow/example_dags/plugins/event_listener.py took 0.368 seconds
[2025-03-02T21:15:38.957-0500] {processor.py:157} INFO - Started process (PID=81410) to work on /Users/atulkumar/Documents/MLOperations/MLOps/venv/lib/python3.11/site-packages/airflow/example_dags/plugins/event_listener.py
[2025-03-02T21:15:38.959-0500] {processor.py:826} INFO - Processing file /Users/atulkumar/Documents/MLOperations/MLOps/venv/lib/python3.11/site-packages/airflow/example_dags/plugins/event_listener.py for tasks to queue
[2025-03-02T21:15:38.959-0500] {logging_mixin.py:149} INFO - [2025-03-02T21:15:38.959-0500] {dagbag.py:541} INFO - Filling up the DagBag from /Users/atulkumar/Documents/MLOperations/MLOps/venv/lib/python3.11/site-packages/airflow/example_dags/plugins/event_listener.py
[2025-03-02T21:15:38.960-0500] {processor.py:838} WARNING - No viable dags retrieved from /Users/atulkumar/Documents/MLOperations/MLOps/venv/lib/python3.11/site-packages/airflow/example_dags/plugins/event_listener.py
[2025-03-02T21:15:39.301-0500] {processor.py:179} INFO - Processing /Users/atulkumar/Documents/MLOperations/MLOps/venv/lib/python3.11/site-packages/airflow/example_dags/plugins/event_listener.py took 0.344 seconds
[2025-03-02T21:16:41.867-0500] {processor.py:157} INFO - Started process (PID=81497) to work on /Users/atulkumar/Documents/MLOperations/MLOps/venv/lib/python3.11/site-packages/airflow/example_dags/plugins/event_listener.py
[2025-03-02T21:16:41.869-0500] {processor.py:826} INFO - Processing file /Users/atulkumar/Documents/MLOperations/MLOps/venv/lib/python3.11/site-packages/airflow/example_dags/plugins/event_listener.py for tasks to queue
[2025-03-02T21:16:41.869-0500] {logging_mixin.py:149} INFO - [2025-03-02T21:16:41.869-0500] {dagbag.py:541} INFO - Filling up the DagBag from /Users/atulkumar/Documents/MLOperations/MLOps/venv/lib/python3.11/site-packages/airflow/example_dags/plugins/event_listener.py
[2025-03-02T21:16:41.870-0500] {processor.py:838} WARNING - No viable dags retrieved from /Users/atulkumar/Documents/MLOperations/MLOps/venv/lib/python3.11/site-packages/airflow/example_dags/plugins/event_listener.py
[2025-03-02T21:16:42.372-0500] {processor.py:179} INFO - Processing /Users/atulkumar/Documents/MLOperations/MLOps/venv/lib/python3.11/site-packages/airflow/example_dags/plugins/event_listener.py took 0.505 seconds
[2025-03-02T21:17:45.512-0500] {processor.py:157} INFO - Started process (PID=81590) to work on /Users/atulkumar/Documents/MLOperations/MLOps/venv/lib/python3.11/site-packages/airflow/example_dags/plugins/event_listener.py
[2025-03-02T21:17:45.514-0500] {processor.py:826} INFO - Processing file /Users/atulkumar/Documents/MLOperations/MLOps/venv/lib/python3.11/site-packages/airflow/example_dags/plugins/event_listener.py for tasks to queue
[2025-03-02T21:17:45.514-0500] {logging_mixin.py:149} INFO - [2025-03-02T21:17:45.514-0500] {dagbag.py:541} INFO - Filling up the DagBag from /Users/atulkumar/Documents/MLOperations/MLOps/venv/lib/python3.11/site-packages/airflow/example_dags/plugins/event_listener.py
[2025-03-02T21:17:45.515-0500] {processor.py:838} WARNING - No viable dags retrieved from /Users/atulkumar/Documents/MLOperations/MLOps/venv/lib/python3.11/site-packages/airflow/example_dags/plugins/event_listener.py
[2025-03-02T21:17:45.898-0500] {processor.py:179} INFO - Processing /Users/atulkumar/Documents/MLOperations/MLOps/venv/lib/python3.11/site-packages/airflow/example_dags/plugins/event_listener.py took 0.386 seconds
[2025-03-02T21:18:49.797-0500] {processor.py:157} INFO - Started process (PID=81680) to work on /Users/atulkumar/Documents/MLOperations/MLOps/venv/lib/python3.11/site-packages/airflow/example_dags/plugins/event_listener.py
[2025-03-02T21:18:49.799-0500] {processor.py:826} INFO - Processing file /Users/atulkumar/Documents/MLOperations/MLOps/venv/lib/python3.11/site-packages/airflow/example_dags/plugins/event_listener.py for tasks to queue
[2025-03-02T21:18:49.799-0500] {logging_mixin.py:149} INFO - [2025-03-02T21:18:49.799-0500] {dagbag.py:541} INFO - Filling up the DagBag from /Users/atulkumar/Documents/MLOperations/MLOps/venv/lib/python3.11/site-packages/airflow/example_dags/plugins/event_listener.py
[2025-03-02T21:18:49.800-0500] {processor.py:838} WARNING - No viable dags retrieved from /Users/atulkumar/Documents/MLOperations/MLOps/venv/lib/python3.11/site-packages/airflow/example_dags/plugins/event_listener.py
[2025-03-02T21:18:50.115-0500] {processor.py:179} INFO - Processing /Users/atulkumar/Documents/MLOperations/MLOps/venv/lib/python3.11/site-packages/airflow/example_dags/plugins/event_listener.py took 0.319 seconds
[2025-03-02T21:19:56.005-0500] {processor.py:157} INFO - Started process (PID=81794) to work on /Users/atulkumar/Documents/MLOperations/MLOps/venv/lib/python3.11/site-packages/airflow/example_dags/plugins/event_listener.py
[2025-03-02T21:19:56.007-0500] {processor.py:826} INFO - Processing file /Users/atulkumar/Documents/MLOperations/MLOps/venv/lib/python3.11/site-packages/airflow/example_dags/plugins/event_listener.py for tasks to queue
[2025-03-02T21:19:56.008-0500] {logging_mixin.py:149} INFO - [2025-03-02T21:19:56.008-0500] {dagbag.py:541} INFO - Filling up the DagBag from /Users/atulkumar/Documents/MLOperations/MLOps/venv/lib/python3.11/site-packages/airflow/example_dags/plugins/event_listener.py
[2025-03-02T21:19:56.008-0500] {processor.py:838} WARNING - No viable dags retrieved from /Users/atulkumar/Documents/MLOperations/MLOps/venv/lib/python3.11/site-packages/airflow/example_dags/plugins/event_listener.py
[2025-03-02T21:19:56.352-0500] {processor.py:179} INFO - Processing /Users/atulkumar/Documents/MLOperations/MLOps/venv/lib/python3.11/site-packages/airflow/example_dags/plugins/event_listener.py took 0.347 seconds
[2025-03-02T21:21:01.615-0500] {processor.py:157} INFO - Started process (PID=81909) to work on /Users/atulkumar/Documents/MLOperations/MLOps/venv/lib/python3.11/site-packages/airflow/example_dags/plugins/event_listener.py
[2025-03-02T21:21:01.618-0500] {processor.py:826} INFO - Processing file /Users/atulkumar/Documents/MLOperations/MLOps/venv/lib/python3.11/site-packages/airflow/example_dags/plugins/event_listener.py for tasks to queue
[2025-03-02T21:21:01.618-0500] {logging_mixin.py:149} INFO - [2025-03-02T21:21:01.618-0500] {dagbag.py:541} INFO - Filling up the DagBag from /Users/atulkumar/Documents/MLOperations/MLOps/venv/lib/python3.11/site-packages/airflow/example_dags/plugins/event_listener.py
[2025-03-02T21:21:01.618-0500] {processor.py:838} WARNING - No viable dags retrieved from /Users/atulkumar/Documents/MLOperations/MLOps/venv/lib/python3.11/site-packages/airflow/example_dags/plugins/event_listener.py
[2025-03-02T21:21:01.971-0500] {processor.py:179} INFO - Processing /Users/atulkumar/Documents/MLOperations/MLOps/venv/lib/python3.11/site-packages/airflow/example_dags/plugins/event_listener.py took 0.356 seconds
[2025-03-02T21:22:06.008-0500] {processor.py:157} INFO - Started process (PID=81998) to work on /Users/atulkumar/Documents/MLOperations/MLOps/venv/lib/python3.11/site-packages/airflow/example_dags/plugins/event_listener.py
[2025-03-02T21:22:06.010-0500] {processor.py:826} INFO - Processing file /Users/atulkumar/Documents/MLOperations/MLOps/venv/lib/python3.11/site-packages/airflow/example_dags/plugins/event_listener.py for tasks to queue
[2025-03-02T21:22:06.010-0500] {logging_mixin.py:149} INFO - [2025-03-02T21:22:06.010-0500] {dagbag.py:541} INFO - Filling up the DagBag from /Users/atulkumar/Documents/MLOperations/MLOps/venv/lib/python3.11/site-packages/airflow/example_dags/plugins/event_listener.py
[2025-03-02T21:22:06.011-0500] {processor.py:838} WARNING - No viable dags retrieved from /Users/atulkumar/Documents/MLOperations/MLOps/venv/lib/python3.11/site-packages/airflow/example_dags/plugins/event_listener.py
[2025-03-02T21:22:06.355-0500] {processor.py:179} INFO - Processing /Users/atulkumar/Documents/MLOperations/MLOps/venv/lib/python3.11/site-packages/airflow/example_dags/plugins/event_listener.py took 0.347 seconds
[2025-03-02T21:23:12.416-0500] {processor.py:157} INFO - Started process (PID=82085) to work on /Users/atulkumar/Documents/MLOperations/MLOps/venv/lib/python3.11/site-packages/airflow/example_dags/plugins/event_listener.py
[2025-03-02T21:23:12.418-0500] {processor.py:826} INFO - Processing file /Users/atulkumar/Documents/MLOperations/MLOps/venv/lib/python3.11/site-packages/airflow/example_dags/plugins/event_listener.py for tasks to queue
[2025-03-02T21:23:12.418-0500] {logging_mixin.py:149} INFO - [2025-03-02T21:23:12.418-0500] {dagbag.py:541} INFO - Filling up the DagBag from /Users/atulkumar/Documents/MLOperations/MLOps/venv/lib/python3.11/site-packages/airflow/example_dags/plugins/event_listener.py
[2025-03-02T21:23:12.419-0500] {processor.py:838} WARNING - No viable dags retrieved from /Users/atulkumar/Documents/MLOperations/MLOps/venv/lib/python3.11/site-packages/airflow/example_dags/plugins/event_listener.py
[2025-03-02T21:23:12.787-0500] {processor.py:179} INFO - Processing /Users/atulkumar/Documents/MLOperations/MLOps/venv/lib/python3.11/site-packages/airflow/example_dags/plugins/event_listener.py took 0.371 seconds
[2025-03-02T21:24:18.649-0500] {processor.py:157} INFO - Started process (PID=82181) to work on /Users/atulkumar/Documents/MLOperations/MLOps/venv/lib/python3.11/site-packages/airflow/example_dags/plugins/event_listener.py
[2025-03-02T21:24:18.651-0500] {processor.py:826} INFO - Processing file /Users/atulkumar/Documents/MLOperations/MLOps/venv/lib/python3.11/site-packages/airflow/example_dags/plugins/event_listener.py for tasks to queue
[2025-03-02T21:24:18.652-0500] {logging_mixin.py:149} INFO - [2025-03-02T21:24:18.652-0500] {dagbag.py:541} INFO - Filling up the DagBag from /Users/atulkumar/Documents/MLOperations/MLOps/venv/lib/python3.11/site-packages/airflow/example_dags/plugins/event_listener.py
[2025-03-02T21:24:18.652-0500] {processor.py:838} WARNING - No viable dags retrieved from /Users/atulkumar/Documents/MLOperations/MLOps/venv/lib/python3.11/site-packages/airflow/example_dags/plugins/event_listener.py
[2025-03-02T21:24:19.038-0500] {processor.py:179} INFO - Processing /Users/atulkumar/Documents/MLOperations/MLOps/venv/lib/python3.11/site-packages/airflow/example_dags/plugins/event_listener.py took 0.390 seconds
[2025-03-02T21:25:31.282-0500] {processor.py:157} INFO - Started process (PID=82358) to work on /Users/atulkumar/Documents/MLOperations/MLOps/venv/lib/python3.11/site-packages/airflow/example_dags/plugins/event_listener.py
[2025-03-02T21:25:31.284-0500] {processor.py:826} INFO - Processing file /Users/atulkumar/Documents/MLOperations/MLOps/venv/lib/python3.11/site-packages/airflow/example_dags/plugins/event_listener.py for tasks to queue
[2025-03-02T21:25:31.284-0500] {logging_mixin.py:149} INFO - [2025-03-02T21:25:31.284-0500] {dagbag.py:541} INFO - Filling up the DagBag from /Users/atulkumar/Documents/MLOperations/MLOps/venv/lib/python3.11/site-packages/airflow/example_dags/plugins/event_listener.py
[2025-03-02T21:25:31.285-0500] {processor.py:838} WARNING - No viable dags retrieved from /Users/atulkumar/Documents/MLOperations/MLOps/venv/lib/python3.11/site-packages/airflow/example_dags/plugins/event_listener.py
[2025-03-02T21:25:31.656-0500] {processor.py:179} INFO - Processing /Users/atulkumar/Documents/MLOperations/MLOps/venv/lib/python3.11/site-packages/airflow/example_dags/plugins/event_listener.py took 0.374 seconds
