[2025-03-02T21:12:56.138-0500] {processor.py:157} INFO - Started process (PID=81183) to work on /Users/atulkumar/Documents/MLOperations/MLOps/venv/lib/python3.11/site-packages/airflow/example_dags/plugins/listener_plugin.py
[2025-03-02T21:12:56.140-0500] {processor.py:826} INFO - Processing file /Users/atulkumar/Documents/MLOperations/MLOps/venv/lib/python3.11/site-packages/airflow/example_dags/plugins/listener_plugin.py for tasks to queue
[2025-03-02T21:12:56.140-0500] {logging_mixin.py:149} INFO - [2025-03-02T21:12:56.140-0500] {dagbag.py:541} INFO - Filling up the DagBag from /Users/atulkumar/Documents/MLOperations/MLOps/venv/lib/python3.11/site-packages/airflow/example_dags/plugins/listener_plugin.py
[2025-03-02T21:12:56.141-0500] {processor.py:838} WARNING - No viable dags retrieved from /Users/atulkumar/Documents/MLOperations/MLOps/venv/lib/python3.11/site-packages/airflow/example_dags/plugins/listener_plugin.py
[2025-03-02T21:12:56.470-0500] {processor.py:179} INFO - Processing /Users/atulkumar/Documents/MLOperations/MLOps/venv/lib/python3.11/site-packages/airflow/example_dags/plugins/listener_plugin.py took 0.331 seconds
[2025-03-02T21:14:34.928-0500] {processor.py:157} INFO - Started process (PID=81323) to work on /Users/atulkumar/Documents/MLOperations/MLOps/venv/lib/python3.11/site-packages/airflow/example_dags/plugins/listener_plugin.py
[2025-03-02T21:14:34.930-0500] {processor.py:826} INFO - Processing file /Users/atulkumar/Documents/MLOperations/MLOps/venv/lib/python3.11/site-packages/airflow/example_dags/plugins/listener_plugin.py for tasks to queue
[2025-03-02T21:14:34.931-0500] {logging_mixin.py:149} INFO - [2025-03-02T21:14:34.931-0500] {dagbag.py:541} INFO - Filling up the DagBag from /Users/atulkumar/Documents/MLOperations/MLOps/venv/lib/python3.11/site-packages/airflow/example_dags/plugins/listener_plugin.py
[2025-03-02T21:14:34.933-0500] {processor.py:838} WARNING - No viable dags retrieved from /Users/atulkumar/Documents/MLOperations/MLOps/venv/lib/python3.11/site-packages/airflow/example_dags/plugins/listener_plugin.py
[2025-03-02T21:14:35.296-0500] {processor.py:179} INFO - Processing /Users/atulkumar/Documents/MLOperations/MLOps/venv/lib/python3.11/site-packages/airflow/example_dags/plugins/listener_plugin.py took 0.369 seconds
[2025-03-02T21:15:36.983-0500] {processor.py:157} INFO - Started process (PID=81409) to work on /Users/atulkumar/Documents/MLOperations/MLOps/venv/lib/python3.11/site-packages/airflow/example_dags/plugins/listener_plugin.py
[2025-03-02T21:15:36.986-0500] {processor.py:826} INFO - Processing file /Users/atulkumar/Documents/MLOperations/MLOps/venv/lib/python3.11/site-packages/airflow/example_dags/plugins/listener_plugin.py for tasks to queue
[2025-03-02T21:15:36.986-0500] {logging_mixin.py:149} INFO - [2025-03-02T21:15:36.986-0500] {dagbag.py:541} INFO - Filling up the DagBag from /Users/atulkumar/Documents/MLOperations/MLOps/venv/lib/python3.11/site-packages/airflow/example_dags/plugins/listener_plugin.py
[2025-03-02T21:15:36.988-0500] {processor.py:838} WARNING - No viable dags retrieved from /Users/atulkumar/Documents/MLOperations/MLOps/venv/lib/python3.11/site-packages/airflow/example_dags/plugins/listener_plugin.py
[2025-03-02T21:15:37.326-0500] {processor.py:179} INFO - Processing /Users/atulkumar/Documents/MLOperations/MLOps/venv/lib/python3.11/site-packages/airflow/example_dags/plugins/listener_plugin.py took 0.343 seconds
[2025-03-02T21:16:39.866-0500] {processor.py:157} INFO - Started process (PID=81496) to work on /Users/atulkumar/Documents/MLOperations/MLOps/venv/lib/python3.11/site-packages/airflow/example_dags/plugins/listener_plugin.py
[2025-03-02T21:16:39.869-0500] {processor.py:826} INFO - Processing file /Users/atulkumar/Documents/MLOperations/MLOps/venv/lib/python3.11/site-packages/airflow/example_dags/plugins/listener_plugin.py for tasks to queue
[2025-03-02T21:16:39.869-0500] {logging_mixin.py:149} INFO - [2025-03-02T21:16:39.869-0500] {dagbag.py:541} INFO - Filling up the DagBag from /Users/atulkumar/Documents/MLOperations/MLOps/venv/lib/python3.11/site-packages/airflow/example_dags/plugins/listener_plugin.py
[2025-03-02T21:16:39.872-0500] {processor.py:838} WARNING - No viable dags retrieved from /Users/atulkumar/Documents/MLOperations/MLOps/venv/lib/python3.11/site-packages/airflow/example_dags/plugins/listener_plugin.py
[2025-03-02T21:16:40.209-0500] {processor.py:179} INFO - Processing /Users/atulkumar/Documents/MLOperations/MLOps/venv/lib/python3.11/site-packages/airflow/example_dags/plugins/listener_plugin.py took 0.343 seconds
[2025-03-02T21:17:43.129-0500] {processor.py:157} INFO - Started process (PID=81589) to work on /Users/atulkumar/Documents/MLOperations/MLOps/venv/lib/python3.11/site-packages/airflow/example_dags/plugins/listener_plugin.py
[2025-03-02T21:17:43.131-0500] {processor.py:826} INFO - Processing file /Users/atulkumar/Documents/MLOperations/MLOps/venv/lib/python3.11/site-packages/airflow/example_dags/plugins/listener_plugin.py for tasks to queue
[2025-03-02T21:17:43.132-0500] {logging_mixin.py:149} INFO - [2025-03-02T21:17:43.132-0500] {dagbag.py:541} INFO - Filling up the DagBag from /Users/atulkumar/Documents/MLOperations/MLOps/venv/lib/python3.11/site-packages/airflow/example_dags/plugins/listener_plugin.py
[2025-03-02T21:17:43.133-0500] {processor.py:838} WARNING - No viable dags retrieved from /Users/atulkumar/Documents/MLOperations/MLOps/venv/lib/python3.11/site-packages/airflow/example_dags/plugins/listener_plugin.py
[2025-03-02T21:17:43.476-0500] {processor.py:179} INFO - Processing /Users/atulkumar/Documents/MLOperations/MLOps/venv/lib/python3.11/site-packages/airflow/example_dags/plugins/listener_plugin.py took 0.347 seconds
[2025-03-02T21:18:48.439-0500] {processor.py:157} INFO - Started process (PID=81679) to work on /Users/atulkumar/Documents/MLOperations/MLOps/venv/lib/python3.11/site-packages/airflow/example_dags/plugins/listener_plugin.py
[2025-03-02T21:18:48.441-0500] {processor.py:826} INFO - Processing file /Users/atulkumar/Documents/MLOperations/MLOps/venv/lib/python3.11/site-packages/airflow/example_dags/plugins/listener_plugin.py for tasks to queue
[2025-03-02T21:18:48.441-0500] {logging_mixin.py:149} INFO - [2025-03-02T21:18:48.441-0500] {dagbag.py:541} INFO - Filling up the DagBag from /Users/atulkumar/Documents/MLOperations/MLOps/venv/lib/python3.11/site-packages/airflow/example_dags/plugins/listener_plugin.py
[2025-03-02T21:18:48.444-0500] {processor.py:838} WARNING - No viable dags retrieved from /Users/atulkumar/Documents/MLOperations/MLOps/venv/lib/python3.11/site-packages/airflow/example_dags/plugins/listener_plugin.py
[2025-03-02T21:18:48.813-0500] {processor.py:179} INFO - Processing /Users/atulkumar/Documents/MLOperations/MLOps/venv/lib/python3.11/site-packages/airflow/example_dags/plugins/listener_plugin.py took 0.374 seconds
[2025-03-02T21:19:53.923-0500] {processor.py:157} INFO - Started process (PID=81791) to work on /Users/atulkumar/Documents/MLOperations/MLOps/venv/lib/python3.11/site-packages/airflow/example_dags/plugins/listener_plugin.py
[2025-03-02T21:19:53.925-0500] {processor.py:826} INFO - Processing file /Users/atulkumar/Documents/MLOperations/MLOps/venv/lib/python3.11/site-packages/airflow/example_dags/plugins/listener_plugin.py for tasks to queue
[2025-03-02T21:19:53.925-0500] {logging_mixin.py:149} INFO - [2025-03-02T21:19:53.925-0500] {dagbag.py:541} INFO - Filling up the DagBag from /Users/atulkumar/Documents/MLOperations/MLOps/venv/lib/python3.11/site-packages/airflow/example_dags/plugins/listener_plugin.py
[2025-03-02T21:19:53.927-0500] {processor.py:838} WARNING - No viable dags retrieved from /Users/atulkumar/Documents/MLOperations/MLOps/venv/lib/python3.11/site-packages/airflow/example_dags/plugins/listener_plugin.py
[2025-03-02T21:19:54.270-0500] {processor.py:179} INFO - Processing /Users/atulkumar/Documents/MLOperations/MLOps/venv/lib/python3.11/site-packages/airflow/example_dags/plugins/listener_plugin.py took 0.348 seconds
[2025-03-02T21:20:59.550-0500] {processor.py:157} INFO - Started process (PID=81903) to work on /Users/atulkumar/Documents/MLOperations/MLOps/venv/lib/python3.11/site-packages/airflow/example_dags/plugins/listener_plugin.py
[2025-03-02T21:20:59.552-0500] {processor.py:826} INFO - Processing file /Users/atulkumar/Documents/MLOperations/MLOps/venv/lib/python3.11/site-packages/airflow/example_dags/plugins/listener_plugin.py for tasks to queue
[2025-03-02T21:20:59.553-0500] {logging_mixin.py:149} INFO - [2025-03-02T21:20:59.552-0500] {dagbag.py:541} INFO - Filling up the DagBag from /Users/atulkumar/Documents/MLOperations/MLOps/venv/lib/python3.11/site-packages/airflow/example_dags/plugins/listener_plugin.py
[2025-03-02T21:20:59.554-0500] {processor.py:838} WARNING - No viable dags retrieved from /Users/atulkumar/Documents/MLOperations/MLOps/venv/lib/python3.11/site-packages/airflow/example_dags/plugins/listener_plugin.py
[2025-03-02T21:20:59.942-0500] {processor.py:179} INFO - Processing /Users/atulkumar/Documents/MLOperations/MLOps/venv/lib/python3.11/site-packages/airflow/example_dags/plugins/listener_plugin.py took 0.392 seconds
[2025-03-02T21:22:04.003-0500] {processor.py:157} INFO - Started process (PID=81991) to work on /Users/atulkumar/Documents/MLOperations/MLOps/venv/lib/python3.11/site-packages/airflow/example_dags/plugins/listener_plugin.py
[2025-03-02T21:22:04.005-0500] {processor.py:826} INFO - Processing file /Users/atulkumar/Documents/MLOperations/MLOps/venv/lib/python3.11/site-packages/airflow/example_dags/plugins/listener_plugin.py for tasks to queue
[2025-03-02T21:22:04.005-0500] {logging_mixin.py:149} INFO - [2025-03-02T21:22:04.005-0500] {dagbag.py:541} INFO - Filling up the DagBag from /Users/atulkumar/Documents/MLOperations/MLOps/venv/lib/python3.11/site-packages/airflow/example_dags/plugins/listener_plugin.py
[2025-03-02T21:22:04.007-0500] {processor.py:838} WARNING - No viable dags retrieved from /Users/atulkumar/Documents/MLOperations/MLOps/venv/lib/python3.11/site-packages/airflow/example_dags/plugins/listener_plugin.py
[2025-03-02T21:22:04.345-0500] {processor.py:179} INFO - Processing /Users/atulkumar/Documents/MLOperations/MLOps/venv/lib/python3.11/site-packages/airflow/example_dags/plugins/listener_plugin.py took 0.343 seconds
[2025-03-02T21:23:10.343-0500] {processor.py:157} INFO - Started process (PID=82084) to work on /Users/atulkumar/Documents/MLOperations/MLOps/venv/lib/python3.11/site-packages/airflow/example_dags/plugins/listener_plugin.py
[2025-03-02T21:23:10.346-0500] {processor.py:826} INFO - Processing file /Users/atulkumar/Documents/MLOperations/MLOps/venv/lib/python3.11/site-packages/airflow/example_dags/plugins/listener_plugin.py for tasks to queue
[2025-03-02T21:23:10.346-0500] {logging_mixin.py:149} INFO - [2025-03-02T21:23:10.346-0500] {dagbag.py:541} INFO - Filling up the DagBag from /Users/atulkumar/Documents/MLOperations/MLOps/venv/lib/python3.11/site-packages/airflow/example_dags/plugins/listener_plugin.py
[2025-03-02T21:23:10.348-0500] {processor.py:838} WARNING - No viable dags retrieved from /Users/atulkumar/Documents/MLOperations/MLOps/venv/lib/python3.11/site-packages/airflow/example_dags/plugins/listener_plugin.py
[2025-03-02T21:23:10.700-0500] {processor.py:179} INFO - Processing /Users/atulkumar/Documents/MLOperations/MLOps/venv/lib/python3.11/site-packages/airflow/example_dags/plugins/listener_plugin.py took 0.357 seconds
[2025-03-02T21:24:16.339-0500] {processor.py:157} INFO - Started process (PID=82175) to work on /Users/atulkumar/Documents/MLOperations/MLOps/venv/lib/python3.11/site-packages/airflow/example_dags/plugins/listener_plugin.py
[2025-03-02T21:24:16.341-0500] {processor.py:826} INFO - Processing file /Users/atulkumar/Documents/MLOperations/MLOps/venv/lib/python3.11/site-packages/airflow/example_dags/plugins/listener_plugin.py for tasks to queue
[2025-03-02T21:24:16.341-0500] {logging_mixin.py:149} INFO - [2025-03-02T21:24:16.341-0500] {dagbag.py:541} INFO - Filling up the DagBag from /Users/atulkumar/Documents/MLOperations/MLOps/venv/lib/python3.11/site-packages/airflow/example_dags/plugins/listener_plugin.py
[2025-03-02T21:24:16.342-0500] {processor.py:838} WARNING - No viable dags retrieved from /Users/atulkumar/Documents/MLOperations/MLOps/venv/lib/python3.11/site-packages/airflow/example_dags/plugins/listener_plugin.py
[2025-03-02T21:24:16.813-0500] {processor.py:179} INFO - Processing /Users/atulkumar/Documents/MLOperations/MLOps/venv/lib/python3.11/site-packages/airflow/example_dags/plugins/listener_plugin.py took 0.475 seconds
[2025-03-02T21:25:29.198-0500] {processor.py:157} INFO - Started process (PID=82357) to work on /Users/atulkumar/Documents/MLOperations/MLOps/venv/lib/python3.11/site-packages/airflow/example_dags/plugins/listener_plugin.py
[2025-03-02T21:25:29.200-0500] {processor.py:826} INFO - Processing file /Users/atulkumar/Documents/MLOperations/MLOps/venv/lib/python3.11/site-packages/airflow/example_dags/plugins/listener_plugin.py for tasks to queue
[2025-03-02T21:25:29.200-0500] {logging_mixin.py:149} INFO - [2025-03-02T21:25:29.200-0500] {dagbag.py:541} INFO - Filling up the DagBag from /Users/atulkumar/Documents/MLOperations/MLOps/venv/lib/python3.11/site-packages/airflow/example_dags/plugins/listener_plugin.py
[2025-03-02T21:25:29.201-0500] {processor.py:838} WARNING - No viable dags retrieved from /Users/atulkumar/Documents/MLOperations/MLOps/venv/lib/python3.11/site-packages/airflow/example_dags/plugins/listener_plugin.py
[2025-03-02T21:25:29.559-0500] {processor.py:179} INFO - Processing /Users/atulkumar/Documents/MLOperations/MLOps/venv/lib/python3.11/site-packages/airflow/example_dags/plugins/listener_plugin.py took 0.361 seconds
