[2025-03-02T21:12:53.874-0500] {processor.py:157} INFO - Started process (PID=81179) to work on /Users/atulkumar/Documents/MLOperations/MLOps/venv/lib/python3.11/site-packages/airflow/example_dags/plugins/workday.py
[2025-03-02T21:12:53.876-0500] {processor.py:826} INFO - Processing file /Users/atulkumar/Documents/MLOperations/MLOps/venv/lib/python3.11/site-packages/airflow/example_dags/plugins/workday.py for tasks to queue
[2025-03-02T21:12:53.876-0500] {logging_mixin.py:149} INFO - [2025-03-02T21:12:53.876-0500] {dagbag.py:541} INFO - Filling up the DagBag from /Users/atulkumar/Documents/MLOperations/MLOps/venv/lib/python3.11/site-packages/airflow/example_dags/plugins/workday.py
[2025-03-02T21:12:54.185-0500] {processor.py:838} WARNING - No viable dags retrieved from /Users/atulkumar/Documents/MLOperations/MLOps/venv/lib/python3.11/site-packages/airflow/example_dags/plugins/workday.py
[2025-03-02T21:12:54.520-0500] {processor.py:179} INFO - Processing /Users/atulkumar/Documents/MLOperations/MLOps/venv/lib/python3.11/site-packages/airflow/example_dags/plugins/workday.py took 0.646 seconds
[2025-03-02T21:14:32.446-0500] {processor.py:157} INFO - Started process (PID=81322) to work on /Users/atulkumar/Documents/MLOperations/MLOps/venv/lib/python3.11/site-packages/airflow/example_dags/plugins/workday.py
[2025-03-02T21:14:32.448-0500] {processor.py:826} INFO - Processing file /Users/atulkumar/Documents/MLOperations/MLOps/venv/lib/python3.11/site-packages/airflow/example_dags/plugins/workday.py for tasks to queue
[2025-03-02T21:14:32.449-0500] {logging_mixin.py:149} INFO - [2025-03-02T21:14:32.449-0500] {dagbag.py:541} INFO - Filling up the DagBag from /Users/atulkumar/Documents/MLOperations/MLOps/venv/lib/python3.11/site-packages/airflow/example_dags/plugins/workday.py
[2025-03-02T21:14:32.785-0500] {processor.py:838} WARNING - No viable dags retrieved from /Users/atulkumar/Documents/MLOperations/MLOps/venv/lib/python3.11/site-packages/airflow/example_dags/plugins/workday.py
[2025-03-02T21:14:33.147-0500] {processor.py:179} INFO - Processing /Users/atulkumar/Documents/MLOperations/MLOps/venv/lib/python3.11/site-packages/airflow/example_dags/plugins/workday.py took 0.701 seconds
[2025-03-02T21:15:34.979-0500] {processor.py:157} INFO - Started process (PID=81405) to work on /Users/atulkumar/Documents/MLOperations/MLOps/venv/lib/python3.11/site-packages/airflow/example_dags/plugins/workday.py
[2025-03-02T21:15:34.982-0500] {processor.py:826} INFO - Processing file /Users/atulkumar/Documents/MLOperations/MLOps/venv/lib/python3.11/site-packages/airflow/example_dags/plugins/workday.py for tasks to queue
[2025-03-02T21:15:34.982-0500] {logging_mixin.py:149} INFO - [2025-03-02T21:15:34.982-0500] {dagbag.py:541} INFO - Filling up the DagBag from /Users/atulkumar/Documents/MLOperations/MLOps/venv/lib/python3.11/site-packages/airflow/example_dags/plugins/workday.py
[2025-03-02T21:15:35.301-0500] {processor.py:838} WARNING - No viable dags retrieved from /Users/atulkumar/Documents/MLOperations/MLOps/venv/lib/python3.11/site-packages/airflow/example_dags/plugins/workday.py
[2025-03-02T21:15:35.703-0500] {processor.py:179} INFO - Processing /Users/atulkumar/Documents/MLOperations/MLOps/venv/lib/python3.11/site-packages/airflow/example_dags/plugins/workday.py took 0.724 seconds
[2025-03-02T21:16:37.208-0500] {processor.py:157} INFO - Started process (PID=81495) to work on /Users/atulkumar/Documents/MLOperations/MLOps/venv/lib/python3.11/site-packages/airflow/example_dags/plugins/workday.py
[2025-03-02T21:16:37.211-0500] {processor.py:826} INFO - Processing file /Users/atulkumar/Documents/MLOperations/MLOps/venv/lib/python3.11/site-packages/airflow/example_dags/plugins/workday.py for tasks to queue
[2025-03-02T21:16:37.212-0500] {logging_mixin.py:149} INFO - [2025-03-02T21:16:37.211-0500] {dagbag.py:541} INFO - Filling up the DagBag from /Users/atulkumar/Documents/MLOperations/MLOps/venv/lib/python3.11/site-packages/airflow/example_dags/plugins/workday.py
[2025-03-02T21:16:37.548-0500] {processor.py:838} WARNING - No viable dags retrieved from /Users/atulkumar/Documents/MLOperations/MLOps/venv/lib/python3.11/site-packages/airflow/example_dags/plugins/workday.py
[2025-03-02T21:16:37.954-0500] {processor.py:179} INFO - Processing /Users/atulkumar/Documents/MLOperations/MLOps/venv/lib/python3.11/site-packages/airflow/example_dags/plugins/workday.py took 0.746 seconds
[2025-03-02T21:17:40.150-0500] {processor.py:157} INFO - Started process (PID=81587) to work on /Users/atulkumar/Documents/MLOperations/MLOps/venv/lib/python3.11/site-packages/airflow/example_dags/plugins/workday.py
[2025-03-02T21:17:40.152-0500] {processor.py:826} INFO - Processing file /Users/atulkumar/Documents/MLOperations/MLOps/venv/lib/python3.11/site-packages/airflow/example_dags/plugins/workday.py for tasks to queue
[2025-03-02T21:17:40.152-0500] {logging_mixin.py:149} INFO - [2025-03-02T21:17:40.152-0500] {dagbag.py:541} INFO - Filling up the DagBag from /Users/atulkumar/Documents/MLOperations/MLOps/venv/lib/python3.11/site-packages/airflow/example_dags/plugins/workday.py
[2025-03-02T21:17:40.497-0500] {processor.py:838} WARNING - No viable dags retrieved from /Users/atulkumar/Documents/MLOperations/MLOps/venv/lib/python3.11/site-packages/airflow/example_dags/plugins/workday.py
[2025-03-02T21:17:40.842-0500] {processor.py:179} INFO - Processing /Users/atulkumar/Documents/MLOperations/MLOps/venv/lib/python3.11/site-packages/airflow/example_dags/plugins/workday.py took 0.693 seconds
[2025-03-02T21:18:45.967-0500] {processor.py:157} INFO - Started process (PID=81675) to work on /Users/atulkumar/Documents/MLOperations/MLOps/venv/lib/python3.11/site-packages/airflow/example_dags/plugins/workday.py
[2025-03-02T21:18:45.969-0500] {processor.py:826} INFO - Processing file /Users/atulkumar/Documents/MLOperations/MLOps/venv/lib/python3.11/site-packages/airflow/example_dags/plugins/workday.py for tasks to queue
[2025-03-02T21:18:45.969-0500] {logging_mixin.py:149} INFO - [2025-03-02T21:18:45.969-0500] {dagbag.py:541} INFO - Filling up the DagBag from /Users/atulkumar/Documents/MLOperations/MLOps/venv/lib/python3.11/site-packages/airflow/example_dags/plugins/workday.py
[2025-03-02T21:18:46.331-0500] {processor.py:838} WARNING - No viable dags retrieved from /Users/atulkumar/Documents/MLOperations/MLOps/venv/lib/python3.11/site-packages/airflow/example_dags/plugins/workday.py
[2025-03-02T21:18:46.703-0500] {processor.py:179} INFO - Processing /Users/atulkumar/Documents/MLOperations/MLOps/venv/lib/python3.11/site-packages/airflow/example_dags/plugins/workday.py took 0.736 seconds
[2025-03-02T21:19:51.639-0500] {processor.py:157} INFO - Started process (PID=81790) to work on /Users/atulkumar/Documents/MLOperations/MLOps/venv/lib/python3.11/site-packages/airflow/example_dags/plugins/workday.py
[2025-03-02T21:19:51.641-0500] {processor.py:826} INFO - Processing file /Users/atulkumar/Documents/MLOperations/MLOps/venv/lib/python3.11/site-packages/airflow/example_dags/plugins/workday.py for tasks to queue
[2025-03-02T21:19:51.641-0500] {logging_mixin.py:149} INFO - [2025-03-02T21:19:51.641-0500] {dagbag.py:541} INFO - Filling up the DagBag from /Users/atulkumar/Documents/MLOperations/MLOps/venv/lib/python3.11/site-packages/airflow/example_dags/plugins/workday.py
[2025-03-02T21:19:51.988-0500] {processor.py:838} WARNING - No viable dags retrieved from /Users/atulkumar/Documents/MLOperations/MLOps/venv/lib/python3.11/site-packages/airflow/example_dags/plugins/workday.py
[2025-03-02T21:19:52.351-0500] {processor.py:179} INFO - Processing /Users/atulkumar/Documents/MLOperations/MLOps/venv/lib/python3.11/site-packages/airflow/example_dags/plugins/workday.py took 0.713 seconds
[2025-03-02T21:20:57.892-0500] {processor.py:157} INFO - Started process (PID=81901) to work on /Users/atulkumar/Documents/MLOperations/MLOps/venv/lib/python3.11/site-packages/airflow/example_dags/plugins/workday.py
[2025-03-02T21:20:57.894-0500] {processor.py:826} INFO - Processing file /Users/atulkumar/Documents/MLOperations/MLOps/venv/lib/python3.11/site-packages/airflow/example_dags/plugins/workday.py for tasks to queue
[2025-03-02T21:20:57.894-0500] {logging_mixin.py:149} INFO - [2025-03-02T21:20:57.894-0500] {dagbag.py:541} INFO - Filling up the DagBag from /Users/atulkumar/Documents/MLOperations/MLOps/venv/lib/python3.11/site-packages/airflow/example_dags/plugins/workday.py
[2025-03-02T21:20:58.312-0500] {processor.py:838} WARNING - No viable dags retrieved from /Users/atulkumar/Documents/MLOperations/MLOps/venv/lib/python3.11/site-packages/airflow/example_dags/plugins/workday.py
[2025-03-02T21:20:58.681-0500] {processor.py:179} INFO - Processing /Users/atulkumar/Documents/MLOperations/MLOps/venv/lib/python3.11/site-packages/airflow/example_dags/plugins/workday.py took 0.789 seconds
[2025-03-02T21:22:01.900-0500] {processor.py:157} INFO - Started process (PID=81989) to work on /Users/atulkumar/Documents/MLOperations/MLOps/venv/lib/python3.11/site-packages/airflow/example_dags/plugins/workday.py
[2025-03-02T21:22:01.903-0500] {processor.py:826} INFO - Processing file /Users/atulkumar/Documents/MLOperations/MLOps/venv/lib/python3.11/site-packages/airflow/example_dags/plugins/workday.py for tasks to queue
[2025-03-02T21:22:01.903-0500] {logging_mixin.py:149} INFO - [2025-03-02T21:22:01.903-0500] {dagbag.py:541} INFO - Filling up the DagBag from /Users/atulkumar/Documents/MLOperations/MLOps/venv/lib/python3.11/site-packages/airflow/example_dags/plugins/workday.py
[2025-03-02T21:22:02.260-0500] {processor.py:838} WARNING - No viable dags retrieved from /Users/atulkumar/Documents/MLOperations/MLOps/venv/lib/python3.11/site-packages/airflow/example_dags/plugins/workday.py
[2025-03-02T21:22:02.619-0500] {processor.py:179} INFO - Processing /Users/atulkumar/Documents/MLOperations/MLOps/venv/lib/python3.11/site-packages/airflow/example_dags/plugins/workday.py took 0.719 seconds
[2025-03-02T21:23:08.379-0500] {processor.py:157} INFO - Started process (PID=82083) to work on /Users/atulkumar/Documents/MLOperations/MLOps/venv/lib/python3.11/site-packages/airflow/example_dags/plugins/workday.py
[2025-03-02T21:23:08.382-0500] {processor.py:826} INFO - Processing file /Users/atulkumar/Documents/MLOperations/MLOps/venv/lib/python3.11/site-packages/airflow/example_dags/plugins/workday.py for tasks to queue
[2025-03-02T21:23:08.382-0500] {logging_mixin.py:149} INFO - [2025-03-02T21:23:08.382-0500] {dagbag.py:541} INFO - Filling up the DagBag from /Users/atulkumar/Documents/MLOperations/MLOps/venv/lib/python3.11/site-packages/airflow/example_dags/plugins/workday.py
[2025-03-02T21:23:08.749-0500] {processor.py:838} WARNING - No viable dags retrieved from /Users/atulkumar/Documents/MLOperations/MLOps/venv/lib/python3.11/site-packages/airflow/example_dags/plugins/workday.py
[2025-03-02T21:23:09.130-0500] {processor.py:179} INFO - Processing /Users/atulkumar/Documents/MLOperations/MLOps/venv/lib/python3.11/site-packages/airflow/example_dags/plugins/workday.py took 0.751 seconds
[2025-03-02T21:24:14.334-0500] {processor.py:157} INFO - Started process (PID=82171) to work on /Users/atulkumar/Documents/MLOperations/MLOps/venv/lib/python3.11/site-packages/airflow/example_dags/plugins/workday.py
[2025-03-02T21:24:14.337-0500] {processor.py:826} INFO - Processing file /Users/atulkumar/Documents/MLOperations/MLOps/venv/lib/python3.11/site-packages/airflow/example_dags/plugins/workday.py for tasks to queue
[2025-03-02T21:24:14.338-0500] {logging_mixin.py:149} INFO - [2025-03-02T21:24:14.337-0500] {dagbag.py:541} INFO - Filling up the DagBag from /Users/atulkumar/Documents/MLOperations/MLOps/venv/lib/python3.11/site-packages/airflow/example_dags/plugins/workday.py
[2025-03-02T21:24:14.667-0500] {processor.py:838} WARNING - No viable dags retrieved from /Users/atulkumar/Documents/MLOperations/MLOps/venv/lib/python3.11/site-packages/airflow/example_dags/plugins/workday.py
[2025-03-02T21:24:15.068-0500] {processor.py:179} INFO - Processing /Users/atulkumar/Documents/MLOperations/MLOps/venv/lib/python3.11/site-packages/airflow/example_dags/plugins/workday.py took 0.735 seconds
[2025-03-02T21:25:26.724-0500] {processor.py:157} INFO - Started process (PID=82356) to work on /Users/atulkumar/Documents/MLOperations/MLOps/venv/lib/python3.11/site-packages/airflow/example_dags/plugins/workday.py
[2025-03-02T21:25:26.725-0500] {processor.py:826} INFO - Processing file /Users/atulkumar/Documents/MLOperations/MLOps/venv/lib/python3.11/site-packages/airflow/example_dags/plugins/workday.py for tasks to queue
[2025-03-02T21:25:26.726-0500] {logging_mixin.py:149} INFO - [2025-03-02T21:25:26.726-0500] {dagbag.py:541} INFO - Filling up the DagBag from /Users/atulkumar/Documents/MLOperations/MLOps/venv/lib/python3.11/site-packages/airflow/example_dags/plugins/workday.py
[2025-03-02T21:25:27.082-0500] {processor.py:838} WARNING - No viable dags retrieved from /Users/atulkumar/Documents/MLOperations/MLOps/venv/lib/python3.11/site-packages/airflow/example_dags/plugins/workday.py
[2025-03-02T21:25:27.459-0500] {processor.py:179} INFO - Processing /Users/atulkumar/Documents/MLOperations/MLOps/venv/lib/python3.11/site-packages/airflow/example_dags/plugins/workday.py took 0.736 seconds
